<?xml version="1.0" encoding="UTF-8"?><testsuite name="nosetests" tests="4719" errors="0" failures="0" skip="487"><testcase classname="tests.helicopter.derived_parameters_test.TestAltitudeADH" name="test_adh_basic" time="0.003"></testcase><testcase classname="tests.helicopter.derived_parameters_test.TestAltitudeADH" name="test_adh_no_rig" time="0.001"></testcase><testcase classname="tests.helicopter.derived_parameters_test.TestAltitudeADH" name="test_adh_two_rigs" time="0.004"></testcase><testcase classname="tests.helicopter.derived_parameters_test.TestAltitudeADH" name="test_can_operate" time="0.000"></testcase><testcase classname="tests.helicopter.derived_parameters_test.TestAltitudeADH" name="test_frequency" time="0.002"></testcase><testcase classname="tests.helicopter.derived_parameters_test.TestAltitudeAGL" name="test_basic" time="0.001"></testcase><testcase classname="tests.helicopter.derived_parameters_test.TestAltitudeAGL" name="test_negative" time="0.001"></testcase><testcase classname="tests.helicopter.derived_parameters_test.TestAltitudeAGL" name="test_on_ground" time="0.001"></testcase><testcase classname="tests.helicopter.derived_parameters_test.TestAltitudeDensity" name="test_can_operate" time="0.000"></testcase><testcase classname="tests.helicopter.derived_parameters_test.TestAltitudeDensity" name="test_derive" time="0.001"></testcase><testcase classname="tests.helicopter.derived_parameters_test.TestApproachRange" name="test_can_operate" time="0.001"></testcase><testcase classname="tests.helicopter.derived_parameters_test.TestApproachRange" name="test_derive" time="0.002"></testcase><testcase classname="tests.helicopter.derived_parameters_test.TestCyclicAngle" name="test_can_operate" time="0.000"></testcase><testcase classname="tests.helicopter.derived_parameters_test.TestCyclicForeAft" name="test_can_operate" time="0.000"></testcase><testcase classname="tests.helicopter.derived_parameters_test.TestCyclicLateral" name="test_can_operate" time="0.000"></testcase><testcase classname="tests.helicopter.derived_parameters_test.TestMGBOilPress" name="test_can_operate" time="0.000"></testcase><testcase classname="tests.helicopter.derived_parameters_test.TestMGBOilPress" name="test_derive" time="0.001"></testcase><testcase classname="tests.helicopter.derived_parameters_test.TestMGBOilTemp" name="test_can_operate" time="0.000"></testcase><testcase classname="tests.helicopter.derived_parameters_test.TestMGBOilTemp" name="test_derive" time="0.001"></testcase><testcase classname="tests.helicopter.derived_parameters_test.TestNr" name="test_can_operate" time="0.000"></testcase><testcase classname="tests.helicopter.derived_parameters_test.TestNr" name="test_derive" time="0.001"></testcase><testcase classname="tests.helicopter.derived_parameters_test.TestTorqueAsymmetry" name="test_can_operate" time="0.000"></testcase><testcase classname="tests.helicopter.derived_parameters_test.TestTorqueAsymmetry" name="test_derive" time="0.000"></testcase><testcase classname="tests.helicopter.flight_phase_test.TestAirborne" name="test_airborne_helicopter_basic" time="0.003"></testcase><testcase classname="tests.helicopter.flight_phase_test.TestAirborne" name="test_airborne_helicopter_cant_fly_without_rotor_turning" time="0.001"></testcase><testcase classname="tests.helicopter.flight_phase_test.TestAirborne" name="test_airborne_helicopter_overlap" time="0.002"></testcase><testcase classname="tests.helicopter.flight_phase_test.TestAirborne" name="test_airborne_helicopter_radio_refinement" time="0.002"></testcase><testcase classname="tests.helicopter.flight_phase_test.TestAirborne" name="test_airborne_helicopter_short" time="0.002"></testcase><testcase classname="tests.helicopter.flight_phase_test.TestAirborne" name="test_can_operate" time="0.000"></testcase><testcase classname="tests.helicopter.flight_phase_test.TestAutorotation" name="test_can_operate" time="0.000"></testcase><testcase classname="tests.helicopter.flight_phase_test.TestAutorotation" name="test_derive_no_auto" time="0.001"></testcase><testcase classname="tests.helicopter.flight_phase_test.TestAutorotation" name="test_derive_one_auto" time="0.001"></testcase><testcase classname="tests.helicopter.flight_phase_test.TestAutorotation" name="test_derive_two_autos" time="0.001"></testcase><testcase classname="tests.helicopter.flight_phase_test.TestHover" name="test_can_operate" time="0.000"></testcase><testcase classname="tests.helicopter.flight_phase_test.TestHover" name="test_derive_basic" time="0.000"></testcase><testcase classname="tests.helicopter.flight_phase_test.TestHover" name="test_derive_not_dip" time="0.000"></testcase><testcase classname="tests.helicopter.flight_phase_test.TestHover" name="test_derive_not_without_transition" time="0.001"></testcase><testcase classname="tests.helicopter.flight_phase_test.TestHover" name="test_derive_null_transitions" time="0.000"></testcase><testcase classname="tests.helicopter.flight_phase_test.TestHover" name="test_derive_too_fast" time="0.001"></testcase><testcase classname="tests.helicopter.flight_phase_test.TestHover" name="test_derive_too_high" time="0.001"></testcase><testcase classname="tests.helicopter.flight_phase_test.TestHover" name="test_derive_too_short" time="0.001"></testcase><testcase classname="tests.helicopter.flight_phase_test.TestHoverTaxi" name="test_can_operate" time="0.000"></testcase><testcase classname="tests.helicopter.flight_phase_test.TestHoverTaxi" name="test_derive_basic" time="0.001"></testcase><testcase classname="tests.helicopter.flight_phase_test.TestOnDeck" name="test_basic" time="0.001"></testcase><testcase classname="tests.helicopter.flight_phase_test.TestOnDeck" name="test_can_operate" time="0.000"></testcase><testcase classname="tests.helicopter.flight_phase_test.TestOnDeck" name="test_roll" time="0.001"></testcase><testcase classname="tests.helicopter.flight_phase_test.TestOnDeck" name="test_roll_and_pitch" time="0.001"></testcase><testcase classname="tests.helicopter.flight_phase_test.TestOnDeck" name="test_still_on_ground" time="0.001"></testcase><testcase classname="tests.helicopter.flight_phase_test.TestRotorsTurning" name="test_can_operate" time="0.000"></testcase><testcase classname="tests.helicopter.flight_phase_test.TestRotorsTurning" name="test_derive_basic" time="0.001"></testcase><testcase classname="tests.helicopter.flight_phase_test.TestTakeoff" name="test_can_operate" time="0.000"></testcase><testcase classname="tests.helicopter.flight_phase_test.TestTakeoff" name="test_derive" time="0.000"><skipped type="unittest.case.SkipTest" message="No helicopter testcases prior to split."><![CDATA[Exception: No helicopter testcases prior to split.
]]></skipped></testcase><testcase classname="tests.helicopter.key_point_value_test.TestAirspeed100To20FtMax" name="test_can_operate" time="0.001"></testcase><testcase classname="tests.helicopter.key_point_value_test.TestAirspeed100To20FtMax" name="test_derive_basic" time="0.001"></testcase><testcase classname="tests.helicopter.key_point_value_test.TestAirspeed100To20FtMin" name="test_can_operate" time="0.001"></testcase><testcase classname="tests.helicopter.key_point_value_test.TestAirspeed100To20FtMin" name="test_derive_basic" time="0.001"></testcase><testcase classname="tests.helicopter.key_point_value_test.TestAirspeed20FtToTouchdownMax" name="test_can_operate" time="0.001"></testcase><testcase classname="tests.helicopter.key_point_value_test.TestAirspeed20FtToTouchdownMax" name="test_derive" time="0.001"></testcase><testcase classname="tests.helicopter.key_point_value_test.TestAirspeed2NMToOffshoreTouchdown" name="test_attributes" time="0.000"></testcase><testcase classname="tests.helicopter.key_point_value_test.TestAirspeed2NMToOffshoreTouchdown" name="test_can_operate" time="0.001"></testcase><testcase classname="tests.helicopter.key_point_value_test.TestAirspeed2NMToOffshoreTouchdown" name="test_derive" time="0.001"></testcase><testcase classname="tests.helicopter.key_point_value_test.TestAirspeed500To100FtMax" name="test_can_operate" time="0.000"></testcase><testcase classname="tests.helicopter.key_point_value_test.TestAirspeed500To100FtMax" name="test_derive_basic" time="0.001"></testcase><testcase classname="tests.helicopter.key_point_value_test.TestAirspeed500To100FtMin" name="test_can_operate" time="0.001"></testcase><testcase classname="tests.helicopter.key_point_value_test.TestAirspeed500To100FtMin" name="test_derive_basic" time="0.001"></testcase><testcase classname="tests.helicopter.key_point_value_test.TestAirspeedAbove101PercentRotorSpeed" name="test_can_operate" time="0.001"></testcase><testcase classname="tests.helicopter.key_point_value_test.TestAirspeedAbove101PercentRotorSpeed" name="test_derive" time="0.001"></testcase><testcase classname="tests.helicopter.key_point_value_test.TestAirspeedAbove101PercentRotorSpeed" name="test_derive_masked" time="0.001"></testcase><testcase classname="tests.helicopter.key_point_value_test.TestAirspeedAbove101PercentRotorSpeed" name="test_derive_multiple_exceeds" time="0.001"></testcase><testcase classname="tests.helicopter.key_point_value_test.TestAirspeedAbove101PercentRotorSpeed" name="test_derive_no_exceeding" time="0.000"></testcase><testcase classname="tests.helicopter.key_point_value_test.TestAirspeedAbove500FtMin" name="test_can_operate" time="0.001"></testcase><testcase classname="tests.helicopter.key_point_value_test.TestAirspeedAbove500FtMin" name="test_derive" time="0.001"></testcase><testcase classname="tests.helicopter.key_point_value_test.TestAirspeedAbove500FtMinOffshoreSpecialProcedure" name="test_can_operate" time="0.001"></testcase><testcase classname="tests.helicopter.key_point_value_test.TestAirspeedAbove500FtMinOffshoreSpecialProcedure" name="test_derive" time="0.001"></testcase><testcase classname="tests.helicopter.key_point_value_test.TestAirspeedAt200FtDuringOnshoreApproach" name="test_attributes" time="0.000"></testcase><testcase classname="tests.helicopter.key_point_value_test.TestAirspeedAt200FtDuringOnshoreApproach" name="test_can_operate" time="0.001"></testcase><testcase classname="tests.helicopter.key_point_value_test.TestAirspeedAt200FtDuringOnshoreApproach" name="test_derive" time="0.002"></testcase><testcase classname="tests.helicopter.key_point_value_test.TestAirspeedAt200FtDuringOnshoreApproach" name="test_not_offshore" time="0.001"></testcase><testcase classname="tests.helicopter.key_point_value_test.TestAirspeedAt200FtDuringOnshoreApproach" name="test_short_hop" time="0.002"></testcase><testcase classname="tests.helicopter.key_point_value_test.TestAirspeedAtAPGoAroundEngaged" name="test__airborne_phase_and_first_sample" time="0.001"></testcase><testcase classname="tests.helicopter.key_point_value_test.TestAirspeedAtAPGoAroundEngaged" name="test_can_operate" time="0.001"></testcase><testcase classname="tests.helicopter.key_point_value_test.TestAirspeedAtAPGoAroundEngaged" name="test_derive" time="0.001"></testcase><testcase classname="tests.helicopter.key_point_value_test.TestAirspeedDuringAutorotationMax" name="test_can_operate" time="0.000"></testcase><testcase classname="tests.helicopter.key_point_value_test.TestAirspeedDuringAutorotationMax" name="test_derive" time="0.000"></testcase><testcase classname="tests.helicopter.key_point_value_test.TestAirspeedDuringAutorotationMin" name="test_can_operate" time="0.000"></testcase><testcase classname="tests.helicopter.key_point_value_test.TestAirspeedDuringAutorotationMin" name="test_derive" time="0.000"></testcase><testcase classname="tests.helicopter.key_point_value_test.TestAirspeedWhileAPHeadingEngagedMin" name="test_can_operate" time="0.001"></testcase><testcase classname="tests.helicopter.key_point_value_test.TestAirspeedWhileAPHeadingEngagedMin" name="test_check_min" time="0.001"></testcase><testcase classname="tests.helicopter.key_point_value_test.TestAirspeedWhileAPHeadingEngagedMin" name="test_derive" time="0.001"></testcase><testcase classname="tests.helicopter.key_point_value_test.TestAirspeedWhileAPHeadingEngagedMin" name="test_no_mode" time="0.001"></testcase><testcase classname="tests.helicopter.key_point_value_test.TestAirspeedWhileAPVerticalSpeedEngagedMin" name="test_can_operate" time="0.000"></testcase><testcase classname="tests.helicopter.key_point_value_test.TestAirspeedWhileAPVerticalSpeedEngagedMin" name="test_check_min" time="0.001"></testcase><testcase classname="tests.helicopter.key_point_value_test.TestAirspeedWhileAPVerticalSpeedEngagedMin" name="test_derive" time="0.001"></testcase><testcase classname="tests.helicopter.key_point_value_test.TestAirspeedWhileAPVerticalSpeedEngagedMin" name="test_no_mode" time="0.001"></testcase><testcase classname="tests.helicopter.key_point_value_test.TestAltitudeDensityMax" name="test_can_operate" time="0.000"></testcase><testcase classname="tests.helicopter.key_point_value_test.TestAltitudeDensityMax" name="test_derive" time="0.000"></testcase><testcase classname="tests.helicopter.key_point_value_test.TestAltitudeDuringCruiseMin" name="test_attributes" time="0.000"></testcase><testcase classname="tests.helicopter.key_point_value_test.TestAltitudeDuringCruiseMin" name="test_can_operate" time="0.000"></testcase><testcase classname="tests.helicopter.key_point_value_test.TestAltitudeDuringCruiseMin" name="test_derive" time="0.001"></testcase><testcase classname="tests.helicopter.key_point_value_test.TestAltitudeRadioAtNoseDownAttitudeInitation" name="test_can_operate" time="0.000"></testcase><testcase classname="tests.helicopter.key_point_value_test.TestAltitudeRadioAtNoseDownAttitudeInitation" name="test_derive" time="0.000"></testcase><testcase classname="tests.helicopter.key_point_value_test.TestAltitudeRadioAtNoseDownAttitudeInitation" name="test_derive_multiple" time="0.000"></testcase><testcase classname="tests.helicopter.key_point_value_test.TestAltitudeRadioDuringAutorotationMin" name="test_can_operate" time="0.000"></testcase><testcase classname="tests.helicopter.key_point_value_test.TestAltitudeRadioDuringAutorotationMin" name="test_derive" time="0.001"></testcase><testcase classname="tests.helicopter.key_point_value_test.TestAltitudeRadioMinBeforeNoseDownAttitudeAdoptionOffshore" name="test_can_operate" time="0.000"></testcase><testcase classname="tests.helicopter.key_point_value_test.TestAltitudeRadioMinBeforeNoseDownAttitudeAdoptionOffshore" name="test_derive" time="0.001"></testcase><testcase classname="tests.helicopter.key_point_value_test.TestAltitudeRadioMinBeforeNoseDownAttitudeAdoptionOffshore" name="test_derive_fallback" time="0.001"></testcase><testcase classname="tests.helicopter.key_point_value_test.TestAltitudeRadioMinBeforeNoseDownAttitudeAdoptionOffshore" name="test_derive_multiple_liftoffs_and_offshore_clumps" time="0.002"></testcase><testcase classname="tests.helicopter.key_point_value_test.TestCGBOilPressMax" name="test_attributes" time="0.000"></testcase><testcase classname="tests.helicopter.key_point_value_test.TestCGBOilPressMax" name="test_can_operate" time="0.000"></testcase><testcase classname="tests.helicopter.key_point_value_test.TestCGBOilPressMax" name="test_derive" time="0.001"></testcase><testcase classname="tests.helicopter.key_point_value_test.TestCGBOilPressMin" name="test_attributes" time="0.000"></testcase><testcase classname="tests.helicopter.key_point_value_test.TestCGBOilPressMin" name="test_can_operate" time="0.000"></testcase><testcase classname="tests.helicopter.key_point_value_test.TestCGBOilPressMin" name="test_derive" time="0.001"></testcase><testcase classname="tests.helicopter.key_point_value_test.TestCGBOilTempMax" name="test_attributes" time="0.000"></testcase><testcase classname="tests.helicopter.key_point_value_test.TestCGBOilTempMax" name="test_can_operate" time="0.000"></testcase><testcase classname="tests.helicopter.key_point_value_test.TestCGBOilTempMax" name="test_derive" time="0.001"></testcase><testcase classname="tests.helicopter.key_point_value_test.TestCollectiveFrom10To60PercentDuration" name="test_can_operate" time="0.000"></testcase><testcase classname="tests.helicopter.key_point_value_test.TestCollectiveFrom10To60PercentDuration" name="test_derive" time="0.001"></testcase><testcase classname="tests.helicopter.key_point_value_test.TestCollectiveFrom10To60PercentDuration" name="test_derive__no_occurence" time="0.000"></testcase><testcase classname="tests.helicopter.key_point_value_test.TestCollectiveFrom10To60PercentDuration" name="test_derive__not_turning" time="0.000"></testcase><testcase classname="tests.helicopter.key_point_value_test.TestCollectiveFrom10To60PercentDuration" name="test_derive__reject_very_slow" time="0.000"></testcase><testcase classname="tests.helicopter.key_point_value_test.TestCruiseGuideIndicatorMax" name="test_can_operate" time="0.000"></testcase><testcase classname="tests.helicopter.key_point_value_test.TestCruiseGuideIndicatorMax" name="test_derive" time="0.001"></testcase><testcase classname="tests.helicopter.key_point_value_test.TestCyclicAftDuringTaxiMax" name="test_can_operate" time="0.001"></testcase><testcase classname="tests.helicopter.key_point_value_test.TestCyclicAftDuringTaxiMax" name="test_derive" time="0.001"></testcase><testcase classname="tests.helicopter.key_point_value_test.TestCyclicAftDuringTaxiMax" name="test_not_stationary" time="0.000"></testcase><testcase classname="tests.helicopter.key_point_value_test.TestCyclicDuringTaxiMax" name="test_can_operate" time="0.001"></testcase><testcase classname="tests.helicopter.key_point_value_test.TestCyclicDuringTaxiMax" name="test_derive" time="0.000"></testcase><testcase classname="tests.helicopter.key_point_value_test.TestCyclicDuringTaxiMax" name="test_not_stationary" time="0.000"></testcase><testcase classname="tests.helicopter.key_point_value_test.TestCyclicForeDuringTaxiMax" name="test_can_operate" time="0.001"></testcase><testcase classname="tests.helicopter.key_point_value_test.TestCyclicForeDuringTaxiMax" name="test_derive" time="0.001"></testcase><testcase classname="tests.helicopter.key_point_value_test.TestCyclicForeDuringTaxiMax" name="test_not_stationary" time="0.001"></testcase><testcase classname="tests.helicopter.key_point_value_test.TestCyclicLateralDuringTaxiMax" name="test_can_operate" time="0.001"></testcase><testcase classname="tests.helicopter.key_point_value_test.TestCyclicLateralDuringTaxiMax" name="test_derive" time="0.001"></testcase><testcase classname="tests.helicopter.key_point_value_test.TestCyclicLateralDuringTaxiMax" name="test_not_stationary" time="0.000"></testcase><testcase classname="tests.helicopter.key_point_value_test.TestEngN2MaximumContinuousPowerMin" name="test_can_operate" time="0.000"></testcase><testcase classname="tests.helicopter.key_point_value_test.TestEngN2MaximumContinuousPowerMin" name="test_derive_mocked" time="0.000"></testcase><testcase classname="tests.helicopter.key_point_value_test.TestEngTorqueAbove100KtsMax" name="test_attributes" time="0.000"></testcase><testcase classname="tests.helicopter.key_point_value_test.TestEngTorqueAbove100KtsMax" name="test_can_operate" time="0.000"></testcase><testcase classname="tests.helicopter.key_point_value_test.TestEngTorqueAbove100KtsMax" name="test_derive" time="0.001"></testcase><testcase classname="tests.helicopter.key_point_value_test.TestEngTorqueAbove90KtsMax" name="test_attributes" time="0.000"></testcase><testcase classname="tests.helicopter.key_point_value_test.TestEngTorqueAbove90KtsMax" name="test_can_operate" time="0.000"></testcase><testcase classname="tests.helicopter.key_point_value_test.TestEngTorqueAbove90KtsMax" name="test_derive_exceeding_masked_data" time="0.001"></testcase><testcase classname="tests.helicopter.key_point_value_test.TestEngTorqueAbove90KtsMax" name="test_derive_exceeding_once" time="0.001"></testcase><testcase classname="tests.helicopter.key_point_value_test.TestEngTorqueAbove90KtsMax" name="test_derive_exeeding_twice_seperated_by_less_than_ten_seconds" time="0.001"></testcase><testcase classname="tests.helicopter.key_point_value_test.TestEngTorqueAbove90KtsMax" name="test_derive_exeeding_twice_seperated_by_more_than_ten_seconds" time="0.001"></testcase><testcase classname="tests.helicopter.key_point_value_test.TestEngTorqueAbove90KtsMax" name="test_derive_not_exceeding" time="0.000"></testcase><testcase classname="tests.helicopter.key_point_value_test.TestEngTorqueExceeding100Percent" name="test_derive_exceeding_masked_data" time="0.000"></testcase><testcase classname="tests.helicopter.key_point_value_test.TestEngTorqueExceeding100Percent" name="test_derive_exceeding_multiple_times" time="0.001"></testcase><testcase classname="tests.helicopter.key_point_value_test.TestEngTorqueExceeding100Percent" name="test_derive_exceeding_one_longer_than_two_seconds_period" time="0.000"></testcase><testcase classname="tests.helicopter.key_point_value_test.TestEngTorqueExceeding100Percent" name="test_derive_exceeding_one_second_period" time="0.000"></testcase><testcase classname="tests.helicopter.key_point_value_test.TestEngTorqueExceeding100Percent" name="test_derive_exceeding_two_seconds_period" time="0.000"></testcase><testcase classname="tests.helicopter.key_point_value_test.TestEngTorqueExceeding100Percent" name="test_derive_not_exceeding" time="0.000"></testcase><testcase classname="tests.helicopter.key_point_value_test.TestEngTorqueExceeding110Percent" name="test_derive_exceeding_masked_data" time="0.000"></testcase><testcase classname="tests.helicopter.key_point_value_test.TestEngTorqueExceeding110Percent" name="test_derive_exceeding_multiple_times" time="0.001"></testcase><testcase classname="tests.helicopter.key_point_value_test.TestEngTorqueExceeding110Percent" name="test_derive_exceeding_one_longer_than_two_seconds_period" time="0.000"></testcase><testcase classname="tests.helicopter.key_point_value_test.TestEngTorqueExceeding110Percent" name="test_derive_exceeding_one_second_period" time="0.000"></testcase><testcase classname="tests.helicopter.key_point_value_test.TestEngTorqueExceeding110Percent" name="test_derive_exceeding_two_seconds_period" time="0.000"></testcase><testcase classname="tests.helicopter.key_point_value_test.TestEngTorqueExceeding110Percent" name="test_derive_not_exceeding" time="0.000"></testcase><testcase classname="tests.helicopter.key_point_value_test.TestEngTorqueWithOneEngineInoperativeMax" name="test_can_operate" time="0.000"></testcase><testcase classname="tests.helicopter.key_point_value_test.TestEngTorqueWithOneEngineInoperativeMax" name="test_derive_heli" time="0.001"></testcase><testcase classname="tests.helicopter.key_point_value_test.TestGroundspeed0_8NMToOffshoreTouchdownSpecialProcedure" name="test_attributes" time="0.000"></testcase><testcase classname="tests.helicopter.key_point_value_test.TestGroundspeed0_8NMToOffshoreTouchdownSpecialProcedure" name="test_can_operate" time="0.001"></testcase><testcase classname="tests.helicopter.key_point_value_test.TestGroundspeed0_8NMToOffshoreTouchdownSpecialProcedure" name="test_derive" time="0.000"></testcase><testcase classname="tests.helicopter.key_point_value_test.TestGroundspeed0_8NMToOffshoreTouchdownSpecialProcedure" name="test_derive_no_special_procedure" time="0.000"></testcase><testcase classname="tests.helicopter.key_point_value_test.TestGroundspeed0_8NMToOffshoreTouchdownStandardApproach" name="test_attributes" time="0.000"></testcase><testcase classname="tests.helicopter.key_point_value_test.TestGroundspeed0_8NMToOffshoreTouchdownStandardApproach" name="test_can_operate" time="0.001"></testcase><testcase classname="tests.helicopter.key_point_value_test.TestGroundspeed0_8NMToOffshoreTouchdownStandardApproach" name="test_derive_no_offshore_touchdown" time="0.000"></testcase><testcase classname="tests.helicopter.key_point_value_test.TestGroundspeed0_8NMToOffshoreTouchdownStandardApproach" name="test_derive_offshore_standard_landing" time="0.000"></testcase><testcase classname="tests.helicopter.key_point_value_test.TestGroundspeed20FtToTouchdownMax" name="test_can_operate" time="0.000"></testcase><testcase classname="tests.helicopter.key_point_value_test.TestGroundspeed20FtToTouchdownMax" name="test_derive" time="0.001"></testcase><testcase classname="tests.helicopter.key_point_value_test.TestGroundspeed20SecToOffshoreTouchdownMax" name="test_attributes" time="0.000"></testcase><testcase classname="tests.helicopter.key_point_value_test.TestGroundspeed20SecToOffshoreTouchdownMax" name="test_can_operate" time="0.001"></testcase><testcase classname="tests.helicopter.key_point_value_test.TestGroundspeed20SecToOffshoreTouchdownMax" name="test_derive" time="0.001"></testcase><testcase classname="tests.helicopter.key_point_value_test.TestGroundspeedBelow100FtMax" name="test_attributes" time="0.000"></testcase><testcase classname="tests.helicopter.key_point_value_test.TestGroundspeedBelow100FtMax" name="test_can_operate" time="0.001"></testcase><testcase classname="tests.helicopter.key_point_value_test.TestGroundspeedBelow100FtMax" name="test_derive" time="0.001"></testcase><testcase classname="tests.helicopter.key_point_value_test.TestGroundspeedBelow15FtFor20SecMax" name="test_can_operate" time="0.001"></testcase><testcase classname="tests.helicopter.key_point_value_test.TestGroundspeedBelow15FtFor20SecMax" name="test_derive" time="0.001"></testcase><testcase classname="tests.helicopter.key_point_value_test.TestGroundspeedWhileAirborneWithASEOff" name="test_can_operate" time="0.001"></testcase><testcase classname="tests.helicopter.key_point_value_test.TestGroundspeedWhileAirborneWithASEOff" name="test_derive" time="0.001"></testcase><testcase classname="tests.helicopter.key_point_value_test.TestGroundspeedWhileAirborneWithASEOff" name="test_derive__none" time="0.001"></testcase><testcase classname="tests.helicopter.key_point_value_test.TestGroundspeedWhileHoverTaxiingMax" name="test_can_operate" time="0.000"></testcase><testcase classname="tests.helicopter.key_point_value_test.TestGroundspeedWhileHoverTaxiingMax" name="test_derive" time="0.000"></testcase><testcase classname="tests.helicopter.key_point_value_test.TestGroundspeedWithZeroAirspeedFor5SecMax" name="test_can_operate" time="0.002"></testcase><testcase classname="tests.helicopter.key_point_value_test.TestGroundspeedWithZeroAirspeedFor5SecMax" name="test_derive" time="0.003"></testcase><testcase classname="tests.helicopter.key_point_value_test.TestHeadingDuringLanding" name="test_can_operate" time="0.000"></testcase><testcase classname="tests.helicopter.key_point_value_test.TestHeadingDuringLanding" name="test_derive_basic" time="0.000"></testcase><testcase classname="tests.helicopter.key_point_value_test.TestHeadingVariation1_5NMTo1_0NMFromOffshoreTouchdownMaxSpecialProcedure" name="test_attributes" time="0.000"></testcase><testcase classname="tests.helicopter.key_point_value_test.TestHeadingVariation1_5NMTo1_0NMFromOffshoreTouchdownMaxSpecialProcedure" name="test_can_operate" time="0.001"></testcase><testcase classname="tests.helicopter.key_point_value_test.TestHeadingVariation1_5NMTo1_0NMFromOffshoreTouchdownMaxSpecialProcedure" name="test_derive" time="0.001"></testcase><testcase classname="tests.helicopter.key_point_value_test.TestHeadingVariation1_5NMTo1_0NMFromOffshoreTouchdownMaxSpecialProcedure" name="test_derive_no_special_procedures" time="0.000"></testcase><testcase classname="tests.helicopter.key_point_value_test.TestHeadingVariation1_5NMTo1_0NMFromOffshoreTouchdownMaxStandardApproach" name="test_attributes" time="0.000"></testcase><testcase classname="tests.helicopter.key_point_value_test.TestHeadingVariation1_5NMTo1_0NMFromOffshoreTouchdownMaxStandardApproach" name="test_can_operate" time="0.001"></testcase><testcase classname="tests.helicopter.key_point_value_test.TestHeadingVariation1_5NMTo1_0NMFromOffshoreTouchdownMaxStandardApproach" name="test_derive_no_offshore_touchdown" time="0.000"></testcase><testcase classname="tests.helicopter.key_point_value_test.TestHeadingVariation1_5NMTo1_0NMFromOffshoreTouchdownMaxStandardApproach" name="test_derive_one_offshore_touchdown" time="0.001"></testcase><testcase classname="tests.helicopter.key_point_value_test.TestHoverHeightDuringOffshoreTakeoffMax" name="test_can_operate" time="0.001"></testcase><testcase classname="tests.helicopter.key_point_value_test.TestHoverHeightDuringOffshoreTakeoffMax" name="test_derive" time="0.001"></testcase><testcase classname="tests.helicopter.key_point_value_test.TestHoverHeightDuringOnshoreTakeoffMax" name="test_can_operate" time="0.001"></testcase><testcase classname="tests.helicopter.key_point_value_test.TestHoverHeightDuringOnshoreTakeoffMax" name="test_derive" time="0.001"></testcase><testcase classname="tests.helicopter.key_point_value_test.TestMGBOilPressLowDuration" name="test_attributes" time="0.000"></testcase><testcase classname="tests.helicopter.key_point_value_test.TestMGBOilPressLowDuration" name="test_can_operate" time="0.000"></testcase><testcase classname="tests.helicopter.key_point_value_test.TestMGBOilPressLowDuration" name="test_derive" time="0.001"></testcase><testcase classname="tests.helicopter.key_point_value_test.TestMGBOilPressLowDuration" name="test_derive_2" time="0.001"></testcase><testcase classname="tests.helicopter.key_point_value_test.TestMGBOilPressMax" name="test_attributes" time="0.000"></testcase><testcase classname="tests.helicopter.key_point_value_test.TestMGBOilPressMax" name="test_can_operate" time="0.000"></testcase><testcase classname="tests.helicopter.key_point_value_test.TestMGBOilPressMax" name="test_derive" time="0.001"></testcase><testcase classname="tests.helicopter.key_point_value_test.TestMGBOilPressMax" name="test_derive_fwd_aft" time="0.001"></testcase><testcase classname="tests.helicopter.key_point_value_test.TestMGBOilPressMin" name="test_attributes" time="0.000"></testcase><testcase classname="tests.helicopter.key_point_value_test.TestMGBOilPressMin" name="test_can_operate" time="0.000"></testcase><testcase classname="tests.helicopter.key_point_value_test.TestMGBOilPressMin" name="test_derive" time="0.001"></testcase><testcase classname="tests.helicopter.key_point_value_test.TestMGBOilPressMin" name="test_derive_fwd_aft" time="0.001"></testcase><testcase classname="tests.helicopter.key_point_value_test.TestMGBOilTempMax" name="test_attributes" time="0.000"></testcase><testcase classname="tests.helicopter.key_point_value_test.TestMGBOilTempMax" name="test_can_operate" time="0.000"></testcase><testcase classname="tests.helicopter.key_point_value_test.TestMGBOilTempMax" name="test_derive" time="0.001"></testcase><testcase classname="tests.helicopter.key_point_value_test.TestMGBOilTempMax" name="test_derive_fwd_aft" time="0.001"></testcase><testcase classname="tests.helicopter.key_point_value_test.TestPitch100To20FtMax" name="test_can_operate" time="0.000"></testcase><testcase classname="tests.helicopter.key_point_value_test.TestPitch100To20FtMax" name="test_derive" time="0.001"></testcase><testcase classname="tests.helicopter.key_point_value_test.TestPitch100To20FtMin" name="test_can_operate" time="0.000"></testcase><testcase classname="tests.helicopter.key_point_value_test.TestPitch100To20FtMin" name="test_derive" time="0.001"></testcase><testcase classname="tests.helicopter.key_point_value_test.TestPitch10To5FtMax" name="test_attributes" time="0.000"></testcase><testcase classname="tests.helicopter.key_point_value_test.TestPitch10To5FtMax" name="test_can_operate" time="0.001"></testcase><testcase classname="tests.helicopter.key_point_value_test.TestPitch10To5FtMax" name="test_derive" time="0.001"></testcase><testcase classname="tests.helicopter.key_point_value_test.TestPitch500To100FtMax" name="test_can_operate" time="0.000"></testcase><testcase classname="tests.helicopter.key_point_value_test.TestPitch500To100FtMax" name="test_derive" time="0.001"></testcase><testcase classname="tests.helicopter.key_point_value_test.TestPitch500To100FtMin" name="test_can_operate" time="0.000"></testcase><testcase classname="tests.helicopter.key_point_value_test.TestPitch500To100FtMin" name="test_derive" time="0.001"></testcase><testcase classname="tests.helicopter.key_point_value_test.TestPitch50FtToTouchdownMin" name="test_can_operate" time="0.001"></testcase><testcase classname="tests.helicopter.key_point_value_test.TestPitch50FtToTouchdownMin" name="test_derive" time="0.001"></testcase><testcase classname="tests.helicopter.key_point_value_test.TestPitch5To10FtMax" name="test_attributes" time="0.000"></testcase><testcase classname="tests.helicopter.key_point_value_test.TestPitch5To10FtMax" name="test_can_operate" time="0.001"></testcase><testcase classname="tests.helicopter.key_point_value_test.TestPitch5To10FtMax" name="test_derive" time="0.001"></testcase><testcase classname="tests.helicopter.key_point_value_test.TestPitchBelow1000FtMax" name="test_can_operate" time="0.000"></testcase><testcase classname="tests.helicopter.key_point_value_test.TestPitchBelow1000FtMax" name="test_derive" time="0.001"></testcase><testcase classname="tests.helicopter.key_point_value_test.TestPitchBelow1000FtMin" name="test_can_operate" time="0.000"></testcase><testcase classname="tests.helicopter.key_point_value_test.TestPitchBelow1000FtMin" name="test_derive" time="0.001"></testcase><testcase classname="tests.helicopter.key_point_value_test.TestPitchBelow5FtMax" name="test_attributes" time="0.000"></testcase><testcase classname="tests.helicopter.key_point_value_test.TestPitchBelow5FtMax" name="test_can_operate" time="0.001"></testcase><testcase classname="tests.helicopter.key_point_value_test.TestPitchBelow5FtMax" name="test_derive" time="0.001"></testcase><testcase classname="tests.helicopter.key_point_value_test.TestPitchOnDeckMax" name="test_basic" time="0.001"></testcase><testcase classname="tests.helicopter.key_point_value_test.TestPitchOnDeckMax" name="test_can_operate" time="0.000"></testcase><testcase classname="tests.helicopter.key_point_value_test.TestPitchOnDeckMax" name="test_with_coll_applied" time="0.001"></testcase><testcase classname="tests.helicopter.key_point_value_test.TestPitchOnDeckMin" name="test_can_operate" time="0.000"></testcase><testcase classname="tests.helicopter.key_point_value_test.TestPitchOnDeckMin" name="test_derive" time="0.001"></testcase><testcase classname="tests.helicopter.key_point_value_test.TestPitchOnGroundMax" name="test_can_operate" time="0.001"></testcase><testcase classname="tests.helicopter.key_point_value_test.TestPitchOnGroundMax" name="test_derive" time="0.001"></testcase><testcase classname="tests.helicopter.key_point_value_test.TestPitchOnGroundMax" name="test_not_on_deck" time="0.001"></testcase><testcase classname="tests.helicopter.key_point_value_test.TestPitchOnGroundMax" name="test_not_with_collective" time="0.001"></testcase><testcase classname="tests.helicopter.key_point_value_test.TestPitchOnGroundMin" name="test_can_operate" time="0.001"></testcase><testcase classname="tests.helicopter.key_point_value_test.TestPitchOnGroundMin" name="test_derive" time="0.001"></testcase><testcase classname="tests.helicopter.key_point_value_test.TestPitchOnGroundMin" name="test_not_on_deck" time="0.001"></testcase><testcase classname="tests.helicopter.key_point_value_test.TestRateOfDescent100To20FtMax" name="test_can_operate" time="0.000"></testcase><testcase classname="tests.helicopter.key_point_value_test.TestRateOfDescent100To20FtMax" name="test_derive" time="0.001"></testcase><testcase classname="tests.helicopter.key_point_value_test.TestRateOfDescent20FtToTouchdownMax" name="test_can_operate" time="0.000"></testcase><testcase classname="tests.helicopter.key_point_value_test.TestRateOfDescent20FtToTouchdownMax" name="test_derive" time="0.001"></testcase><testcase classname="tests.helicopter.key_point_value_test.TestRateOfDescent500To100FtMax" name="test_can_operate" time="0.000"></testcase><testcase classname="tests.helicopter.key_point_value_test.TestRateOfDescent500To100FtMax" name="test_derive" time="0.001"></testcase><testcase classname="tests.helicopter.key_point_value_test.TestRateOfDescentBelow30KtsWithPowerOnMax" name="test_can_operate" time="0.001"></testcase><testcase classname="tests.helicopter.key_point_value_test.TestRateOfDescentBelow30KtsWithPowerOnMax" name="test_derive" time="0.001"></testcase><testcase classname="tests.helicopter.key_point_value_test.TestRateOfDescentBelow30KtsWithPowerOnMax" name="test_low_power" time="0.001"></testcase><testcase classname="tests.helicopter.key_point_value_test.TestRateOfDescentBelow500FtMax" name="test_can_operate" time="0.001"></testcase><testcase classname="tests.helicopter.key_point_value_test.TestRateOfDescentBelow500FtMax" name="test_derive" time="0.001"></testcase><testcase classname="tests.helicopter.key_point_value_test.TestRoll100To20FtMax" name="test_can_operate" time="0.001"></testcase><testcase classname="tests.helicopter.key_point_value_test.TestRoll100To20FtMax" name="test_derive" time="0.001"></testcase><testcase classname="tests.helicopter.key_point_value_test.TestRollAbove300FtMax" name="test_can_operate" time="0.000"></testcase><testcase classname="tests.helicopter.key_point_value_test.TestRollAbove300FtMax" name="test_derive" time="0.001"></testcase><testcase classname="tests.helicopter.key_point_value_test.TestRollAbove500FtMax" name="test_can_operate" time="0.000"></testcase><testcase classname="tests.helicopter.key_point_value_test.TestRollAbove500FtMax" name="test_derive" time="0.001"></testcase><testcase classname="tests.helicopter.key_point_value_test.TestRollBelow300FtMax" name="test_attribute" time="0.000"></testcase><testcase classname="tests.helicopter.key_point_value_test.TestRollBelow300FtMax" name="test_can_operate" time="0.001"></testcase><testcase classname="tests.helicopter.key_point_value_test.TestRollBelow300FtMax" name="test_derive" time="0.001"></testcase><testcase classname="tests.helicopter.key_point_value_test.TestRollBelow500FtMax" name="test_can_operate" time="0.000"></testcase><testcase classname="tests.helicopter.key_point_value_test.TestRollBelow500FtMax" name="test_derive" time="0.001"></testcase><testcase classname="tests.helicopter.key_point_value_test.TestRollOnDeckMax" name="test_can_operate" time="0.001"></testcase><testcase classname="tests.helicopter.key_point_value_test.TestRollOnDeckMax" name="test_derive" time="0.001"></testcase><testcase classname="tests.helicopter.key_point_value_test.TestRollOnGroundMax" name="test_can_operate" time="0.001"></testcase><testcase classname="tests.helicopter.key_point_value_test.TestRollOnGroundMax" name="test_derive" time="0.001"></testcase><testcase classname="tests.helicopter.key_point_value_test.TestRollOnGroundMax" name="test_not_on_deck" time="0.001"></testcase><testcase classname="tests.helicopter.key_point_value_test.TestRollRateMax" name="test_can_operate" time="0.000"></testcase><testcase classname="tests.helicopter.key_point_value_test.TestRollRateMax" name="test_derive" time="0.001"></testcase><testcase classname="tests.helicopter.key_point_value_test.TestRollRateMax" name="test_multiple_flights" time="0.001"></testcase><testcase classname="tests.helicopter.key_point_value_test.TestRollRateMax" name="test_not_below_five" time="0.001"></testcase><testcase classname="tests.helicopter.key_point_value_test.TestRollWithAFCSDisengagedMax" name="test_attributes" time="0.000"></testcase><testcase classname="tests.helicopter.key_point_value_test.TestRollWithAFCSDisengagedMax" name="test_can_operate" time="0.001"></testcase><testcase classname="tests.helicopter.key_point_value_test.TestRollWithAFCSDisengagedMax" name="test_derive" time="0.002"></testcase><testcase classname="tests.helicopter.key_point_value_test.TestRotorSpeed36To49Duration" name="test_attributes" time="0.000"></testcase><testcase classname="tests.helicopter.key_point_value_test.TestRotorSpeed36To49Duration" name="test_can_operate" time="0.000"></testcase><testcase classname="tests.helicopter.key_point_value_test.TestRotorSpeed36To49Duration" name="test_derive" time="0.001"></testcase><testcase classname="tests.helicopter.key_point_value_test.TestRotorSpeed56To67Duration" name="test_attributes" time="0.000"></testcase><testcase classname="tests.helicopter.key_point_value_test.TestRotorSpeed56To67Duration" name="test_can_operate" time="0.000"></testcase><testcase classname="tests.helicopter.key_point_value_test.TestRotorSpeed56To67Duration" name="test_derive" time="0.001"></testcase><testcase classname="tests.helicopter.key_point_value_test.TestRotorSpeedAt6PercentCollectiveDuringEngStart" name="test_attributes" time="0.000"></testcase><testcase classname="tests.helicopter.key_point_value_test.TestRotorSpeedAt6PercentCollectiveDuringEngStart" name="test_can_operate" time="0.001"></testcase><testcase classname="tests.helicopter.key_point_value_test.TestRotorSpeedAt6PercentCollectiveDuringEngStart" name="test_derive" time="0.001"></testcase><testcase classname="tests.helicopter.key_point_value_test.TestRotorSpeedAt6PercentCollectiveDuringEngStart" name="test_derive__rotors_running_data_start" time="0.000"></testcase><testcase classname="tests.helicopter.key_point_value_test.TestRotorSpeedDuringAutorotationAbove108KtsMin" name="test_attributes" time="0.000"></testcase><testcase classname="tests.helicopter.key_point_value_test.TestRotorSpeedDuringAutorotationAbove108KtsMin" name="test_can_operate" time="0.001"></testcase><testcase classname="tests.helicopter.key_point_value_test.TestRotorSpeedDuringAutorotationAbove108KtsMin" name="test_derive" time="0.001"></testcase><testcase classname="tests.helicopter.key_point_value_test.TestRotorSpeedDuringAutorotationBelow108KtsMin" name="test_attributes" time="0.000"></testcase><testcase classname="tests.helicopter.key_point_value_test.TestRotorSpeedDuringAutorotationBelow108KtsMin" name="test_can_operate" time="0.001"></testcase><testcase classname="tests.helicopter.key_point_value_test.TestRotorSpeedDuringAutorotationBelow108KtsMin" name="test_derive" time="0.001"></testcase><testcase classname="tests.helicopter.key_point_value_test.TestRotorSpeedDuringAutorotationMax" name="test_attributes" time="0.000"></testcase><testcase classname="tests.helicopter.key_point_value_test.TestRotorSpeedDuringAutorotationMax" name="test_can_operate" time="0.000"></testcase><testcase classname="tests.helicopter.key_point_value_test.TestRotorSpeedDuringAutorotationMax" name="test_derive" time="0.000"></testcase><testcase classname="tests.helicopter.key_point_value_test.TestRotorSpeedDuringAutorotationMin" name="test_attributes" time="0.000"></testcase><testcase classname="tests.helicopter.key_point_value_test.TestRotorSpeedDuringAutorotationMin" name="test_can_operate" time="0.000"></testcase><testcase classname="tests.helicopter.key_point_value_test.TestRotorSpeedDuringAutorotationMin" name="test_derive" time="0.000"></testcase><testcase classname="tests.helicopter.key_point_value_test.TestRotorSpeedDuringMaximumContinuousPowerMin" name="test_can_operate" time="0.001"></testcase><testcase classname="tests.helicopter.key_point_value_test.TestRotorSpeedDuringMaximumContinuousPowerMin" name="test_derive" time="0.001"></testcase><testcase classname="tests.helicopter.key_point_value_test.TestRotorSpeedDuringMaximumContinuousPowerMin" name="test_excluding_autorotation" time="0.001"></testcase><testcase classname="tests.helicopter.key_point_value_test.TestRotorSpeedWhileAirborneMax" name="test_can_operate" time="0.001"></testcase><testcase classname="tests.helicopter.key_point_value_test.TestRotorSpeedWhileAirborneMax" name="test_derive" time="0.000"></testcase><testcase classname="tests.helicopter.key_point_value_test.TestRotorSpeedWhileAirborneMax" name="test_excluding_autorotation" time="0.001"></testcase><testcase classname="tests.helicopter.key_point_value_test.TestRotorSpeedWhileAirborneMin" name="test_can_operate" time="0.001"></testcase><testcase classname="tests.helicopter.key_point_value_test.TestRotorSpeedWhileAirborneMin" name="test_derive" time="0.000"></testcase><testcase classname="tests.helicopter.key_point_value_test.TestRotorSpeedWhileAirborneMin" name="test_excluding_autorotation" time="0.001"></testcase><testcase classname="tests.helicopter.key_point_value_test.TestRotorSpeedWithRotorBrakeAppliedMax" name="test_can_operate" time="0.000"></testcase><testcase classname="tests.helicopter.key_point_value_test.TestRotorSpeedWithRotorBrakeAppliedMax" name="test_derive" time="0.002"></testcase><testcase classname="tests.helicopter.key_point_value_test.TestRotorSpeedWithRotorBrakeAppliedMax" name="test_two_samples_not_one" time="0.002"></testcase><testcase classname="tests.helicopter.key_point_value_test.TestRotorsRunningDuration" name="test_can_operate" time="0.000"></testcase><testcase classname="tests.helicopter.key_point_value_test.TestRotorsRunningDuration" name="test_derive" time="0.001"></testcase><testcase classname="tests.helicopter.key_point_value_test.TestSATMin" name="test_can_operate" time="0.000"></testcase><testcase classname="tests.helicopter.key_point_value_test.TestSATMin" name="test_derive" time="0.000"></testcase><testcase classname="tests.helicopter.key_point_value_test.TestSATMin" name="test_derive_s92" time="0.000"></testcase><testcase classname="tests.helicopter.key_point_value_test.TestSATRateOfChangeMax" name="test_basic" time="0.001"></testcase><testcase classname="tests.helicopter.key_point_value_test.TestSATRateOfChangeMax" name="test_can_operate" time="0.000"></testcase><testcase classname="tests.helicopter.key_point_value_test.TestSATRateOfChangeMax" name="test_pulses" time="0.001"></testcase><testcase classname="tests.helicopter.key_point_value_test.TestTailRotorPedalWhileTaxiingABSMax" name="test_can_operate" time="0.000"></testcase><testcase classname="tests.helicopter.key_point_value_test.TestTailRotorPedalWhileTaxiingABSMax" name="test_derive" time="0.000"></testcase><testcase classname="tests.helicopter.key_point_value_test.TestTailRotorPedalWhileTaxiingMax" name="test_can_operate" time="0.000"></testcase><testcase classname="tests.helicopter.key_point_value_test.TestTailRotorPedalWhileTaxiingMax" name="test_derive" time="0.000"></testcase><testcase classname="tests.helicopter.key_point_value_test.TestTailRotorPedalWhileTaxiingMin" name="test_can_operate" time="0.000"></testcase><testcase classname="tests.helicopter.key_point_value_test.TestTailRotorPedalWhileTaxiingMin" name="test_derive" time="0.000"></testcase><testcase classname="tests.helicopter.key_point_value_test.TestTrackVariation100To50Ft" name="test_can_operate" time="0.000"></testcase><testcase classname="tests.helicopter.key_point_value_test.TestTrackVariation100To50Ft" name="test_derive" time="0.001"></testcase><testcase classname="tests.helicopter.key_point_value_test.TestTrainingModeDuration" name="test_can_operate" time="0.000"></testcase><testcase classname="tests.helicopter.key_point_value_test.TestTrainingModeDuration" name="test_derive_H225" time="0.001"></testcase><testcase classname="tests.helicopter.key_point_value_test.TestTrainingModeDuration" name="test_derive_S92A" time="0.000"></testcase><testcase classname="tests.helicopter.key_point_value_test.TestVerticalSpeedAtAltitude" name="test_attributes" time="0.000"></testcase><testcase classname="tests.helicopter.key_point_value_test.TestVerticalSpeedAtAltitude" name="test_can_operate" time="0.001"></testcase><testcase classname="tests.helicopter.key_point_value_test.TestVerticalSpeedAtAltitude" name="test_derive" time="0.002"></testcase><testcase classname="tests.helicopter.key_point_value_test.TestWindSpeedInCriticalAzimuth" name="test_can_operate" time="0.002"></testcase><testcase classname="tests.helicopter.key_point_value_test.TestWindSpeedInCriticalAzimuth" name="test_derive" time="0.001"></testcase><testcase classname="tests.helicopter.multistate_parameters_test.TestASEEngaged" name="test_can_operate" time="0.001"></testcase><testcase classname="tests.helicopter.multistate_parameters_test.TestASEEngaged" name="test_dual_ap" time="0.090"></testcase><testcase classname="tests.helicopter.multistate_parameters_test.TestASEEngaged" name="test_single_ase" time="0.006"></testcase><testcase classname="tests.helicopter.multistate_parameters_test.TestAllEnginesOperative" name="test_can_operate" time="0.001"></testcase><testcase classname="tests.helicopter.multistate_parameters_test.TestAllEnginesOperative" name="test_derive" time="0.007"></testcase><testcase classname="tests.helicopter.multistate_parameters_test.TestEng1OneEngineInoperative" name="test_can_operate" time="0.001"></testcase><testcase classname="tests.helicopter.multistate_parameters_test.TestEng1OneEngineInoperative" name="test_derive" time="0.007"></testcase><testcase classname="tests.helicopter.multistate_parameters_test.TestEng1OneEngineInoperative" name="test_derive_mask" time="0.007"></testcase><testcase classname="tests.helicopter.multistate_parameters_test.TestEng2OneEngineInoperative" name="test_can_operate" time="0.001"></testcase><testcase classname="tests.helicopter.multistate_parameters_test.TestEng2OneEngineInoperative" name="test_derive" time="0.007"></testcase><testcase classname="tests.helicopter.multistate_parameters_test.TestEng2OneEngineInoperative" name="test_derive_mask" time="0.007"></testcase><testcase classname="tests.helicopter.multistate_parameters_test.TestGearOnGround" name="test_can_operate" time="0.000"></testcase><testcase classname="tests.helicopter.multistate_parameters_test.TestGearOnGround" name="test_derive__columbia234" time="0.011"></testcase><testcase classname="tests.helicopter.multistate_parameters_test.TestGearOnGround" name="test_derive__columbia234_collective" time="0.018"></testcase><testcase classname="tests.helicopter.multistate_parameters_test.TestOneEngineInoperative" name="test_can_operate" time="0.001"></testcase><testcase classname="tests.helicopter.multistate_parameters_test.TestOneEngineInoperative" name="test_derive" time="0.007"></testcase><testcase classname="tests.helicopter.multistate_parameters_test.TestRotorBrakeEngaged" name="test_both_brakes" time="0.006"></testcase><testcase classname="tests.helicopter.multistate_parameters_test.TestRotorBrakeEngaged" name="test_brk1" time="0.006"></testcase><testcase classname="tests.helicopter.multistate_parameters_test.TestRotorBrakeEngaged" name="test_brk2" time="0.006"></testcase><testcase classname="tests.helicopter.multistate_parameters_test.TestRotorBrakeEngaged" name="test_can_operate" time="0.001"></testcase><testcase classname="tests.helicopter.multistate_parameters_test.TestRotorsRunning" name="test_can_operate" time="0.000"></testcase><testcase classname="tests.pre_processing.merge_multistate_parameters_test.TestGearDown" name="test_can_operate" time="0.001"></testcase><testcase classname="tests.pre_processing.merge_multistate_parameters_test.TestGearDown" name="test_derive" time="0.008"></testcase><testcase classname="tests.pre_processing.merge_multistate_parameters_test.TestGearDownInTransit" name="test_can_operate" time="0.001"></testcase><testcase classname="tests.pre_processing.merge_multistate_parameters_test.TestGearDownInTransit" name="test_derive__combine" time="0.008"></testcase><testcase classname="tests.pre_processing.merge_multistate_parameters_test.TestGearInTransit" name="test_can_operate" time="0.001"></testcase><testcase classname="tests.pre_processing.merge_multistate_parameters_test.TestGearInTransit" name="test_derive" time="0.008"></testcase><testcase classname="tests.pre_processing.merge_multistate_parameters_test.TestGearPosition" name="test_derive__gear_position" time="0.009"></testcase><testcase classname="tests.pre_processing.merge_multistate_parameters_test.TestGearUp" name="test_can_operate" time="0.001"></testcase><testcase classname="tests.pre_processing.merge_multistate_parameters_test.TestGearUp" name="test_derive" time="0.008"></testcase><testcase classname="tests.pre_processing.merge_multistate_parameters_test.TestGearUp" name="test_derive_spike" time="0.008"></testcase><testcase classname="tests.pre_processing.merge_multistate_parameters_test.TestGearUpInTransit" name="test_can_operate" time="0.001"></testcase><testcase classname="tests.pre_processing.merge_multistate_parameters_test.TestGearUpInTransit" name="test_derive__combine" time="0.007"></testcase><testcase classname="tests.pre_processing.merge_parameters_test.TestGroundspeed" name="test_basic" time="0.001"></testcase><testcase classname="tests.pre_processing.merge_parameters_test.TestGroundspeed" name="test_can_operate" time="0.000"></testcase><testcase classname="tests.pre_processing.merge_parameters_test.TestLatitudePrepared" name="test_can_operate" time="0.000"></testcase><testcase classname="tests.pre_processing.merge_parameters_test.TestLatitudePrepared" name="test_derive" time="0.000"><skipped type="unittest.case.SkipTest" message="Test Not Implemented"><![CDATA[Exception: Test Not Implemented
]]></skipped></testcase><testcase classname="tests.pre_processing.merge_parameters_test.TestLongitudePrepared" name="test_can_operate" time="0.000"></testcase><testcase classname="tests.pre_processing.merge_parameters_test.TestLongitudePrepared" name="test_derive" time="0.000"><skipped type="unittest.case.SkipTest" message="Test Not Implemented"><![CDATA[Exception: Test Not Implemented
]]></skipped></testcase><testcase classname="tests.api_handler_test.FileHandlerTest" name="test_get_aircraft" time="0.000"><skipped type="unittest.case.SkipTest" message="Not implemented yet."><![CDATA[Exception: Not implemented yet.
]]></skipped></testcase><testcase classname="tests.api_handler_test.FileHandlerTest" name="test_get_airport" time="0.034"></testcase><testcase classname="tests.api_handler_test.FileHandlerTest" name="test_get_analyser_profiles" time="0.000"><skipped type="unittest.case.SkipTest" message="Not implemented yet."><![CDATA[Exception: Not implemented yet.
]]></skipped></testcase><testcase classname="tests.api_handler_test.FileHandlerTest" name="test_get_data_exports" time="0.000"><skipped type="unittest.case.SkipTest" message="Not implemented yet."><![CDATA[Exception: Not implemented yet.
]]></skipped></testcase><testcase classname="tests.api_handler_test.FileHandlerTest" name="test_get_nearest_airport" time="0.014"></testcase><testcase classname="tests.api_handler_test.HTTPHandlerTest" name="test_get_aircraft" time="0.000"><skipped type="unittest.case.SkipTest" message="Not implemented yet."><![CDATA[Exception: Not implemented yet.
]]></skipped></testcase><testcase classname="tests.api_handler_test.HTTPHandlerTest" name="test_get_airport" time="0.000"><skipped type="unittest.case.SkipTest" message="Not implemented yet."><![CDATA[Exception: Not implemented yet.
]]></skipped></testcase><testcase classname="tests.api_handler_test.HTTPHandlerTest" name="test_get_analyser_profiles" time="0.000"><skipped type="unittest.case.SkipTest" message="Not implemented yet."><![CDATA[Exception: Not implemented yet.
]]></skipped></testcase><testcase classname="tests.api_handler_test.HTTPHandlerTest" name="test_get_data_exports" time="0.000"><skipped type="unittest.case.SkipTest" message="Not implemented yet."><![CDATA[Exception: Not implemented yet.
]]></skipped></testcase><testcase classname="tests.api_handler_test.HTTPHandlerTest" name="test_get_nearest_airport" time="0.000"><skipped type="unittest.case.SkipTest" message="Not implemented yet."><![CDATA[Exception: Not implemented yet.
]]></skipped></testcase><testcase classname="tests.approaches_test.TestAlicante" name="test_no_ils" time="0.014"></testcase><testcase classname="tests.approaches_test.TestApproachInformation" name="test_can_operate" time="0.000"></testcase><testcase classname="tests.approaches_test.TestApproachInformation" name="test_derive" time="0.000"><skipped type="unittest.case.SkipTest" message="superceded"><![CDATA[Exception: superceded
]]></skipped></testcase><testcase classname="tests.approaches_test.TestApproachInformation" name="test_derive_afr_fallback" time="0.000"><skipped type="unittest.case.SkipTest" message="Covered by TestHerat"><![CDATA[Exception: Covered by TestHerat
]]></skipped></testcase><testcase classname="tests.approaches_test.TestApproachInformation" name="test_ils_localizer_all_masked" time="0.002"></testcase><testcase classname="tests.approaches_test.TestApproachInformation" name="test_ils_localizer_established_always_on_loc" time="0.005"></testcase><testcase classname="tests.approaches_test.TestApproachInformation" name="test_ils_localizer_established_basic" time="0.005"></testcase><testcase classname="tests.approaches_test.TestApproachInformation" name="test_ils_localizer_established_below_1000ft" time="0.005"></testcase><testcase classname="tests.approaches_test.TestApproachInformation" name="test_ils_localizer_established_masked_preamble" time="0.005"></testcase><testcase classname="tests.approaches_test.TestApproachInformation" name="test_ils_localizer_established_never_on_loc" time="0.004"></testcase><testcase classname="tests.approaches_test.TestApproachInformation" name="test_ils_localizer_established_not_above_1500ft" time="0.005"></testcase><testcase classname="tests.approaches_test.TestApproachInformation" name="test_ils_localizer_established_only_last_segment" time="0.005"></testcase><testcase classname="tests.approaches_test.TestApproachInformation" name="test_ils_localizer_frequency_masked" time="0.003"></testcase><testcase classname="tests.approaches_test.TestApproachInformation" name="test_ils_localizer_frequency_wrong_frequency" time="0.002"></testcase><testcase classname="tests.approaches_test.TestApproachInformation" name="test_ils_localizer_insensitive_to_few_masked_values" time="0.030"></testcase><testcase classname="tests.approaches_test.TestApproachInformation" name="test_ils_localizer_skips_too_few_values" time="0.002"></testcase><testcase classname="tests.approaches_test.TestApproachInformation" name="test_ils_localizer_skips_too_many_masked_values" time="0.002"></testcase><testcase classname="tests.approaches_test.TestApproachInformation" name="test_ils_localizer_stays_established_with_large_visible_deviations" time="0.004"></testcase><testcase classname="tests.approaches_test.TestApproachInformation" name="test_landing_turn_off_runway_basic" time="0.002"></testcase><testcase classname="tests.approaches_test.TestApproachInformation" name="test_landing_turn_off_runway_curved" time="0.002"></testcase><testcase classname="tests.approaches_test.TestApproachInformation" name="test_landing_turn_off_runway_curved_left" time="0.002"></testcase><testcase classname="tests.approaches_test.TestBarcelona" name="test_no_runway_change_at_barcelona" time="0.025"></testcase><testcase classname="tests.approaches_test.TestBardufoss" name="test_slightly_offset_localizer" time="0.014"></testcase><testcase classname="tests.approaches_test.TestBodo" name="test_offset_localizer" time="0.013"></testcase><testcase classname="tests.approaches_test.TestChania" name="test_no_ils" time="0.013"></testcase><testcase classname="tests.approaches_test.TestCloseAirprots" name="test_afr_match" time="0.002"></testcase><testcase classname="tests.approaches_test.TestCloseAirprots" name="test_afr_missmatch" time="0.002"></testcase><testcase classname="tests.approaches_test.TestCloseAirprots" name="test_ils_freq" time="0.004"></testcase><testcase classname="tests.approaches_test.TestCloseAirprots" name="test_no_ils_freq" time="0.004"></testcase><testcase classname="tests.approaches_test.TestDallasFortWorth" name="test_runway_change_at_DFW" time="0.017"></testcase><testcase classname="tests.approaches_test.TestFortWorth" name="test_ils_corrected_data" time="0.015"></testcase><testcase classname="tests.approaches_test.TestGranCanaria" name="test_no_runway_change_at_gran_canaria" time="0.021"></testcase><testcase classname="tests.approaches_test.TestHerat" name="test_no_ils_but_signal_looks_ok" time="0.008"></testcase><testcase classname="tests.approaches_test.TestIsHeliport" name="test_is_heliport" time="0.000"></testcase><testcase classname="tests.approaches_test.TestKirkenes" name="test_ils_on_reciprocal_runway" time="0.014"></testcase><testcase classname="tests.approaches_test.TestMunich" name="test_no_runway_change_at_munich" time="0.016"></testcase><testcase classname="tests.approaches_test.TestNewDelhi" name="test_no_runway_change_at_new_delhi" time="0.014"></testcase><testcase classname="tests.approaches_test.TestNice" name="test__no_runway_change_at_nice" time="0.015"></testcase><testcase classname="tests.approaches_test.TestPalmaDeMallorca" name="test_runway_change_at_Palma_De_Mallorca" time="0.017"></testcase><testcase classname="tests.approaches_test.TestScatsta" name="test_no_ils_glidepath" time="0.011"></testcase><testcase classname="tests.approaches_test.TestSirSeretseKhama" name="test_late_turn_and_glideslope_established" time="0.012"></testcase><testcase classname="tests.approaches_test.TestSplit" name="test_ga_at_split" time="0.016"></testcase><testcase classname="tests.approaches_test.TestWashingtonNational" name="test_huge_offset" time="0.014"></testcase><testcase classname="tests.approaches_test.TestZaventem" name="test_go_around_and_landing" time="0.022"></testcase><testcase classname="tests.dependency_graph_test.TestDependencyGraph" name="test_acceleration_lateral_offset_processing_order" time="0.853"></testcase><testcase classname="tests.dependency_graph_test.TestDependencyGraph" name="test_acceleration_normal_offset_processing_order" time="0.793"></testcase><testcase classname="tests.dependency_graph_test.TestDependencyGraph" name="test_avoiding_all_circular_dependencies_by_having_nothing_recorded" time="0.000"><skipped type="unittest.case.SkipTest" message="Need to completely remove circular dependencies before this test could be use by Jenkins."><![CDATA[Exception: Need to completely remove circular dependencies before this test could be use by Jenkins.
]]></skipped></testcase><testcase classname="tests.dependency_graph_test.TestDependencyGraph" name="test_avoiding_all_circular_dependencies_with_recorded_lfls" time="0.000"><skipped type="unittest.case.SkipTest" message="Need to completely remove circular dependencies before this test could be use by Jenkins."><![CDATA[Exception: Need to completely remove circular dependencies before this test could be use by Jenkins.
]]></skipped></testcase><testcase classname="tests.dependency_graph_test.TestDependencyGraph" name="test_avoiding_circular_dependency_approach_information" time="0.000"><skipped type="unittest.case.SkipTest" message="Need to improve testcase, exception still being rasie. with a diferent circular dependancy."><![CDATA[Exception: Need to improve testcase, exception still being rasie. with a diferent circular dependancy.
]]></skipped></testcase><testcase classname="tests.dependency_graph_test.TestDependencyGraph" name="test_avoiding_circular_dependency_approach_information_helicopter" time="0.000"><skipped type="unittest.case.SkipTest" message="Need to improve testcase, exception still being rasie. with a diferent circular dependancy."><![CDATA[Exception: Need to improve testcase, exception still being rasie. with a diferent circular dependancy.
]]></skipped></testcase><testcase classname="tests.dependency_graph_test.TestDependencyGraph" name="test_avoiding_circular_dependency_approach_range" time="0.000"><skipped type="unittest.case.SkipTest" message="Need to improve testcase, exception still being rasie. with a diferent circular dependancy."><![CDATA[Exception: Need to improve testcase, exception still being rasie. with a diferent circular dependancy.
]]></skipped></testcase><testcase classname="tests.dependency_graph_test.TestDependencyGraph" name="test_avoiding_circular_dependency_approach_range_helicopter" time="0.000"><skipped type="unittest.case.SkipTest" message="Need to improve testcase, exception still being rasie. with a diferent circular dependancy."><![CDATA[Exception: Need to improve testcase, exception still being rasie. with a diferent circular dependancy.
]]></skipped></testcase><testcase classname="tests.dependency_graph_test.TestDependencyGraph" name="test_avoiding_circular_dependency_gear_up_selected" time="0.000"><skipped type="unittest.case.SkipTest" message="Need to improve testcase, exception still being rasie. with a diferent circular dependancy."><![CDATA[Exception: Need to improve testcase, exception still being rasie. with a diferent circular dependancy.
]]></skipped></testcase><testcase classname="tests.dependency_graph_test.TestDependencyGraph" name="test_avoiding_circular_dependency_track_true" time="0.000"><skipped type="unittest.case.SkipTest" message="Need to improve testcase, exception still being rasie. with a diferent circular dependancy."><![CDATA[Exception: Need to improve testcase, exception still being rasie. with a diferent circular dependancy.
]]></skipped></testcase><testcase classname="tests.dependency_graph_test.TestDependencyGraph" name="test_avoiding_possible_circular_dependency" time="0.007"></testcase><testcase classname="tests.dependency_graph_test.TestDependencyGraph" name="test_dependency" time="0.001"></testcase><testcase classname="tests.dependency_graph_test.TestDependencyGraph" name="test_dependency_with_lowlevel_dependencies_requested" time="0.001"></testcase><testcase classname="tests.dependency_graph_test.TestDependencyGraph" name="test_graph_middle_level_depenency_builds_partial_tree" time="0.000"></testcase><testcase classname="tests.dependency_graph_test.TestDependencyGraph" name="test_graph_nodes_using_sample_tree" time="0.000"></testcase><testcase classname="tests.dependency_graph_test.TestDependencyGraph" name="test_graph_nodes_with_duplicate_key_in_lfl_and_derived" time="0.001"></testcase><testcase classname="tests.dependency_graph_test.TestDependencyGraph" name="test_graph_predecessors" time="0.000"></testcase><testcase classname="tests.dependency_graph_test.TestDependencyGraph" name="test_graph_requesting_all_dependencies_links_root_to_end_leafs" time="0.000"></testcase><testcase classname="tests.dependency_graph_test.TestDependencyGraph" name="test_indent_tree" time="0.000"></testcase><testcase classname="tests.dependency_graph_test.TestDependencyGraph" name="test_invalid_requirement_raises" time="0.003"></testcase><testcase classname="tests.dependency_graph_test.TestDependencyGraph" name="test_processing_order_magnetic_variation_from_runway" time="0.785"></testcase><testcase classname="tests.dependency_graph_test.TestDependencyGraph" name="test_required_available" time="0.001"></testcase><testcase classname="tests.dependency_graph_test.TestDependencyGraph" name="test_required_unavailable" time="0.000"><skipped type="unittest.case.SkipTest" message="Ignoring as graph_nodes does nothing with required nodes"><![CDATA[Exception: Ignoring as graph_nodes does nothing with required nodes
]]></skipped></testcase><testcase classname="tests.dependency_graph_test.TestDependencyGraph" name="test_sample_parameter_module" time="0.004"></testcase><testcase classname="tests.dependency_graph_test.TestGraphAdjacencies" name="test_graph_adjacencies" time="0.000"></testcase><testcase classname="tests.derived_parameters_test.TestAOA" name="test_Derive_only_left" time="0.000"></testcase><testcase classname="tests.derived_parameters_test.TestAOA" name="test_can_operate" time="0.000"></testcase><testcase classname="tests.derived_parameters_test.TestAOA" name="test_cl_600_family" time="0.000"></testcase><testcase classname="tests.derived_parameters_test.TestAOA" name="test_derive" time="0.001"></testcase><testcase classname="tests.derived_parameters_test.TestAccelerationAcrossTrack" name="test_acceleration_across_resolved" time="0.001"></testcase><testcase classname="tests.derived_parameters_test.TestAccelerationAcrossTrack" name="test_acceleration_across_side_only" time="0.001"></testcase><testcase classname="tests.derived_parameters_test.TestAccelerationAcrossTrack" name="test_can_operate" time="0.001"></testcase><testcase classname="tests.derived_parameters_test.TestAccelerationAlongTrack" name="test_acceleration_along_forward_only" time="0.001"></testcase><testcase classname="tests.derived_parameters_test.TestAccelerationAlongTrack" name="test_acceleration_along_resolved" time="0.001"></testcase><testcase classname="tests.derived_parameters_test.TestAccelerationAlongTrack" name="test_can_operate" time="0.001"></testcase><testcase classname="tests.derived_parameters_test.TestAccelerationForwards" name="test_acceleration_forward_level_on_gound" time="0.001"></testcase><testcase classname="tests.derived_parameters_test.TestAccelerationForwards" name="test_acceleration_forward_pitch_up" time="0.001"></testcase><testcase classname="tests.derived_parameters_test.TestAccelerationForwards" name="test_can_operate" time="0.001"></testcase><testcase classname="tests.derived_parameters_test.TestAccelerationLateralOffsetRemoved" name="test_can_operate" time="0.000"></testcase><testcase classname="tests.derived_parameters_test.TestAccelerationLateralOffsetRemoved" name="test_derive_negative_offset" time="0.000"></testcase><testcase classname="tests.derived_parameters_test.TestAccelerationLateralOffsetRemoved" name="test_derive_no_offset" time="0.000"></testcase><testcase classname="tests.derived_parameters_test.TestAccelerationLateralOffsetRemoved" name="test_derive_positive_offset" time="0.000"></testcase><testcase classname="tests.derived_parameters_test.TestAccelerationLateralSmoothed" name="test_can_operate" time="0.000"></testcase><testcase classname="tests.derived_parameters_test.TestAccelerationLateralSmoothed" name="test_smoothing" time="0.000"></testcase><testcase classname="tests.derived_parameters_test.TestAccelerationLongitudinalOffsetRemoved" name="test_can_operate" time="0.000"></testcase><testcase classname="tests.derived_parameters_test.TestAccelerationLongitudinalOffsetRemoved" name="test_derive_negative_offset" time="0.000"></testcase><testcase classname="tests.derived_parameters_test.TestAccelerationLongitudinalOffsetRemoved" name="test_derive_no_offset" time="0.000"></testcase><testcase classname="tests.derived_parameters_test.TestAccelerationLongitudinalOffsetRemoved" name="test_derive_positive_offset" time="0.000"></testcase><testcase classname="tests.derived_parameters_test.TestAccelerationNormalHighLimitForLandingWeight" name="test_derive" time="0.001"></testcase><testcase classname="tests.derived_parameters_test.TestAccelerationNormalHighLimitWithFlapsDown" name="test_can_operate" time="0.000"></testcase><testcase classname="tests.derived_parameters_test.TestAccelerationNormalHighLimitWithFlapsDown" name="test_derive" time="0.002"></testcase><testcase classname="tests.derived_parameters_test.TestAccelerationNormalHighLimitWithFlapsDown" name="test_derive_below_MLW_flaps_30" time="0.002"></testcase><testcase classname="tests.derived_parameters_test.TestAccelerationNormalHighLimitWithFlapsDown" name="test_derive_flaps_up" time="0.002"></testcase><testcase classname="tests.derived_parameters_test.TestAccelerationNormalHighLimitWithFlapsDown" name="test_derive_over_MLW_flaps_30" time="0.002"></testcase><testcase classname="tests.derived_parameters_test.TestAccelerationNormalHighLimitWithFlapsDown" name="test_derive_over_MLW_flaps_less_than_30" time="0.002"></testcase><testcase classname="tests.derived_parameters_test.TestAccelerationNormalHighLimitWithFlapsDown" name="test_derive_over_MTOW_flaps_40" time="0.002"></testcase><testcase classname="tests.derived_parameters_test.TestAccelerationNormalLimitForLandingWeight" name="test_derive" time="0.001"></testcase><testcase classname="tests.derived_parameters_test.TestAccelerationNormalLowLimitForLandingWeight" name="test_derive" time="0.001"></testcase><testcase classname="tests.derived_parameters_test.TestAccelerationNormalOffsetRemoved" name="test_can_operate" time="0.000"></testcase><testcase classname="tests.derived_parameters_test.TestAccelerationNormalOffsetRemoved" name="test_derive_negative_offset" time="0.000"></testcase><testcase classname="tests.derived_parameters_test.TestAccelerationNormalOffsetRemoved" name="test_derive_no_offset" time="0.000"></testcase><testcase classname="tests.derived_parameters_test.TestAccelerationNormalOffsetRemoved" name="test_derive_positive_offset" time="0.001"></testcase><testcase classname="tests.derived_parameters_test.TestAccelerationSideways" name="test_acceleration_sideways_level_on_gound" time="0.002"></testcase><testcase classname="tests.derived_parameters_test.TestAccelerationSideways" name="test_acceleration_sideways_pitch_up" time="0.002"></testcase><testcase classname="tests.derived_parameters_test.TestAccelerationSideways" name="test_acceleration_sideways_roll_right" time="0.002"></testcase><testcase classname="tests.derived_parameters_test.TestAccelerationSideways" name="test_can_operate" time="0.002"></testcase><testcase classname="tests.derived_parameters_test.TestAccelerationVertical" name="test_acceleration_vertical_level_on_gound" time="0.002"></testcase><testcase classname="tests.derived_parameters_test.TestAccelerationVertical" name="test_acceleration_vertical_pitch_up" time="0.002"></testcase><testcase classname="tests.derived_parameters_test.TestAccelerationVertical" name="test_acceleration_vertical_pitch_up_roll_right" time="0.002"></testcase><testcase classname="tests.derived_parameters_test.TestAccelerationVertical" name="test_acceleration_vertical_roll_right" time="0.002"></testcase><testcase classname="tests.derived_parameters_test.TestAccelerationVertical" name="test_can_operate" time="0.002"></testcase><testcase classname="tests.derived_parameters_test.TestAileron" name="test_aileron_with_flaperon" time="0.010"></testcase><testcase classname="tests.derived_parameters_test.TestAileron" name="test_can_operate" time="0.000"></testcase><testcase classname="tests.derived_parameters_test.TestAileron" name="test_left_only" time="0.000"></testcase><testcase classname="tests.derived_parameters_test.TestAileron" name="test_normal_two_sensors" time="0.001"></testcase><testcase classname="tests.derived_parameters_test.TestAileron" name="test_right_only" time="0.000"></testcase><testcase classname="tests.derived_parameters_test.TestAileronLeft" name="test_can_operate" time="0.000"></testcase><testcase classname="tests.derived_parameters_test.TestAileronLeft" name="test_inboard_only" time="0.000"></testcase><testcase classname="tests.derived_parameters_test.TestAileronLeft" name="test_inboard_preferred" time="0.000"></testcase><testcase classname="tests.derived_parameters_test.TestAileronLeft" name="test_outboard_only" time="0.000"></testcase><testcase classname="tests.derived_parameters_test.TestAileronLeft" name="test_pot_working" time="0.001"></testcase><testcase classname="tests.derived_parameters_test.TestAileronLeft" name="test_synchro_working" time="0.001"></testcase><testcase classname="tests.derived_parameters_test.TestAileronRight" name="test_can_operate" time="0.000"></testcase><testcase classname="tests.derived_parameters_test.TestAileronRight" name="test_inboard_only" time="0.000"></testcase><testcase classname="tests.derived_parameters_test.TestAileronRight" name="test_inboard_preferred" time="0.000"></testcase><testcase classname="tests.derived_parameters_test.TestAileronRight" name="test_outboard_only" time="0.000"></testcase><testcase classname="tests.derived_parameters_test.TestAileronRight" name="test_pot_working" time="0.001"></testcase><testcase classname="tests.derived_parameters_test.TestAileronRight" name="test_synchro_working" time="0.001"></testcase><testcase classname="tests.derived_parameters_test.TestAileronTrim" name="test_can_operate" time="0.000"><skipped type="unittest.case.SkipTest" message="Test Not Implemented"><![CDATA[Exception: Test Not Implemented
]]></skipped></testcase><testcase classname="tests.derived_parameters_test.TestAileronTrim" name="test_derive" time="0.000"><skipped type="unittest.case.SkipTest" message="Test Not Implemented"><![CDATA[Exception: Test Not Implemented
]]></skipped></testcase><testcase classname="tests.derived_parameters_test.TestAimingPointRange" name="test_basic_scaling" time="0.000"></testcase><testcase classname="tests.derived_parameters_test.TestAircraftEnergy" name="test_derive" time="0.000"></testcase><testcase classname="tests.derived_parameters_test.TestAirspeedMinusAirspeedSelectedFMS" name="test_can_operate" time="0.001"></testcase><testcase classname="tests.derived_parameters_test.TestAirspeedMinusAirspeedSelectedFMS" name="test_derive" time="0.001"></testcase><testcase classname="tests.derived_parameters_test.TestAirspeedMinusAirspeedSelectedFMSFor3Sec" name="test_can_operate" time="0.000"></testcase><testcase classname="tests.derived_parameters_test.TestAirspeedMinusAirspeedSelectedFMSFor3Sec" name="test_derive_align" time="0.001"></testcase><testcase classname="tests.derived_parameters_test.TestAirspeedMinusAirspeedSelectedFMSFor3Sec" name="test_derive_basic" time="0.001"></testcase><testcase classname="tests.derived_parameters_test.TestAirspeedMinusAirspeedSelectedFor3Sec" name="test_can_operate" time="0.000"></testcase><testcase classname="tests.derived_parameters_test.TestAirspeedMinusAirspeedSelectedFor3Sec" name="test_derive" time="0.016"></testcase><testcase classname="tests.derived_parameters_test.TestAirspeedMinusFlapManoeuvreSpeed" name="test_can_operate" time="0.000"></testcase><testcase classname="tests.derived_parameters_test.TestAirspeedMinusFlapManoeuvreSpeed" name="test_derive__basic" time="0.001"></testcase><testcase classname="tests.derived_parameters_test.TestAirspeedMinusFlapManoeuvreSpeed" name="test_derive__masked" time="0.001"></testcase><testcase classname="tests.derived_parameters_test.TestAirspeedMinusFlapManoeuvreSpeedFor3Sec" name="test_can_operate" time="0.000"></testcase><testcase classname="tests.derived_parameters_test.TestAirspeedMinusFlapManoeuvreSpeedFor3Sec" name="test_derive__basic" time="0.001"></testcase><testcase classname="tests.derived_parameters_test.TestAirspeedMinusMinimumAirspeed" name="test_can_operate" time="0.000"></testcase><testcase classname="tests.derived_parameters_test.TestAirspeedMinusMinimumAirspeed" name="test_derive__basic" time="0.001"></testcase><testcase classname="tests.derived_parameters_test.TestAirspeedMinusMinimumAirspeed" name="test_derive__masked" time="0.001"></testcase><testcase classname="tests.derived_parameters_test.TestAirspeedMinusMinimumAirspeedFor3Sec" name="test_can_operate" time="0.000"></testcase><testcase classname="tests.derived_parameters_test.TestAirspeedMinusMinimumAirspeedFor3Sec" name="test_derive_align" time="0.001"></testcase><testcase classname="tests.derived_parameters_test.TestAirspeedMinusMinimumAirspeedFor3Sec" name="test_derive_basic" time="0.001"></testcase><testcase classname="tests.derived_parameters_test.TestAirspeedMinusV2" name="test_can_operate" time="0.001"></testcase><testcase classname="tests.derived_parameters_test.TestAirspeedMinusV2" name="test_derive__lookup_only" time="0.001"></testcase><testcase classname="tests.derived_parameters_test.TestAirspeedMinusV2" name="test_derive__masked_within_phase" time="0.001"></testcase><testcase classname="tests.derived_parameters_test.TestAirspeedMinusV2" name="test_derive__prefer_recorded" time="0.001"></testcase><testcase classname="tests.derived_parameters_test.TestAirspeedMinusV2" name="test_derive__prefer_selected" time="0.001"></testcase><testcase classname="tests.derived_parameters_test.TestAirspeedMinusV2" name="test_derive__recorded_and_lookup_masked" time="0.001"></testcase><testcase classname="tests.derived_parameters_test.TestAirspeedMinusV2" name="test_derive__recorded_masked" time="0.001"></testcase><testcase classname="tests.derived_parameters_test.TestAirspeedMinusV2" name="test_derive__recorded_only" time="0.001"></testcase><testcase classname="tests.derived_parameters_test.TestAirspeedMinusV2For3Sec" name="test_can_operate" time="0.000"></testcase><testcase classname="tests.derived_parameters_test.TestAirspeedMinusV2For3Sec" name="test_derive_align" time="0.001"></testcase><testcase classname="tests.derived_parameters_test.TestAirspeedMinusV2For3Sec" name="test_derive_basic" time="0.001"></testcase><testcase classname="tests.derived_parameters_test.TestAirspeedMinusVLS" name="test_can_operate" time="0.000"></testcase><testcase classname="tests.derived_parameters_test.TestAirspeedMinusVLS" name="test_derive" time="0.001"></testcase><testcase classname="tests.derived_parameters_test.TestAirspeedMinusVLS" name="test_lookup" time="0.001"></testcase><testcase classname="tests.derived_parameters_test.TestAirspeedMinusVLSFor3Sec" name="test_can_operate" time="0.000"></testcase><testcase classname="tests.derived_parameters_test.TestAirspeedMinusVLSFor3Sec" name="test_derive_align" time="0.001"></testcase><testcase classname="tests.derived_parameters_test.TestAirspeedMinusVLSFor3Sec" name="test_derive_basic" time="0.001"></testcase><testcase classname="tests.derived_parameters_test.TestAirspeedMinusVapp" name="test_can_operate" time="0.000"></testcase><testcase classname="tests.derived_parameters_test.TestAirspeedMinusVapp" name="test_derive__both_masked" time="0.001"></testcase><testcase classname="tests.derived_parameters_test.TestAirspeedMinusVapp" name="test_derive__lookup_only" time="0.001"></testcase><testcase classname="tests.derived_parameters_test.TestAirspeedMinusVapp" name="test_derive__masked_within_phase" time="0.001"></testcase><testcase classname="tests.derived_parameters_test.TestAirspeedMinusVapp" name="test_derive__prefer_record" time="0.001"></testcase><testcase classname="tests.derived_parameters_test.TestAirspeedMinusVapp" name="test_derive__record_masked" time="0.001"></testcase><testcase classname="tests.derived_parameters_test.TestAirspeedMinusVapp" name="test_derive__record_only" time="0.001"></testcase><testcase classname="tests.derived_parameters_test.TestAirspeedMinusVappFor3Sec" name="test_can_operate" time="0.000"></testcase><testcase classname="tests.derived_parameters_test.TestAirspeedMinusVappFor3Sec" name="test_derive_align" time="0.001"></testcase><testcase classname="tests.derived_parameters_test.TestAirspeedMinusVappFor3Sec" name="test_derive_basic" time="0.001"></testcase><testcase classname="tests.derived_parameters_test.TestAirspeedMinusVref" name="test_can_operate" time="0.000"></testcase><testcase classname="tests.derived_parameters_test.TestAirspeedMinusVref" name="test_derive__both_masked" time="0.001"></testcase><testcase classname="tests.derived_parameters_test.TestAirspeedMinusVref" name="test_derive__lookup_only" time="0.001"></testcase><testcase classname="tests.derived_parameters_test.TestAirspeedMinusVref" name="test_derive__masked_within_phase" time="0.001"></testcase><testcase classname="tests.derived_parameters_test.TestAirspeedMinusVref" name="test_derive__prefer_record" time="0.001"></testcase><testcase classname="tests.derived_parameters_test.TestAirspeedMinusVref" name="test_derive__record_masked" time="0.001"></testcase><testcase classname="tests.derived_parameters_test.TestAirspeedMinusVref" name="test_derive__record_only" time="0.001"></testcase><testcase classname="tests.derived_parameters_test.TestAirspeedMinusVref" name="test_derive__superframe" time="0.011"></testcase><testcase classname="tests.derived_parameters_test.TestAirspeedMinusVrefFor3Sec" name="test_can_operate" time="0.000"></testcase><testcase classname="tests.derived_parameters_test.TestAirspeedMinusVrefFor3Sec" name="test_derive_align" time="0.001"></testcase><testcase classname="tests.derived_parameters_test.TestAirspeedMinusVrefFor3Sec" name="test_derive_basic" time="0.001"></testcase><testcase classname="tests.derived_parameters_test.TestAirspeedRelative" name="test_can_operate" time="0.000"></testcase><testcase classname="tests.derived_parameters_test.TestAirspeedRelative" name="test_derive__both_approach" time="0.000"></testcase><testcase classname="tests.derived_parameters_test.TestAirspeedRelative" name="test_derive__vapp" time="0.000"></testcase><testcase classname="tests.derived_parameters_test.TestAirspeedRelative" name="test_derive__vref" time="0.000"></testcase><testcase classname="tests.derived_parameters_test.TestAirspeedRelative" name="test_derive_all_three" time="0.000"></testcase><testcase classname="tests.derived_parameters_test.TestAirspeedRelative" name="test_derive_v2" time="0.001"></testcase><testcase classname="tests.derived_parameters_test.TestAirspeedRelativeFor3Sec" name="test_can_operate" time="0.000"></testcase><testcase classname="tests.derived_parameters_test.TestAirspeedRelativeFor3Sec" name="test_derive__both_approach" time="0.000"></testcase><testcase classname="tests.derived_parameters_test.TestAirspeedRelativeFor3Sec" name="test_derive__vapp" time="0.000"></testcase><testcase classname="tests.derived_parameters_test.TestAirspeedRelativeFor3Sec" name="test_derive__vref" time="0.000"></testcase><testcase classname="tests.derived_parameters_test.TestAirspeedRelativeFor3Sec" name="test_derive_all_three" time="0.001"></testcase><testcase classname="tests.derived_parameters_test.TestAirspeedRelativeFor3Sec" name="test_derive_v2" time="0.000"></testcase><testcase classname="tests.derived_parameters_test.TestAirspeedSelected" name="test_can_operate" time="0.008"></testcase><testcase classname="tests.derived_parameters_test.TestAirspeedSelected" name="test_derive" time="0.000"><skipped type="unittest.case.SkipTest" message="Test Not Implemented"><![CDATA[Exception: Test Not Implemented
]]></skipped></testcase><testcase classname="tests.derived_parameters_test.TestAirspeedSelectedForApproaches" name="test_derive" time="0.000"></testcase><testcase classname="tests.derived_parameters_test.TestAirspeedSelectedForApproaches" name="test_derive__superframe_change_after_fast" time="0.001"></testcase><testcase classname="tests.derived_parameters_test.TestAirspeedTrue" name="test_can_operate" time="0.000"></testcase><testcase classname="tests.derived_parameters_test.TestAirspeedTrue" name="test_tas_basic" time="0.003"></testcase><testcase classname="tests.derived_parameters_test.TestAirspeedTrue" name="test_tas_masks" time="0.004"><system-err><![CDATA[/usr/local/lib/python3.7/site-packages/numpy/ma/core.py:945: RuntimeWarning: overflow encountered in exp
  result = self.f(d, *args, **kwargs)
]]></system-err></testcase><testcase classname="tests.derived_parameters_test.TestAirspeedTrue" name="test_tas_no_gs_extensions" time="0.004"></testcase><testcase classname="tests.derived_parameters_test.TestAirspeedTrue" name="test_tas_no_tat" time="0.003"></testcase><testcase classname="tests.derived_parameters_test.TestAirspeedTrue" name="test_tas_rto" time="0.004"></testcase><testcase classname="tests.derived_parameters_test.TestAirspeedTrue" name="test_tas_with_gs_extensions" time="0.004"></testcase><testcase classname="tests.derived_parameters_test.TestAltitudeAAL" name="test_alt_aal__heli__missing_rad_alt" time="0.006"></testcase><testcase classname="tests.derived_parameters_test.TestAltitudeAAL" name="test_alt_aal_basic" time="0.002"></testcase><testcase classname="tests.derived_parameters_test.TestAltitudeAAL" name="test_alt_aal_bounce_rejection" time="0.003"></testcase><testcase classname="tests.derived_parameters_test.TestAltitudeAAL" name="test_alt_aal_complex" time="0.003"></testcase><testcase classname="tests.derived_parameters_test.TestAltitudeAAL" name="test_alt_aal_complex_doubled" time="0.004"></testcase><testcase classname="tests.derived_parameters_test.TestAltitudeAAL" name="test_alt_aal_complex_doubled_with_touch_and_go" time="0.004"></testcase><testcase classname="tests.derived_parameters_test.TestAltitudeAAL" name="test_alt_aal_complex_no_rad_alt" time="0.004"></testcase><testcase classname="tests.derived_parameters_test.TestAltitudeAAL" name="test_alt_aal_complex_no_ralt_flying_below_takeoff_airfield" time="0.003"></testcase><testcase classname="tests.derived_parameters_test.TestAltitudeAAL" name="test_alt_aal_complex_with_mask" time="0.003"></testcase><testcase classname="tests.derived_parameters_test.TestAltitudeAAL" name="test_alt_aal_faulty_alt_rad" time="0.000"><skipped type="unittest.case.SkipTest" message="Test Not Implemented"><![CDATA[Exception: Test Not Implemented
]]></skipped></testcase><testcase classname="tests.derived_parameters_test.TestAltitudeAAL" name="test_alt_aal_goaround_flight" time="0.000"><skipped type="unittest.case.SkipTest" message="Test Not Implemented"><![CDATA[Exception: Test Not Implemented
]]></skipped></testcase><testcase classname="tests.derived_parameters_test.TestAltitudeAAL" name="test_alt_aal_helicopter_no_rad_alt" time="0.041"></testcase><testcase classname="tests.derived_parameters_test.TestAltitudeAAL" name="test_alt_aal_misleading_rad_alt" time="0.850"></testcase><testcase classname="tests.derived_parameters_test.TestAltitudeAAL" name="test_alt_aal_no_rad_alt_pitch_inclusion" time="0.003"></testcase><testcase classname="tests.derived_parameters_test.TestAltitudeAAL" name="test_alt_aal_no_ralt" time="0.003"></testcase><testcase classname="tests.derived_parameters_test.TestAltitudeAAL" name="test_alt_aal_training_flight" time="0.000"><skipped type="unittest.case.SkipTest" message="Test Not Implemented"><![CDATA[Exception: Test Not Implemented
]]></skipped></testcase><testcase classname="tests.derived_parameters_test.TestAltitudeAAL" name="test_alt_aal_without_alt_rad" time="0.000"><skipped type="unittest.case.SkipTest" message="Test Not Implemented"><![CDATA[Exception: Test Not Implemented
]]></skipped></testcase><testcase classname="tests.derived_parameters_test.TestAltitudeAAL" name="test_can_operate" time="0.000"></testcase><testcase classname="tests.derived_parameters_test.TestAltitudeAAL" name="test_find_liftoff_start_on_herc" time="0.002"></testcase><testcase classname="tests.derived_parameters_test.TestAltitudeAALForFlightPhases" name="test_altitude_AAL_for_flight_phases_basic" time="0.000"></testcase><testcase classname="tests.derived_parameters_test.TestAltitudeAALForFlightPhases" name="test_can_operate" time="0.000"></testcase><testcase classname="tests.derived_parameters_test.TestAltitudeQNH" name="test_attribute" time="0.000"></testcase><testcase classname="tests.derived_parameters_test.TestAltitudeQNH" name="test_can_operate" time="0.000"></testcase><testcase classname="tests.derived_parameters_test.TestAltitudeQNH" name="test_derive" time="0.005"></testcase><testcase classname="tests.derived_parameters_test.TestAltitudeRadio" name="test_altitude_radio_737_3C" time="0.014"></testcase><testcase classname="tests.derived_parameters_test.TestAltitudeRadio" name="test_altitude_radio_737_5_Analogue" time="0.005"></testcase><testcase classname="tests.derived_parameters_test.TestAltitudeRadio" name="test_altitude_radio_737_5_EFIS" time="0.005"></testcase><testcase classname="tests.derived_parameters_test.TestAltitudeRadio" name="test_altitude_radio_787" time="0.005"></testcase><testcase classname="tests.derived_parameters_test.TestAltitudeRadio" name="test_altitude_radio_A320" time="1.177"></testcase><testcase classname="tests.derived_parameters_test.TestAltitudeRadio" name="test_altitude_radio_A320_small_jumps" time="0.270"></testcase><testcase classname="tests.derived_parameters_test.TestAltitudeRadio" name="test_altitude_radio_A330" time="1.099"></testcase><testcase classname="tests.derived_parameters_test.TestAltitudeRadio" name="test_altitude_radio_CL_600" time="0.007"></testcase><testcase classname="tests.derived_parameters_test.TestAltitudeRadioOffsetRemoved" name="test_basic_operation" time="0.001"></testcase><testcase classname="tests.derived_parameters_test.TestAltitudeRadioOffsetRemoved" name="test_can_operate" time="0.000"></testcase><testcase classname="tests.derived_parameters_test.TestAltitudeRadioOffsetRemoved" name="test_no_change_for_excessive_adjustment" time="0.001"></testcase><testcase classname="tests.derived_parameters_test.TestAltitudeRadioOffsetRemoved" name="test_no_change_for_mask_near_liftoff" time="0.001"></testcase><testcase classname="tests.derived_parameters_test.TestAltitudeRadioOffsetRemoved" name="test_no_change_for_negative_values" time="0.001"></testcase><testcase classname="tests.derived_parameters_test.TestAltitudeRadioOffsetRemoved" name="test_no_change_for_wierd_values" time="0.001"></testcase><testcase classname="tests.derived_parameters_test.TestAltitudeRadioOffsetRemoved" name="test_with_go_around" time="0.001"></testcase><testcase classname="tests.derived_parameters_test.TestAltitudeRadioOffsetRemoved" name="test_with_realistic_values" time="0.001"></testcase><testcase classname="tests.derived_parameters_test.TestAltitudeSTD" name="test_can_operate" time="0.000"><skipped type="unittest.case.SkipTest" message="Test Not Implemented"><![CDATA[Exception: Test Not Implemented
]]></skipped></testcase><testcase classname="tests.derived_parameters_test.TestAltitudeSTD" name="test_derive" time="0.000"><skipped type="unittest.case.SkipTest" message="Test Not Implemented"><![CDATA[Exception: Test Not Implemented
]]></skipped></testcase><testcase classname="tests.derived_parameters_test.TestAltitudeSTDSmoothed" name="test_can_operate" time="0.000"></testcase><testcase classname="tests.derived_parameters_test.TestAltitudeSTDSmoothed" name="test_derive_747_200" time="0.001"></testcase><testcase classname="tests.derived_parameters_test.TestAltitudeSTDSmoothed" name="test_derive_atr_42" time="0.006"></testcase><testcase classname="tests.derived_parameters_test.TestAltitudeTail" name="test_altitude_tail" time="0.001"></testcase><testcase classname="tests.derived_parameters_test.TestAltitudeTail" name="test_altitude_tail_after_lift" time="0.001"></testcase><testcase classname="tests.derived_parameters_test.TestAltitudeTail" name="test_can_operate" time="0.008"></testcase><testcase classname="tests.derived_parameters_test.TestAltitudeVisualizationWithGroundOffset" name="test_alt_std_adjustment" time="0.001"></testcase><testcase classname="tests.derived_parameters_test.TestAltitudeVisualizationWithGroundOffset" name="test_can_operate" time="0.001"></testcase><testcase classname="tests.derived_parameters_test.TestAltitudeVisualizationWithGroundOffset" name="test_derive__output" time="0.000"><skipped type="unittest.case.SkipTest" message="New implementation broke these tests!"><![CDATA[Exception: New implementation broke these tests!
]]></skipped></testcase><testcase classname="tests.derived_parameters_test.TestAltitudeVisualizationWithGroundOffset" name="test_trap_alt_difference" time="0.001"></testcase><testcase classname="tests.derived_parameters_test.TestAltitudeVisualizationWithoutGroundOffset" name="test_agl_multiple_cruises" time="0.001"></testcase><testcase classname="tests.derived_parameters_test.TestAltitudeVisualizationWithoutGroundOffset" name="test_agl_single_cruise" time="0.001"></testcase><testcase classname="tests.derived_parameters_test.TestAltitudeVisualizationWithoutGroundOffset" name="test_alt_std_adjustment" time="0.001"></testcase><testcase classname="tests.derived_parameters_test.TestAltitudeVisualizationWithoutGroundOffset" name="test_can_operate" time="0.001"></testcase><testcase classname="tests.derived_parameters_test.TestAltitudeVisualizationWithoutGroundOffset" name="test_derive__output" time="0.000"><skipped type="unittest.case.SkipTest" message="New implementation broke these tests!"><![CDATA[Exception: New implementation broke these tests!
]]></skipped></testcase><testcase classname="tests.derived_parameters_test.TestAltitudeVisualizationWithoutGroundOffset" name="test_multiple_cruises" time="0.001"></testcase><testcase classname="tests.derived_parameters_test.TestAltitudeVisualizationWithoutGroundOffset" name="test_no_cruise" time="0.001"></testcase><testcase classname="tests.derived_parameters_test.TestApproachFlightPathAngle" name="test_can_operate" time="0.000"></testcase><testcase classname="tests.derived_parameters_test.TestApproachFlightPathAngle" name="test_derive" time="0.002"></testcase><testcase classname="tests.derived_parameters_test.TestApproachRange" name="make_test_copy" time="0.005"></testcase><testcase classname="tests.derived_parameters_test.TestApproachRange" name="test_can_operate" time="0.002"></testcase><testcase classname="tests.derived_parameters_test.TestApproachRange" name="test_range_basic" time="0.012"></testcase><testcase classname="tests.derived_parameters_test.TestApproachRange" name="test_range_full_param_set" time="0.012"></testcase><testcase classname="tests.derived_parameters_test.TestBrakePressure" name="test_basic_four_params" time="0.001"></testcase><testcase classname="tests.derived_parameters_test.TestBrakePressure" name="test_basic_two_params" time="0.001"></testcase><testcase classname="tests.derived_parameters_test.TestBrakePressure" name="test_can_operate" time="0.000"></testcase><testcase classname="tests.derived_parameters_test.TestBrake_TempAvg" name="test_can_operate" time="0.016"></testcase><testcase classname="tests.derived_parameters_test.TestBrake_TempAvg" name="test_derive" time="0.001"></testcase><testcase classname="tests.derived_parameters_test.TestBrake_TempMax" name="test_can_operate" time="0.016"></testcase><testcase classname="tests.derived_parameters_test.TestBrake_TempMax" name="test_derive" time="0.001"></testcase><testcase classname="tests.derived_parameters_test.TestBrake_TempMin" name="test_can_operate" time="0.016"></testcase><testcase classname="tests.derived_parameters_test.TestBrake_TempMin" name="test_derive" time="0.001"></testcase><testcase classname="tests.derived_parameters_test.TestCabinAltitude" name="test_basic" time="0.001"></testcase><testcase classname="tests.derived_parameters_test.TestCabinAltitude" name="test_can_operate" time="0.000"></testcase><testcase classname="tests.derived_parameters_test.TestClimbForFlightPhases" name="test_can_operate" time="0.000"></testcase><testcase classname="tests.derived_parameters_test.TestClimbForFlightPhases" name="test_climb_for_flight_phases_basic" time="0.001"></testcase><testcase classname="tests.derived_parameters_test.TestControlColumn" name="test_can_operate" time="0.000"></testcase><testcase classname="tests.derived_parameters_test.TestControlColumn" name="test_control_column" time="0.000"></testcase><testcase classname="tests.derived_parameters_test.TestControlColumnForce" name="test_can_operate" time="0.000"></testcase><testcase classname="tests.derived_parameters_test.TestControlColumnForce" name="test_control_column_force" time="0.000"></testcase><testcase classname="tests.derived_parameters_test.TestControlWheel" name="test_can_operate" time="0.000"></testcase><testcase classname="tests.derived_parameters_test.TestControlWheel" name="test_control_wheel" time="0.000"></testcase><testcase classname="tests.derived_parameters_test.TestControlWheelForce" name="test_can_operate" time="0.000"></testcase><testcase classname="tests.derived_parameters_test.TestControlWheelForce" name="test_control_wheel_force" time="0.001"></testcase><testcase classname="tests.derived_parameters_test.TestCoordinatesSmoothed" name="make_test_copy" time="0.003"></testcase><testcase classname="tests.derived_parameters_test.TestCoordinatesSmoothed" name="test__adjust_track_imprecise" time="0.000"><skipped type="unittest.case.SkipTest" message="Test Out Of Date"><![CDATA[Exception: Test Out Of Date
]]></skipped></testcase><testcase classname="tests.derived_parameters_test.TestCoordinatesSmoothed" name="test__adjust_track_precise" time="0.000"><skipped type="unittest.case.SkipTest" message="Test Out Of Date"><![CDATA[Exception: Test Out Of Date
]]></skipped></testcase><testcase classname="tests.derived_parameters_test.TestCoordinatesSmoothed" name="test__adjust_track_visual" time="0.000"><skipped type="unittest.case.SkipTest" message="Test Out Of Date"><![CDATA[Exception: Test Out Of Date
]]></skipped></testcase><testcase classname="tests.derived_parameters_test.TestDescendForFlightPhases" name="test_can_operate" time="0.000"></testcase><testcase classname="tests.derived_parameters_test.TestDescendForFlightPhases" name="test_descend_for_flight_phases_basic" time="0.001"></testcase><testcase classname="tests.derived_parameters_test.TestDistanceFlown" name="test_can_operate" time="0.000"></testcase><testcase classname="tests.derived_parameters_test.TestDistanceFlown" name="test_derive_basic" time="0.001"></testcase><testcase classname="tests.derived_parameters_test.TestDistanceToLanding" name="test_can_operate" time="0.000"></testcase><testcase classname="tests.derived_parameters_test.TestDistanceToLanding" name="test_derive" time="0.001"></testcase><testcase classname="tests.derived_parameters_test.TestDistanceToLanding" name="test_no_touchdown" time="0.000"></testcase><testcase classname="tests.derived_parameters_test.TestDistanceTravelled" name="test_can_operate" time="0.000"></testcase><testcase classname="tests.derived_parameters_test.TestDistanceTravelled" name="test_derive" time="0.001"></testcase><testcase classname="tests.derived_parameters_test.TestDrift" name="test_can_operate" time="0.000"></testcase><testcase classname="tests.derived_parameters_test.TestDrift" name="test_derive" time="0.000"><skipped type="unittest.case.SkipTest" message="Test Not Implemented"><![CDATA[Exception: Test Not Implemented
]]></skipped></testcase><testcase classname="tests.derived_parameters_test.TestElevator" name="test_can_operate" time="0.000"></testcase><testcase classname="tests.derived_parameters_test.TestElevator" name="test_left_only" time="0.000"></testcase><testcase classname="tests.derived_parameters_test.TestElevator" name="test_normal_two_sensors" time="0.001"></testcase><testcase classname="tests.derived_parameters_test.TestElevator" name="test_right_only" time="0.000"></testcase><testcase classname="tests.derived_parameters_test.TestElevatorLeft" name="test_both_equally_good" time="0.000"></testcase><testcase classname="tests.derived_parameters_test.TestElevatorLeft" name="test_both_prefer_pot" time="0.000"></testcase><testcase classname="tests.derived_parameters_test.TestElevatorLeft" name="test_both_prefer_syn" time="0.000"></testcase><testcase classname="tests.derived_parameters_test.TestElevatorLeft" name="test_can_operate" time="0.000"></testcase><testcase classname="tests.derived_parameters_test.TestElevatorLeft" name="test_inboard_and_outboard" time="0.000"></testcase><testcase classname="tests.derived_parameters_test.TestElevatorLeft" name="test_outboard_only" time="0.000"></testcase><testcase classname="tests.derived_parameters_test.TestElevatorLeft" name="test_pot" time="0.000"></testcase><testcase classname="tests.derived_parameters_test.TestElevatorLeft" name="test_synchro" time="0.000"></testcase><testcase classname="tests.derived_parameters_test.TestElevatorRight" name="test_both_equally_good" time="0.000"></testcase><testcase classname="tests.derived_parameters_test.TestElevatorRight" name="test_both_prefer_pot" time="0.000"></testcase><testcase classname="tests.derived_parameters_test.TestElevatorRight" name="test_both_prefer_syn" time="0.000"></testcase><testcase classname="tests.derived_parameters_test.TestElevatorRight" name="test_can_operate" time="0.000"></testcase><testcase classname="tests.derived_parameters_test.TestElevatorRight" name="test_inboard_and_outboard" time="0.000"></testcase><testcase classname="tests.derived_parameters_test.TestElevatorRight" name="test_outboard_only" time="0.000"></testcase><testcase classname="tests.derived_parameters_test.TestElevatorRight" name="test_pot" time="0.000"></testcase><testcase classname="tests.derived_parameters_test.TestElevatorRight" name="test_synchro" time="0.000"></testcase><testcase classname="tests.derived_parameters_test.TestEngTPRLimitDifference" name="test_can_operate" time="0.000"></testcase><testcase classname="tests.derived_parameters_test.TestEngTPRLimitDifference" name="test_derive_basic" time="0.000"></testcase><testcase classname="tests.derived_parameters_test.TestEng_1_FuelBurn" name="test_can_operate" time="0.000"></testcase><testcase classname="tests.derived_parameters_test.TestEng_1_FuelBurn" name="test_derive" time="0.000"><skipped type="unittest.case.SkipTest" message="Test Not Implemented"><![CDATA[Exception: Test Not Implemented
]]></skipped></testcase><testcase classname="tests.derived_parameters_test.TestEng_2_FuelBurn" name="test_can_operate" time="0.000"></testcase><testcase classname="tests.derived_parameters_test.TestEng_2_FuelBurn" name="test_derive" time="0.000"><skipped type="unittest.case.SkipTest" message="Test Not Implemented"><![CDATA[Exception: Test Not Implemented
]]></skipped></testcase><testcase classname="tests.derived_parameters_test.TestEng_3_FuelBurn" name="test_can_operate" time="0.000"></testcase><testcase classname="tests.derived_parameters_test.TestEng_3_FuelBurn" name="test_derive" time="0.000"><skipped type="unittest.case.SkipTest" message="Test Not Implemented"><![CDATA[Exception: Test Not Implemented
]]></skipped></testcase><testcase classname="tests.derived_parameters_test.TestEng_4_FuelBurn" name="test_can_operate" time="0.000"></testcase><testcase classname="tests.derived_parameters_test.TestEng_4_FuelBurn" name="test_derive" time="0.000"><skipped type="unittest.case.SkipTest" message="Test Not Implemented"><![CDATA[Exception: Test Not Implemented
]]></skipped></testcase><testcase classname="tests.derived_parameters_test.TestEng_EPRAvg" name="test_can_operate" time="0.001"></testcase><testcase classname="tests.derived_parameters_test.TestEng_EPRAvg" name="test_derive" time="0.000"><skipped type="unittest.case.SkipTest" message="Test Not Implemented"><![CDATA[Exception: Test Not Implemented
]]></skipped></testcase><testcase classname="tests.derived_parameters_test.TestEng_EPRMax" name="test_can_operate" time="0.001"></testcase><testcase classname="tests.derived_parameters_test.TestEng_EPRMax" name="test_derive" time="0.001"></testcase><testcase classname="tests.derived_parameters_test.TestEng_EPRMin" name="test_can_operate" time="0.001"></testcase><testcase classname="tests.derived_parameters_test.TestEng_EPRMin" name="test_derive" time="0.001"></testcase><testcase classname="tests.derived_parameters_test.TestEng_EPRMinFor5Sec" name="test_can_operate" time="0.000"></testcase><testcase classname="tests.derived_parameters_test.TestEng_EPRMinFor5Sec" name="test_derive" time="0.000"><skipped type="unittest.case.SkipTest" message="Test Not Implemented"><![CDATA[Exception: Test Not Implemented
]]></skipped></testcase><testcase classname="tests.derived_parameters_test.TestEng_FuelBurn" name="test_can_operate" time="0.000"><skipped type="unittest.case.SkipTest" message="Test Not Implemented"><![CDATA[Exception: Test Not Implemented
]]></skipped></testcase><testcase classname="tests.derived_parameters_test.TestEng_FuelBurn" name="test_derive" time="0.000"><skipped type="unittest.case.SkipTest" message="Test Not Implemented"><![CDATA[Exception: Test Not Implemented
]]></skipped></testcase><testcase classname="tests.derived_parameters_test.TestEng_FuelFlow" name="test_can_operate" time="0.000"></testcase><testcase classname="tests.derived_parameters_test.TestEng_FuelFlow" name="test_derive" time="0.000"></testcase><testcase classname="tests.derived_parameters_test.TestEng_FuelFlowMax" name="test_can_operate" time="0.000"></testcase><testcase classname="tests.derived_parameters_test.TestEng_FuelFlowMax" name="test_derive" time="0.000"></testcase><testcase classname="tests.derived_parameters_test.TestEng_FuelFlowMin" name="test_can_operate" time="0.000"></testcase><testcase classname="tests.derived_parameters_test.TestEng_FuelFlowMin" name="test_derive" time="0.000"></testcase><testcase classname="tests.derived_parameters_test.TestEng_GasTempAvg" name="test_can_operate" time="0.000"><skipped type="unittest.case.SkipTest" message="Test Not Implemented"><![CDATA[Exception: Test Not Implemented
]]></skipped></testcase><testcase classname="tests.derived_parameters_test.TestEng_GasTempAvg" name="test_derive" time="0.000"><skipped type="unittest.case.SkipTest" message="Test Not Implemented"><![CDATA[Exception: Test Not Implemented
]]></skipped></testcase><testcase classname="tests.derived_parameters_test.TestEng_GasTempMax" name="test_can_operate" time="0.000"><skipped type="unittest.case.SkipTest" message="Test Not Implemented"><![CDATA[Exception: Test Not Implemented
]]></skipped></testcase><testcase classname="tests.derived_parameters_test.TestEng_GasTempMax" name="test_derive" time="0.000"><skipped type="unittest.case.SkipTest" message="Test Not Implemented"><![CDATA[Exception: Test Not Implemented
]]></skipped></testcase><testcase classname="tests.derived_parameters_test.TestEng_GasTempMin" name="test_can_operate" time="0.000"><skipped type="unittest.case.SkipTest" message="Test Not Implemented"><![CDATA[Exception: Test Not Implemented
]]></skipped></testcase><testcase classname="tests.derived_parameters_test.TestEng_GasTempMin" name="test_derive" time="0.000"><skipped type="unittest.case.SkipTest" message="Test Not Implemented"><![CDATA[Exception: Test Not Implemented
]]></skipped></testcase><testcase classname="tests.derived_parameters_test.TestEng_N1Avg" name="test_can_operate" time="0.001"></testcase><testcase classname="tests.derived_parameters_test.TestEng_N1Avg" name="test_derive_two_engines" time="0.001"></testcase><testcase classname="tests.derived_parameters_test.TestEng_N1Max" name="test_can_operate" time="0.001"></testcase><testcase classname="tests.derived_parameters_test.TestEng_N1Max" name="test_derive_two_engines" time="0.000"></testcase><testcase classname="tests.derived_parameters_test.TestEng_N1Max" name="test_derive_two_engines_offset" time="0.000"></testcase><testcase classname="tests.derived_parameters_test.TestEng_N1Min" name="test_can_operate" time="0.001"></testcase><testcase classname="tests.derived_parameters_test.TestEng_N1Min" name="test_derive_two_engines" time="0.000"></testcase><testcase classname="tests.derived_parameters_test.TestEng_N1MinFor5Sec" name="test_can_operate" time="0.000"></testcase><testcase classname="tests.derived_parameters_test.TestEng_N1MinFor5Sec" name="test_derive" time="0.001"></testcase><testcase classname="tests.derived_parameters_test.TestEng_N1MinFor5Sec" name="test_real_data" time="0.001"><system-err><![CDATA[/usr/local/lib/python3.7/unittest/case.py:560: RuntimeWarning: TestResult has no addExpectedFailure method, reporting as passes
  RuntimeWarning)
]]></system-err></testcase><testcase classname="tests.derived_parameters_test.TestEng_N2Avg" name="test_can_operate" time="0.001"></testcase><testcase classname="tests.derived_parameters_test.TestEng_N2Avg" name="test_derive_two_engines" time="0.001"></testcase><testcase classname="tests.derived_parameters_test.TestEng_N2Max" name="test_can_operate" time="0.001"></testcase><testcase classname="tests.derived_parameters_test.TestEng_N2Max" name="test_derive_two_engines" time="0.000"></testcase><testcase classname="tests.derived_parameters_test.TestEng_N2Min" name="test_can_operate" time="0.001"></testcase><testcase classname="tests.derived_parameters_test.TestEng_N2Min" name="test_derive_two_engines" time="0.000"></testcase><testcase classname="tests.derived_parameters_test.TestEng_N3Avg" name="test_can_operate" time="0.001"></testcase><testcase classname="tests.derived_parameters_test.TestEng_N3Avg" name="test_derive_two_engines" time="0.001"></testcase><testcase classname="tests.derived_parameters_test.TestEng_N3Max" name="test_can_operate" time="0.001"></testcase><testcase classname="tests.derived_parameters_test.TestEng_N3Max" name="test_derive_two_engines" time="0.000"></testcase><testcase classname="tests.derived_parameters_test.TestEng_N3Min" name="test_can_operate" time="0.001"></testcase><testcase classname="tests.derived_parameters_test.TestEng_N3Min" name="test_derive_two_engines" time="0.000"></testcase><testcase classname="tests.derived_parameters_test.TestEng_NpAvg" name="test_can_operate" time="0.001"></testcase><testcase classname="tests.derived_parameters_test.TestEng_NpAvg" name="test_derive_two_engines" time="0.001"></testcase><testcase classname="tests.derived_parameters_test.TestEng_NpMax" name="test_can_operate" time="0.001"></testcase><testcase classname="tests.derived_parameters_test.TestEng_NpMax" name="test_derive_two_engines" time="0.000"></testcase><testcase classname="tests.derived_parameters_test.TestEng_NpMin" name="test_can_operate" time="0.001"></testcase><testcase classname="tests.derived_parameters_test.TestEng_NpMin" name="test_derive_two_engines" time="0.000"></testcase><testcase classname="tests.derived_parameters_test.TestEng_OilPressAvg" name="test_can_operate" time="0.000"><skipped type="unittest.case.SkipTest" message="Test Not Implemented"><![CDATA[Exception: Test Not Implemented
]]></skipped></testcase><testcase classname="tests.derived_parameters_test.TestEng_OilPressAvg" name="test_derive" time="0.000"><skipped type="unittest.case.SkipTest" message="Test Not Implemented"><![CDATA[Exception: Test Not Implemented
]]></skipped></testcase><testcase classname="tests.derived_parameters_test.TestEng_OilPressMax" name="test_can_operate" time="0.000"><skipped type="unittest.case.SkipTest" message="Test Not Implemented"><![CDATA[Exception: Test Not Implemented
]]></skipped></testcase><testcase classname="tests.derived_parameters_test.TestEng_OilPressMax" name="test_derive" time="0.000"><skipped type="unittest.case.SkipTest" message="Test Not Implemented"><![CDATA[Exception: Test Not Implemented
]]></skipped></testcase><testcase classname="tests.derived_parameters_test.TestEng_OilPressMin" name="test_can_operate" time="0.000"><skipped type="unittest.case.SkipTest" message="Test Not Implemented"><![CDATA[Exception: Test Not Implemented
]]></skipped></testcase><testcase classname="tests.derived_parameters_test.TestEng_OilPressMin" name="test_derive" time="0.000"><skipped type="unittest.case.SkipTest" message="Test Not Implemented"><![CDATA[Exception: Test Not Implemented
]]></skipped></testcase><testcase classname="tests.derived_parameters_test.TestEng_OilQtyAvg" name="test_can_operate" time="0.000"><skipped type="unittest.case.SkipTest" message="Test Not Implemented"><![CDATA[Exception: Test Not Implemented
]]></skipped></testcase><testcase classname="tests.derived_parameters_test.TestEng_OilQtyAvg" name="test_derive" time="0.000"><skipped type="unittest.case.SkipTest" message="Test Not Implemented"><![CDATA[Exception: Test Not Implemented
]]></skipped></testcase><testcase classname="tests.derived_parameters_test.TestEng_OilQtyMax" name="test_can_operate" time="0.000"><skipped type="unittest.case.SkipTest" message="Test Not Implemented"><![CDATA[Exception: Test Not Implemented
]]></skipped></testcase><testcase classname="tests.derived_parameters_test.TestEng_OilQtyMax" name="test_derive" time="0.000"><skipped type="unittest.case.SkipTest" message="Test Not Implemented"><![CDATA[Exception: Test Not Implemented
]]></skipped></testcase><testcase classname="tests.derived_parameters_test.TestEng_OilQtyMin" name="test_can_operate" time="0.000"><skipped type="unittest.case.SkipTest" message="Test Not Implemented"><![CDATA[Exception: Test Not Implemented
]]></skipped></testcase><testcase classname="tests.derived_parameters_test.TestEng_OilQtyMin" name="test_derive" time="0.000"><skipped type="unittest.case.SkipTest" message="Test Not Implemented"><![CDATA[Exception: Test Not Implemented
]]></skipped></testcase><testcase classname="tests.derived_parameters_test.TestEng_OilTempAvg" name="test_can_operate" time="0.000"><skipped type="unittest.case.SkipTest" message="Test Not Implemented"><![CDATA[Exception: Test Not Implemented
]]></skipped></testcase><testcase classname="tests.derived_parameters_test.TestEng_OilTempAvg" name="test_derive" time="0.000"><skipped type="unittest.case.SkipTest" message="Test Not Implemented"><![CDATA[Exception: Test Not Implemented
]]></skipped></testcase><testcase classname="tests.derived_parameters_test.TestEng_OilTempMax" name="test_can_operate" time="0.000"><skipped type="unittest.case.SkipTest" message="Test Not Implemented"><![CDATA[Exception: Test Not Implemented
]]></skipped></testcase><testcase classname="tests.derived_parameters_test.TestEng_OilTempMax" name="test_derive" time="0.000"><skipped type="unittest.case.SkipTest" message="Test Not Implemented"><![CDATA[Exception: Test Not Implemented
]]></skipped></testcase><testcase classname="tests.derived_parameters_test.TestEng_OilTempMin" name="test_can_operate" time="0.000"><skipped type="unittest.case.SkipTest" message="Test Not Implemented"><![CDATA[Exception: Test Not Implemented
]]></skipped></testcase><testcase classname="tests.derived_parameters_test.TestEng_OilTempMin" name="test_derive" time="0.000"><skipped type="unittest.case.SkipTest" message="Test Not Implemented"><![CDATA[Exception: Test Not Implemented
]]></skipped></testcase><testcase classname="tests.derived_parameters_test.TestEng_TorqueAvg" name="test_can_operate" time="0.001"></testcase><testcase classname="tests.derived_parameters_test.TestEng_TorqueAvg" name="test_derive" time="0.001"></testcase><testcase classname="tests.derived_parameters_test.TestEng_TorqueMax" name="test_can_operate" time="0.001"></testcase><testcase classname="tests.derived_parameters_test.TestEng_TorqueMax" name="test_derive" time="0.001"></testcase><testcase classname="tests.derived_parameters_test.TestEng_TorqueMin" name="test_can_operate" time="0.001"></testcase><testcase classname="tests.derived_parameters_test.TestEng_TorqueMin" name="test_derive" time="0.001"></testcase><testcase classname="tests.derived_parameters_test.TestEng_VibAMax" name="test_can_operate" time="0.001"></testcase><testcase classname="tests.derived_parameters_test.TestEng_VibAMax" name="test_derive" time="0.000"><skipped type="unittest.case.SkipTest" message="Test Not Implemented"><![CDATA[Exception: Test Not Implemented
]]></skipped></testcase><testcase classname="tests.derived_parameters_test.TestEng_VibBMax" name="test_can_operate" time="0.001"></testcase><testcase classname="tests.derived_parameters_test.TestEng_VibBMax" name="test_derive" time="0.000"><skipped type="unittest.case.SkipTest" message="Test Not Implemented"><![CDATA[Exception: Test Not Implemented
]]></skipped></testcase><testcase classname="tests.derived_parameters_test.TestEng_VibBroadbandMax" name="test_can_operate" time="28.901"></testcase><testcase classname="tests.derived_parameters_test.TestEng_VibBroadbandMax" name="test_derive" time="0.000"><skipped type="unittest.case.SkipTest" message="Test Not Implemented"><![CDATA[Exception: Test Not Implemented
]]></skipped></testcase><testcase classname="tests.derived_parameters_test.TestEng_VibCMax" name="test_can_operate" time="0.001"></testcase><testcase classname="tests.derived_parameters_test.TestEng_VibCMax" name="test_derive" time="0.000"><skipped type="unittest.case.SkipTest" message="Test Not Implemented"><![CDATA[Exception: Test Not Implemented
]]></skipped></testcase><testcase classname="tests.derived_parameters_test.TestEng_VibN1Max" name="test_can_operate" time="6.469"></testcase><testcase classname="tests.derived_parameters_test.TestEng_VibN1Max" name="test_derive" time="0.000"><skipped type="unittest.case.SkipTest" message="Test Not Implemented"><![CDATA[Exception: Test Not Implemented
]]></skipped></testcase><testcase classname="tests.derived_parameters_test.TestEng_VibN2Max" name="test_can_operate" time="0.073"></testcase><testcase classname="tests.derived_parameters_test.TestEng_VibN2Max" name="test_derive" time="0.000"><skipped type="unittest.case.SkipTest" message="Test Not Implemented"><![CDATA[Exception: Test Not Implemented
]]></skipped></testcase><testcase classname="tests.derived_parameters_test.TestEng_VibN3Max" name="test_can_operate" time="0.016"></testcase><testcase classname="tests.derived_parameters_test.TestEng_VibN3Max" name="test_derive" time="0.000"><skipped type="unittest.case.SkipTest" message="Test Not Implemented"><![CDATA[Exception: Test Not Implemented
]]></skipped></testcase><testcase classname="tests.derived_parameters_test.TestEng_VibNpMax" name="test_can_operate" time="0.073"></testcase><testcase classname="tests.derived_parameters_test.TestEng_VibNpMax" name="test_derive" time="0.000"><skipped type="unittest.case.SkipTest" message="Test Not Implemented"><![CDATA[Exception: Test Not Implemented
]]></skipped></testcase><testcase classname="tests.derived_parameters_test.TestFlapAngle" name="test_can_operate" time="0.000"></testcase><testcase classname="tests.derived_parameters_test.TestFlapAngle" name="test_hercules" time="0.000"></testcase><testcase classname="tests.derived_parameters_test.TestFlapAngle" name="test_late_offset" time="0.001"></testcase><testcase classname="tests.derived_parameters_test.TestFlapAngle" name="test_single_parameter" time="0.000"></testcase><testcase classname="tests.derived_parameters_test.TestFlapAngle" name="test_with_different_offsets" time="0.001"></testcase><testcase classname="tests.derived_parameters_test.TestFlapAngle" name="test_with_same_offsets" time="0.002"></testcase><testcase classname="tests.derived_parameters_test.TestFlapManoeuvreSpeed" name="test_can_operate" time="0.001"></testcase><testcase classname="tests.derived_parameters_test.TestFlapManoeuvreSpeed" name="test_derive__fixed_speeds_in_weight_bands" time="0.009"></testcase><testcase classname="tests.derived_parameters_test.TestFlapManoeuvreSpeed" name="test_derive__use_recorded_vref" time="0.005"></testcase><testcase classname="tests.derived_parameters_test.TestFlapManoeuvreSpeed" name="test_derive__vref_plus_offset" time="0.009"></testcase><testcase classname="tests.derived_parameters_test.TestFlapSynchroAsymmetry" name="test_basic" time="0.001"></testcase><testcase classname="tests.derived_parameters_test.TestFuelQty" name="test_can_operate" time="0.010"></testcase><testcase classname="tests.derived_parameters_test.TestFuelQty" name="test_four_tanks" time="0.001"></testcase><testcase classname="tests.derived_parameters_test.TestFuelQty" name="test_masked_tank" time="0.001"></testcase><testcase classname="tests.derived_parameters_test.TestFuelQty" name="test_three_tanks" time="0.001"></testcase><testcase classname="tests.derived_parameters_test.TestFuelQtyAux" name="test_can_operate" time="0.000"></testcase><testcase classname="tests.derived_parameters_test.TestFuelQtyAux" name="test_derive" time="0.001"></testcase><testcase classname="tests.derived_parameters_test.TestFuelQtyC" name="test_can_operate" time="0.001"></testcase><testcase classname="tests.derived_parameters_test.TestFuelQtyC" name="test_three_tanks" time="0.001"></testcase><testcase classname="tests.derived_parameters_test.TestFuelQtyL" name="test_can_operate" time="0.002"></testcase><testcase classname="tests.derived_parameters_test.TestFuelQtyL" name="test_three_tanks" time="0.001"></testcase><testcase classname="tests.derived_parameters_test.TestFuelQtyR" name="test_can_operate" time="0.002"></testcase><testcase classname="tests.derived_parameters_test.TestFuelQtyR" name="test_three_tanks" time="0.001"></testcase><testcase classname="tests.derived_parameters_test.TestGrossWeight" name="test_can_operate" time="0.002"></testcase><testcase classname="tests.derived_parameters_test.TestGrossWeight" name="test_derive_afr_interpolated_ldg_wgt" time="0.000"></testcase><testcase classname="tests.derived_parameters_test.TestGrossWeight" name="test_derive_afr_interpolated_wgt" time="0.000"></testcase><testcase classname="tests.derived_parameters_test.TestGrossWeight" name="test_derive_afr_land_wgt" time="0.000"></testcase><testcase classname="tests.derived_parameters_test.TestGrossWeight" name="test_derive_fuel_qty_zfw" time="0.000"></testcase><testcase classname="tests.derived_parameters_test.TestGrossWeight" name="test_using_zero_fuel_weight" time="0.000"></testcase><testcase classname="tests.derived_parameters_test.TestGrossWeightSmoothed" name="test_can_operate" time="0.000"></testcase><testcase classname="tests.derived_parameters_test.TestGrossWeightSmoothed" name="test_gw_descending" time="0.013"></testcase><testcase classname="tests.derived_parameters_test.TestGrossWeightSmoothed" name="test_gw_formula" time="0.010"></testcase><testcase classname="tests.derived_parameters_test.TestGrossWeightSmoothed" name="test_gw_formula_climbing" time="0.013"></testcase><testcase classname="tests.derived_parameters_test.TestGrossWeightSmoothed" name="test_gw_formula_with_good_data" time="0.013"></testcase><testcase classname="tests.derived_parameters_test.TestGrossWeightSmoothed" name="test_gw_formula_with_many_samples" time="0.012"></testcase><testcase classname="tests.derived_parameters_test.TestGrossWeightSmoothed" name="test_gw_formula_with_rising_endpoint" time="0.013"></testcase><testcase classname="tests.derived_parameters_test.TestGrossWeightSmoothed" name="test_gw_masked" time="0.020"></testcase><testcase classname="tests.derived_parameters_test.TestGrossWeightSmoothed" name="test_gw_no_fuel_flow" time="0.000"></testcase><testcase classname="tests.derived_parameters_test.TestGrossWeightSmoothed" name="test_gw_one_masked_data_point" time="0.012"></testcase><testcase classname="tests.derived_parameters_test.TestGrossWeightSmoothed" name="test_gw_real_data_1" time="0.004"></testcase><testcase classname="tests.derived_parameters_test.TestGrossWeightSmoothed" name="test_gw_real_data_2" time="0.006"></testcase><testcase classname="tests.derived_parameters_test.TestGroundspeed" name="test_basic" time="0.001"></testcase><testcase classname="tests.derived_parameters_test.TestGroundspeed" name="test_can_operate" time="0.000"></testcase><testcase classname="tests.derived_parameters_test.TestGroundspeed" name="test_derive_helicopter" time="0.002"></testcase><testcase classname="tests.derived_parameters_test.TestGroundspeed" name="test_derive_helicopter_east_at_60" time="0.002"></testcase><testcase classname="tests.derived_parameters_test.TestGroundspeed" name="test_derive_helicopter_null_island_trap" time="0.002"></testcase><testcase classname="tests.derived_parameters_test.TestGroundspeedAlongTrack" name="test_can_operate" time="0.000"><skipped type="unittest.case.SkipTest" message="Commented out until new computation of sliding motion"><![CDATA[Exception: Commented out until new computation of sliding motion
]]></skipped></testcase><testcase classname="tests.derived_parameters_test.TestGroundspeedAlongTrack" name="test_groundspeed_along_track_accel_term" time="0.000"><skipped type="unittest.case.SkipTest" message="Commented out until new computation of sliding motion"><![CDATA[Exception: Commented out until new computation of sliding motion
]]></skipped></testcase><testcase classname="tests.derived_parameters_test.TestGroundspeedAlongTrack" name="test_groundspeed_along_track_basic" time="0.000"><skipped type="unittest.case.SkipTest" message="Commented out until new computation of sliding motion"><![CDATA[Exception: Commented out until new computation of sliding motion
]]></skipped></testcase><testcase classname="tests.derived_parameters_test.TestGroundspeedSigned" name="test_basic" time="0.001"></testcase><testcase classname="tests.derived_parameters_test.TestGroundspeedSigned" name="test_can_operate" time="0.000"></testcase><testcase classname="tests.derived_parameters_test.TestGroundspeedSigned" name="test_early_start" time="0.001"></testcase><testcase classname="tests.derived_parameters_test.TestGroundspeedSigned" name="test_no_pushback" time="0.000"></testcase><testcase classname="tests.derived_parameters_test.TestGroundspeedSigned" name="test_scaling_correction" time="0.008"></testcase><testcase classname="tests.derived_parameters_test.TestGroundspeedSigned" name="test_scaling_correction_ineffective_if_not_precise" time="0.004"></testcase><testcase classname="tests.derived_parameters_test.TestHeading" name="test_basic" time="0.001"></testcase><testcase classname="tests.derived_parameters_test.TestHeading" name="test_can_operate" time="0.000"></testcase><testcase classname="tests.derived_parameters_test.TestHeadingContinuous" name="test_can_operate" time="0.000"></testcase><testcase classname="tests.derived_parameters_test.TestHeadingContinuous" name="test_heading_continuous_basic" time="0.001"></testcase><testcase classname="tests.derived_parameters_test.TestHeadingContinuous" name="test_heading_continuous_hercules" time="0.001"></testcase><testcase classname="tests.derived_parameters_test.TestHeadingContinuous" name="test_heading_continuous_merged" time="0.002"></testcase><testcase classname="tests.derived_parameters_test.TestHeadingContinuous" name="test_heading_continuous_merged_rollover" time="0.003"></testcase><testcase classname="tests.derived_parameters_test.TestHeadingContinuous" name="test_heading_continuous_not_hercules" time="0.001"></testcase><testcase classname="tests.derived_parameters_test.TestHeadingContinuous" name="test_heading_continuous_starting_north" time="0.002"></testcase><testcase classname="tests.derived_parameters_test.TestHeadingIncreasing" name="test_can_operate" time="0.000"></testcase><testcase classname="tests.derived_parameters_test.TestHeadingIncreasing" name="test_heading_increasing" time="0.001"></testcase><testcase classname="tests.derived_parameters_test.TestHeadingIncreasing" name="test_latitude_smoothing_basic" time="0.007"></testcase><testcase classname="tests.derived_parameters_test.TestHeadingIncreasing" name="test_latitude_smoothing_masks_static_data" time="0.001"></testcase><testcase classname="tests.derived_parameters_test.TestHeadingIncreasing" name="test_latitude_smoothing_short_array" time="0.001"></testcase><testcase classname="tests.derived_parameters_test.TestHeadingIncreasing" name="test_longitude_smoothing_basic" time="0.008"></testcase><testcase classname="tests.derived_parameters_test.TestHeadingRate" name="test_can_operate" time="0.000"></testcase><testcase classname="tests.derived_parameters_test.TestHeadingRate" name="test_rate_of_turn" time="0.001"></testcase><testcase classname="tests.derived_parameters_test.TestHeadingRate" name="test_rate_of_turn_phase_stability" time="0.001"></testcase><testcase classname="tests.derived_parameters_test.TestHeadingRate" name="test_sample_long_gentle_turn" time="0.014"></testcase><testcase classname="tests.derived_parameters_test.TestHeadingTrue" name="test_can_operate" time="0.000"></testcase><testcase classname="tests.derived_parameters_test.TestHeadingTrue" name="test_from_runway_used_in_preference" time="0.001"></testcase><testcase classname="tests.derived_parameters_test.TestHeadingTrueContinuous" name="test_can_operate" time="0.000"><skipped type="unittest.case.SkipTest" message="Test Not Implemented"><![CDATA[Exception: Test Not Implemented
]]></skipped></testcase><testcase classname="tests.derived_parameters_test.TestHeadingTrueContinuous" name="test_derive" time="0.000"><skipped type="unittest.case.SkipTest" message="Test Not Implemented"><![CDATA[Exception: Test Not Implemented
]]></skipped></testcase><testcase classname="tests.derived_parameters_test.TestHeadwind" name="test_can_operate" time="0.000"></testcase><testcase classname="tests.derived_parameters_test.TestHeadwind" name="test_headwind_below_100ft" time="0.002"></testcase><testcase classname="tests.derived_parameters_test.TestHeadwind" name="test_odd_angles" time="0.001"></testcase><testcase classname="tests.derived_parameters_test.TestHeadwind" name="test_real_example" time="0.001"></testcase><testcase classname="tests.derived_parameters_test.TestILSFrequency" name="test_can_operate" time="0.000"></testcase><testcase classname="tests.derived_parameters_test.TestILSFrequency" name="test_ils_frequency_different_sample_rates" time="0.002"></testcase><testcase classname="tests.derived_parameters_test.TestILSFrequency" name="test_ils_frequency_in_range" time="0.002"></testcase><testcase classname="tests.derived_parameters_test.TestILSFrequency" name="test_ils_frequency_matched" time="0.002"></testcase><testcase classname="tests.derived_parameters_test.TestILSFrequency" name="test_ils_vor_1_frequency_in_range" time="0.002"></testcase><testcase classname="tests.derived_parameters_test.TestILSFrequency" name="test_ils_vor_1_takes_precedence" time="0.002"></testcase><testcase classname="tests.derived_parameters_test.TestILSFrequency" name="test_ils_vor_2_frequency_in_range" time="0.002"></testcase><testcase classname="tests.derived_parameters_test.TestILSFrequency" name="test_ils_vor_frequency_in_range" time="0.002"></testcase><testcase classname="tests.derived_parameters_test.TestILSFrequency" name="test_single_ils_vor_frequency_in_range" time="0.001"></testcase><testcase classname="tests.derived_parameters_test.TestILSGlideslope" name="test_can_operate" time="0.000"><skipped type="unittest.case.SkipTest" message="Test Not Implemented"><![CDATA[Exception: Test Not Implemented
]]></skipped></testcase><testcase classname="tests.derived_parameters_test.TestILSGlideslope" name="test_derive" time="0.000"><skipped type="unittest.case.SkipTest" message="Test Not Implemented"><![CDATA[Exception: Test Not Implemented
]]></skipped></testcase><testcase classname="tests.derived_parameters_test.TestILSLocalizer" name="test_can_operate" time="0.000"><skipped type="unittest.case.SkipTest" message="Test Not Implemented"><![CDATA[Exception: Test Not Implemented
]]></skipped></testcase><testcase classname="tests.derived_parameters_test.TestILSLocalizer" name="test_derive" time="0.000"><skipped type="unittest.case.SkipTest" message="Test Not Implemented"><![CDATA[Exception: Test Not Implemented
]]></skipped></testcase><testcase classname="tests.derived_parameters_test.TestILSLocalizerRange" name="test_can_operate" time="0.000"><skipped type="unittest.case.SkipTest" message="Test Not Implemented"><![CDATA[Exception: Test Not Implemented
]]></skipped></testcase><testcase classname="tests.derived_parameters_test.TestILSLocalizerRange" name="test_derive" time="0.000"><skipped type="unittest.case.SkipTest" message="Test Not Implemented"><![CDATA[Exception: Test Not Implemented
]]></skipped></testcase><testcase classname="tests.derived_parameters_test.TestKineticEnergy" name="test_can_operate" time="0.000"></testcase><testcase classname="tests.derived_parameters_test.TestKineticEnergy" name="test_derive" time="0.000"></testcase><testcase classname="tests.derived_parameters_test.TestLatitudePrepared" name="test_can_operate" time="0.001"></testcase><testcase classname="tests.derived_parameters_test.TestLatitudePrepared" name="test_derive" time="0.000"><skipped type="unittest.case.SkipTest" message="Test Not Implemented"><![CDATA[Exception: Test Not Implemented
]]></skipped></testcase><testcase classname="tests.derived_parameters_test.TestLatitudeSmoothed" name="test_can_operate" time="0.178"></testcase><testcase classname="tests.derived_parameters_test.TestLatitudeSmoothed" name="test_derive" time="0.000"><skipped type="unittest.case.SkipTest" message="Test Not Implemented"><![CDATA[Exception: Test Not Implemented
]]></skipped></testcase><testcase classname="tests.derived_parameters_test.TestLongitudePrepared" name="test_can_operate" time="0.001"></testcase><testcase classname="tests.derived_parameters_test.TestLongitudePrepared" name="test_derive" time="0.000"><skipped type="unittest.case.SkipTest" message="Test Not Implemented"><![CDATA[Exception: Test Not Implemented
]]></skipped></testcase><testcase classname="tests.derived_parameters_test.TestLongitudeSmoothed" name="test_can_operate" time="0.179"></testcase><testcase classname="tests.derived_parameters_test.TestLongitudeSmoothed" name="test_derive" time="0.000"><skipped type="unittest.case.SkipTest" message="Test Not Implemented"><![CDATA[Exception: Test Not Implemented
]]></skipped></testcase><testcase classname="tests.derived_parameters_test.TestMMOLookup" name="test_can_operate" time="0.001"></testcase><testcase classname="tests.derived_parameters_test.TestMMOLookup" name="test_derive__fixed" time="0.001"></testcase><testcase classname="tests.derived_parameters_test.TestMMOLookup" name="test_derive__linear" time="0.001"></testcase><testcase classname="tests.derived_parameters_test.TestMMOLookup" name="test_derive__none" time="0.001"></testcase><testcase classname="tests.derived_parameters_test.TestMMOLookup" name="test_derive__stepped" time="0.001"></testcase><testcase classname="tests.derived_parameters_test.TestMach" name="test_all_cases" time="0.002"></testcase><testcase classname="tests.derived_parameters_test.TestMach" name="test_can_operate" time="0.000"></testcase><testcase classname="tests.derived_parameters_test.TestMagneticVariation" name="test_can_operate" time="0.000"></testcase><testcase classname="tests.derived_parameters_test.TestMagneticVariation" name="test_derive" time="0.008"></testcase><testcase classname="tests.derived_parameters_test.TestMagneticVariationFromRunway" name="test_can_operate" time="0.002"></testcase><testcase classname="tests.derived_parameters_test.TestMagneticVariationFromRunway" name="test_derive_both_runways" time="0.008"></testcase><testcase classname="tests.derived_parameters_test.TestMagneticVariationFromRunway" name="test_derive_landing_rollover" time="0.033"></testcase><testcase classname="tests.derived_parameters_test.TestMagneticVariationFromRunway" name="test_derive_only_takeoff_available" time="0.001"></testcase><testcase classname="tests.derived_parameters_test.TestMinimumAirspeed" name="test_can_operate" time="0.010"></testcase><testcase classname="tests.derived_parameters_test.TestMinimumAirspeed" name="test_derive__invalid" time="0.001"></testcase><testcase classname="tests.derived_parameters_test.TestMinimumAirspeed" name="test_derive__min_clean" time="0.001"></testcase><testcase classname="tests.derived_parameters_test.TestMinimumAirspeed" name="test_derive__mms_fmc" time="0.001"></testcase><testcase classname="tests.derived_parameters_test.TestMinimumAirspeed" name="test_derive__mms_fmf" time="0.001"></testcase><testcase classname="tests.derived_parameters_test.TestMinimumAirspeed" name="test_derive__mos" time="0.001"></testcase><testcase classname="tests.derived_parameters_test.TestMinimumAirspeed" name="test_derive__mos_fc" time="0.001"></testcase><testcase classname="tests.derived_parameters_test.TestMinimumAirspeed" name="test_derive__vls" time="0.001"></testcase><testcase classname="tests.derived_parameters_test.TestMinimumAirspeed" name="test_derive__vls_lookup" time="0.001"></testcase><testcase classname="tests.derived_parameters_test.TestMinimumCleanLookup" name="test_767" time="0.002"></testcase><testcase classname="tests.derived_parameters_test.TestMinimumCleanLookup" name="test_767_cruise" time="0.002"></testcase><testcase classname="tests.derived_parameters_test.TestMinimumCleanLookup" name="test_can_operate" time="0.001"></testcase><testcase classname="tests.derived_parameters_test.TestPitch" name="test_can_operate" time="0.000"></testcase><testcase classname="tests.derived_parameters_test.TestPitch" name="test_pitch_combination" time="0.001"></testcase><testcase classname="tests.derived_parameters_test.TestPitch" name="test_pitch_different_offsets" time="0.001"></testcase><testcase classname="tests.derived_parameters_test.TestPitch" name="test_pitch_error_different_rates" time="0.000"></testcase><testcase classname="tests.derived_parameters_test.TestPitch" name="test_pitch_reverse_combination" time="0.001"></testcase><testcase classname="tests.derived_parameters_test.TestPitchRate" name="test_can_operate" time="0.000"><skipped type="unittest.case.SkipTest" message="Test Not Implemented"><![CDATA[Exception: Test Not Implemented
]]></skipped></testcase><testcase classname="tests.derived_parameters_test.TestPitchRate" name="test_derive" time="0.000"><skipped type="unittest.case.SkipTest" message="Test Not Implemented"><![CDATA[Exception: Test Not Implemented
]]></skipped></testcase><testcase classname="tests.derived_parameters_test.TestPotentialEnergy" name="test_can_operate" time="0.000"></testcase><testcase classname="tests.derived_parameters_test.TestPotentialEnergy" name="test_derive" time="0.000"></testcase><testcase classname="tests.derived_parameters_test.TestRelief" name="test_can_operate" time="0.000"><skipped type="unittest.case.SkipTest" message="Test Not Implemented"><![CDATA[Exception: Test Not Implemented
]]></skipped></testcase><testcase classname="tests.derived_parameters_test.TestRelief" name="test_derive" time="0.000"><skipped type="unittest.case.SkipTest" message="Test Not Implemented"><![CDATA[Exception: Test Not Implemented
]]></skipped></testcase><testcase classname="tests.derived_parameters_test.TestRoll" name="test_can_operate" time="0.000"></testcase><testcase classname="tests.derived_parameters_test.TestRoll" name="test_derive" time="0.001"></testcase><testcase classname="tests.derived_parameters_test.TestRollRate" name="test_can_operate" time="0.000"></testcase><testcase classname="tests.derived_parameters_test.TestRollRate" name="test_derive" time="0.001"></testcase><testcase classname="tests.derived_parameters_test.TestRollRateAtTouchdownLimit" name="test_derive" time="0.001"></testcase><testcase classname="tests.derived_parameters_test.TestRollRateForTouchdown" name="test_derive" time="0.000"></testcase><testcase classname="tests.derived_parameters_test.TestRudder" name="test_can_operate" time="0.000"></testcase><testcase classname="tests.derived_parameters_test.TestRudder" name="test_derive" time="0.001"></testcase><testcase classname="tests.derived_parameters_test.TestRudderPedal" name="test_can_operate" time="0.000"></testcase><testcase classname="tests.derived_parameters_test.TestRudderPedal" name="test_derive" time="0.000"><skipped type="unittest.case.SkipTest" message="Test Not Implemented"><![CDATA[Exception: Test Not Implemented
]]></skipped></testcase><testcase classname="tests.derived_parameters_test.TestRudderPedalCapt" name="test_can_operate" time="0.000"></testcase><testcase classname="tests.derived_parameters_test.TestRudderPedalCapt" name="test_derive" time="0.000"><skipped type="unittest.case.SkipTest" message="Test Not Implemented"><![CDATA[Exception: Test Not Implemented
]]></skipped></testcase><testcase classname="tests.derived_parameters_test.TestRudderPedalFO" name="test_can_operate" time="0.000"></testcase><testcase classname="tests.derived_parameters_test.TestRudderPedalFO" name="test_derive" time="0.000"><skipped type="unittest.case.SkipTest" message="Test Not Implemented"><![CDATA[Exception: Test Not Implemented
]]></skipped></testcase><testcase classname="tests.derived_parameters_test.TestSAT" name="test_basic" time="0.000"><skipped type="unittest.case.SkipTest" message="Test Not Implemented"><![CDATA[Exception: Test Not Implemented
]]></skipped></testcase><testcase classname="tests.derived_parameters_test.TestSAT_ISA" name="test_basic_altitude" time="0.001"></testcase><testcase classname="tests.derived_parameters_test.TestSAT_ISA" name="test_can_operate" time="0.000"></testcase><testcase classname="tests.derived_parameters_test.TestSidestickAngleCapt" name="test_can_operate" time="0.000"></testcase><testcase classname="tests.derived_parameters_test.TestSidestickAngleCapt" name="test_derive" time="0.001"></testcase><testcase classname="tests.derived_parameters_test.TestSidestickAngleCapt" name="test_derive_from_hdf" time="0.019"></testcase><testcase classname="tests.derived_parameters_test.TestSidestickAngleFO" name="test_can_operate" time="0.000"></testcase><testcase classname="tests.derived_parameters_test.TestSidestickAngleFO" name="test_derive" time="0.001"></testcase><testcase classname="tests.derived_parameters_test.TestSidestickAngleFO" name="test_derive_from_hdf" time="0.019"></testcase><testcase classname="tests.derived_parameters_test.TestSlatAngle" name="test_can_operate" time="0.001"></testcase><testcase classname="tests.derived_parameters_test.TestSlatAngle" name="test_derive" time="0.000"><skipped type="unittest.case.SkipTest" message="Test Not Implemented"><![CDATA[Exception: Test Not Implemented
]]></skipped></testcase><testcase classname="tests.derived_parameters_test.TestSlatAngle" name="test_derive_discretes" time="0.002"></testcase><testcase classname="tests.derived_parameters_test.TestSlopeAngleToLanding" name="test_can_operate" time="0.000"></testcase><testcase classname="tests.derived_parameters_test.TestSlopeAngleToLanding" name="test_derive" time="0.000"></testcase><testcase classname="tests.derived_parameters_test.TestSlopeToLanding" name="test_can_operate" time="0.000"><skipped type="unittest.case.SkipTest" message="Test Not Implemented"><![CDATA[Exception: Test Not Implemented
]]></skipped></testcase><testcase classname="tests.derived_parameters_test.TestSlopeToLanding" name="test_derive" time="0.000"><skipped type="unittest.case.SkipTest" message="Test Not Implemented"><![CDATA[Exception: Test Not Implemented
]]></skipped></testcase><testcase classname="tests.derived_parameters_test.TestSpeedbrake" name="test_can_operate" time="0.000"></testcase><testcase classname="tests.derived_parameters_test.TestSpeedbrake" name="test_derive" time="0.000"><skipped type="unittest.case.SkipTest" message="Test Not Implemented"><![CDATA[Exception: Test Not Implemented
]]></skipped></testcase><testcase classname="tests.derived_parameters_test.TestStabilizer" name="test_basic" time="0.001"></testcase><testcase classname="tests.derived_parameters_test.TestStabilizer" name="test_can_operate" time="0.001"></testcase><testcase classname="tests.derived_parameters_test.TestStabilizer" name="test_wrong_frame" time="0.000"></testcase><testcase classname="tests.derived_parameters_test.TestTAT" name="test_can_operate" time="0.000"></testcase><testcase classname="tests.derived_parameters_test.TestTAT" name="test_combination" time="0.001"></testcase><testcase classname="tests.derived_parameters_test.TestTAT" name="test_conversion" time="0.001"></testcase><testcase classname="tests.derived_parameters_test.TestTailwind" name="test_can_operate" time="0.000"><skipped type="unittest.case.SkipTest" message="Test Not Implemented"><![CDATA[Exception: Test Not Implemented
]]></skipped></testcase><testcase classname="tests.derived_parameters_test.TestTailwind" name="test_derive" time="0.000"><skipped type="unittest.case.SkipTest" message="Test Not Implemented"><![CDATA[Exception: Test Not Implemented
]]></skipped></testcase><testcase classname="tests.derived_parameters_test.TestThrottleLevers" name="test_can_operate" time="0.000"></testcase><testcase classname="tests.derived_parameters_test.TestThrottleLevers" name="test_derive" time="0.000"><skipped type="unittest.case.SkipTest" message="Test Not Implemented"><![CDATA[Exception: Test Not Implemented
]]></skipped></testcase><testcase classname="tests.derived_parameters_test.TestThrustAsymmetry" name="test_can_operate" time="0.000"></testcase><testcase classname="tests.derived_parameters_test.TestThrustAsymmetry" name="test_derive_epr" time="0.000"></testcase><testcase classname="tests.derived_parameters_test.TestThrustAsymmetry" name="test_derive_epr_and_n1" time="0.000"></testcase><testcase classname="tests.derived_parameters_test.TestThrustAsymmetry" name="test_derive_n1" time="0.000"></testcase><testcase classname="tests.derived_parameters_test.TestTrack" name="test_can_operate" time="0.000"></testcase><testcase classname="tests.derived_parameters_test.TestTrack" name="test_derive_basic" time="0.000"></testcase><testcase classname="tests.derived_parameters_test.TestTrackContinuous" name="test_can_operate" time="0.000"></testcase><testcase classname="tests.derived_parameters_test.TestTrackContinuous" name="test_derive_basic" time="0.000"></testcase><testcase classname="tests.derived_parameters_test.TestTrackDeviationFromRunway" name="test_can_operate" time="0.000"></testcase><testcase classname="tests.derived_parameters_test.TestTrackDeviationFromRunway" name="test_derive__multiple_approaches" time="0.002"></testcase><testcase classname="tests.derived_parameters_test.TestTrackDeviationFromRunway" name="test_derive_north_rwy_app" time="0.001"></testcase><testcase classname="tests.derived_parameters_test.TestTrackDeviationFromRunway" name="test_deviation" time="0.003"></testcase><testcase classname="tests.derived_parameters_test.TestTrackTrue" name="test_can_operate" time="0.000"></testcase><testcase classname="tests.derived_parameters_test.TestTrackTrue" name="test_derive_basic" time="0.000"></testcase><testcase classname="tests.derived_parameters_test.TestTrackTrue" name="test_derive_heading_extra" time="0.002"></testcase><testcase classname="tests.derived_parameters_test.TestTrackTrueContinuous" name="test_can_operate" time="0.000"></testcase><testcase classname="tests.derived_parameters_test.TestTrackTrueContinuous" name="test_derive_basic" time="0.000"></testcase><testcase classname="tests.derived_parameters_test.TestTurbulence" name="test_can_operate" time="0.000"></testcase><testcase classname="tests.derived_parameters_test.TestTurbulence" name="test_derive" time="0.001"></testcase><testcase classname="tests.derived_parameters_test.TestVMOLookup" name="test_can_operate" time="0.001"></testcase><testcase classname="tests.derived_parameters_test.TestVMOLookup" name="test_derive__fixed" time="0.001"></testcase><testcase classname="tests.derived_parameters_test.TestVMOLookup" name="test_derive__linear" time="0.001"></testcase><testcase classname="tests.derived_parameters_test.TestVMOLookup" name="test_derive__none" time="0.001"></testcase><testcase classname="tests.derived_parameters_test.TestVMOLookup" name="test_derive__stepped" time="0.001"></testcase><testcase classname="tests.derived_parameters_test.TestVOR1Frequency" name="test_can_operate" time="0.000"><skipped type="unittest.case.SkipTest" message="Test Not Implemented"><![CDATA[Exception: Test Not Implemented
]]></skipped></testcase><testcase classname="tests.derived_parameters_test.TestVOR1Frequency" name="test_derive" time="0.000"><skipped type="unittest.case.SkipTest" message="Test Not Implemented"><![CDATA[Exception: Test Not Implemented
]]></skipped></testcase><testcase classname="tests.derived_parameters_test.TestVOR2Frequency" name="test_can_operate" time="0.000"><skipped type="unittest.case.SkipTest" message="Test Not Implemented"><![CDATA[Exception: Test Not Implemented
]]></skipped></testcase><testcase classname="tests.derived_parameters_test.TestVOR2Frequency" name="test_derive" time="0.000"><skipped type="unittest.case.SkipTest" message="Test Not Implemented"><![CDATA[Exception: Test Not Implemented
]]></skipped></testcase><testcase classname="tests.derived_parameters_test.TestVapp" name="test_can_operate" time="0.000"></testcase><testcase classname="tests.derived_parameters_test.TestVapp" name="test_derive__afr_vapp" time="0.001"></testcase><testcase classname="tests.derived_parameters_test.TestVapp" name="test_derive__embraer" time="0.001"></testcase><testcase classname="tests.derived_parameters_test.TestVapp" name="test_derive__nothing" time="0.000"></testcase><testcase classname="tests.derived_parameters_test.TestVappLookup" name="test_can_operate" time="0.001"></testcase><testcase classname="tests.derived_parameters_test.TestVappLookup" name="test_derive__flap_with_weight__fallback" time="0.002"></testcase><testcase classname="tests.derived_parameters_test.TestVappLookup" name="test_derive__flap_with_weight__standard" time="0.003"></testcase><testcase classname="tests.derived_parameters_test.TestVappLookup" name="test_derive__flap_without_weight__fallback" time="0.002"></testcase><testcase classname="tests.derived_parameters_test.TestVappLookup" name="test_derive__flap_without_weight__standard" time="0.002"></testcase><testcase classname="tests.derived_parameters_test.TestVerticalSpeed" name="test_can_operate" time="0.000"></testcase><testcase classname="tests.derived_parameters_test.TestVerticalSpeed" name="test_vertical_speed_alt_std_only" time="0.001"></testcase><testcase classname="tests.derived_parameters_test.TestVerticalSpeed" name="test_vertical_speed_basic" time="0.001"></testcase><testcase classname="tests.derived_parameters_test.TestVerticalSpeedForFlightPhases" name="test_can_operate" time="0.000"></testcase><testcase classname="tests.derived_parameters_test.TestVerticalSpeedForFlightPhases" name="test_vertical_speed_for_flight_phases_basic" time="0.002"></testcase><testcase classname="tests.derived_parameters_test.TestVerticalSpeedForFlightPhases" name="test_vertical_speed_for_flight_phases_level_flight" time="0.001"></testcase><testcase classname="tests.derived_parameters_test.TestVerticalSpeedInertial" name="test_can_operate" time="0.002"></testcase><testcase classname="tests.derived_parameters_test.TestVerticalSpeedInertial" name="test_check_go_around" time="0.004"></testcase><testcase classname="tests.derived_parameters_test.TestVerticalSpeedInertial" name="test_derive" time="0.003"></testcase><testcase classname="tests.derived_parameters_test.TestVref" name="test_can_operate" time="0.000"></testcase><testcase classname="tests.derived_parameters_test.TestVref" name="test_derive__afr_vref" time="0.001"></testcase><testcase classname="tests.derived_parameters_test.TestVref" name="test_derive__embraer" time="0.001"></testcase><testcase classname="tests.derived_parameters_test.TestVref" name="test_derive__nothing" time="0.000"></testcase><testcase classname="tests.derived_parameters_test.TestVrefLookup" name="test_can_operate" time="0.001"></testcase><testcase classname="tests.derived_parameters_test.TestVrefLookup" name="test_derive__flap_with_weight__fallback" time="0.002"></testcase><testcase classname="tests.derived_parameters_test.TestVrefLookup" name="test_derive__flap_with_weight__standard" time="0.002"></testcase><testcase classname="tests.derived_parameters_test.TestVrefLookup" name="test_derive__flap_without_weight__fallback" time="0.002"></testcase><testcase classname="tests.derived_parameters_test.TestVrefLookup" name="test_derive__flap_without_weight__standard" time="0.002"></testcase><testcase classname="tests.derived_parameters_test.TestWheelSpeed" name="test_can_operate" time="0.000"></testcase><testcase classname="tests.derived_parameters_test.TestWheelSpeed" name="test_derive" time="0.000"><skipped type="unittest.case.SkipTest" message="Test Not Implemented"><![CDATA[Exception: Test Not Implemented
]]></skipped></testcase><testcase classname="tests.derived_parameters_test.TestWheelSpeedLeft" name="test_can_operate" time="0.000"></testcase><testcase classname="tests.derived_parameters_test.TestWheelSpeedLeft" name="test_derive" time="0.000"><skipped type="unittest.case.SkipTest" message="Test Not Implemented"><![CDATA[Exception: Test Not Implemented
]]></skipped></testcase><testcase classname="tests.derived_parameters_test.TestWheelSpeedRight" name="test_can_operate" time="0.000"></testcase><testcase classname="tests.derived_parameters_test.TestWheelSpeedRight" name="test_derive" time="0.000"><skipped type="unittest.case.SkipTest" message="Test Not Implemented"><![CDATA[Exception: Test Not Implemented
]]></skipped></testcase><testcase classname="tests.derived_parameters_test.TestWindAcrossLandingRunway" name="test_can_operate" time="0.000"></testcase><testcase classname="tests.derived_parameters_test.TestWindAcrossLandingRunway" name="test_error_cases" time="0.000"></testcase><testcase classname="tests.derived_parameters_test.TestWindAcrossLandingRunway" name="test_real_example" time="0.001"></testcase><testcase classname="tests.derived_parameters_test.TestWindDirection" name="test_can_operate" time="0.000"></testcase><testcase classname="tests.derived_parameters_test.TestWindDirection" name="test_derive" time="0.000"><skipped type="unittest.case.SkipTest" message="Test Not Implemented"><![CDATA[Exception: Test Not Implemented
]]></skipped></testcase><testcase classname="tests.derived_parameters_test.TestWindDirectionContinuous" name="test_can_operate" time="0.000"><skipped type="unittest.case.SkipTest" message="Test Not Implemented"><![CDATA[Exception: Test Not Implemented
]]></skipped></testcase><testcase classname="tests.derived_parameters_test.TestWindDirectionContinuous" name="test_derive" time="0.000"><skipped type="unittest.case.SkipTest" message="Test Not Implemented"><![CDATA[Exception: Test Not Implemented
]]></skipped></testcase><testcase classname="tests.derived_parameters_test.TestZeroFuelWeight" name="test_can_operate" time="0.000"></testcase><testcase classname="tests.derived_parameters_test.TestZeroFuelWeight" name="test_derive_dry_operating_wgt" time="0.000"></testcase><testcase classname="tests.derived_parameters_test.TestZeroFuelWeight" name="test_derive_dry_operating_wgt_payload" time="0.000"></testcase><testcase classname="tests.derived_parameters_test.TestZeroFuelWeight" name="test_derive_fuel_qty_gross_wgt" time="0.001"></testcase><testcase classname="tests.flight_attribute_test.TestAnalysisDatetime" name="test_can_operate" time="0.000"><skipped type="unittest.case.SkipTest" message="Test Not Implemented"><![CDATA[Exception: Test Not Implemented
]]></skipped></testcase><testcase classname="tests.flight_attribute_test.TestAnalysisDatetime" name="test_derive" time="0.000"><skipped type="unittest.case.SkipTest" message="Test Not Implemented"><![CDATA[Exception: Test Not Implemented
]]></skipped></testcase><testcase classname="tests.flight_attribute_test.TestDestinationAirport" name="test_can_operate" time="0.000"></testcase><testcase classname="tests.flight_attribute_test.TestDestinationAirport" name="test_derive_afr_dest" time="0.000"></testcase><testcase classname="tests.flight_attribute_test.TestDestinationAirport" name="test_derive_both" time="0.001"></testcase><testcase classname="tests.flight_attribute_test.TestDestinationAirport" name="test_derive_dest" time="0.001"></testcase><testcase classname="tests.flight_attribute_test.TestDestinationAirport" name="test_derive_invalid" time="0.000"></testcase><testcase classname="tests.flight_attribute_test.TestDeterminePilot" name="test__autopilot_engaged" time="0.000"></testcase><testcase classname="tests.flight_attribute_test.TestDeterminePilot" name="test__controls_changed" time="0.001"></testcase><testcase classname="tests.flight_attribute_test.TestDeterminePilot" name="test__controls_in_use" time="0.001"></testcase><testcase classname="tests.flight_attribute_test.TestDeterminePilot" name="test__determine_pilot" time="0.001"></testcase><testcase classname="tests.flight_attribute_test.TestDeterminePilot" name="test_determine_pilot_from_hdf_control_column" time="0.177"></testcase><testcase classname="tests.flight_attribute_test.TestDuration" name="test_can_operate" time="0.000"></testcase><testcase classname="tests.flight_attribute_test.TestDuration" name="test_derive" time="0.000"></testcase><testcase classname="tests.flight_attribute_test.TestFlightID" name="test_can_operate" time="0.000"></testcase><testcase classname="tests.flight_attribute_test.TestFlightID" name="test_derive" time="0.000"></testcase><testcase classname="tests.flight_attribute_test.TestFlightNumber" name="test_can_operate" time="0.000"></testcase><testcase classname="tests.flight_attribute_test.TestFlightNumber" name="test_derive" time="0.001"></testcase><testcase classname="tests.flight_attribute_test.TestFlightNumber" name="test_derive_ascii" time="0.001"></testcase><testcase classname="tests.flight_attribute_test.TestFlightNumber" name="test_derive_basic" time="0.001"></testcase><testcase classname="tests.flight_attribute_test.TestFlightNumber" name="test_derive_masked" time="0.001"></testcase><testcase classname="tests.flight_attribute_test.TestFlightNumber" name="test_derive_most_common_positive_float" time="0.001"></testcase><testcase classname="tests.flight_attribute_test.TestFlightType" name="test_can_operate" time="0.035"></testcase><testcase classname="tests.flight_attribute_test.TestFlightType" name="test_derive" time="0.001"></testcase><testcase classname="tests.flight_attribute_test.TestLandingAirport" name="test_can_operate" time="0.000"></testcase><testcase classname="tests.flight_attribute_test.TestLandingAirport" name="test_derive_afr_fallback" time="0.000"></testcase><testcase classname="tests.flight_attribute_test.TestLandingDatetime" name="test_can_operate" time="0.000"></testcase><testcase classname="tests.flight_attribute_test.TestLandingDatetime" name="test_derive" time="0.000"></testcase><testcase classname="tests.flight_attribute_test.TestLandingFuel" name="test_can_operate" time="0.000"></testcase><testcase classname="tests.flight_attribute_test.TestLandingFuel" name="test_derive" time="0.000"></testcase><testcase classname="tests.flight_attribute_test.TestLandingGrossWeight" name="test_can_operate" time="0.000"></testcase><testcase classname="tests.flight_attribute_test.TestLandingGrossWeight" name="test_derive" time="0.000"></testcase><testcase classname="tests.flight_attribute_test.TestLandingPilot" name="test_can_operate" time="0.009"></testcase><testcase classname="tests.flight_attribute_test.TestLandingPilot" name="test_derive" time="0.001"></testcase><testcase classname="tests.flight_attribute_test.TestLandingRunway" name="test_can_operate" time="0.000"></testcase><testcase classname="tests.flight_attribute_test.TestLandingRunway" name="test_derive_afr_fallback" time="0.001"></testcase><testcase classname="tests.flight_attribute_test.TestOffBlocksDatetime" name="test_derive" time="0.000"></testcase><testcase classname="tests.flight_attribute_test.TestOnBlocksDatetime" name="test_derive_without_turning" time="0.000"></testcase><testcase classname="tests.flight_attribute_test.TestTakeoffAirport" name="test_can_operate" time="0.000"></testcase><testcase classname="tests.flight_attribute_test.TestTakeoffAirport" name="test_derive_afr_fallback" time="0.001"></testcase><testcase classname="tests.flight_attribute_test.TestTakeoffAirport" name="test_derive_airport_found" time="0.001"></testcase><testcase classname="tests.flight_attribute_test.TestTakeoffAirport" name="test_derive_airport_not_found" time="0.001"></testcase><testcase classname="tests.flight_attribute_test.TestTakeoffDatetime" name="test_can_operate" time="0.000"></testcase><testcase classname="tests.flight_attribute_test.TestTakeoffDatetime" name="test_derive" time="0.000"></testcase><testcase classname="tests.flight_attribute_test.TestTakeoffDatetime" name="test_derive__ground_run" time="0.000"></testcase><testcase classname="tests.flight_attribute_test.TestTakeoffDatetime" name="test_derive__incomplete" time="0.000"></testcase><testcase classname="tests.flight_attribute_test.TestTakeoffDatetime" name="test_derive__rto" time="0.000"></testcase><testcase classname="tests.flight_attribute_test.TestTakeoffFuel" name="test_can_operate" time="0.000"></testcase><testcase classname="tests.flight_attribute_test.TestTakeoffFuel" name="test_derive" time="0.000"></testcase><testcase classname="tests.flight_attribute_test.TestTakeoffGrossWeight" name="test_can_operate" time="0.000"></testcase><testcase classname="tests.flight_attribute_test.TestTakeoffGrossWeight" name="test_derive" time="0.000"></testcase><testcase classname="tests.flight_attribute_test.TestTakeoffPilot" name="test_can_operate" time="0.018"></testcase><testcase classname="tests.flight_attribute_test.TestTakeoffPilot" name="test_derive" time="0.001"></testcase><testcase classname="tests.flight_attribute_test.TestTakeoffRunway" name="test_can_operate" time="0.000"></testcase><testcase classname="tests.flight_attribute_test.TestTakeoffRunway" name="test_derive" time="0.001"></testcase><testcase classname="tests.flight_attribute_test.TestTakeoffRunway" name="test_derive__bilbao" time="0.001"></testcase><testcase classname="tests.flight_attribute_test.TestTakeoffRunway" name="test_derive_afr_fallback" time="0.001"></testcase><testcase classname="tests.flight_attribute_test.TestVersion" name="test_can_operate" time="0.000"></testcase><testcase classname="tests.flight_attribute_test.TestVersion" name="test_derive" time="0.000"></testcase><testcase classname="tests.flight_phase_test.TestAirborne" name="test_airborne_aircraft_basic" time="0.001"></testcase><testcase classname="tests.flight_phase_test.TestAirborne" name="test_airborne_aircraft_ends_in_midflight" time="0.001"></testcase><testcase classname="tests.flight_phase_test.TestAirborne" name="test_airborne_aircraft_fast_with_gaps" time="0.001"></testcase><testcase classname="tests.flight_phase_test.TestAirborne" name="test_airborne_aircraft_no_height_change" time="0.000"></testcase><testcase classname="tests.flight_phase_test.TestAirborne" name="test_airborne_aircraft_not_fast" time="0.000"></testcase><testcase classname="tests.flight_phase_test.TestAirborne" name="test_airborne_aircraft_started_midflight" time="0.000"><skipped type="unittest.case.SkipTest" message="TODO: Test to be amended"><![CDATA[Exception: TODO: Test to be amended
]]></skipped></testcase><testcase classname="tests.flight_phase_test.TestAirborne" name="test_can_operate" time="0.000"></testcase><testcase classname="tests.flight_phase_test.TestAirborneRadarApproach" name="test_can_operate" time="0.000"></testcase><testcase classname="tests.flight_phase_test.TestAirborneRadarApproach" name="test_derive_no_airborne_radar_approaches" time="0.000"></testcase><testcase classname="tests.flight_phase_test.TestAirborneRadarApproach" name="test_derive_one_airborne_radar_approach" time="0.000"></testcase><testcase classname="tests.flight_phase_test.TestAirborneRadarApproach" name="test_derive_two_airborne_radar_approaches" time="0.000"></testcase><testcase classname="tests.flight_phase_test.TestApproach" name="test_approach__helicopter_multiple" time="0.004"></testcase><testcase classname="tests.flight_phase_test.TestApproach" name="test_approach_aircraft_basic" time="0.002"></testcase><testcase classname="tests.flight_phase_test.TestApproach" name="test_approach_aircraft_ignore_takeoff" time="0.002"></testcase><testcase classname="tests.flight_phase_test.TestApproach" name="test_approach_aircraft_with_go_around_and_climbout_atr42_data" time="0.117"></testcase><testcase classname="tests.flight_phase_test.TestApproach" name="test_can_operate" time="0.000"></testcase><testcase classname="tests.flight_phase_test.TestApproachAndLanding" name="test_approach_and_landing_aircraft_146_oscillating_1" time="0.000"><skipped type="unittest.case.SkipTest" message="Algorithm does not successfully this noisy signal."><![CDATA[Exception: Algorithm does not successfully this noisy signal.
]]></skipped></testcase><testcase classname="tests.flight_phase_test.TestApproachAndLanding" name="test_approach_and_landing_aircraft_146_oscillating_2" time="0.000"><skipped type="unittest.case.SkipTest" message="Algorithm is confused by oscillating altitude."><![CDATA[Exception: Algorithm is confused by oscillating altitude.
]]></skipped></testcase><testcase classname="tests.flight_phase_test.TestApproachAndLanding" name="test_approach_and_landing_aircraft_basic" time="0.002"></testcase><testcase classname="tests.flight_phase_test.TestApproachAndLanding" name="test_approach_and_landing_aircraft_brief_alt_dip" time="0.027"></testcase><testcase classname="tests.flight_phase_test.TestApproachAndLanding" name="test_approach_and_landing_aircraft_go_around_2" time="0.038"></testcase><testcase classname="tests.flight_phase_test.TestApproachAndLanding" name="test_approach_and_landing_aircraft_go_around_below_1500ft" time="0.027"></testcase><testcase classname="tests.flight_phase_test.TestApproachAndLanding" name="test_approach_and_landing_aircraft_with_go_around_and_climbout_atr42_data" time="0.084"></testcase><testcase classname="tests.flight_phase_test.TestApproachAndLanding" name="test_approach_and_landing_helicopter" time="0.000"></testcase><testcase classname="tests.flight_phase_test.TestApproachAndLanding" name="test_can_operate" time="0.000"></testcase><testcase classname="tests.flight_phase_test.TestBouncedLanding" name="test_bounce_basic" time="0.000"></testcase><testcase classname="tests.flight_phase_test.TestBouncedLanding" name="test_bounce_not_detected_with_multiple_touch_and_go" time="0.007"></testcase><testcase classname="tests.flight_phase_test.TestBouncedLanding" name="test_bounce_with_bounce" time="0.001"></testcase><testcase classname="tests.flight_phase_test.TestBouncedLanding" name="test_bounce_with_double_bounce" time="0.000"></testcase><testcase classname="tests.flight_phase_test.TestClimbCruiseDescent" name="test_can_operate" time="0.000"></testcase><testcase classname="tests.flight_phase_test.TestClimbCruiseDescent" name="test_climb_cruise_descent_all_high" time="0.001"></testcase><testcase classname="tests.flight_phase_test.TestClimbCruiseDescent" name="test_climb_cruise_descent_end_midflight" time="0.001"></testcase><testcase classname="tests.flight_phase_test.TestClimbCruiseDescent" name="test_climb_cruise_descent_masked" time="0.001"></testcase><testcase classname="tests.flight_phase_test.TestClimbCruiseDescent" name="test_climb_cruise_descent_one_humps" time="0.001"></testcase><testcase classname="tests.flight_phase_test.TestClimbCruiseDescent" name="test_climb_cruise_descent_repair_mask" time="0.006"></testcase><testcase classname="tests.flight_phase_test.TestClimbCruiseDescent" name="test_climb_cruise_descent_start_midflight" time="0.001"></testcase><testcase classname="tests.flight_phase_test.TestClimbCruiseDescent" name="test_climb_cruise_descent_three_humps" time="0.001"></testcase><testcase classname="tests.flight_phase_test.TestClimbCruiseDescent" name="test_climb_cruise_descent_two_humps" time="0.001"></testcase><testcase classname="tests.flight_phase_test.TestClimbing" name="test_can_operate" time="0.000"></testcase><testcase classname="tests.flight_phase_test.TestClimbing" name="test_climbing_basic" time="0.000"></testcase><testcase classname="tests.flight_phase_test.TestCruise" name="test_can_operate" time="0.001"></testcase><testcase classname="tests.flight_phase_test.TestCruise" name="test_cruise_phase_basic" time="0.004"></testcase><testcase classname="tests.flight_phase_test.TestCruise" name="test_cruise_truncated_end" time="0.002"></testcase><testcase classname="tests.flight_phase_test.TestCruise" name="test_cruise_truncated_start" time="0.003"></testcase><testcase classname="tests.flight_phase_test.TestDescending" name="test_can_operate" time="0.000"></testcase><testcase classname="tests.flight_phase_test.TestDescending" name="test_descending_basic" time="0.000"></testcase><testcase classname="tests.flight_phase_test.TestDescent" name="test_can_operate" time="0.000"></testcase><testcase classname="tests.flight_phase_test.TestDescent" name="test_descent_basic" time="0.003"></testcase><testcase classname="tests.flight_phase_test.TestDescentLowClimb" name="test_can_operate" time="0.000"></testcase><testcase classname="tests.flight_phase_test.TestDescentLowClimb" name="test_descent_low_climb_basic" time="0.003"></testcase><testcase classname="tests.flight_phase_test.TestDescentLowClimb" name="test_descent_low_climb_inadequate_climb" time="0.001"></testcase><testcase classname="tests.flight_phase_test.TestDescentToFlare" name="test_can_operate" time="0.000"></testcase><testcase classname="tests.flight_phase_test.TestDescentToFlare" name="test_derive" time="0.000"><skipped type="unittest.case.SkipTest" message="Test Not Implemented"><![CDATA[Exception: Test Not Implemented
]]></skipped></testcase><testcase classname="tests.flight_phase_test.TestEngHotelMode" name="test_can_operate" time="0.000"></testcase><testcase classname="tests.flight_phase_test.TestEngHotelMode" name="test_derive" time="0.006"></testcase><testcase classname="tests.flight_phase_test.TestEngHotelMode" name="test_derive_basic" time="0.001"></testcase><testcase classname="tests.flight_phase_test.TestFast" name="test_can_operate" time="0.000"></testcase><testcase classname="tests.flight_phase_test.TestFast" name="test_fast_all_fast" time="0.000"></testcase><testcase classname="tests.flight_phase_test.TestFast" name="test_fast_all_slow" time="0.000"></testcase><testcase classname="tests.flight_phase_test.TestFast" name="test_fast_phase_basic" time="0.000"></testcase><testcase classname="tests.flight_phase_test.TestFast" name="test_fast_real_data_1" time="0.002"></testcase><testcase classname="tests.flight_phase_test.TestFast" name="test_fast_slowing_only" time="0.000"></testcase><testcase classname="tests.flight_phase_test.TestFast" name="test_fast_speeding_only" time="0.000"></testcase><testcase classname="tests.flight_phase_test.TestFinalApproach" name="test_approach_phase_basic" time="0.001"></testcase><testcase classname="tests.flight_phase_test.TestFinalApproach" name="test_can_operate" time="0.000"></testcase><testcase classname="tests.flight_phase_test.TestGearExtended" name="test_basic" time="0.001"></testcase><testcase classname="tests.flight_phase_test.TestGearExtended" name="test_can_operate" time="0.000"></testcase><testcase classname="tests.flight_phase_test.TestGearExtending" name="test_can_operate" time="0.000"></testcase><testcase classname="tests.flight_phase_test.TestGearExtending" name="test_derive" time="0.001"></testcase><testcase classname="tests.flight_phase_test.TestGearRetracted" name="test_basic" time="0.001"></testcase><testcase classname="tests.flight_phase_test.TestGearRetracted" name="test_can_operate" time="0.000"></testcase><testcase classname="tests.flight_phase_test.TestGearRetracting" name="test_can_operate" time="0.000"></testcase><testcase classname="tests.flight_phase_test.TestGearRetracting" name="test_derive" time="0.001"></testcase><testcase classname="tests.flight_phase_test.TestGoAround5MinRating" name="test_can_operate" time="0.000"></testcase><testcase classname="tests.flight_phase_test.TestGoAround5MinRating" name="test_derive" time="0.000"><skipped type="unittest.case.SkipTest" message="Test Not Implemented"><![CDATA[Exception: Test Not Implemented
]]></skipped></testcase><testcase classname="tests.flight_phase_test.TestGoAroundAndClimbout" name="test_can_operate" time="0.000"></testcase><testcase classname="tests.flight_phase_test.TestGoAroundAndClimbout" name="test_go_around_and_climbout_basic" time="0.004"></testcase><testcase classname="tests.flight_phase_test.TestGoAroundAndClimbout" name="test_go_around_and_climbout_below_3000ft" time="0.009"></testcase><testcase classname="tests.flight_phase_test.TestGoAroundAndClimbout" name="test_go_around_and_climbout_level_off" time="0.004"></testcase><testcase classname="tests.flight_phase_test.TestGoAroundAndClimbout" name="test_go_around_and_climbout_phase_not_reaching_2000ft" time="0.050"></testcase><testcase classname="tests.flight_phase_test.TestGoAroundAndClimbout" name="test_go_around_and_climbout_real_data" time="0.032"></testcase><testcase classname="tests.flight_phase_test.TestGoAroundAndClimbout" name="test_two_go_arounds_for_atr42" time="0.090"></testcase><testcase classname="tests.flight_phase_test.TestGrounded" name="test_can_operate" time="0.000"></testcase><testcase classname="tests.flight_phase_test.TestGrounded" name="test_grounded_aircraft_all_fast" time="0.001"></testcase><testcase classname="tests.flight_phase_test.TestGrounded" name="test_grounded_aircraft_all_slow" time="0.001"></testcase><testcase classname="tests.flight_phase_test.TestGrounded" name="test_grounded_aircraft_landing_only" time="0.000"></testcase><testcase classname="tests.flight_phase_test.TestGrounded" name="test_grounded_aircraft_phase_basic" time="0.000"></testcase><testcase classname="tests.flight_phase_test.TestGrounded" name="test_grounded_aircraft_speeding_only" time="0.000"></testcase><testcase classname="tests.flight_phase_test.TestHolding" name="test_can_operate" time="0.004"></testcase><testcase classname="tests.flight_phase_test.TestHolding" name="test_hold_detected" time="0.004"></testcase><testcase classname="tests.flight_phase_test.TestHolding" name="test_hold_rejected_if_travelling" time="0.003"></testcase><testcase classname="tests.flight_phase_test.TestHolding" name="test_rejected_outside_height_range" time="0.002"></testcase><testcase classname="tests.flight_phase_test.TestHolding" name="test_single_turn_rejected" time="0.002"></testcase><testcase classname="tests.flight_phase_test.TestHolding" name="test_straightish_not_detected" time="0.002"></testcase><testcase classname="tests.flight_phase_test.TestIANFinalApproachCourseEstablished" name="test_derive__basic" time="0.018"></testcase><testcase classname="tests.flight_phase_test.TestIANFinalApproachCourseEstablished" name="test_derive__ils_approach" time="0.009"></testcase><testcase classname="tests.flight_phase_test.TestIANFinalApproachCourseEstablished" name="test_derive__no_source" time="0.010"></testcase><testcase classname="tests.flight_phase_test.TestIANGlidepathEstablished" name="test_derive__basic" time="0.013"></testcase><testcase classname="tests.flight_phase_test.TestIANGlidepathEstablished" name="test_derive__ils_approach" time="0.009"></testcase><testcase classname="tests.flight_phase_test.TestIANGlidepathEstablished" name="test_derive__no_source" time="0.009"></testcase><testcase classname="tests.flight_phase_test.TestILSGlideslopeEstablished" name="test_can_operate" time="0.000"></testcase><testcase classname="tests.flight_phase_test.TestILSGlideslopeEstablished" name="test_landing_turn_off_runway_basic" time="0.000"></testcase><testcase classname="tests.flight_phase_test.TestILSLocalizerEstablished" name="test_can_operate" time="0.000"></testcase><testcase classname="tests.flight_phase_test.TestILSLocalizerEstablished" name="test_landing_turn_off_runway_basic" time="0.000"></testcase><testcase classname="tests.flight_phase_test.TestInitialApproach" name="test_can_operate" time="0.000"></testcase><testcase classname="tests.flight_phase_test.TestInitialApproach" name="test_initial_approach_phase_basic" time="0.000"></testcase><testcase classname="tests.flight_phase_test.TestInitialApproach" name="test_initial_approach_phase_over_high_ground" time="0.000"></testcase><testcase classname="tests.flight_phase_test.TestInitialApproach" name="test_initial_approach_phase_with_go_around" time="0.000"></testcase><testcase classname="tests.flight_phase_test.TestInitialClimb" name="test_basic" time="0.000"></testcase><testcase classname="tests.flight_phase_test.TestInitialClimb" name="test_can_operate" time="0.002"></testcase><testcase classname="tests.flight_phase_test.TestInitialClimb" name="test_initial_climb_for_helicopter_operation" time="0.000"></testcase><testcase classname="tests.flight_phase_test.TestInitialClimb" name="test_max_alt_below_1000ft" time="0.000"></testcase><testcase classname="tests.flight_phase_test.TestInitialClimb" name="test_no_alt_data_below_1000ft" time="0.000"></testcase><testcase classname="tests.flight_phase_test.TestInitialClimb" name="test_short_climb" time="0.000"></testcase><testcase classname="tests.flight_phase_test.TestInitialCruise" name="test_basic" time="0.000"></testcase><testcase classname="tests.flight_phase_test.TestInitialCruise" name="test_multiple_cruises" time="0.000"></testcase><testcase classname="tests.flight_phase_test.TestInitialCruise" name="test_short_cruise" time="0.000"></testcase><testcase classname="tests.flight_phase_test.TestLanding" name="test_can_operate" time="0.000"></testcase><testcase classname="tests.flight_phase_test.TestLanding" name="test_derive__aeroplane_short_goaround" time="0.003"></testcase><testcase classname="tests.flight_phase_test.TestLanding" name="test_landing_aeroplane_basic" time="0.001"></testcase><testcase classname="tests.flight_phase_test.TestLanding" name="test_landing_aeroplane_extended_slice" time="0.004"></testcase><testcase classname="tests.flight_phase_test.TestLanding" name="test_landing_aeroplane_mobile_stop" time="0.003"></testcase><testcase classname="tests.flight_phase_test.TestLanding" name="test_landing_aeroplane_turnoff" time="0.001"></testcase><testcase classname="tests.flight_phase_test.TestLanding" name="test_landing_aeroplane_turnoff_left" time="0.001"></testcase><testcase classname="tests.flight_phase_test.TestLanding" name="test_landing_aeroplane_with_multiple_fast" time="0.003"></testcase><testcase classname="tests.flight_phase_test.TestLanding" name="test_landing_helicopter_basic" time="0.001"></testcase><testcase classname="tests.flight_phase_test.TestLandingRoll" name="test_can_operate" time="0.000"></testcase><testcase classname="tests.flight_phase_test.TestLevelFlight" name="test_can_operate" time="0.001"></testcase><testcase classname="tests.flight_phase_test.TestLevelFlight" name="test_level_flight_phase_basic" time="0.007"></testcase><testcase classname="tests.flight_phase_test.TestLevelFlight" name="test_level_flight_phase_not_airborne_basic" time="0.007"></testcase><testcase classname="tests.flight_phase_test.TestLevelFlight" name="test_rejects_on_gound" time="0.003"></testcase><testcase classname="tests.flight_phase_test.TestLevelFlight" name="test_rejects_short_segments" time="0.002"></testcase><testcase classname="tests.flight_phase_test.TestMaximumContinuousPower" name="test_can_operate" time="0.001"></testcase><testcase classname="tests.flight_phase_test.TestMaximumContinuousPower" name="test_derive" time="0.001"></testcase><testcase classname="tests.flight_phase_test.TestMobile" name="test_airborne" time="0.001"></testcase><testcase classname="tests.flight_phase_test.TestMobile" name="test_can_operate" time="0.000"></testcase><testcase classname="tests.flight_phase_test.TestMobile" name="test_gspd" time="0.001"></testcase><testcase classname="tests.flight_phase_test.TestMobile" name="test_mobile_from_start" time="0.001"></testcase><testcase classname="tests.flight_phase_test.TestMobile" name="test_rot" time="0.001"></testcase><testcase classname="tests.flight_phase_test.TestNoseDownAttitudeAdoption" name="test_can_operate" time="0.000"></testcase><testcase classname="tests.flight_phase_test.TestNoseDownAttitudeAdoption" name="test_nose_down_basic" time="0.001"></testcase><testcase classname="tests.flight_phase_test.TestNoseDownAttitudeAdoption" name="test_nose_down_insufficient_pitch" time="0.001"></testcase><testcase classname="tests.flight_phase_test.TestNoseDownAttitudeAdoption" name="test_nose_down_multiple_climbs" time="0.001"></testcase><testcase classname="tests.flight_phase_test.TestRejectedTakeoff" name="test_can_operate" time="0.001"></testcase><testcase classname="tests.flight_phase_test.TestRejectedTakeoff" name="test_derive_flight_with_rejected_takeoff_1" time="0.004"></testcase><testcase classname="tests.flight_phase_test.TestRejectedTakeoff" name="test_derive_flight_with_rejected_takeoff_2" time="0.004"></testcase><testcase classname="tests.flight_phase_test.TestRejectedTakeoff" name="test_derive_flight_with_rejected_takeoff_short" time="0.004"></testcase><testcase classname="tests.flight_phase_test.TestRejectedTakeoff" name="test_derive_flight_with_two_rejected_takeoff_1" time="0.018"></testcase><testcase classname="tests.flight_phase_test.TestRejectedTakeoff" name="test_derive_flight_without_rejected_takeoff_1" time="0.003"></testcase><testcase classname="tests.flight_phase_test.TestRejectedTakeoff" name="test_derive_flight_without_rejected_takeoff_2" time="0.007"></testcase><testcase classname="tests.flight_phase_test.TestRejectedTakeoff" name="test_derive_flight_without_rejected_takeoff_3" time="0.003"></testcase><testcase classname="tests.flight_phase_test.TestRejectedTakeoff" name="test_derive_one_rejected_takeoff" time="0.002"></testcase><testcase classname="tests.flight_phase_test.TestRejectedTakeoff" name="test_derive_one_rejected_takeoff_with_two_acceleration_spikes" time="0.002"></testcase><testcase classname="tests.flight_phase_test.TestRejectedTakeoff" name="test_derive_two_rejected_takeoffs" time="0.002"></testcase><testcase classname="tests.flight_phase_test.TestShuttlingApproach" name="test_can_operate" time="0.000"></testcase><testcase classname="tests.flight_phase_test.TestShuttlingApproach" name="test_derive_one_shuttling_approach" time="0.000"></testcase><testcase classname="tests.flight_phase_test.TestShuttlingApproach" name="test_derive_two_shuttling_approaches" time="0.000"></testcase><testcase classname="tests.flight_phase_test.TestShuttlingApproach" name="test_no_shuttling_approaches" time="0.000"></testcase><testcase classname="tests.flight_phase_test.TestStationary" name="test_can_operate" time="0.000"></testcase><testcase classname="tests.flight_phase_test.TestStationary" name="test_stationary_basic" time="0.001"></testcase><testcase classname="tests.flight_phase_test.TestStationary" name="test_stationary_reject_short_periods" time="0.001"></testcase><testcase classname="tests.flight_phase_test.TestStraightAndLevel" name="test_can_operate" time="0.000"></testcase><testcase classname="tests.flight_phase_test.TestStraightAndLevel" name="test_straight_and_level_basic" time="0.003"></testcase><testcase classname="tests.flight_phase_test.TestTCASOperational" name="test_can_operate" time="0.000"></testcase><testcase classname="tests.flight_phase_test.TestTCASOperational" name="test_corrupt" time="0.002"></testcase><testcase classname="tests.flight_phase_test.TestTCASOperational" name="test_masked_1" time="0.002"></testcase><testcase classname="tests.flight_phase_test.TestTCASOperational" name="test_masked_2" time="0.004"></testcase><testcase classname="tests.flight_phase_test.TestTCASOperational" name="test_normal_operation" time="0.002"></testcase><testcase classname="tests.flight_phase_test.TestTCASOperational" name="test_not_constant" time="0.001"></testcase><testcase classname="tests.flight_phase_test.TestTCASOperational" name="test_not_if_failure" time="0.006"></testcase><testcase classname="tests.flight_phase_test.TestTCASOperational" name="test_not_if_status_wrong" time="0.008"></testcase><testcase classname="tests.flight_phase_test.TestTCASOperational" name="test_not_if_valid_wrong" time="0.006"></testcase><testcase classname="tests.flight_phase_test.TestTCASOperational" name="test_not_low" time="0.000"></testcase><testcase classname="tests.flight_phase_test.TestTCASOperational" name="test_not_out_of_scope" time="0.002"></testcase><testcase classname="tests.flight_phase_test.TestTCASOperational" name="test_one_sector" time="0.002"></testcase><testcase classname="tests.flight_phase_test.TestTCASResolutionAdvisory" name="test_can_operate" time="0.000"></testcase><testcase classname="tests.flight_phase_test.TestTCASResolutionAdvisory" name="test_derive_cc" time="0.002"></testcase><testcase classname="tests.flight_phase_test.TestTCASResolutionAdvisory" name="test_derive_ra" time="0.002"></testcase><testcase classname="tests.flight_phase_test.TestTCASTrafficAdvisory" name="test_can_operate" time="0.000"></testcase><testcase classname="tests.flight_phase_test.TestTCASTrafficAdvisory" name="test_normal_operation" time="0.002"></testcase><testcase classname="tests.flight_phase_test.TestTCASTrafficAdvisory" name="test_not_close_to_ra" time="0.001"></testcase><testcase classname="tests.flight_phase_test.TestTakeoff" name="test_can_operate" time="0.000"></testcase><testcase classname="tests.flight_phase_test.TestTakeoff" name="test_takeoff_alt_spike" time="0.011"></testcase><testcase classname="tests.flight_phase_test.TestTakeoff" name="test_takeoff_basic" time="0.001"></testcase><testcase classname="tests.flight_phase_test.TestTakeoff" name="test_takeoff_basic_short" time="0.001"></testcase><testcase classname="tests.flight_phase_test.TestTakeoff" name="test_takeoff_with_zero_slices" time="0.000"></testcase><testcase classname="tests.flight_phase_test.TestTakeoff5MinRating" name="test_can_operate" time="0.000"></testcase><testcase classname="tests.flight_phase_test.TestTakeoff5MinRating" name="test_derive_basic_helicopter" time="0.000"></testcase><testcase classname="tests.flight_phase_test.TestTakeoff5MinRating" name="test_derive_basic_jet" time="0.000"></testcase><testcase classname="tests.flight_phase_test.TestTakeoff5MinRating" name="test_derive_basic_prop" time="0.002"></testcase><testcase classname="tests.flight_phase_test.TestTakeoffRoll" name="test_can_operate" time="0.000"></testcase><testcase classname="tests.flight_phase_test.TestTakeoffRoll" name="test_derive" time="0.002"></testcase><testcase classname="tests.flight_phase_test.TestTakeoffRollOrRejectedTakeoff" name="test_can_operate" time="0.001"></testcase><testcase classname="tests.flight_phase_test.TestTakeoffRollOrRejectedTakeoff" name="test_derive" time="0.000"></testcase><testcase classname="tests.flight_phase_test.TestTakeoffRotation" name="test_can_operate" time="0.000"></testcase><testcase classname="tests.flight_phase_test.TestTakeoffRotation" name="test_derive" time="0.000"><skipped type="unittest.case.SkipTest" message="Test Not Implemented"><![CDATA[Exception: Test Not Implemented
]]></skipped></testcase><testcase classname="tests.flight_phase_test.TestTakeoffRunwayHeading" name="test_derive_rto_turnaround" time="0.002"></testcase><testcase classname="tests.flight_phase_test.TestTaxiIn" name="test_can_operate" time="0.000"></testcase><testcase classname="tests.flight_phase_test.TestTaxiIn" name="test_taxi_in_1" time="0.000"></testcase><testcase classname="tests.flight_phase_test.TestTaxiIn" name="test_taxi_in_2" time="0.000"></testcase><testcase classname="tests.flight_phase_test.TestTaxiIn" name="test_taxi_in_early_eng_stop" time="0.000"></testcase><testcase classname="tests.flight_phase_test.TestTaxiOut" name="test_can_operate" time="0.000"></testcase><testcase classname="tests.flight_phase_test.TestTaxiOut" name="test_taxi_out" time="0.000"></testcase><testcase classname="tests.flight_phase_test.TestTaxiOut" name="test_taxi_out_empty" time="0.000"></testcase><testcase classname="tests.flight_phase_test.TestTaxiOut" name="test_taxi_out_late_eng" time="0.000"></testcase><testcase classname="tests.flight_phase_test.TestTaxiing" name="test_can_operate" time="0.000"></testcase><testcase classname="tests.flight_phase_test.TestTaxiing" name="test_taxiing_including_rejected_takeoff" time="0.001"></testcase><testcase classname="tests.flight_phase_test.TestTaxiing" name="test_taxiing_mobile_airborne" time="0.000"></testcase><testcase classname="tests.flight_phase_test.TestTaxiing" name="test_taxiing_mobile_takeoff_landing" time="0.001"></testcase><testcase classname="tests.flight_phase_test.TestTaxiing" name="test_taxiing_mobile_takeoff_landing_gspd" time="0.001"></testcase><testcase classname="tests.flight_phase_test.TestTurningInAir" name="test_can_operate" time="0.000"></testcase><testcase classname="tests.flight_phase_test.TestTurningInAir" name="test_turning_in_air_phase_basic" time="0.000"></testcase><testcase classname="tests.flight_phase_test.TestTurningInAir" name="test_turning_in_air_phase_with_mask" time="0.000"></testcase><testcase classname="tests.flight_phase_test.TestTurningOnGround" name="test_can_operate" time="0.000"></testcase><testcase classname="tests.flight_phase_test.TestTurningOnGround" name="test_turning_on_ground_after_takeoff_inhibited" time="0.000"></testcase><testcase classname="tests.flight_phase_test.TestTurningOnGround" name="test_turning_on_ground_phase_basic" time="0.000"></testcase><testcase classname="tests.flight_phase_test.TestTurningOnGround" name="test_turning_on_ground_phase_with_mask" time="0.000"></testcase><testcase classname="tests.flight_phase_test.TestTwoDegPitchTo35Ft" name="test_can_operate" time="0.000"></testcase><testcase classname="tests.flight_phase_test.TestTwoDegPitchTo35Ft" name="test_derive" time="0.000"><skipped type="unittest.case.SkipTest" message="Test Not Implemented"><![CDATA[Exception: Test Not Implemented
]]></skipped></testcase><testcase classname="tests.json_tools_test.TestJsonTools" name="test_get_node_class" time="0.000"></testcase><testcase classname="tests.json_tools_test.TestJsonTools" name="test_json_to_node" time="0.000"></testcase><testcase classname="tests.json_tools_test.TestJsonTools" name="test_json_to_process_flight" time="0.000"></testcase><testcase classname="tests.json_tools_test.TestJsonTools" name="test_jsondict_to_node" time="0.000"></testcase><testcase classname="tests.json_tools_test.TestJsonTools" name="test_node_to_json" time="0.000"></testcase><testcase classname="tests.json_tools_test.TestJsonTools" name="test_node_to_jsondict" time="0.000"></testcase><testcase classname="tests.json_tools_test.TestJsonTools" name="test_process_flight_to_json" time="0.000"></testcase><testcase classname="tests.json_tools_test.TestJsonTools" name="test_process_flight_to_nodes" time="0.017"></testcase><testcase classname="tests.json_tools_test.TestJsonTools" name="test_sort_dict" time="0.000"></testcase><testcase classname="tests.key_point_value_test.TestAOADiscrepancyMax" name="test_can_operate" time="0.001"></testcase><testcase classname="tests.key_point_value_test.TestAOADiscrepancyMax" name="test_derive" time="0.001"></testcase><testcase classname="tests.key_point_value_test.TestAOADuringGoAroundMax" name="test_can_operate" time="0.000"></testcase><testcase classname="tests.key_point_value_test.TestAOADuringGoAroundMax" name="test_derive" time="0.000"><skipped type="unittest.case.SkipTest" message="Test not implemented."><![CDATA[Exception: Test not implemented.
]]></skipped></testcase><testcase classname="tests.key_point_value_test.TestAOADuringGoAroundMax" name="test_derive_mocked" time="0.000"></testcase><testcase classname="tests.key_point_value_test.TestAOAWithFlapDuringClimbMax" name="test_can_operate" time="0.000"></testcase><testcase classname="tests.key_point_value_test.TestAOAWithFlapDuringClimbMax" name="test_derive_basic" time="0.002"></testcase><testcase classname="tests.key_point_value_test.TestAOAWithFlapDuringDescentMax" name="test_can_operate" time="0.000"></testcase><testcase classname="tests.key_point_value_test.TestAOAWithFlapDuringDescentMax" name="test_derive_basic" time="0.001"></testcase><testcase classname="tests.key_point_value_test.TestAOAWithFlapMax" name="test_can_operate" time="0.000"></testcase><testcase classname="tests.key_point_value_test.TestAOAWithFlapMax" name="test_derive" time="0.000"><skipped type="unittest.case.SkipTest" message="Test not implemented."><![CDATA[Exception: Test not implemented.
]]></skipped></testcase><testcase classname="tests.key_point_value_test.TestAPDisengagedDuringCruiseDuration" name="test_can_operate" time="0.000"></testcase><testcase classname="tests.key_point_value_test.TestAPDisengagedDuringCruiseDuration" name="test_derive" time="0.000"><skipped type="unittest.case.SkipTest" message="Test Not Implemented"><![CDATA[Exception: Test Not Implemented
]]></skipped></testcase><testcase classname="tests.key_point_value_test.TestAPUFireWarningDuration" name="test_can_operate" time="0.000"></testcase><testcase classname="tests.key_point_value_test.TestAPUFireWarningDuration" name="test_derive_basic" time="0.001"></testcase><testcase classname="tests.key_point_value_test.TestAPUOnDuringFlightDuration" name="test_can_operate" time="0.000"></testcase><testcase classname="tests.key_point_value_test.TestAPUOnDuringFlightDuration" name="test_derive__start_before_liftoff" time="0.001"></testcase><testcase classname="tests.key_point_value_test.TestAPUOnDuringFlightDuration" name="test_derive__start_in_flight" time="0.001"></testcase><testcase classname="tests.key_point_value_test.TestATDisengagedAPEngagedDuration" name="test_can_operate" time="0.001"></testcase><testcase classname="tests.key_point_value_test.TestATDisengagedAPEngagedDuration" name="test_derive" time="0.001"></testcase><testcase classname="tests.key_point_value_test.TestATEngagedAPDisengagedOutsideClimbDuration" name="test_can_operate" time="0.002"></testcase><testcase classname="tests.key_point_value_test.TestATEngagedAPDisengagedOutsideClimbDuration" name="test_derive" time="0.001"></testcase><testcase classname="tests.key_point_value_test.TestATEngagedAPDisengagedOutsideClimbDuration" name="test_derive__invalid_at_liftoff" time="0.001"></testcase><testcase classname="tests.key_point_value_test.TestAccelerationLateralAtTouchdown" name="test_can_operate" time="0.000"></testcase><testcase classname="tests.key_point_value_test.TestAccelerationLateralAtTouchdown" name="test_derive" time="0.001"></testcase><testcase classname="tests.key_point_value_test.TestAccelerationLateralDuringLandingMax" name="test_can_operate" time="0.000"></testcase><testcase classname="tests.key_point_value_test.TestAccelerationLateralDuringLandingMax" name="test_derive" time="0.000"><skipped type="unittest.case.SkipTest" message="Test Not Implemented"><![CDATA[Exception: Test Not Implemented
]]></skipped></testcase><testcase classname="tests.key_point_value_test.TestAccelerationLateralDuringTakeoffMax" name="test_can_operate" time="0.000"></testcase><testcase classname="tests.key_point_value_test.TestAccelerationLateralDuringTakeoffMax" name="test_derive" time="0.000"><skipped type="unittest.case.SkipTest" message="Test Not Implemented"><![CDATA[Exception: Test Not Implemented
]]></skipped></testcase><testcase classname="tests.key_point_value_test.TestAccelerationLateralDuringTakeoffMax" name="test_derive_mocked" time="0.000"></testcase><testcase classname="tests.key_point_value_test.TestAccelerationLateralFor5SecMax" name="test_can_operate" time="0.000"></testcase><testcase classname="tests.key_point_value_test.TestAccelerationLateralFor5SecMax" name="test_can_operate_787" time="0.000"></testcase><testcase classname="tests.key_point_value_test.TestAccelerationLateralFor5SecMax" name="test_derive" time="0.001"></testcase><testcase classname="tests.key_point_value_test.TestAccelerationLateralInTurnDuringTaxiInMax" name="test_can_operate" time="0.001"></testcase><testcase classname="tests.key_point_value_test.TestAccelerationLateralInTurnDuringTaxiInMax" name="test_derive" time="0.000"><skipped type="unittest.case.SkipTest" message="Test Not Implemented"><![CDATA[Exception: Test Not Implemented
]]></skipped></testcase><testcase classname="tests.key_point_value_test.TestAccelerationLateralInTurnDuringTaxiOutMax" name="test_can_operate" time="0.000"></testcase><testcase classname="tests.key_point_value_test.TestAccelerationLateralInTurnDuringTaxiOutMax" name="test_derive" time="0.000"><skipped type="unittest.case.SkipTest" message="Test Not Implemented"><![CDATA[Exception: Test Not Implemented
]]></skipped></testcase><testcase classname="tests.key_point_value_test.TestAccelerationLateralMax" name="test_can_operate" time="0.000"></testcase><testcase classname="tests.key_point_value_test.TestAccelerationLateralMax" name="test_derive" time="0.000"><skipped type="unittest.case.SkipTest" message="Test Not Implemented"><![CDATA[Exception: Test Not Implemented
]]></skipped></testcase><testcase classname="tests.key_point_value_test.TestAccelerationLateralOffset" name="test_can_operate" time="0.001"></testcase><testcase classname="tests.key_point_value_test.TestAccelerationLateralOffset" name="test_derive_all_values_equal_0" time="0.001"></testcase><testcase classname="tests.key_point_value_test.TestAccelerationLateralOffset" name="test_derive_large_delta" time="0.001"></testcase><testcase classname="tests.key_point_value_test.TestAccelerationLateralOffset" name="test_derive_masked_data" time="0.001"></testcase><testcase classname="tests.key_point_value_test.TestAccelerationLateralOffset" name="test_derive_negative_values" time="0.001"></testcase><testcase classname="tests.key_point_value_test.TestAccelerationLateralOffset" name="test_derive_normal_scenario" time="0.001"></testcase><testcase classname="tests.key_point_value_test.TestAccelerationLateralOffset" name="test_derive_not_enough_samples" time="0.001"></testcase><testcase classname="tests.key_point_value_test.TestAccelerationLateralOffset" name="test_derive_values_in_given_slices_all_0" time="0.001"></testcase><testcase classname="tests.key_point_value_test.TestAccelerationLateralOffset" name="test_derive_values_in_one_slice_only" time="0.001"></testcase><testcase classname="tests.key_point_value_test.TestAccelerationLateralWhileAirborneMax" name="test_can_operate" time="0.000"></testcase><testcase classname="tests.key_point_value_test.TestAccelerationLateralWhileAirborneMax" name="test_derive" time="0.001"></testcase><testcase classname="tests.key_point_value_test.TestAccelerationLateralWhileTaxiingStraightMax" name="test_can_operate" time="0.000"></testcase><testcase classname="tests.key_point_value_test.TestAccelerationLateralWhileTaxiingStraightMax" name="test_derive" time="0.000"><skipped type="unittest.case.SkipTest" message="Test Not Implemented"><![CDATA[Exception: Test Not Implemented
]]></skipped></testcase><testcase classname="tests.key_point_value_test.TestAccelerationLateralWhileTaxiingTurnMax" name="test_can_operate" time="0.000"></testcase><testcase classname="tests.key_point_value_test.TestAccelerationLateralWhileTaxiingTurnMax" name="test_derive" time="0.000"><skipped type="unittest.case.SkipTest" message="Test Not Implemented"><![CDATA[Exception: Test Not Implemented
]]></skipped></testcase><testcase classname="tests.key_point_value_test.TestAccelerationLongitudinalDuringLandingMin" name="test_can_operate" time="0.000"></testcase><testcase classname="tests.key_point_value_test.TestAccelerationLongitudinalDuringLandingMin" name="test_derive" time="0.000"><skipped type="unittest.case.SkipTest" message="Test Not Implemented"><![CDATA[Exception: Test Not Implemented
]]></skipped></testcase><testcase classname="tests.key_point_value_test.TestAccelerationLongitudinalDuringLandingMin" name="test_derive_mocked" time="0.000"></testcase><testcase classname="tests.key_point_value_test.TestAccelerationLongitudinalDuringTakeoffMax" name="test_can_operate" time="0.000"></testcase><testcase classname="tests.key_point_value_test.TestAccelerationLongitudinalDuringTakeoffMax" name="test_derive" time="0.000"><skipped type="unittest.case.SkipTest" message="Test Not Implemented"><![CDATA[Exception: Test Not Implemented
]]></skipped></testcase><testcase classname="tests.key_point_value_test.TestAccelerationLongitudinalDuringTakeoffMax" name="test_derive_mocked" time="0.000"></testcase><testcase classname="tests.key_point_value_test.TestAccelerationLongitudinalOffset" name="test_can_operate" time="0.001"></testcase><testcase classname="tests.key_point_value_test.TestAccelerationLongitudinalOffset" name="test_derive_all_values_equal_0" time="0.001"></testcase><testcase classname="tests.key_point_value_test.TestAccelerationLongitudinalOffset" name="test_derive_large_delta" time="0.001"></testcase><testcase classname="tests.key_point_value_test.TestAccelerationLongitudinalOffset" name="test_derive_masked_data" time="0.001"></testcase><testcase classname="tests.key_point_value_test.TestAccelerationLongitudinalOffset" name="test_derive_negative_values" time="0.001"></testcase><testcase classname="tests.key_point_value_test.TestAccelerationLongitudinalOffset" name="test_derive_normal_scenario" time="0.001"></testcase><testcase classname="tests.key_point_value_test.TestAccelerationLongitudinalOffset" name="test_derive_not_enough_samples" time="0.001"></testcase><testcase classname="tests.key_point_value_test.TestAccelerationLongitudinalOffset" name="test_derive_values_in_given_slices_all_0" time="0.001"></testcase><testcase classname="tests.key_point_value_test.TestAccelerationLongitudinalOffset" name="test_derive_values_in_one_mobile_slice_only" time="0.001"></testcase><testcase classname="tests.key_point_value_test.TestAccelerationLongitudinalWhileAirborneMax" name="test_attributes" time="0.000"></testcase><testcase classname="tests.key_point_value_test.TestAccelerationLongitudinalWhileAirborneMax" name="test_can_operate" time="0.000"></testcase><testcase classname="tests.key_point_value_test.TestAccelerationLongitudinalWhileAirborneMax" name="test_derive" time="0.001"></testcase><testcase classname="tests.key_point_value_test.TestAccelerationNormal20FtTo5FtMax" name="test_can_operate" time="0.000"></testcase><testcase classname="tests.key_point_value_test.TestAccelerationNormal20FtTo5FtMax" name="test_derive" time="0.002"></testcase><testcase classname="tests.key_point_value_test.TestAccelerationNormal20FtTo5FtMax" name="test_derive_mocked" time="0.000"></testcase><testcase classname="tests.key_point_value_test.TestAccelerationNormalAboveLimitWithFlapDownWhileAirborne" name="test_can_operate" time="0.001"></testcase><testcase classname="tests.key_point_value_test.TestAccelerationNormalAboveLimitWithFlapDownWhileAirborne" name="test_derive" time="0.001"></testcase><testcase classname="tests.key_point_value_test.TestAccelerationNormalAboveWeightHighLimitAtTouchdown" name="test_derive" time="0.000"></testcase><testcase classname="tests.key_point_value_test.TestAccelerationNormalAboveWeightHighLimitAtTouchdown" name="test_derive_hard_landing" time="0.000"></testcase><testcase classname="tests.key_point_value_test.TestAccelerationNormalAboveWeightHighLimitAtTouchdown" name="test_derive_no_hard_landing" time="0.000"></testcase><testcase classname="tests.key_point_value_test.TestAccelerationNormalAboveWeightLimitAtTouchdown" name="test_derive" time="0.000"></testcase><testcase classname="tests.key_point_value_test.TestAccelerationNormalAboveWeightLimitAtTouchdown" name="test_derive_hard_landing" time="0.000"></testcase><testcase classname="tests.key_point_value_test.TestAccelerationNormalAboveWeightLimitAtTouchdown" name="test_derive_hard_touch_and_go_plus_hard_touchdown" time="0.000"></testcase><testcase classname="tests.key_point_value_test.TestAccelerationNormalAboveWeightLimitAtTouchdown" name="test_derive_hard_touch_and_go_plus_touchdown" time="0.000"></testcase><testcase classname="tests.key_point_value_test.TestAccelerationNormalAboveWeightLimitAtTouchdown" name="test_derive_no_hard_landing" time="0.000"></testcase><testcase classname="tests.key_point_value_test.TestAccelerationNormalAboveWeightLimitAtTouchdown" name="test_derive_touch_and_go_plus_touchdown" time="0.000"></testcase><testcase classname="tests.key_point_value_test.TestAccelerationNormalAboveWeightLowLimitAtTouchdown" name="test_derive" time="0.000"></testcase><testcase classname="tests.key_point_value_test.TestAccelerationNormalAboveWeightLowLimitAtTouchdown" name="test_derive_hard_landing" time="0.000"></testcase><testcase classname="tests.key_point_value_test.TestAccelerationNormalAboveWeightLowLimitAtTouchdown" name="test_derive_no_hard_landing" time="0.000"></testcase><testcase classname="tests.key_point_value_test.TestAccelerationNormalAtLiftoff" name="test_can_operate" time="0.000"></testcase><testcase classname="tests.key_point_value_test.TestAccelerationNormalAtLiftoff" name="test_derive" time="0.001"></testcase><testcase classname="tests.key_point_value_test.TestAccelerationNormalAtTouchdown" name="test_can_operate" time="0.000"></testcase><testcase classname="tests.key_point_value_test.TestAccelerationNormalAtTouchdown" name="test_derive_bounced_landing" time="0.001"></testcase><testcase classname="tests.key_point_value_test.TestAccelerationNormalAtTouchdown" name="test_derive_only_touchdowns" time="0.001"></testcase><testcase classname="tests.key_point_value_test.TestAccelerationNormalAtTouchdown" name="test_derive_touchdown_and_touch_and_go" time="0.001"></testcase><testcase classname="tests.key_point_value_test.TestAccelerationNormalLiftoffTo35FtMax" name="test_can_operate" time="0.001"></testcase><testcase classname="tests.key_point_value_test.TestAccelerationNormalLiftoffTo35FtMax" name="test_derive" time="0.000"></testcase><testcase classname="tests.key_point_value_test.TestAccelerationNormalMax" name="test_can_operate" time="0.000"></testcase><testcase classname="tests.key_point_value_test.TestAccelerationNormalMax" name="test_derive" time="0.000"><skipped type="unittest.case.SkipTest" message="Test Not Implemented"><![CDATA[Exception: Test Not Implemented
]]></skipped></testcase><testcase classname="tests.key_point_value_test.TestAccelerationNormalMax" name="test_derive_mocked" time="0.000"></testcase><testcase classname="tests.key_point_value_test.TestAccelerationNormalMinusLoadFactorThresholdAtTouchdown" name="test_attributes" time="0.000"></testcase><testcase classname="tests.key_point_value_test.TestAccelerationNormalMinusLoadFactorThresholdAtTouchdown" name="test_can_operate" time="0.000"></testcase><testcase classname="tests.key_point_value_test.TestAccelerationNormalMinusLoadFactorThresholdAtTouchdown" name="test_derive_737" time="0.013"></testcase><testcase classname="tests.key_point_value_test.TestAccelerationNormalMinusLoadFactorThresholdAtTouchdown" name="test_derive_767" time="0.028"></testcase><testcase classname="tests.key_point_value_test.TestAccelerationNormalMinusLoadFactorThresholdAtTouchdown" name="test_roll_over_6_deg_767" time="0.001"></testcase><testcase classname="tests.key_point_value_test.TestAccelerationNormalMinusLoadFactorThresholdAtTouchdown" name="test_roll_peak_737" time="0.001"></testcase><testcase classname="tests.key_point_value_test.TestAccelerationNormalMinusLoadFactorThresholdAtTouchdown" name="test_roll_peak_767" time="0.001"></testcase><testcase classname="tests.key_point_value_test.TestAccelerationNormalOffset" name="test_can_operate" time="0.001"></testcase><testcase classname="tests.key_point_value_test.TestAccelerationNormalOffset" name="test_derive_all_values_equal_0" time="0.001"></testcase><testcase classname="tests.key_point_value_test.TestAccelerationNormalOffset" name="test_derive_large_delta" time="0.001"></testcase><testcase classname="tests.key_point_value_test.TestAccelerationNormalOffset" name="test_derive_masked_data" time="0.001"></testcase><testcase classname="tests.key_point_value_test.TestAccelerationNormalOffset" name="test_derive_negative_values" time="0.001"></testcase><testcase classname="tests.key_point_value_test.TestAccelerationNormalOffset" name="test_derive_normal_scenario" time="0.001"></testcase><testcase classname="tests.key_point_value_test.TestAccelerationNormalOffset" name="test_derive_not_enough_samples" time="0.001"></testcase><testcase classname="tests.key_point_value_test.TestAccelerationNormalOffset" name="test_derive_values_in_given_slices_all_0" time="0.001"></testcase><testcase classname="tests.key_point_value_test.TestAccelerationNormalOffset" name="test_derive_values_in_one_slice_only" time="0.001"></testcase><testcase classname="tests.key_point_value_test.TestAccelerationNormalWhileAirborneMax" name="test_can_operate" time="0.000"></testcase><testcase classname="tests.key_point_value_test.TestAccelerationNormalWhileAirborneMax" name="test_derive" time="0.001"></testcase><testcase classname="tests.key_point_value_test.TestAccelerationNormalWhileAirborneMin" name="test_can_operate" time="0.000"></testcase><testcase classname="tests.key_point_value_test.TestAccelerationNormalWhileAirborneMin" name="test_derive" time="0.000"></testcase><testcase classname="tests.key_point_value_test.TestAccelerationNormalWithFlapDownWhileAirborneMax" name="test_can_operate" time="0.000"></testcase><testcase classname="tests.key_point_value_test.TestAccelerationNormalWithFlapDownWhileAirborneMax" name="test_derive" time="0.002"></testcase><testcase classname="tests.key_point_value_test.TestAccelerationNormalWithFlapDownWhileAirborneMin" name="test_can_operate" time="0.000"></testcase><testcase classname="tests.key_point_value_test.TestAccelerationNormalWithFlapDownWhileAirborneMin" name="test_derive" time="0.002"></testcase><testcase classname="tests.key_point_value_test.TestAccelerationNormalWithFlapUpWhileAirborneMax" name="test_can_operate" time="0.000"></testcase><testcase classname="tests.key_point_value_test.TestAccelerationNormalWithFlapUpWhileAirborneMax" name="test_derive" time="0.002"></testcase><testcase classname="tests.key_point_value_test.TestAccelerationNormalWithFlapUpWhileAirborneMin" name="test_can_operate" time="0.000"></testcase><testcase classname="tests.key_point_value_test.TestAccelerationNormalWithFlapUpWhileAirborneMin" name="test_derive" time="0.002"></testcase><testcase classname="tests.key_point_value_test.TestAileronPreflightCheck" name="test_can_operate" time="0.005"></testcase><testcase classname="tests.key_point_value_test.TestAileronPreflightCheck" name="test_derive" time="0.003"></testcase><testcase classname="tests.key_point_value_test.TestAileronPreflightCheck" name="test_derive_apu" time="0.003"></testcase><testcase classname="tests.key_point_value_test.TestAircraftEnergyWhenDescending" name="test_derive" time="0.000"></testcase><testcase classname="tests.key_point_value_test.TestAirspeed10000To5000FtMax" name="test_can_operate" time="0.001"></testcase><testcase classname="tests.key_point_value_test.TestAirspeed10000To5000FtMax" name="test_derive" time="0.000"><skipped type="unittest.case.SkipTest" message="Test Not Implemented"><![CDATA[Exception: Test Not Implemented
]]></skipped></testcase><testcase classname="tests.key_point_value_test.TestAirspeed10000To8000FtMax" name="test_can_operate" time="0.000"></testcase><testcase classname="tests.key_point_value_test.TestAirspeed10000To8000FtMax" name="test_derive" time="0.000"><skipped type="unittest.case.SkipTest" message="Test Not Implemented"><![CDATA[Exception: Test Not Implemented
]]></skipped></testcase><testcase classname="tests.key_point_value_test.TestAirspeed1000To5000FtMax" name="test_can_operate" time="0.001"></testcase><testcase classname="tests.key_point_value_test.TestAirspeed1000To5000FtMax" name="test_derive" time="0.000"><skipped type="unittest.case.SkipTest" message="Test Not Implemented"><![CDATA[Exception: Test Not Implemented
]]></skipped></testcase><testcase classname="tests.key_point_value_test.TestAirspeed1000To500FtMax" name="test_can_operate" time="0.000"></testcase><testcase classname="tests.key_point_value_test.TestAirspeed1000To500FtMax" name="test_derive_basic" time="0.001"></testcase><testcase classname="tests.key_point_value_test.TestAirspeed1000To500FtMin" name="test_can_operate" time="0.001"></testcase><testcase classname="tests.key_point_value_test.TestAirspeed1000To500FtMin" name="test_derive" time="0.000"><skipped type="unittest.case.SkipTest" message="Test Not Implemented"><![CDATA[Exception: Test Not Implemented
]]></skipped></testcase><testcase classname="tests.key_point_value_test.TestAirspeed1000To8000FtMax" name="test_basic" time="0.001"></testcase><testcase classname="tests.key_point_value_test.TestAirspeed1000To8000FtMax" name="test_can_operate" time="0.001"></testcase><testcase classname="tests.key_point_value_test.TestAirspeed1000To8000FtMax" name="test_derive_mocked" time="0.000"></testcase><testcase classname="tests.key_point_value_test.TestAirspeed3000FtToTopOfClimbMax" name="test_can_operate" time="0.001"></testcase><testcase classname="tests.key_point_value_test.TestAirspeed3000FtToTopOfClimbMax" name="test_derive_basic" time="0.001"></testcase><testcase classname="tests.key_point_value_test.TestAirspeed3000FtToTopOfClimbMin" name="test_can_operate" time="0.001"></testcase><testcase classname="tests.key_point_value_test.TestAirspeed3000FtToTopOfClimbMin" name="test_derive_basic" time="0.001"></testcase><testcase classname="tests.key_point_value_test.TestAirspeed3000To1000FtMax" name="test_can_operate" time="0.000"></testcase><testcase classname="tests.key_point_value_test.TestAirspeed3000To1000FtMax" name="test_derive" time="0.000"><skipped type="unittest.case.SkipTest" message="Test Not Implemented"><![CDATA[Exception: Test Not Implemented
]]></skipped></testcase><testcase classname="tests.key_point_value_test.TestAirspeed35To1000FtMax" name="test_can_operate" time="0.000"></testcase><testcase classname="tests.key_point_value_test.TestAirspeed35To1000FtMax" name="test_derive" time="0.000"><skipped type="unittest.case.SkipTest" message="Test Not Implemented"><![CDATA[Exception: Test Not Implemented
]]></skipped></testcase><testcase classname="tests.key_point_value_test.TestAirspeed35To1000FtMin" name="test_can_operate" time="0.001"></testcase><testcase classname="tests.key_point_value_test.TestAirspeed35To1000FtMin" name="test_derive" time="0.000"><skipped type="unittest.case.SkipTest" message="Test Not Implemented"><![CDATA[Exception: Test Not Implemented
]]></skipped></testcase><testcase classname="tests.key_point_value_test.TestAirspeed5000To10000FtMax" name="test_can_operate" time="0.001"></testcase><testcase classname="tests.key_point_value_test.TestAirspeed5000To10000FtMax" name="test_derive" time="0.000"><skipped type="unittest.case.SkipTest" message="Test Not Implemented"><![CDATA[Exception: Test Not Implemented
]]></skipped></testcase><testcase classname="tests.key_point_value_test.TestAirspeed5000To3000FtMax" name="test_can_operate" time="0.000"></testcase><testcase classname="tests.key_point_value_test.TestAirspeed5000To3000FtMax" name="test_derive" time="0.000"><skipped type="unittest.case.SkipTest" message="Test Not Implemented"><![CDATA[Exception: Test Not Implemented
]]></skipped></testcase><testcase classname="tests.key_point_value_test.TestAirspeed5000To8000FtMax" name="test_attributes" time="0.000"></testcase><testcase classname="tests.key_point_value_test.TestAirspeed5000To8000FtMax" name="test_can_operate" time="0.001"></testcase><testcase classname="tests.key_point_value_test.TestAirspeed5000To8000FtMax" name="test_derive" time="0.001"></testcase><testcase classname="tests.key_point_value_test.TestAirspeed500To20FtMax" name="test_can_operate" time="0.000"></testcase><testcase classname="tests.key_point_value_test.TestAirspeed500To20FtMax" name="test_derive" time="0.000"><skipped type="unittest.case.SkipTest" message="Test Not Implemented"><![CDATA[Exception: Test Not Implemented
]]></skipped></testcase><testcase classname="tests.key_point_value_test.TestAirspeed500To20FtMax" name="test_derive_mocked" time="0.000"></testcase><testcase classname="tests.key_point_value_test.TestAirspeed500To20FtMin" name="test_can_operate" time="0.000"></testcase><testcase classname="tests.key_point_value_test.TestAirspeed500To20FtMin" name="test_derive" time="0.000"><skipped type="unittest.case.SkipTest" message="Test Not Implemented"><![CDATA[Exception: Test Not Implemented
]]></skipped></testcase><testcase classname="tests.key_point_value_test.TestAirspeed500To20FtMin" name="test_derive_mocked" time="0.000"></testcase><testcase classname="tests.key_point_value_test.TestAirspeed500To50FtMedian" name="test_can_operate" time="0.000"></testcase><testcase classname="tests.key_point_value_test.TestAirspeed500To50FtMedian" name="test_derive" time="0.001"></testcase><testcase classname="tests.key_point_value_test.TestAirspeed500To50FtMedian" name="test_derive_mocked" time="0.000"></testcase><testcase classname="tests.key_point_value_test.TestAirspeed500To50FtMedianMinusAirspeedSelected" name="test_can_operate" time="0.000"></testcase><testcase classname="tests.key_point_value_test.TestAirspeed500To50FtMedianMinusAirspeedSelected" name="test_derive" time="0.001"></testcase><testcase classname="tests.key_point_value_test.TestAirspeed8000To10000FtMax" name="test_can_operate" time="0.001"></testcase><testcase classname="tests.key_point_value_test.TestAirspeed8000To10000FtMax" name="test_derive" time="0.000"><skipped type="unittest.case.SkipTest" message="Test Not Implemented"><![CDATA[Exception: Test Not Implemented
]]></skipped></testcase><testcase classname="tests.key_point_value_test.TestAirspeed8000To5000FtMax" name="test_can_operate" time="0.001"></testcase><testcase classname="tests.key_point_value_test.TestAirspeed8000To5000FtMax" name="test_derive" time="0.000"><skipped type="unittest.case.SkipTest" message="Test Not Implemented"><![CDATA[Exception: Test Not Implemented
]]></skipped></testcase><testcase classname="tests.key_point_value_test.TestAirspeedAboveFL200Max" name="test_derive" time="0.001"></testcase><testcase classname="tests.key_point_value_test.TestAirspeedAboveFL200Min" name="test_derive" time="0.001"></testcase><testcase classname="tests.key_point_value_test.TestAirspeedAt35FtDuringTakeoff" name="test_can_operate" time="0.000"></testcase><testcase classname="tests.key_point_value_test.TestAirspeedAt35FtDuringTakeoff" name="test_derive" time="0.000"><skipped type="unittest.case.SkipTest" message="Test Not Implemented"><![CDATA[Exception: Test Not Implemented
]]></skipped></testcase><testcase classname="tests.key_point_value_test.TestAirspeedAt8000FtDescending" name="test_can_operate" time="0.000"></testcase><testcase classname="tests.key_point_value_test.TestAirspeedAt8000FtDescending" name="test_derive_basic" time="0.001"></testcase><testcase classname="tests.key_point_value_test.TestAirspeedAtAPUpperModesEngaged" name="test_attributes" time="0.000"></testcase><testcase classname="tests.key_point_value_test.TestAirspeedAtAPUpperModesEngaged" name="test_can_operate" time="0.080"></testcase><testcase classname="tests.key_point_value_test.TestAirspeedAtAPUpperModesEngaged" name="test_derive" time="0.003"></testcase><testcase classname="tests.key_point_value_test.TestAirspeedAtFlapExtensionWithGearDownSelected" name="test_can_operate" time="0.000"></testcase><testcase classname="tests.key_point_value_test.TestAirspeedAtFlapExtensionWithGearDownSelected" name="test_derive" time="0.001"></testcase><testcase classname="tests.key_point_value_test.TestAirspeedAtGearDownSelection" name="test_can_operate" time="0.000"></testcase><testcase classname="tests.key_point_value_test.TestAirspeedAtGearDownSelection" name="test_derive" time="0.000"><skipped type="unittest.case.SkipTest" message="Test Not Implemented"><![CDATA[Exception: Test Not Implemented
]]></skipped></testcase><testcase classname="tests.key_point_value_test.TestAirspeedAtGearDownSelection" name="test_derive_mocked" time="0.000"></testcase><testcase classname="tests.key_point_value_test.TestAirspeedAtGearUpSelection" name="test_can_operate" time="0.000"></testcase><testcase classname="tests.key_point_value_test.TestAirspeedAtGearUpSelection" name="test_derive" time="0.000"><skipped type="unittest.case.SkipTest" message="Test Not Implemented"><![CDATA[Exception: Test Not Implemented
]]></skipped></testcase><testcase classname="tests.key_point_value_test.TestAirspeedAtGearUpSelection" name="test_derive_mocked" time="0.000"></testcase><testcase classname="tests.key_point_value_test.TestAirspeedAtLiftoff" name="test_can_operate" time="0.000"></testcase><testcase classname="tests.key_point_value_test.TestAirspeedAtLiftoff" name="test_derive" time="0.000"><skipped type="unittest.case.SkipTest" message="Test Not Implemented"><![CDATA[Exception: Test Not Implemented
]]></skipped></testcase><testcase classname="tests.key_point_value_test.TestAirspeedAtLiftoff" name="test_derive_mocked" time="0.000"></testcase><testcase classname="tests.key_point_value_test.TestAirspeedAtThrustReversersSelection" name="test_can_operate" time="0.001"></testcase><testcase classname="tests.key_point_value_test.TestAirspeedAtThrustReversersSelection" name="test_derive" time="0.000"><skipped type="unittest.case.SkipTest" message="Test Not Implemented"><![CDATA[Exception: Test Not Implemented
]]></skipped></testcase><testcase classname="tests.key_point_value_test.TestAirspeedAtTouchdown" name="test_can_operate" time="0.000"></testcase><testcase classname="tests.key_point_value_test.TestAirspeedAtTouchdown" name="test_derive" time="0.000"><skipped type="unittest.case.SkipTest" message="Test Not Implemented"><![CDATA[Exception: Test Not Implemented
]]></skipped></testcase><testcase classname="tests.key_point_value_test.TestAirspeedAtTouchdown" name="test_derive_mocked" time="0.000"></testcase><testcase classname="tests.key_point_value_test.TestAirspeedBelow10000FtDuringDescentMax" name="test_can_operate" time="0.002"></testcase><testcase classname="tests.key_point_value_test.TestAirspeedBelow10000FtDuringDescentMax" name="test_derive" time="0.000"><skipped type="unittest.case.SkipTest" message="Test Not Implemented"><![CDATA[Exception: Test Not Implemented
]]></skipped></testcase><testcase classname="tests.key_point_value_test.TestAirspeedBelowMinimumAirspeedFlapCleanMin" name="test_attributes" time="0.001"></testcase><testcase classname="tests.key_point_value_test.TestAirspeedBelowMinimumAirspeedFlapCleanMin" name="test_can_operate" time="0.001"></testcase><testcase classname="tests.key_point_value_test.TestAirspeedBelowMinimumAirspeedFlapCleanMin" name="test_derive_both_speed_param" time="0.002"></testcase><testcase classname="tests.key_point_value_test.TestAirspeedBelowMinimumAirspeedFlapCleanMin" name="test_derive_flap_manoeuvre_speed" time="0.002"></testcase><testcase classname="tests.key_point_value_test.TestAirspeedBelowMinimumAirspeedFlapCleanMin" name="test_derive_minimum_airspeed" time="0.002"></testcase><testcase classname="tests.key_point_value_test.TestAirspeedDuringCruiseMax" name="test_can_operate" time="0.000"></testcase><testcase classname="tests.key_point_value_test.TestAirspeedDuringCruiseMax" name="test_derive" time="0.000"><skipped type="unittest.case.SkipTest" message="Test Not Implemented"><![CDATA[Exception: Test Not Implemented
]]></skipped></testcase><testcase classname="tests.key_point_value_test.TestAirspeedDuringCruiseMax" name="test_derive_mocked" time="0.000"></testcase><testcase classname="tests.key_point_value_test.TestAirspeedDuringCruiseMin" name="test_can_operate" time="0.000"></testcase><testcase classname="tests.key_point_value_test.TestAirspeedDuringCruiseMin" name="test_derive" time="0.000"><skipped type="unittest.case.SkipTest" message="Test Not Implemented"><![CDATA[Exception: Test Not Implemented
]]></skipped></testcase><testcase classname="tests.key_point_value_test.TestAirspeedDuringCruiseMin" name="test_derive_mocked" time="0.000"></testcase><testcase classname="tests.key_point_value_test.TestAirspeedDuringLevelFlightMax" name="test_can_operate" time="0.000"></testcase><testcase classname="tests.key_point_value_test.TestAirspeedDuringLevelFlightMax" name="test_derive" time="0.000"><skipped type="unittest.case.SkipTest" message="Test Not Implemented"><![CDATA[Exception: Test Not Implemented
]]></skipped></testcase><testcase classname="tests.key_point_value_test.TestAirspeedDuringRejectedTakeoffMax" name="test_can_operate" time="0.000"></testcase><testcase classname="tests.key_point_value_test.TestAirspeedDuringRejectedTakeoffMax" name="test_derive" time="0.000"><skipped type="unittest.case.SkipTest" message="Test Not Implemented"><![CDATA[Exception: Test Not Implemented
]]></skipped></testcase><testcase classname="tests.key_point_value_test.TestAirspeedDuringRejectedTakeoffMax" name="test_derive_mocked" time="0.000"></testcase><testcase classname="tests.key_point_value_test.TestAirspeedGustsDuringFinalApproach" name="test_can_operate" time="0.001"></testcase><testcase classname="tests.key_point_value_test.TestAirspeedGustsDuringFinalApproach" name="test_derive_basic" time="0.003"></testcase><testcase classname="tests.key_point_value_test.TestAirspeedIncreaseAlertDuration" name="test_can_operate" time="0.001"></testcase><testcase classname="tests.key_point_value_test.TestAirspeedIncreaseAlertDuration" name="test_derive_basic" time="0.001"></testcase><testcase classname="tests.key_point_value_test.TestAirspeedMax" name="test_can_operate" time="0.000"></testcase><testcase classname="tests.key_point_value_test.TestAirspeedMax" name="test_derive_basic" time="0.001"></testcase><testcase classname="tests.key_point_value_test.TestAirspeedMax" name="test_derive_mocked" time="0.000"></testcase><testcase classname="tests.key_point_value_test.TestAirspeedMinsToTouchdown" name="test_can_operate" time="0.000"></testcase><testcase classname="tests.key_point_value_test.TestAirspeedMinsToTouchdown" name="test_derive" time="0.000"><skipped type="unittest.case.SkipTest" message="Test Not Implemented"><![CDATA[Exception: Test Not Implemented
]]></skipped></testcase><testcase classname="tests.key_point_value_test.TestAirspeedMinusAirspeedSelectedFor3Sec1000To500FtMax" name="test_can_operate" time="0.000"></testcase><testcase classname="tests.key_point_value_test.TestAirspeedMinusAirspeedSelectedFor3Sec1000To500FtMax" name="test_derive_both" time="0.001"></testcase><testcase classname="tests.key_point_value_test.TestAirspeedMinusAirspeedSelectedFor3Sec1000To500FtMax" name="test_derive_fms" time="0.001"></testcase><testcase classname="tests.key_point_value_test.TestAirspeedMinusAirspeedSelectedFor3Sec1000To500FtMax" name="test_derive_no_fms" time="0.001"></testcase><testcase classname="tests.key_point_value_test.TestAirspeedMinusAirspeedSelectedFor3Sec1000To500FtMin" name="test_can_operate" time="0.000"></testcase><testcase classname="tests.key_point_value_test.TestAirspeedMinusAirspeedSelectedFor3Sec1000To500FtMin" name="test_derive_both" time="0.001"></testcase><testcase classname="tests.key_point_value_test.TestAirspeedMinusAirspeedSelectedFor3Sec1000To500FtMin" name="test_derive_fms" time="0.001"></testcase><testcase classname="tests.key_point_value_test.TestAirspeedMinusAirspeedSelectedFor3Sec1000To500FtMin" name="test_derive_no_fms" time="0.001"></testcase><testcase classname="tests.key_point_value_test.TestAirspeedMinusAirspeedSelectedFor3Sec500To20FtMax" name="test_can_operate" time="0.000"></testcase><testcase classname="tests.key_point_value_test.TestAirspeedMinusAirspeedSelectedFor3Sec500To20FtMax" name="test_derive_both" time="0.001"></testcase><testcase classname="tests.key_point_value_test.TestAirspeedMinusAirspeedSelectedFor3Sec500To20FtMax" name="test_derive_fms" time="0.001"></testcase><testcase classname="tests.key_point_value_test.TestAirspeedMinusAirspeedSelectedFor3Sec500To20FtMax" name="test_derive_no_fms" time="0.001"></testcase><testcase classname="tests.key_point_value_test.TestAirspeedMinusAirspeedSelectedFor3Sec500To20FtMin" name="test_can_operate" time="0.000"></testcase><testcase classname="tests.key_point_value_test.TestAirspeedMinusAirspeedSelectedFor3Sec500To20FtMin" name="test_derive_both" time="0.001"></testcase><testcase classname="tests.key_point_value_test.TestAirspeedMinusAirspeedSelectedFor3Sec500To20FtMin" name="test_derive_fms" time="0.001"></testcase><testcase classname="tests.key_point_value_test.TestAirspeedMinusAirspeedSelectedFor3Sec500To20FtMin" name="test_derive_no_fms" time="0.001"></testcase><testcase classname="tests.key_point_value_test.TestAirspeedMinusFlapManoeuvreSpeedWithFlapDuringDescentMin" name="test_can_operate" time="0.000"></testcase><testcase classname="tests.key_point_value_test.TestAirspeedMinusFlapManoeuvreSpeedWithFlapDuringDescentMin" name="test_derive" time="0.002"></testcase><testcase classname="tests.key_point_value_test.TestAirspeedMinusMinimumAirspeed10000To50FtMin" name="test_derive" time="0.001"></testcase><testcase classname="tests.key_point_value_test.TestAirspeedMinusMinimumAirspeed35To10000FtMin" name="test_derive" time="0.001"></testcase><testcase classname="tests.key_point_value_test.TestAirspeedMinusMinimumAirspeedAbove10000FtMin" name="test_can_operate" time="0.000"></testcase><testcase classname="tests.key_point_value_test.TestAirspeedMinusMinimumAirspeedAbove10000FtMin" name="test_derive" time="0.001"></testcase><testcase classname="tests.key_point_value_test.TestAirspeedMinusMinimumAirspeedAbove10000FtMin" name="test_derive_mocked" time="0.000"></testcase><testcase classname="tests.key_point_value_test.TestAirspeedMinusMinimumAirspeedDuringGoAroundMin" name="test_can_operate" time="0.000"></testcase><testcase classname="tests.key_point_value_test.TestAirspeedMinusMinimumAirspeedDuringGoAroundMin" name="test_derive" time="0.001"></testcase><testcase classname="tests.key_point_value_test.TestAirspeedMinusMinimumAirspeedDuringGoAroundMin" name="test_derive_mocked" time="0.000"></testcase><testcase classname="tests.key_point_value_test.TestAirspeedMinusV235To1000FtMax" name="test_can_operate" time="0.000"></testcase><testcase classname="tests.key_point_value_test.TestAirspeedMinusV235To1000FtMax" name="test_derive" time="0.000"><skipped type="unittest.case.SkipTest" message="Test Not Implemented"><![CDATA[Exception: Test Not Implemented
]]></skipped></testcase><testcase classname="tests.key_point_value_test.TestAirspeedMinusV235To1000FtMax" name="test_derive_mocked" time="0.000"></testcase><testcase classname="tests.key_point_value_test.TestAirspeedMinusV235To1000FtMin" name="test_can_operate" time="0.000"></testcase><testcase classname="tests.key_point_value_test.TestAirspeedMinusV235To1000FtMin" name="test_derive" time="0.000"><skipped type="unittest.case.SkipTest" message="Test Not Implemented"><![CDATA[Exception: Test Not Implemented
]]></skipped></testcase><testcase classname="tests.key_point_value_test.TestAirspeedMinusV235To1000FtMin" name="test_derive_mocked" time="0.000"></testcase><testcase classname="tests.key_point_value_test.TestAirspeedMinusV235ToClimbAccelerationStartMax" name="test_can_operate" time="0.001"></testcase><testcase classname="tests.key_point_value_test.TestAirspeedMinusV235ToClimbAccelerationStartMax" name="test_derive_basic" time="0.001"></testcase><testcase classname="tests.key_point_value_test.TestAirspeedMinusV235ToClimbAccelerationStartMin" name="test_can_operate" time="0.001"></testcase><testcase classname="tests.key_point_value_test.TestAirspeedMinusV235ToClimbAccelerationStartMin" name="test_derive_basic" time="0.000"></testcase><testcase classname="tests.key_point_value_test.TestAirspeedMinusV2At35FtDuringTakeoff" name="test_can_operate" time="0.000"></testcase><testcase classname="tests.key_point_value_test.TestAirspeedMinusV2At35FtDuringTakeoff" name="test_derive" time="0.000"></testcase><testcase classname="tests.key_point_value_test.TestAirspeedMinusV2AtLiftoff" name="test_can_operate" time="0.000"></testcase><testcase classname="tests.key_point_value_test.TestAirspeedMinusV2AtLiftoff" name="test_derive" time="0.000"><skipped type="unittest.case.SkipTest" message="Test Not Implemented"><![CDATA[Exception: Test Not Implemented
]]></skipped></testcase><testcase classname="tests.key_point_value_test.TestAirspeedMinusV2AtLiftoff" name="test_derive_mocked" time="0.000"></testcase><testcase classname="tests.key_point_value_test.TestAirspeedMinusV2For3Sec35To1000FtMax" name="test_can_operate" time="0.001"></testcase><testcase classname="tests.key_point_value_test.TestAirspeedMinusV2For3Sec35To1000FtMax" name="test_derive" time="0.000"><skipped type="unittest.case.SkipTest" message="Test Not Implemented"><![CDATA[Exception: Test Not Implemented
]]></skipped></testcase><testcase classname="tests.key_point_value_test.TestAirspeedMinusV2For3Sec35To1000FtMin" name="test_can_operate" time="0.000"></testcase><testcase classname="tests.key_point_value_test.TestAirspeedMinusV2For3Sec35To1000FtMin" name="test_derive" time="0.000"><skipped type="unittest.case.SkipTest" message="Test Not Implemented"><![CDATA[Exception: Test Not Implemented
]]></skipped></testcase><testcase classname="tests.key_point_value_test.TestAirspeedMinusV2For3Sec35ToClimbAccelerationStartMax" name="test_can_operate" time="0.000"></testcase><testcase classname="tests.key_point_value_test.TestAirspeedMinusV2For3Sec35ToClimbAccelerationStartMax" name="test_derive_basic" time="0.000"></testcase><testcase classname="tests.key_point_value_test.TestAirspeedMinusV2For3Sec35ToClimbAccelerationStartMin" name="test_can_operate" time="0.001"></testcase><testcase classname="tests.key_point_value_test.TestAirspeedMinusV2For3Sec35ToClimbAccelerationStartMin" name="test_derive_basic" time="0.000"></testcase><testcase classname="tests.key_point_value_test.TestAirspeedMinusVLS1000To500FtMax" name="test_can_operate" time="0.000"></testcase><testcase classname="tests.key_point_value_test.TestAirspeedMinusVLS1000To500FtMax" name="test_derive" time="0.000"><skipped type="unittest.case.SkipTest" message="Test Not Implemented"><![CDATA[Exception: Test Not Implemented
]]></skipped></testcase><testcase classname="tests.key_point_value_test.TestAirspeedMinusVLS1000To500FtMax" name="test_derive_mocked" time="0.000"></testcase><testcase classname="tests.key_point_value_test.TestAirspeedMinusVLS1000To500FtMin" name="test_can_operate" time="0.000"></testcase><testcase classname="tests.key_point_value_test.TestAirspeedMinusVLS1000To500FtMin" name="test_derive" time="0.000"><skipped type="unittest.case.SkipTest" message="Test Not Implemented"><![CDATA[Exception: Test Not Implemented
]]></skipped></testcase><testcase classname="tests.key_point_value_test.TestAirspeedMinusVLS1000To500FtMin" name="test_derive_mocked" time="0.000"></testcase><testcase classname="tests.key_point_value_test.TestAirspeedMinusVLS500To20FtMax" name="test_can_operate" time="0.000"></testcase><testcase classname="tests.key_point_value_test.TestAirspeedMinusVLS500To20FtMax" name="test_derive" time="0.000"><skipped type="unittest.case.SkipTest" message="Test Not Implemented"><![CDATA[Exception: Test Not Implemented
]]></skipped></testcase><testcase classname="tests.key_point_value_test.TestAirspeedMinusVLS500To20FtMax" name="test_derive_mocked" time="0.000"></testcase><testcase classname="tests.key_point_value_test.TestAirspeedMinusVLS500To20FtMin" name="test_can_operate" time="0.000"></testcase><testcase classname="tests.key_point_value_test.TestAirspeedMinusVLS500To20FtMin" name="test_derive" time="0.000"><skipped type="unittest.case.SkipTest" message="Test Not Implemented"><![CDATA[Exception: Test Not Implemented
]]></skipped></testcase><testcase classname="tests.key_point_value_test.TestAirspeedMinusVLS500To20FtMin" name="test_derive_mocked" time="0.000"></testcase><testcase classname="tests.key_point_value_test.TestAirspeedMinusVLSAtTouchdown" name="test_can_operate" time="0.000"></testcase><testcase classname="tests.key_point_value_test.TestAirspeedMinusVLSAtTouchdown" name="test_derive" time="0.000"><skipped type="unittest.case.SkipTest" message="Test Not Implemented"><![CDATA[Exception: Test Not Implemented
]]></skipped></testcase><testcase classname="tests.key_point_value_test.TestAirspeedMinusVLSAtTouchdown" name="test_derive_mocked" time="0.000"></testcase><testcase classname="tests.key_point_value_test.TestAirspeedMinusVLSFor3Sec1000To500FtMax" name="test_can_operate" time="0.001"></testcase><testcase classname="tests.key_point_value_test.TestAirspeedMinusVLSFor3Sec1000To500FtMax" name="test_derive" time="0.000"><skipped type="unittest.case.SkipTest" message="Test Not Implemented"><![CDATA[Exception: Test Not Implemented
]]></skipped></testcase><testcase classname="tests.key_point_value_test.TestAirspeedMinusVLSFor3Sec1000To500FtMin" name="test_can_operate" time="0.001"></testcase><testcase classname="tests.key_point_value_test.TestAirspeedMinusVLSFor3Sec1000To500FtMin" name="test_derive" time="0.000"><skipped type="unittest.case.SkipTest" message="Test Not Implemented"><![CDATA[Exception: Test Not Implemented
]]></skipped></testcase><testcase classname="tests.key_point_value_test.TestAirspeedMinusVLSFor3Sec500To20FtMax" name="test_can_operate" time="0.000"></testcase><testcase classname="tests.key_point_value_test.TestAirspeedMinusVLSFor3Sec500To20FtMax" name="test_derive" time="0.000"><skipped type="unittest.case.SkipTest" message="Test Not Implemented"><![CDATA[Exception: Test Not Implemented
]]></skipped></testcase><testcase classname="tests.key_point_value_test.TestAirspeedMinusVLSFor3Sec500To20FtMin" name="test_can_operate" time="0.000"></testcase><testcase classname="tests.key_point_value_test.TestAirspeedMinusVLSFor3Sec500To20FtMin" name="test_derive" time="0.000"><skipped type="unittest.case.SkipTest" message="Test Not Implemented"><![CDATA[Exception: Test Not Implemented
]]></skipped></testcase><testcase classname="tests.key_point_value_test.TestAirspeedMinusVMOMax" name="test_can_operate" time="0.000"></testcase><testcase classname="tests.key_point_value_test.TestAirspeedMinusVMOMax" name="test_derive__both_masked" time="0.000"></testcase><testcase classname="tests.key_point_value_test.TestAirspeedMinusVMOMax" name="test_derive__lookup_only" time="0.001"></testcase><testcase classname="tests.key_point_value_test.TestAirspeedMinusVMOMax" name="test_derive__masked_within_phase" time="0.001"></testcase><testcase classname="tests.key_point_value_test.TestAirspeedMinusVMOMax" name="test_derive__prefer_record" time="0.001"></testcase><testcase classname="tests.key_point_value_test.TestAirspeedMinusVMOMax" name="test_derive__record_masked" time="0.001"></testcase><testcase classname="tests.key_point_value_test.TestAirspeedMinusVMOMax" name="test_derive__record_only" time="0.001"></testcase><testcase classname="tests.key_point_value_test.TestAirspeedRelative1000To500FtMax" name="test_can_operate" time="0.000"></testcase><testcase classname="tests.key_point_value_test.TestAirspeedRelative1000To500FtMax" name="test_derive" time="0.000"><skipped type="unittest.case.SkipTest" message="Test Not Implemented"><![CDATA[Exception: Test Not Implemented
]]></skipped></testcase><testcase classname="tests.key_point_value_test.TestAirspeedRelative1000To500FtMax" name="test_derive_mocked" time="0.000"></testcase><testcase classname="tests.key_point_value_test.TestAirspeedRelative1000To500FtMin" name="test_can_operate" time="0.000"></testcase><testcase classname="tests.key_point_value_test.TestAirspeedRelative1000To500FtMin" name="test_derive" time="0.000"><skipped type="unittest.case.SkipTest" message="Test Not Implemented"><![CDATA[Exception: Test Not Implemented
]]></skipped></testcase><testcase classname="tests.key_point_value_test.TestAirspeedRelative1000To500FtMin" name="test_derive_mocked" time="0.000"></testcase><testcase classname="tests.key_point_value_test.TestAirspeedRelative20FtToTouchdownMax" name="test_can_operate" time="0.001"></testcase><testcase classname="tests.key_point_value_test.TestAirspeedRelative20FtToTouchdownMax" name="test_derive" time="0.000"><skipped type="unittest.case.SkipTest" message="Test Not Implemented"><![CDATA[Exception: Test Not Implemented
]]></skipped></testcase><testcase classname="tests.key_point_value_test.TestAirspeedRelative20FtToTouchdownMax" name="test_derive_mocked" time="0.000"></testcase><testcase classname="tests.key_point_value_test.TestAirspeedRelative20FtToTouchdownMin" name="test_can_operate" time="0.001"></testcase><testcase classname="tests.key_point_value_test.TestAirspeedRelative20FtToTouchdownMin" name="test_derive" time="0.000"><skipped type="unittest.case.SkipTest" message="Test Not Implemented"><![CDATA[Exception: Test Not Implemented
]]></skipped></testcase><testcase classname="tests.key_point_value_test.TestAirspeedRelative20FtToTouchdownMin" name="test_derive_mocked" time="0.000"></testcase><testcase classname="tests.key_point_value_test.TestAirspeedRelative500To20FtMax" name="test_can_operate" time="0.000"></testcase><testcase classname="tests.key_point_value_test.TestAirspeedRelative500To20FtMax" name="test_derive" time="0.000"><skipped type="unittest.case.SkipTest" message="Test Not Implemented"><![CDATA[Exception: Test Not Implemented
]]></skipped></testcase><testcase classname="tests.key_point_value_test.TestAirspeedRelative500To20FtMax" name="test_derive_mocked" time="0.000"></testcase><testcase classname="tests.key_point_value_test.TestAirspeedRelative500To20FtMin" name="test_can_operate" time="0.000"></testcase><testcase classname="tests.key_point_value_test.TestAirspeedRelative500To20FtMin" name="test_derive" time="0.000"><skipped type="unittest.case.SkipTest" message="Test Not Implemented"><![CDATA[Exception: Test Not Implemented
]]></skipped></testcase><testcase classname="tests.key_point_value_test.TestAirspeedRelative500To20FtMin" name="test_derive_mocked" time="0.000"></testcase><testcase classname="tests.key_point_value_test.TestAirspeedRelativeAtTouchdown" name="test_can_operate" time="0.000"></testcase><testcase classname="tests.key_point_value_test.TestAirspeedRelativeAtTouchdown" name="test_derive" time="0.000"><skipped type="unittest.case.SkipTest" message="Test Not Implemented"><![CDATA[Exception: Test Not Implemented
]]></skipped></testcase><testcase classname="tests.key_point_value_test.TestAirspeedRelativeAtTouchdown" name="test_derive_mocked" time="0.000"></testcase><testcase classname="tests.key_point_value_test.TestAirspeedRelativeFor3Sec1000To500FtMax" name="test_can_operate" time="0.001"></testcase><testcase classname="tests.key_point_value_test.TestAirspeedRelativeFor3Sec1000To500FtMax" name="test_derive" time="0.000"><skipped type="unittest.case.SkipTest" message="Test Not Implemented"><![CDATA[Exception: Test Not Implemented
]]></skipped></testcase><testcase classname="tests.key_point_value_test.TestAirspeedRelativeFor3Sec1000To500FtMin" name="test_can_operate" time="0.000"></testcase><testcase classname="tests.key_point_value_test.TestAirspeedRelativeFor3Sec1000To500FtMin" name="test_derive" time="0.000"><skipped type="unittest.case.SkipTest" message="Test Not Implemented"><![CDATA[Exception: Test Not Implemented
]]></skipped></testcase><testcase classname="tests.key_point_value_test.TestAirspeedRelativeFor3Sec20FtToTouchdownMax" name="test_can_operate" time="0.001"></testcase><testcase classname="tests.key_point_value_test.TestAirspeedRelativeFor3Sec20FtToTouchdownMax" name="test_derive" time="0.000"><skipped type="unittest.case.SkipTest" message="Test Not Implemented"><![CDATA[Exception: Test Not Implemented
]]></skipped></testcase><testcase classname="tests.key_point_value_test.TestAirspeedRelativeFor3Sec20FtToTouchdownMin" name="test_can_operate" time="0.001"></testcase><testcase classname="tests.key_point_value_test.TestAirspeedRelativeFor3Sec20FtToTouchdownMin" name="test_derive" time="0.000"><skipped type="unittest.case.SkipTest" message="Test Not Implemented"><![CDATA[Exception: Test Not Implemented
]]></skipped></testcase><testcase classname="tests.key_point_value_test.TestAirspeedRelativeFor3Sec500To20FtMax" name="test_can_operate" time="0.000"></testcase><testcase classname="tests.key_point_value_test.TestAirspeedRelativeFor3Sec500To20FtMax" name="test_derive" time="0.000"><skipped type="unittest.case.SkipTest" message="Test Not Implemented"><![CDATA[Exception: Test Not Implemented
]]></skipped></testcase><testcase classname="tests.key_point_value_test.TestAirspeedRelativeFor3Sec500To20FtMin" name="test_can_operate" time="0.000"></testcase><testcase classname="tests.key_point_value_test.TestAirspeedRelativeFor3Sec500To20FtMin" name="test_derive" time="0.000"><skipped type="unittest.case.SkipTest" message="Test Not Implemented"><![CDATA[Exception: Test Not Implemented
]]></skipped></testcase><testcase classname="tests.key_point_value_test.TestAirspeedRelativeWithConfigurationDuringDescentMin" name="test_can_operate" time="0.001"></testcase><testcase classname="tests.key_point_value_test.TestAirspeedRelativeWithConfigurationDuringDescentMin" name="test_derive" time="0.004"></testcase><testcase classname="tests.key_point_value_test.TestAirspeedSelectedAtLiftoff" name="test_can_operate" time="0.001"></testcase><testcase classname="tests.key_point_value_test.TestAirspeedSelectedAtLiftoff" name="test_derive" time="0.001"></testcase><testcase classname="tests.key_point_value_test.TestAirspeedSelectedAtLiftoff" name="test_derive__fully_masked" time="0.001"></testcase><testcase classname="tests.key_point_value_test.TestAirspeedSelectedAtLiftoff" name="test_derive__masked" time="0.001"></testcase><testcase classname="tests.key_point_value_test.TestAirspeedSelectedAtLiftoff" name="test_derive__real" time="0.000"></testcase><testcase classname="tests.key_point_value_test.TestAirspeedSelectedAtLiftoff" name="test_derive__superframe" time="0.001"></testcase><testcase classname="tests.key_point_value_test.TestAirspeedSelectedAtTakeoffAccelerationStart" name="test_can_operate" time="0.001"></testcase><testcase classname="tests.key_point_value_test.TestAirspeedSelectedAtTakeoffAccelerationStart" name="test_derive" time="0.001"></testcase><testcase classname="tests.key_point_value_test.TestAirspeedSelectedAtTakeoffAccelerationStart" name="test_derive__fully_masked" time="0.000"></testcase><testcase classname="tests.key_point_value_test.TestAirspeedSelectedAtTakeoffAccelerationStart" name="test_derive__masked" time="0.001"></testcase><testcase classname="tests.key_point_value_test.TestAirspeedSelectedAtTakeoffAccelerationStart" name="test_derive__superframe" time="0.001"></testcase><testcase classname="tests.key_point_value_test.TestAirspeedSelectedFMCMinusFlapManoeuvreSpeed1000to5000FtMin" name="test_can_operate" time="0.001"></testcase><testcase classname="tests.key_point_value_test.TestAirspeedSelectedFMCMinusFlapManoeuvreSpeed1000to5000FtMin" name="test_derive" time="0.001"></testcase><testcase classname="tests.key_point_value_test.TestAirspeedTopOfDescentTo10000FtMax" name="test_can_operate" time="0.002"></testcase><testcase classname="tests.key_point_value_test.TestAirspeedTopOfDescentTo10000FtMax" name="test_derive" time="0.000"><skipped type="unittest.case.SkipTest" message="Test Not Implemented"><![CDATA[Exception: Test Not Implemented
]]></skipped></testcase><testcase classname="tests.key_point_value_test.TestAirspeedTopOfDescentTo4000FtMax" name="test_can_operate" time="0.002"></testcase><testcase classname="tests.key_point_value_test.TestAirspeedTopOfDescentTo4000FtMax" name="test_derive" time="0.000"><skipped type="unittest.case.SkipTest" message="Test Not Implemented"><![CDATA[Exception: Test Not Implemented
]]></skipped></testcase><testcase classname="tests.key_point_value_test.TestAirspeedTopOfDescentTo4000FtMin" name="test_can_operate" time="0.002"></testcase><testcase classname="tests.key_point_value_test.TestAirspeedTopOfDescentTo4000FtMin" name="test_derive" time="0.000"><skipped type="unittest.case.SkipTest" message="Test Not Implemented"><![CDATA[Exception: Test Not Implemented
]]></skipped></testcase><testcase classname="tests.key_point_value_test.TestAirspeedTrueAtTouchdown" name="test_can_operate" time="0.000"></testcase><testcase classname="tests.key_point_value_test.TestAirspeedTrueAtTouchdown" name="test_derive_basic" time="0.000"></testcase><testcase classname="tests.key_point_value_test.TestAirspeedTrueAtTouchdown" name="test_derive_low_frequency" time="0.000"></testcase><testcase classname="tests.key_point_value_test.TestAirspeedVacatingRunway" name="test_can_operate" time="0.000"></testcase><testcase classname="tests.key_point_value_test.TestAirspeedVacatingRunway" name="test_derive" time="0.000"><skipped type="unittest.case.SkipTest" message="Test Not Implemented"><![CDATA[Exception: Test Not Implemented
]]></skipped></testcase><testcase classname="tests.key_point_value_test.TestAirspeedVacatingRunway" name="test_derive_mocked" time="0.000"></testcase><testcase classname="tests.key_point_value_test.TestAirspeedWhileGearExtendingMax" name="test_can_operate" time="0.000"></testcase><testcase classname="tests.key_point_value_test.TestAirspeedWhileGearExtendingMax" name="test_derive" time="0.000"><skipped type="unittest.case.SkipTest" message="Test Not Implemented"><![CDATA[Exception: Test Not Implemented
]]></skipped></testcase><testcase classname="tests.key_point_value_test.TestAirspeedWhileGearExtendingMax" name="test_derive_mocked" time="0.000"></testcase><testcase classname="tests.key_point_value_test.TestAirspeedWhileGearRetractingMax" name="test_can_operate" time="0.000"></testcase><testcase classname="tests.key_point_value_test.TestAirspeedWhileGearRetractingMax" name="test_derive" time="0.000"><skipped type="unittest.case.SkipTest" message="Test Not Implemented"><![CDATA[Exception: Test Not Implemented
]]></skipped></testcase><testcase classname="tests.key_point_value_test.TestAirspeedWhileGearRetractingMax" name="test_derive_mocked" time="0.000"></testcase><testcase classname="tests.key_point_value_test.TestAirspeedWithConfiguration1FExcludingTransitionMaxunittest" name="test_can_operate" time="0.000"></testcase><testcase classname="tests.key_point_value_test.TestAirspeedWithConfiguration1FExcludingTransitionMaxunittest" name="test_derive" time="0.001"></testcase><testcase classname="tests.key_point_value_test.TestAirspeedWithConfigurationMax" name="test_can_operate" time="0.001"></testcase><testcase classname="tests.key_point_value_test.TestAirspeedWithConfigurationMax" name="test_derive" time="0.004"></testcase><testcase classname="tests.key_point_value_test.TestAirspeedWithFlapAndSlatExtendedMax" name="test_can_operate" time="0.000"></testcase><testcase classname="tests.key_point_value_test.TestAirspeedWithFlapAndSlatExtendedMax" name="test_derive_basic" time="0.007"></testcase><testcase classname="tests.key_point_value_test.TestAirspeedWithFlapDuringClimbMax" name="test_can_operate" time="0.000"></testcase><testcase classname="tests.key_point_value_test.TestAirspeedWithFlapDuringClimbMax" name="test_derive_basic" time="0.005"></testcase><testcase classname="tests.key_point_value_test.TestAirspeedWithFlapDuringClimbMin" name="test_can_operate" time="0.000"></testcase><testcase classname="tests.key_point_value_test.TestAirspeedWithFlapDuringClimbMin" name="test_derive" time="0.000"><skipped type="unittest.case.SkipTest" message="Test not implemented."><![CDATA[Exception: Test not implemented.
]]></skipped></testcase><testcase classname="tests.key_point_value_test.TestAirspeedWithFlapDuringDescentMax" name="test_can_operate" time="0.000"></testcase><testcase classname="tests.key_point_value_test.TestAirspeedWithFlapDuringDescentMax" name="test_derive_basic" time="0.005"></testcase><testcase classname="tests.key_point_value_test.TestAirspeedWithFlapDuringDescentMin" name="test_can_operate" time="0.000"></testcase><testcase classname="tests.key_point_value_test.TestAirspeedWithFlapDuringDescentMin" name="test_derive" time="0.000"><skipped type="unittest.case.SkipTest" message="Test not implemented."><![CDATA[Exception: Test not implemented.
]]></skipped></testcase><testcase classname="tests.key_point_value_test.TestAirspeedWithFlapIncludingTransition20AndSlatFullyExtendedMax" name="test_can_operate" time="0.000"></testcase><testcase classname="tests.key_point_value_test.TestAirspeedWithFlapIncludingTransition20AndSlatFullyExtendedMax" name="test_derive_basic" time="0.003"></testcase><testcase classname="tests.key_point_value_test.TestAirspeedWithFlapMax" name="test_can_operate" time="0.000"></testcase><testcase classname="tests.key_point_value_test.TestAirspeedWithFlapMax" name="test_derive" time="0.003"></testcase><testcase classname="tests.key_point_value_test.TestAirspeedWithFlapMax" name="test_derive_Boeing" time="0.003"></testcase><testcase classname="tests.key_point_value_test.TestAirspeedWithFlapMax" name="test_derive_Boeing_fast_flap_angle_rate_of_change" time="0.003"></testcase><testcase classname="tests.key_point_value_test.TestAirspeedWithFlapMax" name="test_derive_Boeing_flap_angle_not_available" time="0.003"></testcase><testcase classname="tests.key_point_value_test.TestAirspeedWithFlapMax" name="test_derive_Boeing_flap_including_transition_not_available" time="0.000"></testcase><testcase classname="tests.key_point_value_test.TestAirspeedWithFlapMax" name="test_derive_Boeing_masked_data" time="0.003"></testcase><testcase classname="tests.key_point_value_test.TestAirspeedWithFlapMax" name="test_derive_fractional_settings" time="0.011"></testcase><testcase classname="tests.key_point_value_test.TestAirspeedWithFlapMin" name="test_can_operate" time="0.000"></testcase><testcase classname="tests.key_point_value_test.TestAirspeedWithFlapMin" name="test_derive" time="0.000"><skipped type="unittest.case.SkipTest" message="Test not implemented."><![CDATA[Exception: Test not implemented.
]]></skipped></testcase><testcase classname="tests.key_point_value_test.TestAirspeedWithGearDownMax" name="test_can_operate" time="0.001"></testcase><testcase classname="tests.key_point_value_test.TestAirspeedWithGearDownMax" name="test_derive_basic" time="0.001"></testcase><testcase classname="tests.key_point_value_test.TestAirspeedWithSpeedbrakeDeployedMax" name="test_can_operate" time="0.000"></testcase><testcase classname="tests.key_point_value_test.TestAirspeedWithSpeedbrakeDeployedMax" name="test_derive_basic" time="0.001"></testcase><testcase classname="tests.key_point_value_test.TestAirspeedWithSpeedbrakeDeployedMax" name="test_derive_below_threshold" time="0.001"></testcase><testcase classname="tests.key_point_value_test.TestAirspeedWithThrustReversersDeployedMin" name="test_can_operate" time="0.000"></testcase><testcase classname="tests.key_point_value_test.TestAirspeedWithThrustReversersDeployedMin" name="test_derive_basic" time="0.001"></testcase><testcase classname="tests.key_point_value_test.TestAirspeedWithThrustReversersDeployedMin" name="test_derive_inadequate_power" time="0.000"></testcase><testcase classname="tests.key_point_value_test.TestAirspeedWithThrustReversersDeployedMin" name="test_derive_not_deployed" time="0.001"></testcase><testcase classname="tests.key_point_value_test.TestAirspeedWithThrustReversersDeployedMin" name="test_derive_with_epr" time="0.001"></testcase><testcase classname="tests.key_point_value_test.TestAlphaFloorDuration" name="test_can_operate" time="0.000"></testcase><testcase classname="tests.key_point_value_test.TestAlphaFloorDuration" name="test_derive" time="0.000"><skipped type="unittest.case.SkipTest" message="Test Not Implemented"><![CDATA[Exception: Test Not Implemented
]]></skipped></testcase><testcase classname="tests.key_point_value_test.TestAlphaFloorDuration" name="test_derive_basic" time="0.001"></testcase><testcase classname="tests.key_point_value_test.TestAlternateLawDuration" name="test_can_operate" time="0.000"></testcase><testcase classname="tests.key_point_value_test.TestAlternateLawDuration" name="test_derive_basic" time="0.002"></testcase><testcase classname="tests.key_point_value_test.TestAltitudeAALCleanConfigurationMin" name="test_can_operate" time="0.001"></testcase><testcase classname="tests.key_point_value_test.TestAltitudeAALCleanConfigurationMin" name="test_derive" time="0.001"></testcase><testcase classname="tests.key_point_value_test.TestAltitudeAtAPDisengagedSelection" name="test_can_operate" time="0.000"></testcase><testcase classname="tests.key_point_value_test.TestAltitudeAtAPDisengagedSelection" name="test_derive" time="0.000"><skipped type="unittest.case.SkipTest" message="Test Not Implemented"><![CDATA[Exception: Test Not Implemented
]]></skipped></testcase><testcase classname="tests.key_point_value_test.TestAltitudeAtAPDisengagedSelection" name="test_derive_mocked" time="0.000"></testcase><testcase classname="tests.key_point_value_test.TestAltitudeAtAPEngagedSelection" name="test_can_operate" time="0.000"></testcase><testcase classname="tests.key_point_value_test.TestAltitudeAtAPEngagedSelection" name="test_derive" time="0.000"><skipped type="unittest.case.SkipTest" message="Test Not Implemented"><![CDATA[Exception: Test Not Implemented
]]></skipped></testcase><testcase classname="tests.key_point_value_test.TestAltitudeAtAPEngagedSelection" name="test_derive_mocked" time="0.000"></testcase><testcase classname="tests.key_point_value_test.TestAltitudeAtATDisengagedSelection" name="test_can_operate" time="0.000"></testcase><testcase classname="tests.key_point_value_test.TestAltitudeAtATDisengagedSelection" name="test_derive" time="0.000"><skipped type="unittest.case.SkipTest" message="Test Not Implemented"><![CDATA[Exception: Test Not Implemented
]]></skipped></testcase><testcase classname="tests.key_point_value_test.TestAltitudeAtATDisengagedSelection" name="test_derive_mocked" time="0.000"></testcase><testcase classname="tests.key_point_value_test.TestAltitudeAtATEngagedSelection" name="test_can_operate" time="0.000"></testcase><testcase classname="tests.key_point_value_test.TestAltitudeAtATEngagedSelection" name="test_derive" time="0.000"><skipped type="unittest.case.SkipTest" message="Test Not Implemented"><![CDATA[Exception: Test Not Implemented
]]></skipped></testcase><testcase classname="tests.key_point_value_test.TestAltitudeAtATEngagedSelection" name="test_derive_mocked" time="0.000"></testcase><testcase classname="tests.key_point_value_test.TestAltitudeAtClimbThrustDerateDeselectedDuringClimbBelow33000Ft" name="test_can_operate" time="0.001"></testcase><testcase classname="tests.key_point_value_test.TestAltitudeAtClimbThrustDerateDeselectedDuringClimbBelow33000Ft" name="test_derive_basic" time="0.000"></testcase><testcase classname="tests.key_point_value_test.TestAltitudeAtFirstAPEngagedAfterLiftoff" name="test_can_operate" time="0.001"></testcase><testcase classname="tests.key_point_value_test.TestAltitudeAtFirstAPEngagedAfterLiftoff" name="test_derive_basic" time="0.001"></testcase><testcase classname="tests.key_point_value_test.TestAltitudeAtFirstFlapChangeAfterLiftoff" name="test_can_operate" time="0.000"></testcase><testcase classname="tests.key_point_value_test.TestAltitudeAtFirstFlapChangeAfterLiftoff" name="test_derive" time="0.001"></testcase><testcase classname="tests.key_point_value_test.TestAltitudeAtFirstFlapChangeAfterLiftoff" name="test_derive_no_flap_takeoff" time="0.000"></testcase><testcase classname="tests.key_point_value_test.TestAltitudeAtFirstFlapExtensionAfterLiftoff" name="test_can_operate" time="0.000"></testcase><testcase classname="tests.key_point_value_test.TestAltitudeAtFirstFlapExtensionAfterLiftoff" name="test_derive_basic" time="0.000"></testcase><testcase classname="tests.key_point_value_test.TestAltitudeAtFirstFlapRetraction" name="test_can_operate" time="0.000"></testcase><testcase classname="tests.key_point_value_test.TestAltitudeAtFirstFlapRetraction" name="test_derive_basic" time="0.000"></testcase><testcase classname="tests.key_point_value_test.TestAltitudeAtFirstFlapRetraction" name="test_derive_no_ktis" time="0.000"></testcase><testcase classname="tests.key_point_value_test.TestAltitudeAtFirstFlapRetractionDuringGoAround" name="test_can_operate" time="0.001"></testcase><testcase classname="tests.key_point_value_test.TestAltitudeAtFirstFlapRetractionDuringGoAround" name="test_derive_multiple_ktis" time="0.001"></testcase><testcase classname="tests.key_point_value_test.TestAltitudeAtFirstFlapRetractionDuringGoAround" name="test_derive_no_ktis" time="0.000"></testcase><testcase classname="tests.key_point_value_test.TestAltitudeAtFirstGearUpSelection" name="test_can_operate" time="0.000"></testcase><testcase classname="tests.key_point_value_test.TestAltitudeAtFirstGearUpSelection" name="test_derive_basic" time="0.000"></testcase><testcase classname="tests.key_point_value_test.TestAltitudeAtFirstGearUpSelection" name="test_derive_no_gear_down" time="0.000"></testcase><testcase classname="tests.key_point_value_test.TestAltitudeAtFlapExtension" name="test_can_operate" time="0.000"></testcase><testcase classname="tests.key_point_value_test.TestAltitudeAtFlapExtension" name="test_derive_multiple_ktis" time="0.000"></testcase><testcase classname="tests.key_point_value_test.TestAltitudeAtFlapExtension" name="test_derive_no_ktis" time="0.000"></testcase><testcase classname="tests.key_point_value_test.TestAltitudeAtFlapExtensionWithGearDownSelected" name="test_can_operate" time="0.000"></testcase><testcase classname="tests.key_point_value_test.TestAltitudeAtFlapExtensionWithGearDownSelected" name="test_derive" time="0.001"></testcase><testcase classname="tests.key_point_value_test.TestAltitudeAtGearDownSelectionWithFlapDown" name="test_can_operate" time="0.000"></testcase><testcase classname="tests.key_point_value_test.TestAltitudeAtGearDownSelectionWithFlapDown" name="test_derive_basic" time="0.002"></testcase><testcase classname="tests.key_point_value_test.TestAltitudeAtGearDownSelectionWithFlapUp" name="test_can_operate" time="0.000"></testcase><testcase classname="tests.key_point_value_test.TestAltitudeAtGearDownSelectionWithFlapUp" name="test_derive_basic" time="0.002"></testcase><testcase classname="tests.key_point_value_test.TestAltitudeAtGearUpSelectionDuringGoAround" name="test_can_operate" time="0.001"></testcase><testcase classname="tests.key_point_value_test.TestAltitudeAtGearUpSelectionDuringGoAround" name="test_derive" time="0.000"><skipped type="unittest.case.SkipTest" message="Test Not Implemented"><![CDATA[Exception: Test Not Implemented
]]></skipped></testcase><testcase classname="tests.key_point_value_test.TestAltitudeAtLastAPDisengagedDuringApproach" name="test_can_operate" time="0.001"></testcase><testcase classname="tests.key_point_value_test.TestAltitudeAtLastAPDisengagedDuringApproach" name="test_derive_basic" time="0.000"></testcase><testcase classname="tests.key_point_value_test.TestAltitudeAtLastFlapChangeBeforeTouchdown" name="test_can_operate" time="0.000"></testcase><testcase classname="tests.key_point_value_test.TestAltitudeAtLastFlapChangeBeforeTouchdown" name="test_derive" time="0.001"></testcase><testcase classname="tests.key_point_value_test.TestAltitudeAtLastFlapChangeBeforeTouchdown" name="test_derive_auto_retract_after_touchdown" time="0.001"></testcase><testcase classname="tests.key_point_value_test.TestAltitudeAtLastFlapChangeBeforeTouchdown" name="test_derive_auto_retract_before_touchdown" time="0.001"></testcase><testcase classname="tests.key_point_value_test.TestAltitudeAtLastFlapChangeBeforeTouchdown" name="test_late_retraction" time="0.001"></testcase><testcase classname="tests.key_point_value_test.TestAltitudeAtLastFlapRetraction" name="test_can_operate" time="0.000"></testcase><testcase classname="tests.key_point_value_test.TestAltitudeAtLastFlapRetraction" name="test_derive_basic" time="0.000"></testcase><testcase classname="tests.key_point_value_test.TestAltitudeAtLastFlapRetraction" name="test_derive_no_ktis" time="0.000"></testcase><testcase classname="tests.key_point_value_test.TestAltitudeAtLastFlapSelectionBeforeTouchdown" name="test_can_operate" time="0.001"></testcase><testcase classname="tests.key_point_value_test.TestAltitudeAtLastFlapSelectionBeforeTouchdown" name="test_derive" time="0.002"></testcase><testcase classname="tests.key_point_value_test.TestAltitudeAtLastFlapSelectionBeforeTouchdown" name="test_derive_synth_only" time="0.002"></testcase><testcase classname="tests.key_point_value_test.TestAltitudeAtLastGearDownSelection" name="test_can_operate" time="0.000"></testcase><testcase classname="tests.key_point_value_test.TestAltitudeAtLastGearDownSelection" name="test_derive_basic" time="0.000"></testcase><testcase classname="tests.key_point_value_test.TestAltitudeAtLastGearDownSelection" name="test_derive_no_gear_down" time="0.000"></testcase><testcase classname="tests.key_point_value_test.TestAltitudeAtMachMax" name="test_can_operate" time="0.000"></testcase><testcase classname="tests.key_point_value_test.TestAltitudeAtMachMax" name="test_derive" time="0.000"><skipped type="unittest.case.SkipTest" message="Test Not Implemented"><![CDATA[Exception: Test Not Implemented
]]></skipped></testcase><testcase classname="tests.key_point_value_test.TestAltitudeAtMachMax" name="test_derive_mocked" time="0.000"></testcase><testcase classname="tests.key_point_value_test.TestAltitudeDuringGoAroundMin" name="test_can_operate" time="0.000"></testcase><testcase classname="tests.key_point_value_test.TestAltitudeDuringGoAroundMin" name="test_derive" time="0.000"><skipped type="unittest.case.SkipTest" message="Test Not Implemented"><![CDATA[Exception: Test Not Implemented
]]></skipped></testcase><testcase classname="tests.key_point_value_test.TestAltitudeDuringGoAroundMin" name="test_derive_mocked" time="0.000"></testcase><testcase classname="tests.key_point_value_test.TestAltitudeFirstStableDuringApproachBeforeGoAround" name="test_can_operate" time="0.000"></testcase><testcase classname="tests.key_point_value_test.TestAltitudeFirstStableDuringApproachBeforeGoAround" name="test_derive_stable_with_one_approach_is_ignored" time="0.000"></testcase><testcase classname="tests.key_point_value_test.TestAltitudeFirstStableDuringApproachBeforeGoAround" name="test_derive_two_approaches_keeps_only_first" time="0.001"></testcase><testcase classname="tests.key_point_value_test.TestAltitudeFirstStableDuringLastApproach" name="test_can_operate" time="0.000"></testcase><testcase classname="tests.key_point_value_test.TestAltitudeFirstStableDuringLastApproach" name="test_derive_stable_with_one_approach" time="0.001"></testcase><testcase classname="tests.key_point_value_test.TestAltitudeFirstStableDuringLastApproach" name="test_derive_stable_with_one_approach_all_unstable" time="0.001"></testcase><testcase classname="tests.key_point_value_test.TestAltitudeFirstStableDuringLastApproach" name="test_derive_two_approaches" time="0.001"></testcase><testcase classname="tests.key_point_value_test.TestAltitudeInCruiseAverage" name="test_basic" time="0.001"></testcase><testcase classname="tests.key_point_value_test.TestAltitudeInCruiseAverage" name="test_can_operate" time="0.000"></testcase><testcase classname="tests.key_point_value_test.TestAltitudeLastUnstableDuringApproachBeforeGoAround" name="test_can_operate" time="0.000"></testcase><testcase classname="tests.key_point_value_test.TestAltitudeLastUnstableDuringApproachBeforeGoAround" name="test_derive_two_approaches" time="0.001"></testcase><testcase classname="tests.key_point_value_test.TestAltitudeLastUnstableDuringApproachBeforeGoAround" name="test_never_stable_reads_0" time="0.001"></testcase><testcase classname="tests.key_point_value_test.TestAltitudeLastUnstableDuringLastApproach" name="test_can_operate" time="0.000"></testcase><testcase classname="tests.key_point_value_test.TestAltitudeLastUnstableDuringLastApproach" name="test_derive_two_approaches_uses_last_one" time="0.001"></testcase><testcase classname="tests.key_point_value_test.TestAltitudeLastUnstableDuringLastApproach" name="test_never_stable_stores_a_value" time="0.001"></testcase><testcase classname="tests.key_point_value_test.TestAltitudeLastUnstableDuringLastApproachExcludingEngThrust" name="test_can_operate" time="0.000"></testcase><testcase classname="tests.key_point_value_test.TestAltitudeLastUnstableDuringLastApproachExcludingEngThrust" name="test_derive_two_approaches_uses_last_one" time="0.001"></testcase><testcase classname="tests.key_point_value_test.TestAltitudeLastUnstableDuringLastApproachExcludingEngThrust" name="test_never_stable_stores_a_value" time="0.001"></testcase><testcase classname="tests.key_point_value_test.TestAltitudeMax" name="test_can_operate" time="0.000"></testcase><testcase classname="tests.key_point_value_test.TestAltitudeMax" name="test_derive" time="0.000"><skipped type="unittest.case.SkipTest" message="Test Not Implemented"><![CDATA[Exception: Test Not Implemented
]]></skipped></testcase><testcase classname="tests.key_point_value_test.TestAltitudeMax" name="test_derive_mocked" time="0.000"></testcase><testcase classname="tests.key_point_value_test.TestAltitudeOvershootAtSuspectedLevelBust" name="test_can_operate" time="0.000"></testcase><testcase classname="tests.key_point_value_test.TestAltitudeOvershootAtSuspectedLevelBust" name="test_derive_level_flights" time="0.042"></testcase><testcase classname="tests.key_point_value_test.TestAltitudeOvershootAtSuspectedLevelBust" name="test_derive_no_duplicates_1" time="0.007"></testcase><testcase classname="tests.key_point_value_test.TestAltitudeOvershootAtSuspectedLevelBust" name="test_derive_no_duplicates_2" time="0.008"></testcase><testcase classname="tests.key_point_value_test.TestAltitudeOvershootAtSuspectedLevelBust" name="test_derive_over_900ft" time="0.004"></testcase><testcase classname="tests.key_point_value_test.TestAltitudeOvershootAtSuspectedLevelBust" name="test_derive_overshoot_during_descent" time="0.008"></testcase><testcase classname="tests.key_point_value_test.TestAltitudeOvershootAtSuspectedLevelBust" name="test_derive_real_data_overshoot" time="0.007"></testcase><testcase classname="tests.key_point_value_test.TestAltitudeOvershootAtSuspectedLevelBust" name="test_derive_straight_up_and_down" time="0.004"></testcase><testcase classname="tests.key_point_value_test.TestAltitudeOvershootAtSuspectedLevelBust" name="test_derive_too_slow" time="0.004"></testcase><testcase classname="tests.key_point_value_test.TestAltitudeOvershootAtSuspectedLevelBust" name="test_derive_up_and_down_with_overshoot" time="0.004"></testcase><testcase classname="tests.key_point_value_test.TestAltitudeOvershootAtSuspectedLevelBust" name="test_derive_up_and_down_with_undershoot" time="0.005"></testcase><testcase classname="tests.key_point_value_test.TestAltitudeOvershootAtSuspectedLevelBust" name="test_derive_with_real_go_around_data_ignores_undershoot" time="0.011"></testcase><testcase classname="tests.key_point_value_test.TestAltitudeSTDMax" name="test_can_operate" time="0.000"></testcase><testcase classname="tests.key_point_value_test.TestAltitudeSTDMax" name="test_derive" time="0.000"></testcase><testcase classname="tests.key_point_value_test.TestAltitudeSTDWithGearDownMax" name="test_can_operate" time="0.001"></testcase><testcase classname="tests.key_point_value_test.TestAltitudeSTDWithGearDownMax" name="test_derive_basic" time="0.001"></testcase><testcase classname="tests.key_point_value_test.TestAltitudeWithFlapMax" name="test_can_operate" time="0.000"></testcase><testcase classname="tests.key_point_value_test.TestAltitudeWithFlapMax" name="test_derive" time="0.002"></testcase><testcase classname="tests.key_point_value_test.TestAltitudeWithGearDownMax" name="test_can_operate" time="0.001"></testcase><testcase classname="tests.key_point_value_test.TestAltitudeWithGearDownMax" name="test_derive_basic" time="0.001"></testcase><testcase classname="tests.key_point_value_test.TestAltitudeWithSpeedbrakeDeployedDuringFinalApproachMin" name="test_can_operate" time="0.001"></testcase><testcase classname="tests.key_point_value_test.TestAltitudeWithSpeedbrakeDeployedDuringFinalApproachMin" name="test_derive" time="0.001"></testcase><testcase classname="tests.key_point_value_test.TestApproachFlightPathAngle1000To500FtMax" name="test_can_operate" time="0.000"></testcase><testcase classname="tests.key_point_value_test.TestApproachFlightPathAngle1000To500FtMax" name="test_derive" time="0.000"><skipped type="unittest.case.SkipTest" message="Test Not Implemented"><![CDATA[Exception: Test Not Implemented
]]></skipped></testcase><testcase classname="tests.key_point_value_test.TestApproachFlightPathAngle1000To500FtMax" name="test_derive_mocked" time="0.000"></testcase><testcase classname="tests.key_point_value_test.TestApproachFlightPathAngle1000To500FtMin" name="test_can_operate" time="0.000"></testcase><testcase classname="tests.key_point_value_test.TestApproachFlightPathAngle1000To500FtMin" name="test_derive" time="0.000"><skipped type="unittest.case.SkipTest" message="Test Not Implemented"><![CDATA[Exception: Test Not Implemented
]]></skipped></testcase><testcase classname="tests.key_point_value_test.TestApproachFlightPathAngle1000To500FtMin" name="test_derive_mocked" time="0.000"></testcase><testcase classname="tests.key_point_value_test.TestApproachFlightPathAngle1500To1000FtMax" name="test_can_operate" time="0.000"></testcase><testcase classname="tests.key_point_value_test.TestApproachFlightPathAngle1500To1000FtMax" name="test_derive" time="0.000"><skipped type="unittest.case.SkipTest" message="Test Not Implemented"><![CDATA[Exception: Test Not Implemented
]]></skipped></testcase><testcase classname="tests.key_point_value_test.TestApproachFlightPathAngle1500To1000FtMax" name="test_derive_mocked" time="0.000"></testcase><testcase classname="tests.key_point_value_test.TestApproachFlightPathAngle1500To1000FtMin" name="test_can_operate" time="0.000"></testcase><testcase classname="tests.key_point_value_test.TestApproachFlightPathAngle1500To1000FtMin" name="test_derive" time="0.000"><skipped type="unittest.case.SkipTest" message="Test Not Implemented"><![CDATA[Exception: Test Not Implemented
]]></skipped></testcase><testcase classname="tests.key_point_value_test.TestApproachFlightPathAngle1500To1000FtMin" name="test_derive_mocked" time="0.000"></testcase><testcase classname="tests.key_point_value_test.TestApproachFlightPathAngle500To200FtMax" name="test_can_operate" time="0.000"></testcase><testcase classname="tests.key_point_value_test.TestApproachFlightPathAngle500To200FtMax" name="test_derive" time="0.000"><skipped type="unittest.case.SkipTest" message="Test Not Implemented"><![CDATA[Exception: Test Not Implemented
]]></skipped></testcase><testcase classname="tests.key_point_value_test.TestApproachFlightPathAngle500To200FtMax" name="test_derive_mocked" time="0.000"></testcase><testcase classname="tests.key_point_value_test.TestApproachFlightPathAngle500To200FtMin" name="test_can_operate" time="0.000"></testcase><testcase classname="tests.key_point_value_test.TestApproachFlightPathAngle500To200FtMin" name="test_derive" time="0.000"><skipped type="unittest.case.SkipTest" message="Test Not Implemented"><![CDATA[Exception: Test Not Implemented
]]></skipped></testcase><testcase classname="tests.key_point_value_test.TestApproachFlightPathAngle500To200FtMin" name="test_derive_mocked" time="0.000"></testcase><testcase classname="tests.key_point_value_test.TestAutobrakeRejectedTakeoffNotSetDuringTakeoff" name="test_can_operate" time="0.000"></testcase><testcase classname="tests.key_point_value_test.TestAutobrakeRejectedTakeoffNotSetDuringTakeoff" name="test_derive_basic" time="0.001"></testcase><testcase classname="tests.key_point_value_test.TestAutobrakeRejectedTakeoffNotSetDuringTakeoff" name="test_with_masked_values" time="0.001"></testcase><testcase classname="tests.key_point_value_test.TestBrakePressureInTakeoffRollMax" name="test_can_operate" time="0.000"></testcase><testcase classname="tests.key_point_value_test.TestBrakePressureInTakeoffRollMax" name="test_derive" time="0.000"><skipped type="unittest.case.SkipTest" message="Test Not Implemented"><![CDATA[Exception: Test Not Implemented
]]></skipped></testcase><testcase classname="tests.key_point_value_test.TestBrakePressureInTakeoffRollMax" name="test_derive_mocked" time="0.000"></testcase><testcase classname="tests.key_point_value_test.TestBrakeTempAfterTouchdownDelta" name="test_basic" time="0.001"></testcase><testcase classname="tests.key_point_value_test.TestBrakeTempAfterTouchdownDelta" name="test_can_operate" time="0.000"></testcase><testcase classname="tests.key_point_value_test.TestBrakeTempAfterTouchdownDelta" name="test_derive_basic" time="0.000"></testcase><testcase classname="tests.key_point_value_test.TestBrakeTempDuringTaxiInMax" name="test_can_operate" time="0.000"></testcase><testcase classname="tests.key_point_value_test.TestBrakeTempDuringTaxiInMax" name="test_derive" time="0.000"><skipped type="unittest.case.SkipTest" message="Test Not Implemented"><![CDATA[Exception: Test Not Implemented
]]></skipped></testcase><testcase classname="tests.key_point_value_test.TestBrakeTempDuringTaxiInMax" name="test_derive_mocked" time="0.000"></testcase><testcase classname="tests.key_point_value_test.TestControlColumnForceMax" name="test_can_operate" time="0.000"></testcase><testcase classname="tests.key_point_value_test.TestControlColumnForceMax" name="test_derive" time="0.001"></testcase><testcase classname="tests.key_point_value_test.TestControlColumnStiffness" name="test_can_operate" time="0.001"></testcase><testcase classname="tests.key_point_value_test.TestControlColumnStiffness" name="test_derive_max" time="0.001"></testcase><testcase classname="tests.key_point_value_test.TestControlColumnStiffness" name="test_derive_too_few_samples" time="0.001"></testcase><testcase classname="tests.key_point_value_test.TestControlWheelForceMax" name="test_can_operate" time="0.000"></testcase><testcase classname="tests.key_point_value_test.TestControlWheelForceMax" name="test_derive" time="0.001"></testcase><testcase classname="tests.key_point_value_test.TestCruiseSpeedLowDuration" name="test_can_operate" time="0.001"></testcase><testcase classname="tests.key_point_value_test.TestCruiseSpeedLowDuration" name="test_derive_basic" time="0.001"></testcase><testcase classname="tests.key_point_value_test.TestDHSelectedAt1500FtLVO" name="test_can_operate" time="0.000"></testcase><testcase classname="tests.key_point_value_test.TestDHSelectedAt1500FtLVO" name="test_derive" time="0.000"></testcase><testcase classname="tests.key_point_value_test.TestDecelerateToStopOnRunwayDuration" name="test_can_operate" time="0.000"><skipped type="unittest.case.SkipTest" message="Test Not Implemented"><![CDATA[Exception: Test Not Implemented
]]></skipped></testcase><testcase classname="tests.key_point_value_test.TestDecelerateToStopOnRunwayDuration" name="test_derive" time="0.000"><skipped type="unittest.case.SkipTest" message="Test Not Implemented"><![CDATA[Exception: Test Not Implemented
]]></skipped></testcase><testcase classname="tests.key_point_value_test.TestDecelerationFromTouchdownToStopOnRunway" name="test_can_operate" time="0.035"></testcase><testcase classname="tests.key_point_value_test.TestDecelerationFromTouchdownToStopOnRunway" name="test_derive" time="0.000"><skipped type="unittest.case.SkipTest" message="Test Not Implemented"><![CDATA[Exception: Test Not Implemented
]]></skipped></testcase><testcase classname="tests.key_point_value_test.TestDegradedPerformanceCautionDuration" name="test_can_operate" time="0.001"></testcase><testcase classname="tests.key_point_value_test.TestDegradedPerformanceCautionDuration" name="test_derive_basic" time="0.001"></testcase><testcase classname="tests.key_point_value_test.TestDelayedBrakingAfterTouchdown" name="test_can_operate" time="0.001"></testcase><testcase classname="tests.key_point_value_test.TestDelayedBrakingAfterTouchdown" name="test_derive_basic" time="0.002"></testcase><testcase classname="tests.key_point_value_test.TestDescentToFlare" name="test_can_operate" time="0.000"><skipped type="unittest.case.SkipTest" message="Test Not Implemented"><![CDATA[Exception: Test Not Implemented
]]></skipped></testcase><testcase classname="tests.key_point_value_test.TestDescentToFlare" name="test_derive" time="0.000"><skipped type="unittest.case.SkipTest" message="Test Not Implemented"><![CDATA[Exception: Test Not Implemented
]]></skipped></testcase><testcase classname="tests.key_point_value_test.TestDirectLawDuration" name="test_can_operate" time="0.000"></testcase><testcase classname="tests.key_point_value_test.TestDirectLawDuration" name="test_derive_basic" time="0.002"></testcase><testcase classname="tests.key_point_value_test.TestDistanceFrom60KtToRunwayEnd" name="test_can_operate" time="0.000"><skipped type="unittest.case.SkipTest" message="Test Not Implemented"><![CDATA[Exception: Test Not Implemented
]]></skipped></testcase><testcase classname="tests.key_point_value_test.TestDistanceFrom60KtToRunwayEnd" name="test_derive" time="0.000"><skipped type="unittest.case.SkipTest" message="Test Not Implemented"><![CDATA[Exception: Test Not Implemented
]]></skipped></testcase><testcase classname="tests.key_point_value_test.TestDistanceFromRunwayCentrelineAtTouchdown" name="test_basic" time="0.000"></testcase><testcase classname="tests.key_point_value_test.TestDistanceFromRunwayCentrelineAtTouchdown" name="test_can_operate" time="0.000"></testcase><testcase classname="tests.key_point_value_test.TestDistanceFromRunwayCentrelineAtTouchdown" name="test_masked" time="0.000"></testcase><testcase classname="tests.key_point_value_test.TestDistanceFromRunwayCentrelineFromTouchdownTo60KtMax" name="test_abs_function" time="0.001"></testcase><testcase classname="tests.key_point_value_test.TestDistanceFromRunwayCentrelineFromTouchdownTo60KtMax" name="test_basic" time="0.001"></testcase><testcase classname="tests.key_point_value_test.TestDistanceFromRunwayCentrelineFromTouchdownTo60KtMax" name="test_can_operate" time="0.001"></testcase><testcase classname="tests.key_point_value_test.TestDistanceFromRunwayCentrelineFromTouchdownTo60KtMax" name="test_stays_fast" time="0.000"></testcase><testcase classname="tests.key_point_value_test.TestDistanceFromRunwayStartToTouchdown" name="test_can_operate" time="0.000"><skipped type="unittest.case.SkipTest" message="Test Not Implemented"><![CDATA[Exception: Test Not Implemented
]]></skipped></testcase><testcase classname="tests.key_point_value_test.TestDistanceFromRunwayStartToTouchdown" name="test_derive" time="0.000"><skipped type="unittest.case.SkipTest" message="Test Not Implemented"><![CDATA[Exception: Test Not Implemented
]]></skipped></testcase><testcase classname="tests.key_point_value_test.TestDistanceFromTouchdownToRunwayEnd" name="test_can_operate" time="0.000"><skipped type="unittest.case.SkipTest" message="Test Not Implemented"><![CDATA[Exception: Test Not Implemented
]]></skipped></testcase><testcase classname="tests.key_point_value_test.TestDistanceFromTouchdownToRunwayEnd" name="test_derive" time="0.000"><skipped type="unittest.case.SkipTest" message="Test Not Implemented"><![CDATA[Exception: Test Not Implemented
]]></skipped></testcase><testcase classname="tests.key_point_value_test.TestDistancePastGlideslopeAntennaToTouchdown" name="test_can_operate" time="0.000"><skipped type="unittest.case.SkipTest" message="Test Not Implemented"><![CDATA[Exception: Test Not Implemented
]]></skipped></testcase><testcase classname="tests.key_point_value_test.TestDistancePastGlideslopeAntennaToTouchdown" name="test_derive" time="0.000"><skipped type="unittest.case.SkipTest" message="Test Not Implemented"><![CDATA[Exception: Test Not Implemented
]]></skipped></testcase><testcase classname="tests.key_point_value_test.TestDistanceTravelledDuringTurnback" name="test_can_operate" time="0.000"><skipped type="unittest.case.SkipTest" message="Test Not Implemented"><![CDATA[Exception: Test Not Implemented
]]></skipped></testcase><testcase classname="tests.key_point_value_test.TestDistanceTravelledDuringTurnback" name="test_derive_basic" time="0.001"></testcase><testcase classname="tests.key_point_value_test.TestDistanceTravelledFollowingDiversion" name="test_can_operate" time="0.000"><skipped type="unittest.case.SkipTest" message="Test Not Implemented"><![CDATA[Exception: Test Not Implemented
]]></skipped></testcase><testcase classname="tests.key_point_value_test.TestDistanceTravelledFollowingDiversion" name="test_derive__after_touchdown" time="0.001"></testcase><testcase classname="tests.key_point_value_test.TestDistanceTravelledFollowingDiversion" name="test_derive__change_back" time="0.002"></testcase><testcase classname="tests.key_point_value_test.TestDistanceTravelledFollowingDiversion" name="test_derive_basic" time="0.003"></testcase><testcase classname="tests.key_point_value_test.TestDriftAtTouchdown" name="test_attributes" time="0.000"></testcase><testcase classname="tests.key_point_value_test.TestDriftAtTouchdown" name="test_can_operate" time="0.000"></testcase><testcase classname="tests.key_point_value_test.TestDriftAtTouchdown" name="test_derive" time="0.000"></testcase><testcase classname="tests.key_point_value_test.TestDualInputAbove200FtDuration" name="test_can_operate" time="0.000"></testcase><testcase classname="tests.key_point_value_test.TestDualInputAbove200FtDuration" name="test_derive" time="0.001"></testcase><testcase classname="tests.key_point_value_test.TestDualInputAbove200FtDuration" name="test_derive_from_hdf" time="0.006"></testcase><testcase classname="tests.key_point_value_test.TestDualInputBelow200FtDuration" name="test_can_operate" time="0.001"></testcase><testcase classname="tests.key_point_value_test.TestDualInputBelow200FtDuration" name="test_derive" time="0.001"></testcase><testcase classname="tests.key_point_value_test.TestDualInputBelow200FtDuration" name="test_derive_from_hdf" time="0.003"></testcase><testcase classname="tests.key_point_value_test.TestDualInputByCaptDuration" name="test_can_operate" time="0.001"></testcase><testcase classname="tests.key_point_value_test.TestDualInputByCaptDuration" name="test_derive" time="0.001"></testcase><testcase classname="tests.key_point_value_test.TestDualInputByCaptDuration" name="test_derive_from_hdf" time="0.000"><skipped type="unittest.case.SkipTest" message="No data available in the relevant HDF for this test case."><![CDATA[Exception: No data available in the relevant HDF for this test case.
]]></skipped></testcase><testcase classname="tests.key_point_value_test.TestDualInputByCaptMax" name="test_can_operate" time="0.002"></testcase><testcase classname="tests.key_point_value_test.TestDualInputByCaptMax" name="test_derive" time="0.002"></testcase><testcase classname="tests.key_point_value_test.TestDualInputByFODuration" name="test_can_operate" time="0.001"></testcase><testcase classname="tests.key_point_value_test.TestDualInputByFODuration" name="test_derive" time="0.001"></testcase><testcase classname="tests.key_point_value_test.TestDualInputByFOMax" name="test_can_operate" time="0.002"></testcase><testcase classname="tests.key_point_value_test.TestDualInputByFOMax" name="test_derive" time="0.001"></testcase><testcase classname="tests.key_point_value_test.TestDualInputWarningDuration" name="test_can_operate" time="0.001"></testcase><testcase classname="tests.key_point_value_test.TestDualInputWarningDuration" name="test_derive" time="0.001"></testcase><testcase classname="tests.key_point_value_test.TestDualInputWarningDuration" name="test_derive_from_hdf" time="0.003"></testcase><testcase classname="tests.key_point_value_test.TestElevatorDuringLandingMin" name="test_can_operate" time="0.000"></testcase><testcase classname="tests.key_point_value_test.TestElevatorDuringLandingMin" name="test_derive" time="0.001"></testcase><testcase classname="tests.key_point_value_test.TestElevatorDuringLandingMin" name="test_derive_mocked" time="0.000"></testcase><testcase classname="tests.key_point_value_test.TestElevatorPreflightCheck" name="test_can_operate" time="0.005"></testcase><testcase classname="tests.key_point_value_test.TestElevatorPreflightCheck" name="test_derive" time="0.003"></testcase><testcase classname="tests.key_point_value_test.TestElevatorPreflightCheck" name="test_derive_apu" time="0.003"></testcase><testcase classname="tests.key_point_value_test.TestEngAPRDuration" name="test_attcs" time="0.001"></testcase><testcase classname="tests.key_point_value_test.TestEngAPRDuration" name="test_basic" time="0.001"></testcase><testcase classname="tests.key_point_value_test.TestEngAPRDuration" name="test_can_operate" time="0.001"></testcase><testcase classname="tests.key_point_value_test.TestEngAPRDuration" name="test_gap_and_one_engine" time="0.005"></testcase><testcase classname="tests.key_point_value_test.TestEngAPRDuration" name="test_more_than_5_occurences" time="0.032"></testcase><testcase classname="tests.key_point_value_test.TestEngAPRDuration" name="test_multiple_two_engines" time="0.006"></testcase><testcase classname="tests.key_point_value_test.TestEngAPRDuration" name="test_multiple_two_engines_exclude_not_mobile" time="0.006"></testcase><testcase classname="tests.key_point_value_test.TestEngBleedValvesAtLiftoff" name="test_can_operate" time="0.000"></testcase><testcase classname="tests.key_point_value_test.TestEngBleedValvesAtLiftoff" name="test_derive" time="0.001"></testcase><testcase classname="tests.key_point_value_test.TestEngChipDetectorWarningDuration" name="test_can_operate" time="0.000"></testcase><testcase classname="tests.key_point_value_test.TestEngChipDetectorWarningDuration" name="test_derive_basic" time="0.002"></testcase><testcase classname="tests.key_point_value_test.TestEngEPR500To50FtMax" name="test_can_operate" time="0.000"></testcase><testcase classname="tests.key_point_value_test.TestEngEPR500To50FtMax" name="test_derive" time="0.000"><skipped type="unittest.case.SkipTest" message="Test Not Implemented"><![CDATA[Exception: Test Not Implemented
]]></skipped></testcase><testcase classname="tests.key_point_value_test.TestEngEPR500To50FtMax" name="test_derive_mocked" time="0.000"></testcase><testcase classname="tests.key_point_value_test.TestEngEPR500To50FtMin" name="test_can_operate" time="0.000"></testcase><testcase classname="tests.key_point_value_test.TestEngEPR500To50FtMin" name="test_derive" time="0.000"><skipped type="unittest.case.SkipTest" message="Test Not Implemented"><![CDATA[Exception: Test Not Implemented
]]></skipped></testcase><testcase classname="tests.key_point_value_test.TestEngEPR500To50FtMin" name="test_derive_mocked" time="0.000"></testcase><testcase classname="tests.key_point_value_test.TestEngEPRAtTOGADuringTakeoffMax" name="test_can_operate" time="0.001"></testcase><testcase classname="tests.key_point_value_test.TestEngEPRAtTOGADuringTakeoffMax" name="test_derive" time="0.000"><skipped type="unittest.case.SkipTest" message="Test Not Implemented"><![CDATA[Exception: Test Not Implemented
]]></skipped></testcase><testcase classname="tests.key_point_value_test.TestEngEPRDuringApproachMax" name="test_can_operate" time="0.000"></testcase><testcase classname="tests.key_point_value_test.TestEngEPRDuringApproachMax" name="test_derive" time="0.001"></testcase><testcase classname="tests.key_point_value_test.TestEngEPRDuringApproachMin" name="test_can_operate" time="0.000"></testcase><testcase classname="tests.key_point_value_test.TestEngEPRDuringApproachMin" name="test_derive" time="0.001"></testcase><testcase classname="tests.key_point_value_test.TestEngEPRDuringGoAround5MinRatingMax" name="test_can_operate" time="0.000"></testcase><testcase classname="tests.key_point_value_test.TestEngEPRDuringGoAround5MinRatingMax" name="test_derive" time="0.000"><skipped type="unittest.case.SkipTest" message="Test Not Implemented"><![CDATA[Exception: Test Not Implemented
]]></skipped></testcase><testcase classname="tests.key_point_value_test.TestEngEPRDuringGoAround5MinRatingMax" name="test_derive_mocked" time="0.000"></testcase><testcase classname="tests.key_point_value_test.TestEngEPRDuringMaximumContinuousPowerMax" name="test_can_operate" time="0.000"></testcase><testcase classname="tests.key_point_value_test.TestEngEPRDuringMaximumContinuousPowerMax" name="test_derive_mocked" time="0.000"></testcase><testcase classname="tests.key_point_value_test.TestEngEPRDuringTakeoff5MinRatingMax" name="test_can_operate" time="0.000"></testcase><testcase classname="tests.key_point_value_test.TestEngEPRDuringTakeoff5MinRatingMax" name="test_derive" time="0.000"><skipped type="unittest.case.SkipTest" message="Test Not Implemented"><![CDATA[Exception: Test Not Implemented
]]></skipped></testcase><testcase classname="tests.key_point_value_test.TestEngEPRDuringTakeoff5MinRatingMax" name="test_derive_mocked" time="0.000"></testcase><testcase classname="tests.key_point_value_test.TestEngEPRDuringTaxiInMax" name="test_can_operate" time="0.000"></testcase><testcase classname="tests.key_point_value_test.TestEngEPRDuringTaxiInMax" name="test_derive" time="0.000"><skipped type="unittest.case.SkipTest" message="Test Not Implemented"><![CDATA[Exception: Test Not Implemented
]]></skipped></testcase><testcase classname="tests.key_point_value_test.TestEngEPRDuringTaxiInMax" name="test_derive_mocked" time="0.000"></testcase><testcase classname="tests.key_point_value_test.TestEngEPRDuringTaxiMax" name="test_can_operate" time="0.000"></testcase><testcase classname="tests.key_point_value_test.TestEngEPRDuringTaxiMax" name="test_derive" time="0.000"><skipped type="unittest.case.SkipTest" message="Test Not Implemented"><![CDATA[Exception: Test Not Implemented
]]></skipped></testcase><testcase classname="tests.key_point_value_test.TestEngEPRDuringTaxiMax" name="test_derive_mocked" time="0.000"></testcase><testcase classname="tests.key_point_value_test.TestEngEPRDuringTaxiOutMax" name="test_can_operate" time="0.000"></testcase><testcase classname="tests.key_point_value_test.TestEngEPRDuringTaxiOutMax" name="test_derive" time="0.000"><skipped type="unittest.case.SkipTest" message="Test Not Implemented"><![CDATA[Exception: Test Not Implemented
]]></skipped></testcase><testcase classname="tests.key_point_value_test.TestEngEPRDuringTaxiOutMax" name="test_derive_mocked" time="0.000"></testcase><testcase classname="tests.key_point_value_test.TestEngEPRExceedEPRRedlineDuration" name="test_derive" time="0.001"></testcase><testcase classname="tests.key_point_value_test.TestEngEPRFor5Sec1000To500FtMin" name="test_can_operate" time="0.001"></testcase><testcase classname="tests.key_point_value_test.TestEngEPRFor5Sec1000To500FtMin" name="test_derive" time="0.000"><skipped type="unittest.case.SkipTest" message="Test Not Implemented"><![CDATA[Exception: Test Not Implemented
]]></skipped></testcase><testcase classname="tests.key_point_value_test.TestEngEPRFor5Sec500To50FtMin" name="test_can_operate" time="0.001"></testcase><testcase classname="tests.key_point_value_test.TestEngEPRFor5Sec500To50FtMin" name="test_derive" time="0.000"><skipped type="unittest.case.SkipTest" message="Test Not Implemented"><![CDATA[Exception: Test Not Implemented
]]></skipped></testcase><testcase classname="tests.key_point_value_test.TestEngEPRFor5SecDuringGoAround5MinRatingMax" name="test_can_operate" time="0.000"></testcase><testcase classname="tests.key_point_value_test.TestEngEPRFor5SecDuringGoAround5MinRatingMax" name="test_derive" time="0.000"><skipped type="unittest.case.SkipTest" message="Test Not Implemented"><![CDATA[Exception: Test Not Implemented
]]></skipped></testcase><testcase classname="tests.key_point_value_test.TestEngEPRFor5SecDuringGoAround5MinRatingMax" name="test_derive_mocked" time="0.000"></testcase><testcase classname="tests.key_point_value_test.TestEngEPRFor5SecDuringMaximumContinuousPowerMax" name="test_can_operate" time="0.000"></testcase><testcase classname="tests.key_point_value_test.TestEngEPRFor5SecDuringMaximumContinuousPowerMax" name="test_derive" time="0.000"><skipped type="unittest.case.SkipTest" message="Test Not Implemented"><![CDATA[Exception: Test Not Implemented
]]></skipped></testcase><testcase classname="tests.key_point_value_test.TestEngEPRFor5SecDuringMaximumContinuousPowerMax" name="test_derive_mocked" time="0.000"></testcase><testcase classname="tests.key_point_value_test.TestEngEPRFor5SecDuringTakeoff5MinRatingMax" name="test_can_operate" time="0.000"></testcase><testcase classname="tests.key_point_value_test.TestEngEPRFor5SecDuringTakeoff5MinRatingMax" name="test_derive" time="0.000"><skipped type="unittest.case.SkipTest" message="Test Not Implemented"><![CDATA[Exception: Test Not Implemented
]]></skipped></testcase><testcase classname="tests.key_point_value_test.TestEngEPRFor5SecDuringTakeoff5MinRatingMax" name="test_derive_mocked" time="0.001"></testcase><testcase classname="tests.key_point_value_test.TestEngEPRLowDuringTakeoff" name="test_can_operate" time="0.000"></testcase><testcase classname="tests.key_point_value_test.TestEngEPRLowDuringTakeoff" name="test_derive" time="0.001"></testcase><testcase classname="tests.key_point_value_test.TestEngFireWarningDuration" name="test_can_operate" time="0.001"></testcase><testcase classname="tests.key_point_value_test.TestEngFireWarningDuration" name="test_derive_basic" time="0.001"></testcase><testcase classname="tests.key_point_value_test.TestEngFor5SecTorqueDuringTakeoff5MinRatingMax" name="test_can_operate" time="0.000"></testcase><testcase classname="tests.key_point_value_test.TestEngFor5SecTorqueDuringTakeoff5MinRatingMax" name="test_derive" time="0.000"><skipped type="unittest.case.SkipTest" message="Test Not Implemented"><![CDATA[Exception: Test Not Implemented
]]></skipped></testcase><testcase classname="tests.key_point_value_test.TestEngFor5SecTorqueDuringTakeoff5MinRatingMax" name="test_derive_mocked" time="0.001"></testcase><testcase classname="tests.key_point_value_test.TestEngGasTempAboveNormalMaxLimitDuringMaximumContinuousPowerDuration" name="test_can_operate" time="0.000"></testcase><testcase classname="tests.key_point_value_test.TestEngGasTempAboveNormalMaxLimitDuringMaximumContinuousPowerDuration" name="test_derive" time="0.001"></testcase><testcase classname="tests.key_point_value_test.TestEngGasTempAboveNormalMaxLimitDuringTakeoff5MinRatingDuration" name="test_can_operate" time="0.000"></testcase><testcase classname="tests.key_point_value_test.TestEngGasTempAboveNormalMaxLimitDuringTakeoff5MinRatingDuration" name="test_derive" time="0.001"></testcase><testcase classname="tests.key_point_value_test.TestEngGasTempDuringEngStartForXSecMax" name="test_can_operate" time="0.001"></testcase><testcase classname="tests.key_point_value_test.TestEngGasTempDuringEngStartForXSecMax" name="test_derive" time="0.018"></testcase><testcase classname="tests.key_point_value_test.TestEngGasTempDuringEngStartMax" name="test_can_operate" time="1.943"></testcase><testcase classname="tests.key_point_value_test.TestEngGasTempDuringEngStartMax" name="test_derive" time="0.005"></testcase><testcase classname="tests.key_point_value_test.TestEngGasTempDuringFlightMin" name="test_can_operate" time="0.000"></testcase><testcase classname="tests.key_point_value_test.TestEngGasTempDuringFlightMin" name="test_derive" time="0.000"><skipped type="unittest.case.SkipTest" message="Test Not Implemented"><![CDATA[Exception: Test Not Implemented
]]></skipped></testcase><testcase classname="tests.key_point_value_test.TestEngGasTempDuringFlightMin" name="test_derive_mocked" time="0.000"></testcase><testcase classname="tests.key_point_value_test.TestEngGasTempDuringGoAround5MinRatingMax" name="test_derive" time="0.000"><skipped type="unittest.case.SkipTest" message="Test Not Implemented"><![CDATA[Exception: Test Not Implemented
]]></skipped></testcase><testcase classname="tests.key_point_value_test.TestEngGasTempDuringMaximumContinuousPowerForXMinMax" name="test_can_operate" time="0.002"></testcase><testcase classname="tests.key_point_value_test.TestEngGasTempDuringMaximumContinuousPowerForXMinMax" name="test_derive" time="0.019"></testcase><testcase classname="tests.key_point_value_test.TestEngGasTempDuringMaximumContinuousPowerForXMinMax" name="test_derive_no_goaround" time="0.019"></testcase><testcase classname="tests.key_point_value_test.TestEngGasTempDuringMaximumContinuousPowerMax" name="test_can_operate" time="0.000"></testcase><testcase classname="tests.key_point_value_test.TestEngGasTempDuringMaximumContinuousPowerMax" name="test_derive_mocked" time="0.000"></testcase><testcase classname="tests.key_point_value_test.TestEngGasTempDuringTakeoff5MinRatingMax" name="test_can_operate" time="0.000"></testcase><testcase classname="tests.key_point_value_test.TestEngGasTempDuringTakeoff5MinRatingMax" name="test_derive" time="0.000"><skipped type="unittest.case.SkipTest" message="Test Not Implemented"><![CDATA[Exception: Test Not Implemented
]]></skipped></testcase><testcase classname="tests.key_point_value_test.TestEngGasTempDuringTakeoff5MinRatingMax" name="test_derive_mocked" time="0.000"></testcase><testcase classname="tests.key_point_value_test.TestEngGasTempExceededEngGasTempRedlineDuration" name="test_derive" time="0.001"></testcase><testcase classname="tests.key_point_value_test.TestEngGasTempFor5SecDuringGoAround5MinRatingMax" name="test_can_operate" time="0.000"></testcase><testcase classname="tests.key_point_value_test.TestEngGasTempFor5SecDuringGoAround5MinRatingMax" name="test_derive" time="0.000"><skipped type="unittest.case.SkipTest" message="Test Not Implemented"><![CDATA[Exception: Test Not Implemented
]]></skipped></testcase><testcase classname="tests.key_point_value_test.TestEngGasTempFor5SecDuringGoAround5MinRatingMax" name="test_derive_mocked" time="0.001"></testcase><testcase classname="tests.key_point_value_test.TestEngGasTempFor5SecDuringMaximumContinuousPowerMax" name="test_can_operate" time="0.000"></testcase><testcase classname="tests.key_point_value_test.TestEngGasTempFor5SecDuringMaximumContinuousPowerMax" name="test_derive" time="0.000"><skipped type="unittest.case.SkipTest" message="Test Not Implemented"><![CDATA[Exception: Test Not Implemented
]]></skipped></testcase><testcase classname="tests.key_point_value_test.TestEngGasTempFor5SecDuringMaximumContinuousPowerMax" name="test_derive_mocked" time="0.001"></testcase><testcase classname="tests.key_point_value_test.TestEngGasTempFor5SecDuringTakeoff5MinRatingMax" name="test_can_operate" time="0.000"></testcase><testcase classname="tests.key_point_value_test.TestEngGasTempFor5SecDuringTakeoff5MinRatingMax" name="test_derive" time="0.000"><skipped type="unittest.case.SkipTest" message="Test Not Implemented"><![CDATA[Exception: Test Not Implemented
]]></skipped></testcase><testcase classname="tests.key_point_value_test.TestEngGasTempFor5SecDuringTakeoff5MinRatingMax" name="test_derive_mocked" time="0.000"></testcase><testcase classname="tests.key_point_value_test.TestEngGasTempMaxDuringTakeoffMaxMaintained" name="test_can_operate" time="0.001"></testcase><testcase classname="tests.key_point_value_test.TestEngGasTempMaxDuringTakeoffMaxMaintained" name="test_derive" time="0.010"></testcase><testcase classname="tests.key_point_value_test.TestEngGasTempMaxDuringTakeoffMaxMaintained" name="test_derive_heli" time="0.003"></testcase><testcase classname="tests.key_point_value_test.TestEngGasTempMaxDuringTakeoffMaxMaintained" name="test_derive_no_goaround" time="0.003"></testcase><testcase classname="tests.key_point_value_test.TestEngGasTempOverThresholdDuration" name="test_can_operate" time="0.001"></testcase><testcase classname="tests.key_point_value_test.TestEngGasTempOverThresholdDuration" name="test_derive" time="0.001"></testcase><testcase classname="tests.key_point_value_test.TestEngN1500To50FtMax" name="test_can_operate" time="0.000"></testcase><testcase classname="tests.key_point_value_test.TestEngN1500To50FtMax" name="test_derive" time="0.000"><skipped type="unittest.case.SkipTest" message="Test Not Implemented"><![CDATA[Exception: Test Not Implemented
]]></skipped></testcase><testcase classname="tests.key_point_value_test.TestEngN1500To50FtMax" name="test_derive_mocked" time="0.000"></testcase><testcase classname="tests.key_point_value_test.TestEngN1500To50FtMin" name="test_can_operate" time="0.000"></testcase><testcase classname="tests.key_point_value_test.TestEngN1500To50FtMin" name="test_derive" time="0.000"><skipped type="unittest.case.SkipTest" message="Test Not Implemented"><![CDATA[Exception: Test Not Implemented
]]></skipped></testcase><testcase classname="tests.key_point_value_test.TestEngN1500To50FtMin" name="test_derive_mocked" time="0.000"></testcase><testcase classname="tests.key_point_value_test.TestEngN154to72PercentWithThrustReversersDeployedDurationMax" name="test_can_operate" time="0.001"></testcase><testcase classname="tests.key_point_value_test.TestEngN154to72PercentWithThrustReversersDeployedDurationMax" name="test_derive" time="0.001"></testcase><testcase classname="tests.key_point_value_test.TestEngN1AtTOGADuringTakeoff" name="test_can_operate" time="0.001"></testcase><testcase classname="tests.key_point_value_test.TestEngN1AtTOGADuringTakeoff" name="test_derive_eng_n1_cooldown" time="0.001"></testcase><testcase classname="tests.key_point_value_test.TestEngN1Below60PercentAfterTouchdownDuration" name="test_can_operate" time="0.000"></testcase><testcase classname="tests.key_point_value_test.TestEngN1Below60PercentAfterTouchdownDuration" name="test_derive_eng_n1_cooldown" time="0.001"></testcase><testcase classname="tests.key_point_value_test.TestEngN1CyclesDuringFinalApproach" name="test_can_operate" time="0.000"></testcase><testcase classname="tests.key_point_value_test.TestEngN1CyclesDuringFinalApproach" name="test_derive" time="0.000"><skipped type="unittest.case.SkipTest" message="Test Not Implemented"><![CDATA[Exception: Test Not Implemented
]]></skipped></testcase><testcase classname="tests.key_point_value_test.TestEngN1DuringApproachMax" name="test_can_operate" time="0.000"></testcase><testcase classname="tests.key_point_value_test.TestEngN1DuringApproachMax" name="test_derive" time="0.000"><skipped type="unittest.case.SkipTest" message="Test Not Implemented"><![CDATA[Exception: Test Not Implemented
]]></skipped></testcase><testcase classname="tests.key_point_value_test.TestEngN1DuringApproachMax" name="test_derive_mocked" time="0.000"></testcase><testcase classname="tests.key_point_value_test.TestEngN1DuringGoAround5MinRatingMax" name="test_can_operate" time="0.000"></testcase><testcase classname="tests.key_point_value_test.TestEngN1DuringGoAround5MinRatingMax" name="test_derive" time="0.000"><skipped type="unittest.case.SkipTest" message="Test Not Implemented"><![CDATA[Exception: Test Not Implemented
]]></skipped></testcase><testcase classname="tests.key_point_value_test.TestEngN1DuringGoAround5MinRatingMax" name="test_derive_mocked" time="0.000"></testcase><testcase classname="tests.key_point_value_test.TestEngN1DuringTakeoff5MinRatingMax" name="test_can_operate" time="0.000"></testcase><testcase classname="tests.key_point_value_test.TestEngN1DuringTakeoff5MinRatingMax" name="test_derive" time="0.000"><skipped type="unittest.case.SkipTest" message="Test Not Implemented"><![CDATA[Exception: Test Not Implemented
]]></skipped></testcase><testcase classname="tests.key_point_value_test.TestEngN1DuringTakeoff5MinRatingMax" name="test_derive_mocked" time="0.000"></testcase><testcase classname="tests.key_point_value_test.TestEngN1DuringTaxiInMax" name="test_can_operate" time="0.000"></testcase><testcase classname="tests.key_point_value_test.TestEngN1DuringTaxiInMax" name="test_derive" time="0.000"><skipped type="unittest.case.SkipTest" message="Test Not Implemented"><![CDATA[Exception: Test Not Implemented
]]></skipped></testcase><testcase classname="tests.key_point_value_test.TestEngN1DuringTaxiInMax" name="test_derive_mocked" time="0.000"></testcase><testcase classname="tests.key_point_value_test.TestEngN1DuringTaxiMax" name="test_derive" time="0.001"></testcase><testcase classname="tests.key_point_value_test.TestEngN1DuringTaxiMax" name="test_taxiOut_too_short" time="0.001"></testcase><testcase classname="tests.key_point_value_test.TestEngN1DuringTaxiOutMax" name="test_derive" time="0.001"></testcase><testcase classname="tests.key_point_value_test.TestEngN1DuringTaxiOutMax" name="test_index_OOR" time="0.001"></testcase><testcase classname="tests.key_point_value_test.TestEngN1ExceededN1RedlineDuration" name="test_derive" time="0.001"></testcase><testcase classname="tests.key_point_value_test.TestEngN1For5Sec1000To500FtMin" name="test_can_operate" time="0.001"></testcase><testcase classname="tests.key_point_value_test.TestEngN1For5Sec1000To500FtMin" name="test_derive" time="0.000"><skipped type="unittest.case.SkipTest" message="Test Not Implemented"><![CDATA[Exception: Test Not Implemented
]]></skipped></testcase><testcase classname="tests.key_point_value_test.TestEngN1For5Sec500To50FtMin" name="test_can_operate" time="0.000"></testcase><testcase classname="tests.key_point_value_test.TestEngN1For5Sec500To50FtMin" name="test_derive" time="0.001"></testcase><testcase classname="tests.key_point_value_test.TestEngN1For5Sec500To50FtMin" name="test_derive_exactly_5_seconds" time="0.001"></testcase><testcase classname="tests.key_point_value_test.TestEngN1For5Sec500To50FtMin" name="test_derive_less_than_5_seconds" time="0.001"></testcase><testcase classname="tests.key_point_value_test.TestEngN1For5Sec500To50FtMin" name="test_derive_less_than_5_seconds_begging_of_slice" time="0.001"></testcase><testcase classname="tests.key_point_value_test.TestEngN1For5Sec500To50FtMin" name="test_derive_less_than_5_seconds_close_to_end_of_slice" time="0.001"></testcase><testcase classname="tests.key_point_value_test.TestEngN1For5Sec500To50FtMin" name="test_derive_less_than_5_seconds_end_of_slice" time="0.001"></testcase><testcase classname="tests.key_point_value_test.TestEngN1For5Sec500To50FtMin" name="test_derive_masked_data" time="0.001"></testcase><testcase classname="tests.key_point_value_test.TestEngN1For5SecDuringGoAround5MinRatingMax" name="test_can_operate" time="0.000"></testcase><testcase classname="tests.key_point_value_test.TestEngN1For5SecDuringGoAround5MinRatingMax" name="test_derive" time="0.000"><skipped type="unittest.case.SkipTest" message="Test Not Implemented"><![CDATA[Exception: Test Not Implemented
]]></skipped></testcase><testcase classname="tests.key_point_value_test.TestEngN1For5SecDuringGoAround5MinRatingMax" name="test_derive_mocked" time="0.001"></testcase><testcase classname="tests.key_point_value_test.TestEngN1For5SecDuringTakeoff5MinRatingMax" name="test_can_operate" time="0.000"></testcase><testcase classname="tests.key_point_value_test.TestEngN1For5SecDuringTakeoff5MinRatingMax" name="test_derive" time="0.000"><skipped type="unittest.case.SkipTest" message="Test Not Implemented"><![CDATA[Exception: Test Not Implemented
]]></skipped></testcase><testcase classname="tests.key_point_value_test.TestEngN1For5SecDuringTakeoff5MinRatingMax" name="test_derive_mocked" time="0.001"></testcase><testcase classname="tests.key_point_value_test.TestEngN1For5SecMaximumContinuousPowerMax" name="test_can_operate" time="0.000"></testcase><testcase classname="tests.key_point_value_test.TestEngN1For5SecMaximumContinuousPowerMax" name="test_derive" time="0.000"><skipped type="unittest.case.SkipTest" message="Test Not Implemented"><![CDATA[Exception: Test Not Implemented
]]></skipped></testcase><testcase classname="tests.key_point_value_test.TestEngN1For5SecMaximumContinuousPowerMax" name="test_derive_mocked" time="0.000"></testcase><testcase classname="tests.key_point_value_test.TestEngN1MaximumContinuousPowerMax" name="test_can_operate" time="0.000"></testcase><testcase classname="tests.key_point_value_test.TestEngN1MaximumContinuousPowerMax" name="test_derive_mocked" time="0.000"></testcase><testcase classname="tests.key_point_value_test.TestEngN1OverThresholdDuration" name="test_can_operate" time="0.001"></testcase><testcase classname="tests.key_point_value_test.TestEngN1OverThresholdDuration" name="test_derive" time="0.001"></testcase><testcase classname="tests.key_point_value_test.TestEngN1TakeoffDerate" name="test_can_operate" time="0.000"></testcase><testcase classname="tests.key_point_value_test.TestEngN1TakeoffDerate" name="test_derive" time="0.000"></testcase><testcase classname="tests.key_point_value_test.TestEngN1TakeoffDerate" name="test_out_of_range" time="0.000"></testcase><testcase classname="tests.key_point_value_test.TestEngN1TakeoffDerate" name="test_overspeed" time="0.000"></testcase><testcase classname="tests.key_point_value_test.TestEngN1WithThrustReversersDeployedMax" name="test_basic" time="0.001"></testcase><testcase classname="tests.key_point_value_test.TestEngN1WithThrustReversersDeployedMax" name="test_can_operate" time="0.001"></testcase><testcase classname="tests.key_point_value_test.TestEngN1WithThrustReversersInTransitMax" name="test_basic" time="0.001"></testcase><testcase classname="tests.key_point_value_test.TestEngN1WithThrustReversersInTransitMax" name="test_can_operate" time="0.001"></testcase><testcase classname="tests.key_point_value_test.TestEngN2CyclesDuringFinalApproach" name="test_can_operate" time="0.000"></testcase><testcase classname="tests.key_point_value_test.TestEngN2CyclesDuringFinalApproach" name="test_derive" time="0.000"><skipped type="unittest.case.SkipTest" message="Test Not Implemented"><![CDATA[Exception: Test Not Implemented
]]></skipped></testcase><testcase classname="tests.key_point_value_test.TestEngN2DuringGoAround5MinRatingMax" name="test_can_operate" time="0.000"></testcase><testcase classname="tests.key_point_value_test.TestEngN2DuringGoAround5MinRatingMax" name="test_derive" time="0.000"><skipped type="unittest.case.SkipTest" message="Test Not Implemented"><![CDATA[Exception: Test Not Implemented
]]></skipped></testcase><testcase classname="tests.key_point_value_test.TestEngN2DuringGoAround5MinRatingMax" name="test_derive_mocked" time="0.000"></testcase><testcase classname="tests.key_point_value_test.TestEngN2DuringMaximumContinuousPowerForXSecMax" name="test_can_operate" time="0.000"></testcase><testcase classname="tests.key_point_value_test.TestEngN2DuringMaximumContinuousPowerForXSecMax" name="test_derive" time="0.016"></testcase><testcase classname="tests.key_point_value_test.TestEngN2DuringMaximumContinuousPowerForXSecMax" name="test_derive_all_data_masked" time="0.001"></testcase><testcase classname="tests.key_point_value_test.TestEngN2DuringMaximumContinuousPowerForXSecMax" name="test_derive_hz_2" time="0.035"></testcase><testcase classname="tests.key_point_value_test.TestEngN2DuringMaximumContinuousPowerForXSecMax" name="test_derive_masked_data" time="0.004"></testcase><testcase classname="tests.key_point_value_test.TestEngN2DuringMaximumContinuousPowerForXSecMax" name="test_derive_multiple_masked_slices" time="0.012"></testcase><testcase classname="tests.key_point_value_test.TestEngN2DuringMaximumContinuousPowerForXSecMax" name="test_derive_short_mcp" time="0.009"></testcase><testcase classname="tests.key_point_value_test.TestEngN2DuringTakeoff5MinRatingMax" name="test_can_operate" time="0.000"></testcase><testcase classname="tests.key_point_value_test.TestEngN2DuringTakeoff5MinRatingMax" name="test_derive" time="0.000"><skipped type="unittest.case.SkipTest" message="Test Not Implemented"><![CDATA[Exception: Test Not Implemented
]]></skipped></testcase><testcase classname="tests.key_point_value_test.TestEngN2DuringTakeoff5MinRatingMax" name="test_derive_mocked" time="0.000"></testcase><testcase classname="tests.key_point_value_test.TestEngN2DuringTakeoffForXSecMax" name="test_can_operate" time="0.000"></testcase><testcase classname="tests.key_point_value_test.TestEngN2DuringTakeoffForXSecMax" name="test_derive" time="0.007"></testcase><testcase classname="tests.key_point_value_test.TestEngN2DuringTakeoffForXSecMax" name="test_derive_all_data_masked" time="0.000"></testcase><testcase classname="tests.key_point_value_test.TestEngN2DuringTakeoffForXSecMax" name="test_derive_hz_2" time="0.015"></testcase><testcase classname="tests.key_point_value_test.TestEngN2DuringTakeoffForXSecMax" name="test_derive_masked_data" time="0.003"></testcase><testcase classname="tests.key_point_value_test.TestEngN2DuringTakeoffForXSecMax" name="test_derive_multiple_masked_slices" time="0.007"></testcase><testcase classname="tests.key_point_value_test.TestEngN2DuringTakeoffForXSecMax" name="test_derive_not_enough_high_samples" time="0.008"></testcase><testcase classname="tests.key_point_value_test.TestEngN2DuringTakeoffForXSecMax" name="test_derive_short_takeoff" time="0.002"></testcase><testcase classname="tests.key_point_value_test.TestEngN2DuringTakeoffForXSecMax" name="test_derive_with_go_around" time="0.013"></testcase><testcase classname="tests.key_point_value_test.TestEngN2DuringTaxiMax" name="test_can_operate" time="0.000"></testcase><testcase classname="tests.key_point_value_test.TestEngN2DuringTaxiMax" name="test_derive" time="0.000"><skipped type="unittest.case.SkipTest" message="Test Not Implemented"><![CDATA[Exception: Test Not Implemented
]]></skipped></testcase><testcase classname="tests.key_point_value_test.TestEngN2DuringTaxiMax" name="test_derive_mocked" time="0.000"></testcase><testcase classname="tests.key_point_value_test.TestEngN2ExceededN2RedlineDuration" name="test_derive" time="0.001"></testcase><testcase classname="tests.key_point_value_test.TestEngN2For5SecDuringGoAround5MinRatingMax" name="test_can_operate" time="0.000"></testcase><testcase classname="tests.key_point_value_test.TestEngN2For5SecDuringGoAround5MinRatingMax" name="test_derive" time="0.000"><skipped type="unittest.case.SkipTest" message="Test Not Implemented"><![CDATA[Exception: Test Not Implemented
]]></skipped></testcase><testcase classname="tests.key_point_value_test.TestEngN2For5SecDuringGoAround5MinRatingMax" name="test_derive_mocked" time="0.001"></testcase><testcase classname="tests.key_point_value_test.TestEngN2For5SecDuringTakeoff5MinRatingMax" name="test_can_operate" time="0.000"></testcase><testcase classname="tests.key_point_value_test.TestEngN2For5SecDuringTakeoff5MinRatingMax" name="test_derive" time="0.000"><skipped type="unittest.case.SkipTest" message="Test Not Implemented"><![CDATA[Exception: Test Not Implemented
]]></skipped></testcase><testcase classname="tests.key_point_value_test.TestEngN2For5SecDuringTakeoff5MinRatingMax" name="test_derive_mocked" time="0.000"></testcase><testcase classname="tests.key_point_value_test.TestEngN2For5SecMaximumContinuousPowerMax" name="test_can_operate" time="0.000"></testcase><testcase classname="tests.key_point_value_test.TestEngN2For5SecMaximumContinuousPowerMax" name="test_derive" time="0.000"><skipped type="unittest.case.SkipTest" message="Test Not Implemented"><![CDATA[Exception: Test Not Implemented
]]></skipped></testcase><testcase classname="tests.key_point_value_test.TestEngN2For5SecMaximumContinuousPowerMax" name="test_derive_mocked" time="0.000"></testcase><testcase classname="tests.key_point_value_test.TestEngN2MaximumContinuousPowerMax" name="test_can_operate" time="0.000"></testcase><testcase classname="tests.key_point_value_test.TestEngN2MaximumContinuousPowerMax" name="test_derive_mocked" time="0.000"></testcase><testcase classname="tests.key_point_value_test.TestEngN2OverThresholdDuration" name="test_can_operate" time="0.001"></testcase><testcase classname="tests.key_point_value_test.TestEngN2OverThresholdDuration" name="test_derive" time="0.001"></testcase><testcase classname="tests.key_point_value_test.TestEngN3DuringGoAround5MinRatingMax" name="test_can_operate" time="0.000"></testcase><testcase classname="tests.key_point_value_test.TestEngN3DuringGoAround5MinRatingMax" name="test_derive" time="0.000"><skipped type="unittest.case.SkipTest" message="Test Not Implemented"><![CDATA[Exception: Test Not Implemented
]]></skipped></testcase><testcase classname="tests.key_point_value_test.TestEngN3DuringGoAround5MinRatingMax" name="test_derive_mocked" time="0.000"></testcase><testcase classname="tests.key_point_value_test.TestEngN3DuringTakeoff5MinRatingMax" name="test_can_operate" time="0.000"></testcase><testcase classname="tests.key_point_value_test.TestEngN3DuringTakeoff5MinRatingMax" name="test_derive" time="0.000"><skipped type="unittest.case.SkipTest" message="Test Not Implemented"><![CDATA[Exception: Test Not Implemented
]]></skipped></testcase><testcase classname="tests.key_point_value_test.TestEngN3DuringTakeoff5MinRatingMax" name="test_derive_mocked" time="0.000"></testcase><testcase classname="tests.key_point_value_test.TestEngN3DuringTaxiMax" name="test_can_operate" time="0.000"></testcase><testcase classname="tests.key_point_value_test.TestEngN3DuringTaxiMax" name="test_derive" time="0.000"><skipped type="unittest.case.SkipTest" message="Test Not Implemented"><![CDATA[Exception: Test Not Implemented
]]></skipped></testcase><testcase classname="tests.key_point_value_test.TestEngN3DuringTaxiMax" name="test_derive_mocked" time="0.000"></testcase><testcase classname="tests.key_point_value_test.TestEngN3ExceededN3RedlineDuration" name="test_derive" time="0.001"></testcase><testcase classname="tests.key_point_value_test.TestEngN3For5SecDuringGoAround5MinRatingMax" name="test_can_operate" time="0.000"></testcase><testcase classname="tests.key_point_value_test.TestEngN3For5SecDuringGoAround5MinRatingMax" name="test_derive" time="0.000"><skipped type="unittest.case.SkipTest" message="Test Not Implemented"><![CDATA[Exception: Test Not Implemented
]]></skipped></testcase><testcase classname="tests.key_point_value_test.TestEngN3For5SecDuringGoAround5MinRatingMax" name="test_derive_mocked" time="0.000"></testcase><testcase classname="tests.key_point_value_test.TestEngN3For5SecDuringTakeoff5MinRatingMax" name="test_can_operate" time="0.000"></testcase><testcase classname="tests.key_point_value_test.TestEngN3For5SecDuringTakeoff5MinRatingMax" name="test_derive" time="0.000"><skipped type="unittest.case.SkipTest" message="Test Not Implemented"><![CDATA[Exception: Test Not Implemented
]]></skipped></testcase><testcase classname="tests.key_point_value_test.TestEngN3For5SecDuringTakeoff5MinRatingMax" name="test_derive_mocked" time="0.000"></testcase><testcase classname="tests.key_point_value_test.TestEngN3For5SecMaximumContinuousPowerMax" name="test_can_operate" time="0.000"></testcase><testcase classname="tests.key_point_value_test.TestEngN3For5SecMaximumContinuousPowerMax" name="test_derive" time="0.000"><skipped type="unittest.case.SkipTest" message="Test Not Implemented"><![CDATA[Exception: Test Not Implemented
]]></skipped></testcase><testcase classname="tests.key_point_value_test.TestEngN3For5SecMaximumContinuousPowerMax" name="test_derive_mocked" time="0.000"></testcase><testcase classname="tests.key_point_value_test.TestEngN3MaximumContinuousPowerMax" name="test_can_operate" time="0.000"></testcase><testcase classname="tests.key_point_value_test.TestEngN3MaximumContinuousPowerMax" name="test_derive_mocked" time="0.000"></testcase><testcase classname="tests.key_point_value_test.TestEngNp82To90PercentDurationMax" name="test_can_operate" time="0.000"></testcase><testcase classname="tests.key_point_value_test.TestEngNp82To90PercentDurationMax" name="test_derive" time="0.001"></testcase><testcase classname="tests.key_point_value_test.TestEngNpDuringClimbMin" name="test_can_operate" time="0.000"></testcase><testcase classname="tests.key_point_value_test.TestEngNpDuringClimbMin" name="test_derive" time="0.000"><skipped type="unittest.case.SkipTest" message="Test Not Implemented"><![CDATA[Exception: Test Not Implemented
]]></skipped></testcase><testcase classname="tests.key_point_value_test.TestEngNpDuringClimbMin" name="test_derive_mocked" time="0.000"></testcase><testcase classname="tests.key_point_value_test.TestEngNpDuringGoAround5MinRatingMax" name="test_can_operate" time="0.000"></testcase><testcase classname="tests.key_point_value_test.TestEngNpDuringGoAround5MinRatingMax" name="test_derive" time="0.000"><skipped type="unittest.case.SkipTest" message="Test Not Implemented"><![CDATA[Exception: Test Not Implemented
]]></skipped></testcase><testcase classname="tests.key_point_value_test.TestEngNpDuringGoAround5MinRatingMax" name="test_derive_mocked" time="0.000"></testcase><testcase classname="tests.key_point_value_test.TestEngNpDuringTakeoff5MinRatingMax" name="test_can_operate" time="0.000"></testcase><testcase classname="tests.key_point_value_test.TestEngNpDuringTakeoff5MinRatingMax" name="test_derive" time="0.000"><skipped type="unittest.case.SkipTest" message="Test Not Implemented"><![CDATA[Exception: Test Not Implemented
]]></skipped></testcase><testcase classname="tests.key_point_value_test.TestEngNpDuringTaxiMax" name="test_can_operate" time="0.000"></testcase><testcase classname="tests.key_point_value_test.TestEngNpDuringTaxiMax" name="test_derive" time="0.000"><skipped type="unittest.case.SkipTest" message="Test Not Implemented"><![CDATA[Exception: Test Not Implemented
]]></skipped></testcase><testcase classname="tests.key_point_value_test.TestEngNpDuringTaxiMax" name="test_derive_mocked" time="0.000"></testcase><testcase classname="tests.key_point_value_test.TestEngNpFor5SecDuringGoAround5MinRatingMax" name="test_can_operate" time="0.000"></testcase><testcase classname="tests.key_point_value_test.TestEngNpFor5SecDuringGoAround5MinRatingMax" name="test_derive" time="0.000"><skipped type="unittest.case.SkipTest" message="Test Not Implemented"><![CDATA[Exception: Test Not Implemented
]]></skipped></testcase><testcase classname="tests.key_point_value_test.TestEngNpFor5SecDuringGoAround5MinRatingMax" name="test_derive_mocked" time="0.000"></testcase><testcase classname="tests.key_point_value_test.TestEngNpFor5SecDuringTakeoff5MinRatingMax" name="test_can_operate" time="0.000"></testcase><testcase classname="tests.key_point_value_test.TestEngNpFor5SecDuringTakeoff5MinRatingMax" name="test_derive" time="0.000"><skipped type="unittest.case.SkipTest" message="Test Not Implemented"><![CDATA[Exception: Test Not Implemented
]]></skipped></testcase><testcase classname="tests.key_point_value_test.TestEngNpFor5SecDuringTakeoff5MinRatingMax" name="test_derive_mocked" time="0.000"></testcase><testcase classname="tests.key_point_value_test.TestEngNpForXSecMaximumContinuousPowerMax" name="test_can_operate" time="0.000"></testcase><testcase classname="tests.key_point_value_test.TestEngNpForXSecMaximumContinuousPowerMax" name="test_derive" time="0.000"><skipped type="unittest.case.SkipTest" message="Test Not Implemented"><![CDATA[Exception: Test Not Implemented
]]></skipped></testcase><testcase classname="tests.key_point_value_test.TestEngNpMaxDuringTakeoff" name="test_can_operate" time="0.000"></testcase><testcase classname="tests.key_point_value_test.TestEngNpMaxDuringTakeoff" name="test_derive" time="0.001"></testcase><testcase classname="tests.key_point_value_test.TestEngNpMaxDuringTakeoff" name="test_derive_all_data_masked" time="0.001"></testcase><testcase classname="tests.key_point_value_test.TestEngNpMaxDuringTakeoff" name="test_derive_hz_2" time="0.001"></testcase><testcase classname="tests.key_point_value_test.TestEngNpMaxDuringTakeoff" name="test_derive_masked_data" time="0.002"></testcase><testcase classname="tests.key_point_value_test.TestEngNpMaxDuringTakeoff" name="test_derive_multiple_masked_slices" time="0.002"></testcase><testcase classname="tests.key_point_value_test.TestEngNpMaxDuringTakeoff" name="test_derive_not_enough_high_samples" time="0.001"></testcase><testcase classname="tests.key_point_value_test.TestEngNpMaxDuringTakeoff" name="test_derive_same_values_returned" time="0.001"></testcase><testcase classname="tests.key_point_value_test.TestEngNpMaxDuringTakeoff" name="test_derive_short_takeoff" time="0.001"></testcase><testcase classname="tests.key_point_value_test.TestEngNpMaxDuringTakeoff" name="test_derive_with_go_around" time="0.002"></testcase><testcase classname="tests.key_point_value_test.TestEngNpMaximumContinuousPowerMax" name="test_can_operate" time="0.000"></testcase><testcase classname="tests.key_point_value_test.TestEngNpMaximumContinuousPowerMax" name="test_derive_mocked" time="0.000"></testcase><testcase classname="tests.key_point_value_test.TestEngNpOverThresholdDuration" name="test_can_operate" time="0.001"></testcase><testcase classname="tests.key_point_value_test.TestEngNpOverThresholdDuration" name="test_derive" time="0.001"></testcase><testcase classname="tests.key_point_value_test.TestEngOilPressFor60SecDuringCruiseMax" name="test_can_operate" time="0.000"></testcase><testcase classname="tests.key_point_value_test.TestEngOilPressFor60SecDuringCruiseMax" name="test_derive" time="0.003"></testcase><testcase classname="tests.key_point_value_test.TestEngOilPressLowRedlineExceededDuration" name="test_attributes" time="0.000"></testcase><testcase classname="tests.key_point_value_test.TestEngOilPressLowRedlineExceededDuration" name="test_can_operate" time="0.001"></testcase><testcase classname="tests.key_point_value_test.TestEngOilPressLowRedlineExceededDuration" name="test_derive_no_warnings" time="0.002"></testcase><testcase classname="tests.key_point_value_test.TestEngOilPressLowRedlineExceededDuration" name="test_derive_overlapping" time="0.001"></testcase><testcase classname="tests.key_point_value_test.TestEngOilPressMax" name="test_can_operate" time="0.000"></testcase><testcase classname="tests.key_point_value_test.TestEngOilPressMax" name="test_derive_multi_ktis" time="0.001"></testcase><testcase classname="tests.key_point_value_test.TestEngOilPressMax" name="test_derive_only_array" time="0.000"></testcase><testcase classname="tests.key_point_value_test.TestEngOilPressMax" name="test_derive_single_ktis" time="0.001"></testcase><testcase classname="tests.key_point_value_test.TestEngOilPressMax" name="test_derive_taxi_and_ktis" time="0.001"></testcase><testcase classname="tests.key_point_value_test.TestEngOilPressMax" name="test_derive_taxi_no_ktis" time="0.001"></testcase><testcase classname="tests.key_point_value_test.TestEngOilPressMin" name="test_all_zero" time="0.001"></testcase><testcase classname="tests.key_point_value_test.TestEngOilPressMin" name="test_can_operate" time="0.000"></testcase><testcase classname="tests.key_point_value_test.TestEngOilPressMin" name="test_derive" time="0.001"></testcase><testcase classname="tests.key_point_value_test.TestEngOilPressMin" name="test_single_zero" time="0.001"></testcase><testcase classname="tests.key_point_value_test.TestEngOilPressMin" name="test_zero" time="0.001"></testcase><testcase classname="tests.key_point_value_test.TestEngOilPressWarningDuration" name="test_attributes" time="0.000"></testcase><testcase classname="tests.key_point_value_test.TestEngOilPressWarningDuration" name="test_can_operate" time="0.001"></testcase><testcase classname="tests.key_point_value_test.TestEngOilPressWarningDuration" name="test_derive" time="0.001"></testcase><testcase classname="tests.key_point_value_test.TestEngOilQtyDuringTaxiInMax" name="test_can_operate" time="0.000"></testcase><testcase classname="tests.key_point_value_test.TestEngOilQtyDuringTaxiInMax" name="test_derive" time="0.001"></testcase><testcase classname="tests.key_point_value_test.TestEngOilQtyDuringTaxiInMax" name="test_derive_from_hdf" time="0.009"></testcase><testcase classname="tests.key_point_value_test.TestEngOilQtyDuringTaxiOutMax" name="test_can_operate" time="0.000"></testcase><testcase classname="tests.key_point_value_test.TestEngOilQtyDuringTaxiOutMax" name="test_derive" time="0.001"></testcase><testcase classname="tests.key_point_value_test.TestEngOilQtyMax" name="test_can_operate" time="0.000"></testcase><testcase classname="tests.key_point_value_test.TestEngOilQtyMax" name="test_derive" time="0.000"><skipped type="unittest.case.SkipTest" message="Test Not Implemented"><![CDATA[Exception: Test Not Implemented
]]></skipped></testcase><testcase classname="tests.key_point_value_test.TestEngOilQtyMax" name="test_derive_mocked" time="0.000"></testcase><testcase classname="tests.key_point_value_test.TestEngOilQtyMin" name="test_can_operate" time="0.000"></testcase><testcase classname="tests.key_point_value_test.TestEngOilQtyMin" name="test_derive" time="0.000"><skipped type="unittest.case.SkipTest" message="Test Not Implemented"><![CDATA[Exception: Test Not Implemented
]]></skipped></testcase><testcase classname="tests.key_point_value_test.TestEngOilQtyMin" name="test_derive_mocked" time="0.000"></testcase><testcase classname="tests.key_point_value_test.TestEngOilTempForXMinMax" name="test_can_operate" time="0.000"></testcase><testcase classname="tests.key_point_value_test.TestEngOilTempForXMinMax" name="test_derive_all_oil_data_masked" time="0.000"></testcase><testcase classname="tests.key_point_value_test.TestEngOilTempForXMinMax" name="test_derive_real_case" time="0.013"></testcase><testcase classname="tests.key_point_value_test.TestEngOilTempMax" name="test_can_operate" time="0.000"></testcase><testcase classname="tests.key_point_value_test.TestEngOilTempMax" name="test_derive" time="0.000"><skipped type="unittest.case.SkipTest" message="Test Not Implemented"><![CDATA[Exception: Test Not Implemented
]]></skipped></testcase><testcase classname="tests.key_point_value_test.TestEngOilTempMax" name="test_derive_mocked" time="0.000"></testcase><testcase classname="tests.key_point_value_test.TestEngRunningDuration" name="test_can_operate" time="0.001"></testcase><testcase classname="tests.key_point_value_test.TestEngRunningDuration" name="test_derive" time="0.002"></testcase><testcase classname="tests.key_point_value_test.TestEngShutdownDuringFlightDuration" name="test_can_operate" time="0.000"></testcase><testcase classname="tests.key_point_value_test.TestEngShutdownDuringFlightDuration" name="test_derive" time="0.001"></testcase><testcase classname="tests.key_point_value_test.TestEngStartTimeMax" name="test_1_start" time="0.001"></testcase><testcase classname="tests.key_point_value_test.TestEngStartTimeMax" name="test_2_start" time="0.001"></testcase><testcase classname="tests.key_point_value_test.TestEngStartTimeMax" name="test_both_start" time="0.002"></testcase><testcase classname="tests.key_point_value_test.TestEngStartTimeMax" name="test_can_operate" time="0.001"></testcase><testcase classname="tests.key_point_value_test.TestEngStartTimeMax" name="test_early_cut" time="0.001"></testcase><testcase classname="tests.key_point_value_test.TestEngStartTimeMax" name="test_no_start" time="0.001"></testcase><testcase classname="tests.key_point_value_test.TestEngStartTimeMax" name="test_unclear_start" time="0.002"></testcase><testcase classname="tests.key_point_value_test.TestEngTPRAtTOGADuringTakeoffMin" name="test_can_operate" time="0.001"></testcase><testcase classname="tests.key_point_value_test.TestEngTPRAtTOGADuringTakeoffMin" name="test_derive" time="0.000"><skipped type="unittest.case.SkipTest" message="Test Not Implemented"><![CDATA[Exception: Test Not Implemented
]]></skipped></testcase><testcase classname="tests.key_point_value_test.TestEngTPRDuringGoAround5MinRatingMax" name="test_can_operate" time="0.000"></testcase><testcase classname="tests.key_point_value_test.TestEngTPRDuringGoAround5MinRatingMax" name="test_derive" time="0.000"><skipped type="unittest.case.SkipTest" message="Test Not Implemented"><![CDATA[Exception: Test Not Implemented
]]></skipped></testcase><testcase classname="tests.key_point_value_test.TestEngTPRDuringGoAround5MinRatingMax" name="test_derive_mocked" time="0.000"></testcase><testcase classname="tests.key_point_value_test.TestEngTPRDuringMaximumContinuousPowerMax" name="test_can_operate" time="0.000"></testcase><testcase classname="tests.key_point_value_test.TestEngTPRDuringMaximumContinuousPowerMax" name="test_derive_mocked" time="0.000"></testcase><testcase classname="tests.key_point_value_test.TestEngTPRDuringTakeoff5MinRatingMax" name="test_can_operate" time="0.000"></testcase><testcase classname="tests.key_point_value_test.TestEngTPRDuringTakeoff5MinRatingMax" name="test_derive" time="0.000"><skipped type="unittest.case.SkipTest" message="Test Not Implemented"><![CDATA[Exception: Test Not Implemented
]]></skipped></testcase><testcase classname="tests.key_point_value_test.TestEngTPRDuringTakeoff5MinRatingMax" name="test_derive_mocked" time="0.000"></testcase><testcase classname="tests.key_point_value_test.TestEngTPRFor5SecDuringGoAround5MinRatingMax" name="test_can_operate" time="0.000"></testcase><testcase classname="tests.key_point_value_test.TestEngTPRFor5SecDuringGoAround5MinRatingMax" name="test_derive" time="0.000"><skipped type="unittest.case.SkipTest" message="Test Not Implemented"><![CDATA[Exception: Test Not Implemented
]]></skipped></testcase><testcase classname="tests.key_point_value_test.TestEngTPRFor5SecDuringGoAround5MinRatingMax" name="test_derive_mocked" time="0.000"></testcase><testcase classname="tests.key_point_value_test.TestEngTPRFor5SecDuringMaximumContinuousPowerMax" name="test_can_operate" time="0.000"></testcase><testcase classname="tests.key_point_value_test.TestEngTPRFor5SecDuringMaximumContinuousPowerMax" name="test_derive" time="0.000"><skipped type="unittest.case.SkipTest" message="Test Not Implemented"><![CDATA[Exception: Test Not Implemented
]]></skipped></testcase><testcase classname="tests.key_point_value_test.TestEngTPRFor5SecDuringMaximumContinuousPowerMax" name="test_derive_mocked" time="0.000"></testcase><testcase classname="tests.key_point_value_test.TestEngTPRFor5SecDuringTakeoff5MinRatingMax" name="test_can_operate" time="0.000"></testcase><testcase classname="tests.key_point_value_test.TestEngTPRFor5SecDuringTakeoff5MinRatingMax" name="test_derive" time="0.000"><skipped type="unittest.case.SkipTest" message="Test Not Implemented"><![CDATA[Exception: Test Not Implemented
]]></skipped></testcase><testcase classname="tests.key_point_value_test.TestEngTPRFor5SecDuringTakeoff5MinRatingMax" name="test_derive_mocked" time="0.000"></testcase><testcase classname="tests.key_point_value_test.TestEngTakeoffFlexTemp" name="test_can_operate" time="0.000"></testcase><testcase classname="tests.key_point_value_test.TestEngTakeoffFlexTemp" name="test_derive" time="0.000"></testcase><testcase classname="tests.key_point_value_test.TestEngTakeoffFlexTemp" name="test_derive_two_sources" time="0.000"></testcase><testcase classname="tests.key_point_value_test.TestEngThrustTakeoffDerate" name="test_can_operate" time="0.000"></testcase><testcase classname="tests.key_point_value_test.TestEngThrustTakeoffDerate" name="test_derive" time="0.000"></testcase><testcase classname="tests.key_point_value_test.TestEngTorque500To50FtMax" name="test_can_operate" time="0.000"></testcase><testcase classname="tests.key_point_value_test.TestEngTorque500To50FtMax" name="test_derive" time="0.000"><skipped type="unittest.case.SkipTest" message="Test Not Implemented"><![CDATA[Exception: Test Not Implemented
]]></skipped></testcase><testcase classname="tests.key_point_value_test.TestEngTorque500To50FtMax" name="test_derive_mocked" time="0.000"></testcase><testcase classname="tests.key_point_value_test.TestEngTorque500To50FtMin" name="test_can_operate" time="0.000"></testcase><testcase classname="tests.key_point_value_test.TestEngTorque500To50FtMin" name="test_derive" time="0.000"><skipped type="unittest.case.SkipTest" message="Test Not Implemented"><![CDATA[Exception: Test Not Implemented
]]></skipped></testcase><testcase classname="tests.key_point_value_test.TestEngTorque500To50FtMin" name="test_derive_mocked" time="0.000"></testcase><testcase classname="tests.key_point_value_test.TestEngTorque7FtToTouchdownMax" name="test_attributes" time="0.000"></testcase><testcase classname="tests.key_point_value_test.TestEngTorque7FtToTouchdownMax" name="test_can_operate" time="0.000"></testcase><testcase classname="tests.key_point_value_test.TestEngTorque7FtToTouchdownMax" name="test_derive" time="0.001"></testcase><testcase classname="tests.key_point_value_test.TestEngTorqueDuringGoAround5MinRatingMax" name="test_can_operate" time="0.000"></testcase><testcase classname="tests.key_point_value_test.TestEngTorqueDuringGoAround5MinRatingMax" name="test_derive" time="0.000"><skipped type="unittest.case.SkipTest" message="Test Not Implemented"><![CDATA[Exception: Test Not Implemented
]]></skipped></testcase><testcase classname="tests.key_point_value_test.TestEngTorqueDuringGoAround5MinRatingMax" name="test_derive_mocked" time="0.000"></testcase><testcase classname="tests.key_point_value_test.TestEngTorqueDuringTakeoff5MinRatingMax" name="test_can_operate" time="0.000"></testcase><testcase classname="tests.key_point_value_test.TestEngTorqueDuringTakeoff5MinRatingMax" name="test_can_operate_heli" time="0.000"></testcase><testcase classname="tests.key_point_value_test.TestEngTorqueDuringTakeoff5MinRatingMax" name="test_derive" time="0.001"></testcase><testcase classname="tests.key_point_value_test.TestEngTorqueDuringTakeoff5MinRatingMax" name="test_derive_heli" time="0.001"></testcase><testcase classname="tests.key_point_value_test.TestEngTorqueDuringTaxiMax" name="test_can_operate" time="0.000"></testcase><testcase classname="tests.key_point_value_test.TestEngTorqueDuringTaxiMax" name="test_derive" time="0.000"><skipped type="unittest.case.SkipTest" message="Test Not Implemented"><![CDATA[Exception: Test Not Implemented
]]></skipped></testcase><testcase classname="tests.key_point_value_test.TestEngTorqueDuringTaxiMax" name="test_derive_mocked" time="0.000"></testcase><testcase classname="tests.key_point_value_test.TestEngTorqueFor5SecDuringGoAround5MinRatingMax" name="test_can_operate" time="0.000"></testcase><testcase classname="tests.key_point_value_test.TestEngTorqueFor5SecDuringGoAround5MinRatingMax" name="test_derive" time="0.000"><skipped type="unittest.case.SkipTest" message="Test Not Implemented"><![CDATA[Exception: Test Not Implemented
]]></skipped></testcase><testcase classname="tests.key_point_value_test.TestEngTorqueFor5SecDuringGoAround5MinRatingMax" name="test_derive_mocked" time="0.000"></testcase><testcase classname="tests.key_point_value_test.TestEngTorqueFor5SecMaximumContinuousPowerMax" name="test_can_operate" time="0.000"></testcase><testcase classname="tests.key_point_value_test.TestEngTorqueFor5SecMaximumContinuousPowerMax" name="test_derive" time="0.000"><skipped type="unittest.case.SkipTest" message="Test Not Implemented"><![CDATA[Exception: Test Not Implemented
]]></skipped></testcase><testcase classname="tests.key_point_value_test.TestEngTorqueFor5SecMaximumContinuousPowerMax" name="test_derive_mocked" time="0.001"></testcase><testcase classname="tests.key_point_value_test.TestEngTorqueLimitExceedanceWithOneEngineInoperativeDuration" name="test_can_operate" time="0.001"></testcase><testcase classname="tests.key_point_value_test.TestEngTorqueLimitExceedanceWithOneEngineInoperativeDuration" name="test_derive" time="0.003"></testcase><testcase classname="tests.key_point_value_test.TestEngTorqueMaxDuringMaximumContinuousPower" name="test_can_operate" time="0.000"></testcase><testcase classname="tests.key_point_value_test.TestEngTorqueMaxDuringMaximumContinuousPower" name="test_derive" time="0.016"></testcase><testcase classname="tests.key_point_value_test.TestEngTorqueMaxDuringMaximumContinuousPower" name="test_derive_all_data_masked" time="0.001"></testcase><testcase classname="tests.key_point_value_test.TestEngTorqueMaxDuringMaximumContinuousPower" name="test_derive_hz_2" time="0.036"></testcase><testcase classname="tests.key_point_value_test.TestEngTorqueMaxDuringMaximumContinuousPower" name="test_derive_masked_data" time="0.004"></testcase><testcase classname="tests.key_point_value_test.TestEngTorqueMaxDuringMaximumContinuousPower" name="test_derive_multiple_masked_slices" time="0.012"></testcase><testcase classname="tests.key_point_value_test.TestEngTorqueMaxDuringMaximumContinuousPower" name="test_derive_short_mcp" time="0.009"></testcase><testcase classname="tests.key_point_value_test.TestEngTorqueMaxDuringTakeoff" name="test_can_operate" time="0.000"></testcase><testcase classname="tests.key_point_value_test.TestEngTorqueMaxDuringTakeoff" name="test_derive" time="0.007"></testcase><testcase classname="tests.key_point_value_test.TestEngTorqueMaxDuringTakeoff" name="test_derive_all_data_masked" time="0.000"></testcase><testcase classname="tests.key_point_value_test.TestEngTorqueMaxDuringTakeoff" name="test_derive_hz_2" time="0.017"></testcase><testcase classname="tests.key_point_value_test.TestEngTorqueMaxDuringTakeoff" name="test_derive_masked_data" time="0.003"></testcase><testcase classname="tests.key_point_value_test.TestEngTorqueMaxDuringTakeoff" name="test_derive_multiple_masked_slices" time="0.007"></testcase><testcase classname="tests.key_point_value_test.TestEngTorqueMaxDuringTakeoff" name="test_derive_not_enough_high_samples" time="0.008"></testcase><testcase classname="tests.key_point_value_test.TestEngTorqueMaxDuringTakeoff" name="test_derive_short_takeoff" time="0.002"></testcase><testcase classname="tests.key_point_value_test.TestEngTorqueMaxDuringTakeoff" name="test_derive_with_go_around" time="0.013"></testcase><testcase classname="tests.key_point_value_test.TestEngTorqueMaximumContinuousPowerMax" name="test_can_operate" time="0.000"></testcase><testcase classname="tests.key_point_value_test.TestEngTorqueMaximumContinuousPowerMax" name="test_can_operate_heli" time="0.000"></testcase><testcase classname="tests.key_point_value_test.TestEngTorqueMaximumContinuousPowerMax" name="test_derive" time="0.001"></testcase><testcase classname="tests.key_point_value_test.TestEngTorqueMaximumContinuousPowerMax" name="test_derive_heli" time="0.001"></testcase><testcase classname="tests.key_point_value_test.TestEngTorqueOverThresholdDuration" name="test_can_operate" time="0.001"></testcase><testcase classname="tests.key_point_value_test.TestEngTorqueOverThresholdDuration" name="test_can_operate_heli" time="0.001"></testcase><testcase classname="tests.key_point_value_test.TestEngTorqueOverThresholdDuration" name="test_derive_1" time="0.001"></testcase><testcase classname="tests.key_point_value_test.TestEngTorqueOverThresholdDuration" name="test_derive_2" time="0.013"></testcase><testcase classname="tests.key_point_value_test.TestEngTorqueOverThresholdDuration" name="test_derive_heli" time="0.002"></testcase><testcase classname="tests.key_point_value_test.TestEngTorqueWhileDescendingMax" name="test_can_operate" time="0.000"></testcase><testcase classname="tests.key_point_value_test.TestEngTorqueWhileDescendingMax" name="test_derive" time="0.000"><skipped type="unittest.case.SkipTest" message="Test Not Implemented"><![CDATA[Exception: Test Not Implemented
]]></skipped></testcase><testcase classname="tests.key_point_value_test.TestEngTorqueWhileDescendingMax" name="test_derive_mocked" time="0.000"></testcase><testcase classname="tests.key_point_value_test.TestEngTorqueWithin1SecOfTouchdownMax" name="test_basic" time="0.001"></testcase><testcase classname="tests.key_point_value_test.TestEngTorqueWithin1SecOfTouchdownMax" name="test_half_hertz" time="0.000"></testcase><testcase classname="tests.key_point_value_test.TestEngTorqueWithin1SecOfTouchdownMax" name="test_hi_frequency" time="0.001"></testcase><testcase classname="tests.key_point_value_test.TestEngVibAMax" name="test_can_operate" time="0.000"></testcase><testcase classname="tests.key_point_value_test.TestEngVibAMax" name="test_derive" time="0.000"><skipped type="unittest.case.SkipTest" message="Test Not Implemented"><![CDATA[Exception: Test Not Implemented
]]></skipped></testcase><testcase classname="tests.key_point_value_test.TestEngVibAMax" name="test_derive_mocked" time="0.000"></testcase><testcase classname="tests.key_point_value_test.TestEngVibBMax" name="test_can_operate" time="0.000"></testcase><testcase classname="tests.key_point_value_test.TestEngVibBMax" name="test_derive" time="0.000"><skipped type="unittest.case.SkipTest" message="Test Not Implemented"><![CDATA[Exception: Test Not Implemented
]]></skipped></testcase><testcase classname="tests.key_point_value_test.TestEngVibBMax" name="test_derive_mocked" time="0.000"></testcase><testcase classname="tests.key_point_value_test.TestEngVibBroadbandMax" name="test_can_operate" time="0.000"></testcase><testcase classname="tests.key_point_value_test.TestEngVibBroadbandMax" name="test_derive" time="0.000"><skipped type="unittest.case.SkipTest" message="Test Not Implemented"><![CDATA[Exception: Test Not Implemented
]]></skipped></testcase><testcase classname="tests.key_point_value_test.TestEngVibCMax" name="test_can_operate" time="0.000"></testcase><testcase classname="tests.key_point_value_test.TestEngVibCMax" name="test_derive" time="0.000"><skipped type="unittest.case.SkipTest" message="Test Not Implemented"><![CDATA[Exception: Test Not Implemented
]]></skipped></testcase><testcase classname="tests.key_point_value_test.TestEngVibCMax" name="test_derive_mocked" time="0.000"></testcase><testcase classname="tests.key_point_value_test.TestEngVibN1Max" name="test_can_operate" time="0.000"></testcase><testcase classname="tests.key_point_value_test.TestEngVibN1Max" name="test_derive" time="0.000"><skipped type="unittest.case.SkipTest" message="Test Not Implemented"><![CDATA[Exception: Test Not Implemented
]]></skipped></testcase><testcase classname="tests.key_point_value_test.TestEngVibN1Max" name="test_derive_mocked" time="0.000"></testcase><testcase classname="tests.key_point_value_test.TestEngVibN2Max" name="test_can_operate" time="0.000"></testcase><testcase classname="tests.key_point_value_test.TestEngVibN2Max" name="test_derive" time="0.000"><skipped type="unittest.case.SkipTest" message="Test Not Implemented"><![CDATA[Exception: Test Not Implemented
]]></skipped></testcase><testcase classname="tests.key_point_value_test.TestEngVibN2Max" name="test_derive_mocked" time="0.001"></testcase><testcase classname="tests.key_point_value_test.TestEngVibN3Max" name="test_can_operate" time="0.000"></testcase><testcase classname="tests.key_point_value_test.TestEngVibN3Max" name="test_derive" time="0.000"><skipped type="unittest.case.SkipTest" message="Test Not Implemented"><![CDATA[Exception: Test Not Implemented
]]></skipped></testcase><testcase classname="tests.key_point_value_test.TestEngVibN3Max" name="test_derive_mocked" time="0.000"></testcase><testcase classname="tests.key_point_value_test.TestEngVibNpMax" name="test_can_operate" time="0.000"></testcase><testcase classname="tests.key_point_value_test.TestEngVibNpMax" name="test_derive" time="0.000"><skipped type="unittest.case.SkipTest" message="Test Not Implemented"><![CDATA[Exception: Test Not Implemented
]]></skipped></testcase><testcase classname="tests.key_point_value_test.TestEngVibNpMax" name="test_derive_mocked" time="0.000"></testcase><testcase classname="tests.key_point_value_test.TestEventMarkerPressed" name="test_can_operate" time="0.000"><skipped type="unittest.case.SkipTest" message="Test Not Implemented"><![CDATA[Exception: Test Not Implemented
]]></skipped></testcase><testcase classname="tests.key_point_value_test.TestEventMarkerPressed" name="test_derive" time="0.000"><skipped type="unittest.case.SkipTest" message="Test Not Implemented"><![CDATA[Exception: Test Not Implemented
]]></skipped></testcase><testcase classname="tests.key_point_value_test.TestFlapAt1000Ft" name="test_can_operate" time="0.000"></testcase><testcase classname="tests.key_point_value_test.TestFlapAt1000Ft" name="test_derive" time="0.001"></testcase><testcase classname="tests.key_point_value_test.TestFlapAt500Ft" name="test_can_operate" time="0.000"></testcase><testcase classname="tests.key_point_value_test.TestFlapAt500Ft" name="test_derive" time="0.001"></testcase><testcase classname="tests.key_point_value_test.TestFlapAtFirstMovementAfterEngineStart" name="test_attributes" time="0.000"></testcase><testcase classname="tests.key_point_value_test.TestFlapAtFirstMovementAfterEngineStart" name="test_can_operate" time="0.001"></testcase><testcase classname="tests.key_point_value_test.TestFlapAtFirstMovementAfterEngineStart" name="test_derive" time="0.001"></testcase><testcase classname="tests.key_point_value_test.TestFlapAtFirstMovementAfterEngineStart" name="test_derive_tow" time="0.001"></testcase><testcase classname="tests.key_point_value_test.TestFlapAtGearDownSelection" name="test_can_operate" time="0.000"></testcase><testcase classname="tests.key_point_value_test.TestFlapAtGearDownSelection" name="test_derive" time="0.001"></testcase><testcase classname="tests.key_point_value_test.TestFlapAtGearUpSelectionDuringGoAround" name="test_can_operate" time="0.000"></testcase><testcase classname="tests.key_point_value_test.TestFlapAtGearUpSelectionDuringGoAround" name="test_derive" time="0.001"></testcase><testcase classname="tests.key_point_value_test.TestFlapAtLiftoff" name="test_can_operate" time="0.000"></testcase><testcase classname="tests.key_point_value_test.TestFlapAtLiftoff" name="test_derive" time="0.001"></testcase><testcase classname="tests.key_point_value_test.TestFlapAtLiftoff" name="test_derive__lfl_multistate" time="0.001"></testcase><testcase classname="tests.key_point_value_test.TestFlapAtTouchdown" name="test_can_operate" time="0.000"></testcase><testcase classname="tests.key_point_value_test.TestFlapAtTouchdown" name="test_derive" time="0.001"></testcase><testcase classname="tests.key_point_value_test.TestFlapAtTouchdown" name="test_derive__lfl_multistate" time="0.001"></testcase><testcase classname="tests.key_point_value_test.TestFlapBypassValveDuration" name="test_derive" time="0.001"></testcase><testcase classname="tests.key_point_value_test.TestFlapLeverAtGearDownSelection" name="test_can_operate" time="0.000"></testcase><testcase classname="tests.key_point_value_test.TestFlapLeverAtGearDownSelection" name="test_derive" time="0.001"></testcase><testcase classname="tests.key_point_value_test.TestFlapLeverAtGearUpSelectionDuringGoAround" name="test_can_operate" time="0.000"></testcase><testcase classname="tests.key_point_value_test.TestFlapLeverAtGearUpSelectionDuringGoAround" name="test_derive" time="0.001"></testcase><testcase classname="tests.key_point_value_test.TestFlapOrConfigurationMaxOrMin" name="test_flap_or_conf_max_or_min_empty_scope" time="0.000"></testcase><testcase classname="tests.key_point_value_test.TestFlapSynchroAsymmetryMax" name="test_derive" time="0.001"></testcase><testcase classname="tests.key_point_value_test.TestFlapWithGearUpMax" name="test_can_operate" time="0.000"></testcase><testcase classname="tests.key_point_value_test.TestFlapWithGearUpMax" name="test_derive" time="0.000"><skipped type="unittest.case.SkipTest" message="Test not implemented."><![CDATA[Exception: Test not implemented.
]]></skipped></testcase><testcase classname="tests.key_point_value_test.TestFlapWithSpeedbrakeDeployedMax" name="test_737MAX" time="0.002"></testcase><testcase classname="tests.key_point_value_test.TestFlapWithSpeedbrakeDeployedMax" name="test_can_operate" time="0.000"></testcase><testcase classname="tests.key_point_value_test.TestFlapWithSpeedbrakeDeployedMax" name="test_derive" time="0.001"></testcase><testcase classname="tests.key_point_value_test.TestFlareDistance20FtToTouchdown" name="test_can_operate" time="0.001"></testcase><testcase classname="tests.key_point_value_test.TestFlareDistance20FtToTouchdown" name="test_derive" time="0.003"></testcase><testcase classname="tests.key_point_value_test.TestFlareDuration20FtToTouchdown" name="test_can_operate" time="0.001"></testcase><testcase classname="tests.key_point_value_test.TestFlareDuration20FtToTouchdown" name="test_derive" time="0.000"><skipped type="unittest.case.SkipTest" message="Test Not Implemented"><![CDATA[Exception: Test Not Implemented
]]></skipped></testcase><testcase classname="tests.key_point_value_test.TestFlightControlPreflightCheck" name="test_can_operate" time="0.001"></testcase><testcase classname="tests.key_point_value_test.TestFlightControlPreflightCheck" name="test_derive" time="0.000"></testcase><testcase classname="tests.key_point_value_test.TestFuelJettisonDuration" name="test_can_operate" time="0.001"></testcase><testcase classname="tests.key_point_value_test.TestFuelJettisonDuration" name="test_derive_basic" time="0.001"></testcase><testcase classname="tests.key_point_value_test.TestFuelQtyAtLiftoff" name="test_can_operate" time="0.000"></testcase><testcase classname="tests.key_point_value_test.TestFuelQtyAtLiftoff" name="test_derive" time="0.001"></testcase><testcase classname="tests.key_point_value_test.TestFuelQtyAtTouchdown" name="test_can_operate" time="0.000"></testcase><testcase classname="tests.key_point_value_test.TestFuelQtyAtTouchdown" name="test_derive" time="0.000"><skipped type="unittest.case.SkipTest" message="Test Not Implemented"><![CDATA[Exception: Test Not Implemented
]]></skipped></testcase><testcase classname="tests.key_point_value_test.TestFuelQtyLowWarningDuration" name="test_can_operate" time="0.000"></testcase><testcase classname="tests.key_point_value_test.TestFuelQtyLowWarningDuration" name="test_derive" time="0.001"></testcase><testcase classname="tests.key_point_value_test.TestFuelQtyWingDifference787Max" name="test_can_operate" time="0.001"></testcase><testcase classname="tests.key_point_value_test.TestFuelQtyWingDifference787Max" name="test_derive_basic" time="0.001"></testcase><testcase classname="tests.key_point_value_test.TestFuelQtyWingDifference787Max" name="test_derive_handed" time="0.002"></testcase><testcase classname="tests.key_point_value_test.TestFuelQtyWingDifference787Max" name="test_masked_operation" time="0.001"></testcase><testcase classname="tests.key_point_value_test.TestFuelQtyWingDifferenceMax" name="test_can_operate" time="0.001"></testcase><testcase classname="tests.key_point_value_test.TestFuelQtyWingDifferenceMax" name="test_derive_basic" time="0.001"></testcase><testcase classname="tests.key_point_value_test.TestFuelQtyWingDifferenceMax" name="test_derive_handed" time="0.001"></testcase><testcase classname="tests.key_point_value_test.TestGearDownToLandingFlapConfigurationDuration" name="test_can_operate" time="0.000"></testcase><testcase classname="tests.key_point_value_test.TestGearDownToLandingFlapConfigurationDuration" name="test_derive_basic_erj" time="0.006"></testcase><testcase classname="tests.key_point_value_test.TestGearDownToLandingFlapConfigurationDuration" name="test_derive_basic_phenom_300" time="0.009"></testcase><testcase classname="tests.key_point_value_test.TestGearExtending" name="test_can_operate" time="0.000"><skipped type="unittest.case.SkipTest" message="Test Not Implemented"><![CDATA[Exception: Test Not Implemented
]]></skipped></testcase><testcase classname="tests.key_point_value_test.TestGearExtending" name="test_derive" time="0.000"><skipped type="unittest.case.SkipTest" message="Test Not Implemented"><![CDATA[Exception: Test Not Implemented
]]></skipped></testcase><testcase classname="tests.key_point_value_test.TestGearboxChipDetectorWarningDuration" name="test_can_operate" time="0.016"></testcase><testcase classname="tests.key_point_value_test.TestGearboxChipDetectorWarningDuration" name="test_derive_basic" time="0.002"></testcase><testcase classname="tests.key_point_value_test.TestGoAround5MinRating" name="test_can_operate" time="0.000"><skipped type="unittest.case.SkipTest" message="Test Not Implemented"><![CDATA[Exception: Test Not Implemented
]]></skipped></testcase><testcase classname="tests.key_point_value_test.TestGoAround5MinRating" name="test_derive" time="0.000"><skipped type="unittest.case.SkipTest" message="Test Not Implemented"><![CDATA[Exception: Test Not Implemented
]]></skipped></testcase><testcase classname="tests.key_point_value_test.TestGreatCircleDistance" name="test_can_operate" time="0.000"></testcase><testcase classname="tests.key_point_value_test.TestGreatCircleDistance" name="test_derive" time="0.000"></testcase><testcase classname="tests.key_point_value_test.TestGreatCircleDistance" name="test_derive__coordinates" time="0.000"></testcase><testcase classname="tests.key_point_value_test.TestGreatCircleDistance" name="test_derive__no_coordinates" time="0.000"></testcase><testcase classname="tests.key_point_value_test.TestGreatCircleDistance" name="test_derive__no_touchdonws" time="0.000"></testcase><testcase classname="tests.key_point_value_test.TestGrossWeightAtLiftoff" name="test_can_operate" time="0.000"></testcase><testcase classname="tests.key_point_value_test.TestGrossWeightAtLiftoff" name="test_derive__basic" time="0.000"></testcase><testcase classname="tests.key_point_value_test.TestGrossWeightAtLiftoff" name="test_derive__masked" time="0.000"></testcase><testcase classname="tests.key_point_value_test.TestGrossWeightAtTouchdown" name="test_can_operate" time="0.001"></testcase><testcase classname="tests.key_point_value_test.TestGrossWeightAtTouchdown" name="test_derive__basic" time="0.000"></testcase><testcase classname="tests.key_point_value_test.TestGrossWeightAtTouchdown" name="test_derive__masked" time="0.000"></testcase><testcase classname="tests.key_point_value_test.TestGrossWeightAtTouchdown" name="test_derive__touch_and_go" time="0.000"></testcase><testcase classname="tests.key_point_value_test.TestGrossWeightConditionalAtTouchdown" name="test_can_operate" time="0.000"></testcase><testcase classname="tests.key_point_value_test.TestGrossWeightConditionalAtTouchdown" name="test_derive" time="0.000"></testcase><testcase classname="tests.key_point_value_test.TestGrossWeightConditionalAtTouchdown" name="test_derive__gentle_touchdown" time="0.000"></testcase><testcase classname="tests.key_point_value_test.TestGrossWeightConditionalAtTouchdown" name="test_derive__hi_g" time="0.000"></testcase><testcase classname="tests.key_point_value_test.TestGrossWeightConditionalAtTouchdown" name="test_derive__hi_rod" time="0.000"></testcase><testcase classname="tests.key_point_value_test.TestGrossWeightConditionalAtTouchdown" name="test_derive_tdwn_idx_rounding" time="0.000"></testcase><testcase classname="tests.key_point_value_test.TestGrossWeightConditionalAtTouchdown" name="test_derive_tdwn_idx_rounding_2" time="0.000"></testcase><testcase classname="tests.key_point_value_test.TestGrossWeightDelta60SecondsInFlightMax" name="test_can_operate" time="0.000"></testcase><testcase classname="tests.key_point_value_test.TestGrossWeightDelta60SecondsInFlightMax" name="test_gross_weight_delta_1hz" time="0.001"></testcase><testcase classname="tests.key_point_value_test.TestGrossWeightDelta60SecondsInFlightMax" name="test_gross_weight_delta_superframe" time="0.010"></testcase><testcase classname="tests.key_point_value_test.TestGroundspeedAtLiftoff" name="test_can_operate" time="0.000"></testcase><testcase classname="tests.key_point_value_test.TestGroundspeedAtLiftoff" name="test_derive" time="0.000"><skipped type="unittest.case.SkipTest" message="Test Not Implemented"><![CDATA[Exception: Test Not Implemented
]]></skipped></testcase><testcase classname="tests.key_point_value_test.TestGroundspeedAtLiftoff" name="test_derive_mocked" time="0.000"></testcase><testcase classname="tests.key_point_value_test.TestGroundspeedAtTOGA" name="test_can_operate" time="0.001"></testcase><testcase classname="tests.key_point_value_test.TestGroundspeedAtTOGA" name="test_derive" time="0.000"><skipped type="unittest.case.SkipTest" message="Test Not Implemented"><![CDATA[Exception: Test Not Implemented
]]></skipped></testcase><testcase classname="tests.key_point_value_test.TestGroundspeedAtTouchdown" name="test_can_operate" time="0.000"></testcase><testcase classname="tests.key_point_value_test.TestGroundspeedAtTouchdown" name="test_derive" time="0.000"><skipped type="unittest.case.SkipTest" message="Test Not Implemented"><![CDATA[Exception: Test Not Implemented
]]></skipped></testcase><testcase classname="tests.key_point_value_test.TestGroundspeedAtTouchdown" name="test_derive_mocked" time="0.000"></testcase><testcase classname="tests.key_point_value_test.TestGroundspeedDuringRejectedTakeoffMax" name="test_can_operate" time="0.000"></testcase><testcase classname="tests.key_point_value_test.TestGroundspeedDuringRejectedTakeoffMax" name="test_derive" time="0.001"></testcase><testcase classname="tests.key_point_value_test.TestGroundspeedDuringRejectedTakeoffMax" name="test_no_gspd" time="0.005"></testcase><testcase classname="tests.key_point_value_test.TestGroundspeedFlapChangeDuringTakeoffMax" name="test_can_operate" time="0.001"></testcase><testcase classname="tests.key_point_value_test.TestGroundspeedFlapChangeDuringTakeoffMax" name="test_derive" time="0.001"></testcase><testcase classname="tests.key_point_value_test.TestGroundspeedInStraightLineDuringTaxiInMax" name="test_can_operate" time="0.001"></testcase><testcase classname="tests.key_point_value_test.TestGroundspeedInStraightLineDuringTaxiInMax" name="test_derive" time="0.000"><skipped type="unittest.case.SkipTest" message="Test Not Implemented"><![CDATA[Exception: Test Not Implemented
]]></skipped></testcase><testcase classname="tests.key_point_value_test.TestGroundspeedInStraightLineDuringTaxiOutMax" name="test_can_operate" time="0.001"></testcase><testcase classname="tests.key_point_value_test.TestGroundspeedInStraightLineDuringTaxiOutMax" name="test_derive" time="0.000"><skipped type="unittest.case.SkipTest" message="Test Not Implemented"><![CDATA[Exception: Test Not Implemented
]]></skipped></testcase><testcase classname="tests.key_point_value_test.TestGroundspeedInTurnDuringTaxiInMax" name="test_can_operate" time="0.001"></testcase><testcase classname="tests.key_point_value_test.TestGroundspeedInTurnDuringTaxiInMax" name="test_derive" time="0.000"><skipped type="unittest.case.SkipTest" message="Test Not Implemented"><![CDATA[Exception: Test Not Implemented
]]></skipped></testcase><testcase classname="tests.key_point_value_test.TestGroundspeedInTurnDuringTaxiOutMax" name="test_can_operate" time="0.001"></testcase><testcase classname="tests.key_point_value_test.TestGroundspeedInTurnDuringTaxiOutMax" name="test_derive" time="0.000"><skipped type="unittest.case.SkipTest" message="Test Not Implemented"><![CDATA[Exception: Test Not Implemented
]]></skipped></testcase><testcase classname="tests.key_point_value_test.TestGroundspeedSpeedbrakeDuringTakeoffMax" name="test_can_operate" time="0.001"></testcase><testcase classname="tests.key_point_value_test.TestGroundspeedSpeedbrakeDuringTakeoffMax" name="test_derive" time="0.001"></testcase><testcase classname="tests.key_point_value_test.TestGroundspeedSpeedbrakeHandleDuringTakeoffMax" name="test_can_operate" time="0.001"></testcase><testcase classname="tests.key_point_value_test.TestGroundspeedSpeedbrakeHandleDuringTakeoffMax" name="test_derive_speedbrake_deployed" time="0.001"></testcase><testcase classname="tests.key_point_value_test.TestGroundspeedSpeedbrakeHandleDuringTakeoffMax" name="test_derive_speedbrake_not_deployed" time="0.001"></testcase><testcase classname="tests.key_point_value_test.TestGroundspeedStabilizerOutOfTrimDuringTakeoffMax" name="test_can_operate" time="0.000"></testcase><testcase classname="tests.key_point_value_test.TestGroundspeedStabilizerOutOfTrimDuringTakeoffMax" name="test_derive" time="0.001"></testcase><testcase classname="tests.key_point_value_test.TestGroundspeedVacatingRunway" name="test_can_operate" time="0.000"></testcase><testcase classname="tests.key_point_value_test.TestGroundspeedVacatingRunway" name="test_derive" time="0.000"><skipped type="unittest.case.SkipTest" message="Test Not Implemented"><![CDATA[Exception: Test Not Implemented
]]></skipped></testcase><testcase classname="tests.key_point_value_test.TestGroundspeedVacatingRunway" name="test_derive_mocked" time="0.000"></testcase><testcase classname="tests.key_point_value_test.TestGroundspeedWhileTaxiingStraightMax" name="test_can_operate" time="0.001"></testcase><testcase classname="tests.key_point_value_test.TestGroundspeedWhileTaxiingStraightMax" name="test_derive" time="0.000"><skipped type="unittest.case.SkipTest" message="Test Not Implemented"><![CDATA[Exception: Test Not Implemented
]]></skipped></testcase><testcase classname="tests.key_point_value_test.TestGroundspeedWhileTaxiingTurnMax" name="test_can_operate" time="0.001"></testcase><testcase classname="tests.key_point_value_test.TestGroundspeedWhileTaxiingTurnMax" name="test_derive" time="0.000"><skipped type="unittest.case.SkipTest" message="Test Not Implemented"><![CDATA[Exception: Test Not Implemented
]]></skipped></testcase><testcase classname="tests.key_point_value_test.TestGroundspeedWithGearOnGroundMax" name="test_can_operate" time="0.000"></testcase><testcase classname="tests.key_point_value_test.TestGroundspeedWithGearOnGroundMax" name="test_derive_basic" time="0.001"></testcase><testcase classname="tests.key_point_value_test.TestGroundspeedWithThrustReversersDeployedAnyPowerMin" name="test_can_operate" time="0.000"></testcase><testcase classname="tests.key_point_value_test.TestGroundspeedWithThrustReversersDeployedAnyPowerMin" name="test_derive_basic" time="0.001"></testcase><testcase classname="tests.key_point_value_test.TestGroundspeedWithThrustReversersDeployedMin" name="test_can_operate" time="0.000"></testcase><testcase classname="tests.key_point_value_test.TestGroundspeedWithThrustReversersDeployedMin" name="test_derive_basic" time="0.002"></testcase><testcase classname="tests.key_point_value_test.TestGroundspeedWithThrustReversersDeployedMin" name="test_derive_with_epr" time="0.002"></testcase><testcase classname="tests.key_point_value_test.TestGroundspeedWithThrustReversersDeployedMin" name="test_derive_with_epr_freq_higher" time="0.002"></testcase><testcase classname="tests.key_point_value_test.TestGroundspeedWithThrustReversersDeployedMin" name="test_derive_with_epr_n1_equal_freq" time="0.002"></testcase><testcase classname="tests.key_point_value_test.TestGroundspeedWithThrustReversersDeployedMin" name="test_derive_with_n1_freq_higher" time="0.001"></testcase><testcase classname="tests.key_point_value_test.TestHeadingAtLowestAltitudeDuringApproach" name="test_can_operate" time="0.000"></testcase><testcase classname="tests.key_point_value_test.TestHeadingAtLowestAltitudeDuringApproach" name="test_derive" time="0.000"><skipped type="unittest.case.SkipTest" message="Test Not Implemented"><![CDATA[Exception: Test Not Implemented
]]></skipped></testcase><testcase classname="tests.key_point_value_test.TestHeadingAtLowestAltitudeDuringApproach" name="test_derive_mocked" time="0.000"></testcase><testcase classname="tests.key_point_value_test.TestHeadingChange" name="test_derive_basic" time="0.000"></testcase><testcase classname="tests.key_point_value_test.TestHeadingChange" name="test_derive_left" time="0.000"></testcase><testcase classname="tests.key_point_value_test.TestHeadingChange" name="test_derive_small_angle" time="0.000"></testcase><testcase classname="tests.key_point_value_test.TestHeadingDeviationFromRunwayAt50FtDuringLanding" name="test_can_operate" time="0.001"></testcase><testcase classname="tests.key_point_value_test.TestHeadingDeviationFromRunwayAt50FtDuringLanding" name="test_derive" time="0.000"><skipped type="unittest.case.SkipTest" message="Test Not Implemented"><![CDATA[Exception: Test Not Implemented
]]></skipped></testcase><testcase classname="tests.key_point_value_test.TestHeadingDeviationFromRunwayAtTOGADuringTakeoff" name="test_can_operate" time="0.001"></testcase><testcase classname="tests.key_point_value_test.TestHeadingDeviationFromRunwayAtTOGADuringTakeoff" name="test_derive" time="0.000"><skipped type="unittest.case.SkipTest" message="Test Not Implemented"><![CDATA[Exception: Test Not Implemented
]]></skipped></testcase><testcase classname="tests.key_point_value_test.TestHeadingDeviationFromRunwayDuringLandingRoll" name="test_can_operate" time="0.001"></testcase><testcase classname="tests.key_point_value_test.TestHeadingDeviationFromRunwayDuringLandingRoll" name="test_derive" time="0.000"><skipped type="unittest.case.SkipTest" message="Test Not Implemented"><![CDATA[Exception: Test Not Implemented
]]></skipped></testcase><testcase classname="tests.key_point_value_test.TestHeadingDuringLanding" name="test_can_operate" time="0.001"></testcase><testcase classname="tests.key_point_value_test.TestHeadingDuringLanding" name="test_derive_basic" time="0.001"></testcase><testcase classname="tests.key_point_value_test.TestHeadingDuringTakeoff" name="test_can_operate" time="0.000"></testcase><testcase classname="tests.key_point_value_test.TestHeadingDuringTakeoff" name="test_derive_basic" time="0.001"></testcase><testcase classname="tests.key_point_value_test.TestHeadingDuringTakeoff" name="test_derive_modulus" time="0.001"></testcase><testcase classname="tests.key_point_value_test.TestHeadingRateWhileAirborneMax" name="test_can_operate" time="0.000"></testcase><testcase classname="tests.key_point_value_test.TestHeadingRateWhileAirborneMax" name="test_derive" time="0.001"></testcase><testcase classname="tests.key_point_value_test.TestHeadingTrueDuringLanding" name="test_can_operate" time="0.000"></testcase><testcase classname="tests.key_point_value_test.TestHeadingTrueDuringLanding" name="test_derive_basic" time="0.001"></testcase><testcase classname="tests.key_point_value_test.TestHeadingTrueDuringTakeoff" name="test_can_operate" time="0.000"></testcase><testcase classname="tests.key_point_value_test.TestHeadingTrueDuringTakeoff" name="test_derive_basic" time="0.001"></testcase><testcase classname="tests.key_point_value_test.TestHeadingTrueDuringTakeoff" name="test_derive_modulus" time="0.001"></testcase><testcase classname="tests.key_point_value_test.TestHeadingVacatingRunway" name="test_can_operate" time="0.000"></testcase><testcase classname="tests.key_point_value_test.TestHeadingVacatingRunway" name="test_derive" time="0.000"><skipped type="unittest.case.SkipTest" message="Test Not Implemented"><![CDATA[Exception: Test Not Implemented
]]></skipped></testcase><testcase classname="tests.key_point_value_test.TestHeadingVariation300To50Ft" name="test_can_operate" time="0.000"></testcase><testcase classname="tests.key_point_value_test.TestHeadingVariation300To50Ft" name="test_derive" time="0.000"><skipped type="unittest.case.SkipTest" message="Test Not Implemented"><![CDATA[Exception: Test Not Implemented
]]></skipped></testcase><testcase classname="tests.key_point_value_test.TestHeadingVariation500To50Ft" name="test_can_operate" time="0.000"></testcase><testcase classname="tests.key_point_value_test.TestHeadingVariation500To50Ft" name="test_derive" time="0.000"><skipped type="unittest.case.SkipTest" message="Test Not Implemented"><![CDATA[Exception: Test Not Implemented
]]></skipped></testcase><testcase classname="tests.key_point_value_test.TestHeadingVariation800To50Ft" name="test_can_operate" time="0.000"></testcase><testcase classname="tests.key_point_value_test.TestHeadingVariation800To50Ft" name="test_derive" time="0.001"></testcase><testcase classname="tests.key_point_value_test.TestHeadingVariationAbove100KtsAirspeedDuringLanding" name="test_can_operate" time="0.001"></testcase><testcase classname="tests.key_point_value_test.TestHeadingVariationAbove100KtsAirspeedDuringLanding" name="test_derive" time="0.000"><skipped type="unittest.case.SkipTest" message="Test Not Implemented"><![CDATA[Exception: Test Not Implemented
]]></skipped></testcase><testcase classname="tests.key_point_value_test.TestHeadingVariationAbove80KtsAirspeedDuringTakeoff" name="test_can_operate" time="0.000"></testcase><testcase classname="tests.key_point_value_test.TestHeadingVariationAbove80KtsAirspeedDuringTakeoff" name="test_derive__stationary_off_centre" time="0.002"></testcase><testcase classname="tests.key_point_value_test.TestHeadingVariationAbove80KtsAirspeedDuringTakeoff" name="test_derive_heading_masked" time="0.014"></testcase><testcase classname="tests.key_point_value_test.TestHeadingVariationAbove80KtsAirspeedDuringTakeoff" name="test_no_deviation" time="0.002"></testcase><testcase classname="tests.key_point_value_test.TestHeadingVariationAbove80KtsAirspeedDuringTakeoff" name="test_nosewheel_didnt_lift" time="0.002"></testcase><testcase classname="tests.key_point_value_test.TestHeadingVariationAbove80KtsAirspeedDuringTakeoff" name="test_with_deviation" time="0.002"></testcase><testcase classname="tests.key_point_value_test.TestHeadingVariationAbove80KtsAirspeedDuringTakeoff" name="test_with_transient_deviation_at_1_5_deg_sec" time="0.002"></testcase><testcase classname="tests.key_point_value_test.TestHeadingVariationAbove80KtsAirspeedDuringTakeoff" name="test_with_transient_deviation_at_80_kts" time="0.002"></testcase><testcase classname="tests.key_point_value_test.TestHeadingVariationTouchdownPlus4SecTo60KtsAirspeed" name="test_can_operate" time="0.001"></testcase><testcase classname="tests.key_point_value_test.TestHeadingVariationTouchdownPlus4SecTo60KtsAirspeed" name="test_derive" time="0.002"></testcase><testcase classname="tests.key_point_value_test.TestHeadingVariationTouchdownPlus4SecTo60KtsAirspeed" name="test_derive_straight" time="0.002"><system-err><![CDATA[/usr/local/lib/python3.7/site-packages/numpy/ma/core.py:2785: UserWarning: Warning: converting a masked element to nan.
  order=order, subok=True, ndmin=ndmin)
/usr/local/lib/python3.7/site-packages/numpy/ma/core.py:5147: RuntimeWarning: Mean of empty slice.
  dtype=dtype, **kwargs)[()]
/usr/local/lib/python3.7/site-packages/numpy/core/_methods.py:78: RuntimeWarning: invalid value encountered in true_divide
  ret, rcount, out=ret, casting='unsafe', subok=False)
]]></system-err></testcase><testcase classname="tests.key_point_value_test.TestHeadingVariationTouchdownPlus4SecTo60KtsAirspeed" name="test_first_sample_interpolation" time="0.002"></testcase><testcase classname="tests.key_point_value_test.TestHeadingVariationTouchdownPlus4SecTo60KtsAirspeed" name="test_ignore_ret" time="0.002"></testcase><testcase classname="tests.key_point_value_test.TestHeightAtDistancesFromThreshold" name="test_attributes" time="0.000"></testcase><testcase classname="tests.key_point_value_test.TestHeightAtDistancesFromThreshold" name="test_can_operate" time="0.000"></testcase><testcase classname="tests.key_point_value_test.TestHeightAtDistancesFromThreshold" name="test_derive" time="0.001"></testcase><testcase classname="tests.key_point_value_test.TestHeightAtOffsetILSTurn" name="test_attributes" time="0.000"></testcase><testcase classname="tests.key_point_value_test.TestHeightAtOffsetILSTurn" name="test_can_operate" time="0.000"></testcase><testcase classname="tests.key_point_value_test.TestHeightAtOffsetILSTurn" name="test_derive" time="0.000"></testcase><testcase classname="tests.key_point_value_test.TestHeightAtRunwayChange" name="test_attributes" time="0.000"></testcase><testcase classname="tests.key_point_value_test.TestHeightAtRunwayChange" name="test_can_operate" time="0.000"></testcase><testcase classname="tests.key_point_value_test.TestHeightAtRunwayChange" name="test_derive" time="0.000"></testcase><testcase classname="tests.key_point_value_test.TestHeightLoss1000To2000Ft" name="test_basic" time="0.001"></testcase><testcase classname="tests.key_point_value_test.TestHeightLoss1000To2000Ft" name="test_can_operate" time="0.001"></testcase><testcase classname="tests.key_point_value_test.TestHeightLoss35To1000Ft" name="test_basic" time="0.001"></testcase><testcase classname="tests.key_point_value_test.TestHeightLoss35To1000Ft" name="test_can_operate" time="0.001"></testcase><testcase classname="tests.key_point_value_test.TestHeightLossLiftoffTo35Ft" name="test_basic" time="0.002"></testcase><testcase classname="tests.key_point_value_test.TestHeightLossLiftoffTo35Ft" name="test_can_operate" time="0.000"></testcase><testcase classname="tests.key_point_value_test.TestHeightMinsToTouchdown" name="test_can_operate" time="0.000"></testcase><testcase classname="tests.key_point_value_test.TestHeightMinsToTouchdown" name="test_derive" time="0.000"><skipped type="unittest.case.SkipTest" message="Test Not Implemented"><![CDATA[Exception: Test Not Implemented
]]></skipped></testcase><testcase classname="tests.key_point_value_test.TestHeightOfBouncedLanding" name="test_can_operate" time="0.000"><skipped type="unittest.case.SkipTest" message="Test Not Implemented"><![CDATA[Exception: Test Not Implemented
]]></skipped></testcase><testcase classname="tests.key_point_value_test.TestHeightOfBouncedLanding" name="test_derive" time="0.000"><skipped type="unittest.case.SkipTest" message="Test Not Implemented"><![CDATA[Exception: Test Not Implemented
]]></skipped></testcase><testcase classname="tests.key_point_value_test.TestHeightSelectedOnApproachMin" name="test_basic" time="0.000"></testcase><testcase classname="tests.key_point_value_test.TestHeightSelectedOnApproachMin" name="test_can_operate" time="0.000"></testcase><testcase classname="tests.key_point_value_test.TestHeightSelectedOnApproachMin" name="test_not_negative" time="0.000"></testcase><testcase classname="tests.key_point_value_test.TestHoldingDuration" name="test_can_operate" time="0.000"><skipped type="unittest.case.SkipTest" message="Test Not Implemented"><![CDATA[Exception: Test Not Implemented
]]></skipped></testcase><testcase classname="tests.key_point_value_test.TestHoldingDuration" name="test_derive" time="0.000"><skipped type="unittest.case.SkipTest" message="Test Not Implemented"><![CDATA[Exception: Test Not Implemented
]]></skipped></testcase><testcase classname="tests.key_point_value_test.TestIANFinalApproachCourseDeviationMax" name="test_can_operate" time="0.001"></testcase><testcase classname="tests.key_point_value_test.TestIANFinalApproachCourseDeviationMax" name="test_derive_basic" time="0.002"></testcase><testcase classname="tests.key_point_value_test.TestIANFinalApproachCourseDeviationMax" name="test_derive_with_ils_established" time="0.002"></testcase><testcase classname="tests.key_point_value_test.TestIANFinalApproachCourseDeviationMax" name="test_derive_with_real_data" time="0.013"></testcase><testcase classname="tests.key_point_value_test.TestIANGlidepathDeviationMax" name="test_can_operate" time="0.001"></testcase><testcase classname="tests.key_point_value_test.TestIANGlidepathDeviationMax" name="test_derive_basic" time="0.002"></testcase><testcase classname="tests.key_point_value_test.TestIANGlidepathDeviationMax" name="test_derive_with_ils_established" time="0.002"></testcase><testcase classname="tests.key_point_value_test.TestIANGlidepathDeviationMax" name="test_derive_with_real_data" time="0.012"></testcase><testcase classname="tests.key_point_value_test.TestILSFrequencyDuringApproach" name="test_can_operate" time="0.000"></testcase><testcase classname="tests.key_point_value_test.TestILSFrequencyDuringApproach" name="test_derive_basic" time="0.000"><skipped type="unittest.case.SkipTest" message="Using Approach Information makes this trivial"><![CDATA[Exception: Using Approach Information makes this trivial
]]></skipped></testcase><testcase classname="tests.key_point_value_test.TestILSGlideslope10SecBeforeEstablished" name="test_derive_masked_value" time="0.000"></testcase><testcase classname="tests.key_point_value_test.TestILSGlideslope10SecBeforeEstablished" name="test_derive_multiple_approaches" time="0.000"></testcase><testcase classname="tests.key_point_value_test.TestILSGlideslope10SecBeforeEstablished" name="test_derive_negative_dot" time="0.000"></testcase><testcase classname="tests.key_point_value_test.TestILSGlideslope10SecBeforeEstablished" name="test_derive_positive_dot" time="0.000"></testcase><testcase classname="tests.key_point_value_test.TestILSGlideslopeDeviation1000To500FtMax" name="test_can_operate" time="0.000"></testcase><testcase classname="tests.key_point_value_test.TestILSGlideslopeDeviation1000To500FtMax" name="test_derive_basic" time="0.001"></testcase><testcase classname="tests.key_point_value_test.TestILSGlideslopeDeviation1000To500FtMax" name="test_derive_four_peaks" time="0.001"></testcase><testcase classname="tests.key_point_value_test.TestILSGlideslopeDeviation1500To1000FtMax" name="test_can_operate" time="0.000"></testcase><testcase classname="tests.key_point_value_test.TestILSGlideslopeDeviation1500To1000FtMax" name="test_derive_basic" time="0.001"></testcase><testcase classname="tests.key_point_value_test.TestILSGlideslopeDeviation1500To1000FtMax" name="test_derive_four_peaks" time="0.001"></testcase><testcase classname="tests.key_point_value_test.TestILSGlideslopeDeviation500To200FtMax" name="test_can_operate" time="0.000"></testcase><testcase classname="tests.key_point_value_test.TestILSGlideslopeDeviation500To200FtMax" name="test_derive_basic" time="0.001"></testcase><testcase classname="tests.key_point_value_test.TestILSGlideslopeDeviation500To200FtMax" name="test_derive_four_peaks" time="0.000"><skipped type="unittest.case.SkipTest" message="Test does not work... Need to amend test data."><![CDATA[Exception: Test does not work... Need to amend test data.
]]></skipped></testcase><testcase classname="tests.key_point_value_test.TestILSGlideslopeNotEstablishedHighestAltitude1000To200Ft" name="test_can_operate" time="0.000"></testcase><testcase classname="tests.key_point_value_test.TestILSGlideslopeNotEstablishedHighestAltitude1000To200Ft" name="test_derive_ILS_established_during_one_approach" time="0.003"></testcase><testcase classname="tests.key_point_value_test.TestILSGlideslopeNotEstablishedHighestAltitude1000To200Ft" name="test_derive_ILS_established_two_approaches" time="0.004"></testcase><testcase classname="tests.key_point_value_test.TestILSGlideslopeNotEstablishedHighestAltitude1000To200Ft" name="test_derive_ILS_not_established" time="0.002"></testcase><testcase classname="tests.key_point_value_test.TestILSGlideslopeNotEstablishedHighestAltitude1000To200Ft" name="test_derive_ILS_not_established_at_approach" time="0.002"></testcase><testcase classname="tests.key_point_value_test.TestILSGlideslopeNotEstablishedHighestAltitude1000To200Ft" name="test_derive_helicopter_ILS_established" time="0.003"></testcase><testcase classname="tests.key_point_value_test.TestILSGlideslopeNotEstablishedHighestAltitude1000To200Ft" name="test_derive_helicopter_ILS_not_established" time="0.002"></testcase><testcase classname="tests.key_point_value_test.TestILSGlideslopeNotEstablishedHighestAltitude500To200Ft" name="test_can_operate" time="0.000"></testcase><testcase classname="tests.key_point_value_test.TestILSGlideslopeNotEstablishedHighestAltitude500To200Ft" name="test_derive_ILS_established_during_one_approach" time="0.002"></testcase><testcase classname="tests.key_point_value_test.TestILSGlideslopeNotEstablishedHighestAltitude500To200Ft" name="test_derive_ILS_established_two_approaches" time="0.004"></testcase><testcase classname="tests.key_point_value_test.TestILSGlideslopeNotEstablishedHighestAltitude500To200Ft" name="test_derive_ILS_not_established" time="0.001"></testcase><testcase classname="tests.key_point_value_test.TestILSGlideslopeNotEstablishedHighestAltitude500To200Ft" name="test_derive_helicopter_ILS_established" time="0.002"></testcase><testcase classname="tests.key_point_value_test.TestILSGlideslopeNotEstablishedHighestAltitude500To200Ft" name="test_derive_helicopter_ILS_not_established" time="0.002"></testcase><testcase classname="tests.key_point_value_test.TestILSLocalizerDeviation1000To500FtMax" name="test_can_operate" time="0.000"></testcase><testcase classname="tests.key_point_value_test.TestILSLocalizerDeviation1000To500FtMax" name="test_derive_basic" time="0.001"></testcase><testcase classname="tests.key_point_value_test.TestILSLocalizerDeviation1500To1000FtMax" name="test_can_operate" time="0.000"></testcase><testcase classname="tests.key_point_value_test.TestILSLocalizerDeviation1500To1000FtMax" name="test_derive_basic" time="0.001"></testcase><testcase classname="tests.key_point_value_test.TestILSLocalizerDeviation500To200FtMax" name="test_can_operate" time="0.000"></testcase><testcase classname="tests.key_point_value_test.TestILSLocalizerDeviation500To200FtMax" name="test_derive_basic" time="0.001"></testcase><testcase classname="tests.key_point_value_test.TestILSLocalizerDeviationAtTouchdown" name="test_can_operate" time="0.001"></testcase><testcase classname="tests.key_point_value_test.TestILSLocalizerDeviationAtTouchdown" name="test_derive_basic" time="0.000"><skipped type="unittest.case.SkipTest" message="Test Not Implemented"><![CDATA[Exception: Test Not Implemented
]]></skipped></testcase><testcase classname="tests.key_point_value_test.TestILSLocalizerNotEstablishedHighestAltitude1000To200Ft" name="test_can_operate" time="0.000"></testcase><testcase classname="tests.key_point_value_test.TestILSLocalizerNotEstablishedHighestAltitude1000To200Ft" name="test_derive_ILS_established_during_one_approach" time="0.002"></testcase><testcase classname="tests.key_point_value_test.TestILSLocalizerNotEstablishedHighestAltitude1000To200Ft" name="test_derive_ILS_established_two_approaches" time="0.003"></testcase><testcase classname="tests.key_point_value_test.TestILSLocalizerNotEstablishedHighestAltitude1000To200Ft" name="test_derive_ILS_not_established" time="0.001"></testcase><testcase classname="tests.key_point_value_test.TestILSLocalizerNotEstablishedHighestAltitude1000To200Ft" name="test_derive_ILS_not_established_at_approach" time="0.001"></testcase><testcase classname="tests.key_point_value_test.TestILSLocalizerNotEstablishedHighestAltitude1000To200Ft" name="test_derive_helicopter_ILS_established" time="0.002"></testcase><testcase classname="tests.key_point_value_test.TestILSLocalizerNotEstablishedHighestAltitude1000To200Ft" name="test_derive_helicopter_ILS_not_established" time="0.002"></testcase><testcase classname="tests.key_point_value_test.TestILSLocalizerNotEstablishedHighestAltitude500To200Ft" name="test_can_operate" time="0.000"></testcase><testcase classname="tests.key_point_value_test.TestILSLocalizerNotEstablishedHighestAltitude500To200Ft" name="test_derive_ILS_established_during_one_approach" time="0.002"></testcase><testcase classname="tests.key_point_value_test.TestILSLocalizerNotEstablishedHighestAltitude500To200Ft" name="test_derive_ILS_established_two_approaches" time="0.003"></testcase><testcase classname="tests.key_point_value_test.TestILSLocalizerNotEstablishedHighestAltitude500To200Ft" name="test_derive_ILS_not_established" time="0.002"></testcase><testcase classname="tests.key_point_value_test.TestILSLocalizerNotEstablishedHighestAltitude500To200Ft" name="test_derive_ILS_not_established_at_approach" time="0.002"></testcase><testcase classname="tests.key_point_value_test.TestILSLocalizerNotEstablishedHighestAltitude500To200Ft" name="test_derive_helicopter_ILS_established" time="0.002"></testcase><testcase classname="tests.key_point_value_test.TestILSLocalizerNotEstablishedHighestAltitude500To200Ft" name="test_derive_helicopter_ILS_not_established" time="0.001"></testcase><testcase classname="tests.key_point_value_test.TestIsolationValveOpenAtLiftoff" name="test_can_operate" time="0.000"></testcase><testcase classname="tests.key_point_value_test.TestIsolationValveOpenAtLiftoff" name="test_derive" time="0.000"><skipped type="unittest.case.SkipTest" message="Test Not Implemented"><![CDATA[Exception: Test Not Implemented
]]></skipped></testcase><testcase classname="tests.key_point_value_test.TestKineticEnergyAtRunwayTurnoff" name="test_derive" time="0.000"></testcase><testcase classname="tests.key_point_value_test.TestLandingConfigurationGearWarningDuration" name="test_can_operate" time="0.000"></testcase><testcase classname="tests.key_point_value_test.TestLandingConfigurationGearWarningDuration" name="test_derive" time="0.001"></testcase><testcase classname="tests.key_point_value_test.TestLandingConfigurationSpeedbrakeCautionDuration" name="test_can_operate" time="0.001"></testcase><testcase classname="tests.key_point_value_test.TestLandingConfigurationSpeedbrakeCautionDuration" name="test_derive_basic" time="0.001"></testcase><testcase classname="tests.key_point_value_test.TestLastFlapChangeToTakeoffRollEndDuration" name="test_can_operate" time="0.000"></testcase><testcase classname="tests.key_point_value_test.TestLastFlapChangeToTakeoffRollEndDuration" name="test_derive" time="0.001"></testcase><testcase classname="tests.key_point_value_test.TestLastUnstableStateDuringApproachBeforeGoAround" name="test_can_operate" time="0.000"></testcase><testcase classname="tests.key_point_value_test.TestLastUnstableStateDuringApproachBeforeGoAround" name="test_derive" time="0.001"></testcase><testcase classname="tests.key_point_value_test.TestLastUnstableStateDuringLastApproach" name="test_can_operate" time="0.000"></testcase><testcase classname="tests.key_point_value_test.TestLastUnstableStateDuringLastApproach" name="test_derive" time="0.001"></testcase><testcase classname="tests.key_point_value_test.TestLastUnstableStateDuringLastApproach" name="test_last_unstable_state_if_always_stable" time="0.000"><skipped type="unittest.case.SkipTest" message="This is so unlikely that its deemed unrealistic"><![CDATA[Exception: This is so unlikely that its deemed unrealistic
]]></skipped></testcase><testcase classname="tests.key_point_value_test.TestLatitudeAtLiftoff" name="test_can_operate" time="0.000"></testcase><testcase classname="tests.key_point_value_test.TestLatitudeAtLiftoff" name="test_derive_with_afr_toff_apt" time="0.000"></testcase><testcase classname="tests.key_point_value_test.TestLatitudeAtLiftoff" name="test_derive_with_afr_toff_rwy" time="0.000"></testcase><testcase classname="tests.key_point_value_test.TestLatitudeAtLiftoff" name="test_derive_with_latitude" time="0.000"></testcase><testcase classname="tests.key_point_value_test.TestLatitudeAtLowestAltitudeDuringApproach" name="test_can_operate" time="0.000"></testcase><testcase classname="tests.key_point_value_test.TestLatitudeAtLowestAltitudeDuringApproach" name="test_derive" time="0.000"><skipped type="unittest.case.SkipTest" message="Test Not Implemented"><![CDATA[Exception: Test Not Implemented
]]></skipped></testcase><testcase classname="tests.key_point_value_test.TestLatitudeAtLowestAltitudeDuringApproach" name="test_derive_mocked" time="0.000"></testcase><testcase classname="tests.key_point_value_test.TestLatitudeAtTakeoffAccelerationStart" name="test_can_operate" time="0.000"></testcase><testcase classname="tests.key_point_value_test.TestLatitudeAtTakeoffAccelerationStart" name="test_derive_with_Latitude" time="0.000"></testcase><testcase classname="tests.key_point_value_test.TestLatitudeAtTouchdown" name="test_can_operate" time="0.000"></testcase><testcase classname="tests.key_point_value_test.TestLatitudeAtTouchdown" name="test_derive_with_afr_land_apt" time="0.000"></testcase><testcase classname="tests.key_point_value_test.TestLatitudeAtTouchdown" name="test_derive_with_afr_land_rwy" time="0.000"></testcase><testcase classname="tests.key_point_value_test.TestLatitudeAtTouchdown" name="test_derive_with_latitude" time="0.000"></testcase><testcase classname="tests.key_point_value_test.TestLatitudeOffBlocks" name="test_can_operate" time="0.000"></testcase><testcase classname="tests.key_point_value_test.TestLatitudeOffBlocks" name="test_derive_with_Latitude" time="0.000"></testcase><testcase classname="tests.key_point_value_test.TestLatitudeSmoothedAtLiftoff" name="test_can_operate" time="0.000"></testcase><testcase classname="tests.key_point_value_test.TestLatitudeSmoothedAtLiftoff" name="test_derive" time="0.000"><skipped type="unittest.case.SkipTest" message="Test Not Implemented"><![CDATA[Exception: Test Not Implemented
]]></skipped></testcase><testcase classname="tests.key_point_value_test.TestLatitudeSmoothedAtLiftoff" name="test_derive_mocked" time="0.000"></testcase><testcase classname="tests.key_point_value_test.TestLatitudeSmoothedAtTouchdown" name="test_can_operate" time="0.000"></testcase><testcase classname="tests.key_point_value_test.TestLatitudeSmoothedAtTouchdown" name="test_derive" time="0.000"><skipped type="unittest.case.SkipTest" message="Test Not Implemented"><![CDATA[Exception: Test Not Implemented
]]></skipped></testcase><testcase classname="tests.key_point_value_test.TestLatitudeSmoothedAtTouchdown" name="test_derive_mocked" time="0.000"></testcase><testcase classname="tests.key_point_value_test.TestLevelFlight" name="test_can_operate" time="0.000"><skipped type="unittest.case.SkipTest" message="Test Not Implemented"><![CDATA[Exception: Test Not Implemented
]]></skipped></testcase><testcase classname="tests.key_point_value_test.TestLevelFlight" name="test_derive" time="0.000"><skipped type="unittest.case.SkipTest" message="Test Not Implemented"><![CDATA[Exception: Test Not Implemented
]]></skipped></testcase><testcase classname="tests.key_point_value_test.TestLiftoffToClimbPitchDuration" name="test_can_operate" time="0.000"><skipped type="unittest.case.SkipTest" message="Test Not Implemented"><![CDATA[Exception: Test Not Implemented
]]></skipped></testcase><testcase classname="tests.key_point_value_test.TestLiftoffToClimbPitchDuration" name="test_derive" time="0.000"><skipped type="unittest.case.SkipTest" message="Test Not Implemented"><![CDATA[Exception: Test Not Implemented
]]></skipped></testcase><testcase classname="tests.key_point_value_test.TestLoadFactorThresholdAtTouchdown" name="test_attributes" time="0.001"></testcase><testcase classname="tests.key_point_value_test.TestLoadFactorThresholdAtTouchdown" name="test_can_operate" time="0.039"></testcase><testcase classname="tests.key_point_value_test.TestLoadFactorThresholdAtTouchdown" name="test_get_landing_weight" time="0.001"></testcase><testcase classname="tests.key_point_value_test.TestLongitudeAtLiftoff" name="test_can_operate" time="0.001"></testcase><testcase classname="tests.key_point_value_test.TestLongitudeAtLiftoff" name="test_derive_with_afr_toff_apt" time="0.000"></testcase><testcase classname="tests.key_point_value_test.TestLongitudeAtLiftoff" name="test_derive_with_afr_toff_rwy" time="0.000"></testcase><testcase classname="tests.key_point_value_test.TestLongitudeAtLiftoff" name="test_derive_with_longitude" time="0.000"></testcase><testcase classname="tests.key_point_value_test.TestLongitudeAtLowestAltitudeDuringApproach" name="test_can_operate" time="0.000"></testcase><testcase classname="tests.key_point_value_test.TestLongitudeAtLowestAltitudeDuringApproach" name="test_derive" time="0.000"><skipped type="unittest.case.SkipTest" message="Test Not Implemented"><![CDATA[Exception: Test Not Implemented
]]></skipped></testcase><testcase classname="tests.key_point_value_test.TestLongitudeAtLowestAltitudeDuringApproach" name="test_derive_mocked" time="0.000"></testcase><testcase classname="tests.key_point_value_test.TestLongitudeAtTakeoffAccelerationStart" name="test_can_operate" time="0.000"></testcase><testcase classname="tests.key_point_value_test.TestLongitudeAtTakeoffAccelerationStart" name="test_derive_with_longitude" time="0.000"></testcase><testcase classname="tests.key_point_value_test.TestLongitudeAtTouchdown" name="test_can_operate" time="0.000"></testcase><testcase classname="tests.key_point_value_test.TestLongitudeAtTouchdown" name="test_derive_with_afr_land_apt" time="0.000"></testcase><testcase classname="tests.key_point_value_test.TestLongitudeAtTouchdown" name="test_derive_with_afr_land_rwy" time="0.000"></testcase><testcase classname="tests.key_point_value_test.TestLongitudeAtTouchdown" name="test_derive_with_longitude" time="0.000"></testcase><testcase classname="tests.key_point_value_test.TestLongitudeOffBlocks" name="test_can_operate" time="0.000"></testcase><testcase classname="tests.key_point_value_test.TestLongitudeOffBlocks" name="test_derive_with_longitude" time="0.000"></testcase><testcase classname="tests.key_point_value_test.TestLongitudeSmoothedAtLiftoff" name="test_can_operate" time="0.000"></testcase><testcase classname="tests.key_point_value_test.TestLongitudeSmoothedAtLiftoff" name="test_derive" time="0.000"><skipped type="unittest.case.SkipTest" message="Test Not Implemented"><![CDATA[Exception: Test Not Implemented
]]></skipped></testcase><testcase classname="tests.key_point_value_test.TestLongitudeSmoothedAtLiftoff" name="test_derive_mocked" time="0.000"></testcase><testcase classname="tests.key_point_value_test.TestLongitudeSmoothedAtTouchdown" name="test_can_operate" time="0.000"></testcase><testcase classname="tests.key_point_value_test.TestLongitudeSmoothedAtTouchdown" name="test_derive" time="0.000"><skipped type="unittest.case.SkipTest" message="Test Not Implemented"><![CDATA[Exception: Test Not Implemented
]]></skipped></testcase><testcase classname="tests.key_point_value_test.TestLongitudeSmoothedAtTouchdown" name="test_derive_mocked" time="0.000"></testcase><testcase classname="tests.key_point_value_test.TestMachAboveFL200Max" name="test_derive" time="0.001"></testcase><testcase classname="tests.key_point_value_test.TestMachAboveFL200Min" name="test_derive" time="0.001"></testcase><testcase classname="tests.key_point_value_test.TestMachDuringCruiseAvg" name="test_can_operate" time="0.000"></testcase><testcase classname="tests.key_point_value_test.TestMachDuringCruiseAvg" name="test_derive_basic" time="0.001"></testcase><testcase classname="tests.key_point_value_test.TestMachMax" name="test_can_operate" time="0.000"></testcase><testcase classname="tests.key_point_value_test.TestMachMax" name="test_derive" time="0.000"><skipped type="unittest.case.SkipTest" message="Test Not Implemented"><![CDATA[Exception: Test Not Implemented
]]></skipped></testcase><testcase classname="tests.key_point_value_test.TestMachMax" name="test_derive_mocked" time="0.000"></testcase><testcase classname="tests.key_point_value_test.TestMachMinusMMOMax" name="test_can_operate" time="0.000"></testcase><testcase classname="tests.key_point_value_test.TestMachMinusMMOMax" name="test_derive__both_masked" time="0.000"></testcase><testcase classname="tests.key_point_value_test.TestMachMinusMMOMax" name="test_derive__lookup_only" time="0.001"></testcase><testcase classname="tests.key_point_value_test.TestMachMinusMMOMax" name="test_derive__masked_within_phase" time="0.001"></testcase><testcase classname="tests.key_point_value_test.TestMachMinusMMOMax" name="test_derive__prefer_record" time="0.001"></testcase><testcase classname="tests.key_point_value_test.TestMachMinusMMOMax" name="test_derive__record_masked" time="0.001"></testcase><testcase classname="tests.key_point_value_test.TestMachMinusMMOMax" name="test_derive__record_only" time="0.001"></testcase><testcase classname="tests.key_point_value_test.TestMachWhileGearExtendingMax" name="test_can_operate" time="0.001"></testcase><testcase classname="tests.key_point_value_test.TestMachWhileGearExtendingMax" name="test_derive" time="0.000"><skipped type="unittest.case.SkipTest" message="Test Not Implemented"><![CDATA[Exception: Test Not Implemented
]]></skipped></testcase><testcase classname="tests.key_point_value_test.TestMachWhileGearExtendingMax" name="test_derive_mocked" time="0.001"></testcase><testcase classname="tests.key_point_value_test.TestMachWhileGearRetractingMax" name="test_can_operate" time="0.001"></testcase><testcase classname="tests.key_point_value_test.TestMachWhileGearRetractingMax" name="test_derive" time="0.000"><skipped type="unittest.case.SkipTest" message="Test Not Implemented"><![CDATA[Exception: Test Not Implemented
]]></skipped></testcase><testcase classname="tests.key_point_value_test.TestMachWhileGearRetractingMax" name="test_derive_mocked" time="0.001"></testcase><testcase classname="tests.key_point_value_test.TestMachWithFlapMax" name="test_can_operate" time="0.000"></testcase><testcase classname="tests.key_point_value_test.TestMachWithFlapMax" name="test_derive" time="0.000"><skipped type="unittest.case.SkipTest" message="Test Not Implemented"><![CDATA[Exception: Test Not Implemented
]]></skipped></testcase><testcase classname="tests.key_point_value_test.TestMachWithGearDownMax" name="test_can_operate" time="0.001"></testcase><testcase classname="tests.key_point_value_test.TestMachWithGearDownMax" name="test_derive_basic" time="0.001"></testcase><testcase classname="tests.key_point_value_test.TestMagneticVariationAtLandingTurnOffRunway" name="test_can_operate" time="0.000"></testcase><testcase classname="tests.key_point_value_test.TestMagneticVariationAtLandingTurnOffRunway" name="test_derive" time="0.000"><skipped type="unittest.case.SkipTest" message="Test Not Implemented"><![CDATA[Exception: Test Not Implemented
]]></skipped></testcase><testcase classname="tests.key_point_value_test.TestMagneticVariationAtLandingTurnOffRunway" name="test_derive_mocked" time="0.000"></testcase><testcase classname="tests.key_point_value_test.TestMagneticVariationAtTakeoffTurnOntoRunway" name="test_can_operate" time="0.000"></testcase><testcase classname="tests.key_point_value_test.TestMagneticVariationAtTakeoffTurnOntoRunway" name="test_derive" time="0.000"><skipped type="unittest.case.SkipTest" message="Test Not Implemented"><![CDATA[Exception: Test Not Implemented
]]></skipped></testcase><testcase classname="tests.key_point_value_test.TestMagneticVariationAtTakeoffTurnOntoRunway" name="test_derive_mocked" time="0.000"></testcase><testcase classname="tests.key_point_value_test.TestMainGearOnGroundToNoseGearOnGroundDuration" name="test_can_operate" time="0.000"></testcase><testcase classname="tests.key_point_value_test.TestMainGearOnGroundToNoseGearOnGroundDuration" name="test_derive" time="0.001"></testcase><testcase classname="tests.key_point_value_test.TestMasterCautionDuringTakeoffDuration" name="test_can_operate" time="0.000"></testcase><testcase classname="tests.key_point_value_test.TestMasterCautionDuringTakeoffDuration" name="test_derive" time="0.000"><skipped type="unittest.case.SkipTest" message="Test Not Implemented"><![CDATA[Exception: Test Not Implemented
]]></skipped></testcase><testcase classname="tests.key_point_value_test.TestMasterWarningDuration" name="test_can_operate" time="0.000"></testcase><testcase classname="tests.key_point_value_test.TestMasterWarningDuration" name="test_derive" time="0.001"></testcase><testcase classname="tests.key_point_value_test.TestMasterWarningDuration" name="test_derive_AW139" time="0.001"></testcase><testcase classname="tests.key_point_value_test.TestMasterWarningDuration" name="test_derive_all_running" time="0.001"></testcase><testcase classname="tests.key_point_value_test.TestMasterWarningDuration" name="test_derive_not_running" time="0.001"></testcase><testcase classname="tests.key_point_value_test.TestMasterWarningDuration" name="test_derive_single_sample" time="0.001"></testcase><testcase classname="tests.key_point_value_test.TestMasterWarningDuration" name="test_no_engines" time="0.001"></testcase><testcase classname="tests.key_point_value_test.TestMasterWarningDuringTakeoffDuration" name="test_can_operate" time="0.000"></testcase><testcase classname="tests.key_point_value_test.TestMasterWarningDuringTakeoffDuration" name="test_derive" time="0.001"></testcase><testcase classname="tests.key_point_value_test.TestMasterWarningDuringTakeoffDuration" name="test_derive_single_sample" time="0.001"></testcase><testcase classname="tests.key_point_value_test.TestNumberOfAPChannelsEngagedAtTouchdown" name="test_can_operate" time="0.000"></testcase><testcase classname="tests.key_point_value_test.TestNumberOfAPChannelsEngagedAtTouchdown" name="test_derive_ap_engaged" time="0.000"></testcase><testcase classname="tests.key_point_value_test.TestNumberOfAPChannelsEngagedAtTouchdown" name="test_derive_channel_count" time="0.000"></testcase><testcase classname="tests.key_point_value_test.TestOverspeedDuration" name="test_can_operate" time="0.001"></testcase><testcase classname="tests.key_point_value_test.TestOverspeedDuration" name="test_derive_basic" time="0.001"></testcase><testcase classname="tests.key_point_value_test.TestPackValvesOpenAtLiftoff" name="test_can_operate" time="0.000"></testcase><testcase classname="tests.key_point_value_test.TestPackValvesOpenAtLiftoff" name="test_derive" time="0.000"><skipped type="unittest.case.SkipTest" message="Test Not Implemented"><![CDATA[Exception: Test Not Implemented
]]></skipped></testcase><testcase classname="tests.key_point_value_test.TestPercentApproachStableBelow" name="test_can_operate" time="0.000"></testcase><testcase classname="tests.key_point_value_test.TestPercentApproachStableBelow" name="test_derive_three_approaches" time="0.004"></testcase><testcase classname="tests.key_point_value_test.TestPercentApproachStableBelow" name="test_derive_two_approaches" time="0.003"></testcase><testcase classname="tests.key_point_value_test.TestPitch1000To500FtMax" name="test_can_operate" time="0.000"></testcase><testcase classname="tests.key_point_value_test.TestPitch1000To500FtMax" name="test_derive" time="0.000"><skipped type="unittest.case.SkipTest" message="Test Not Implemented"><![CDATA[Exception: Test Not Implemented
]]></skipped></testcase><testcase classname="tests.key_point_value_test.TestPitch1000To500FtMin" name="test_can_operate" time="0.000"></testcase><testcase classname="tests.key_point_value_test.TestPitch1000To500FtMin" name="test_derive" time="0.000"><skipped type="unittest.case.SkipTest" message="Test Not Implemented"><![CDATA[Exception: Test Not Implemented
]]></skipped></testcase><testcase classname="tests.key_point_value_test.TestPitch20FtToTouchdownMax" name="test_can_operate" time="0.000"></testcase><testcase classname="tests.key_point_value_test.TestPitch20FtToTouchdownMax" name="test_derive" time="0.002"></testcase><testcase classname="tests.key_point_value_test.TestPitch20FtToTouchdownMin" name="test_can_operate" time="0.000"></testcase><testcase classname="tests.key_point_value_test.TestPitch20FtToTouchdownMin" name="test_derive" time="0.002"></testcase><testcase classname="tests.key_point_value_test.TestPitch35To400FtMax" name="test_can_operate" time="0.001"></testcase><testcase classname="tests.key_point_value_test.TestPitch35To400FtMax" name="test_derive_basic" time="0.001"></testcase><testcase classname="tests.key_point_value_test.TestPitch35To400FtMin" name="test_can_operate" time="0.001"></testcase><testcase classname="tests.key_point_value_test.TestPitch35To400FtMin" name="test_derive" time="0.000"><skipped type="unittest.case.SkipTest" message="Test Not Implemented"><![CDATA[Exception: Test Not Implemented
]]></skipped></testcase><testcase classname="tests.key_point_value_test.TestPitch35ToClimbAccelerationStartMax" name="test_can_operate" time="0.001"></testcase><testcase classname="tests.key_point_value_test.TestPitch35ToClimbAccelerationStartMax" name="test_derive_basic" time="0.001"></testcase><testcase classname="tests.key_point_value_test.TestPitch35ToClimbAccelerationStartMin" name="test_can_operate" time="0.001"></testcase><testcase classname="tests.key_point_value_test.TestPitch35ToClimbAccelerationStartMin" name="test_derive" time="0.001"></testcase><testcase classname="tests.key_point_value_test.TestPitch400To1000FtMax" name="test_can_operate" time="0.001"></testcase><testcase classname="tests.key_point_value_test.TestPitch400To1000FtMax" name="test_derive" time="0.000"><skipped type="unittest.case.SkipTest" message="Test Not Implemented"><![CDATA[Exception: Test Not Implemented
]]></skipped></testcase><testcase classname="tests.key_point_value_test.TestPitch400To1000FtMin" name="test_can_operate" time="0.001"></testcase><testcase classname="tests.key_point_value_test.TestPitch400To1000FtMin" name="test_derive" time="0.000"><skipped type="unittest.case.SkipTest" message="Test Not Implemented"><![CDATA[Exception: Test Not Implemented
]]></skipped></testcase><testcase classname="tests.key_point_value_test.TestPitch500To20FtMin" name="test_can_operate" time="0.000"></testcase><testcase classname="tests.key_point_value_test.TestPitch500To20FtMin" name="test_derive" time="0.000"><skipped type="unittest.case.SkipTest" message="Test Not Implemented"><![CDATA[Exception: Test Not Implemented
]]></skipped></testcase><testcase classname="tests.key_point_value_test.TestPitch500To20FtMin" name="test_derive_mocked" time="0.001"></testcase><testcase classname="tests.key_point_value_test.TestPitch500To50FtMax" name="test_can_operate" time="0.000"></testcase><testcase classname="tests.key_point_value_test.TestPitch500To50FtMax" name="test_derive" time="0.000"><skipped type="unittest.case.SkipTest" message="Test Not Implemented"><![CDATA[Exception: Test Not Implemented
]]></skipped></testcase><testcase classname="tests.key_point_value_test.TestPitch500To50FtMin" name="test_can_operate" time="0.000"></testcase><testcase classname="tests.key_point_value_test.TestPitch500To50FtMin" name="test_derive" time="0.001"></testcase><testcase classname="tests.key_point_value_test.TestPitch500To7FtMax" name="test_can_operate" time="0.000"></testcase><testcase classname="tests.key_point_value_test.TestPitch500To7FtMax" name="test_derive" time="0.000"><skipped type="unittest.case.SkipTest" message="Test Not Implemented"><![CDATA[Exception: Test Not Implemented
]]></skipped></testcase><testcase classname="tests.key_point_value_test.TestPitch500To7FtMax" name="test_derive_mocked" time="0.001"></testcase><testcase classname="tests.key_point_value_test.TestPitch500To7FtMin" name="test_can_operate" time="0.000"></testcase><testcase classname="tests.key_point_value_test.TestPitch500To7FtMin" name="test_derive" time="0.000"><skipped type="unittest.case.SkipTest" message="Test Not Implemented"><![CDATA[Exception: Test Not Implemented
]]></skipped></testcase><testcase classname="tests.key_point_value_test.TestPitch500To7FtMin" name="test_derive_mocked" time="0.000"></testcase><testcase classname="tests.key_point_value_test.TestPitch50FtToTouchdownMax" name="test_can_operate" time="0.000"></testcase><testcase classname="tests.key_point_value_test.TestPitch50FtToTouchdownMax" name="test_derive" time="0.000"><skipped type="unittest.case.SkipTest" message="Test Not Implemented"><![CDATA[Exception: Test Not Implemented
]]></skipped></testcase><testcase classname="tests.key_point_value_test.TestPitch7FtToTouchdownMax" name="test_can_operate" time="0.001"></testcase><testcase classname="tests.key_point_value_test.TestPitch7FtToTouchdownMax" name="test_derive" time="0.000"><skipped type="unittest.case.SkipTest" message="Test Not Implemented"><![CDATA[Exception: Test Not Implemented
]]></skipped></testcase><testcase classname="tests.key_point_value_test.TestPitch7FtToTouchdownMax" name="test_derive_mocked" time="0.000"></testcase><testcase classname="tests.key_point_value_test.TestPitch7FtToTouchdownMin" name="test_can_operate" time="0.001"></testcase><testcase classname="tests.key_point_value_test.TestPitch7FtToTouchdownMin" name="test_derive" time="0.000"><skipped type="unittest.case.SkipTest" message="Test Not Implemented"><![CDATA[Exception: Test Not Implemented
]]></skipped></testcase><testcase classname="tests.key_point_value_test.TestPitch7FtToTouchdownMin" name="test_derive_mocked" time="0.000"></testcase><testcase classname="tests.key_point_value_test.TestPitchAbove1000FtMax" name="test_derive" time="0.001"></testcase><testcase classname="tests.key_point_value_test.TestPitchAbove1000FtMin" name="test_derive" time="0.001"></testcase><testcase classname="tests.key_point_value_test.TestPitchAboveFL200Max" name="test_derive" time="0.001"></testcase><testcase classname="tests.key_point_value_test.TestPitchAboveFL200Min" name="test_derive" time="0.001"></testcase><testcase classname="tests.key_point_value_test.TestPitchAfterFlapRetractionMax" name="test_can_operate" time="0.000"></testcase><testcase classname="tests.key_point_value_test.TestPitchAfterFlapRetractionMax" name="test_derive" time="0.002"></testcase><testcase classname="tests.key_point_value_test.TestPitchAt35FtDuringClimb" name="test_can_operate" time="0.001"></testcase><testcase classname="tests.key_point_value_test.TestPitchAt35FtDuringClimb" name="test_derive" time="0.000"><skipped type="unittest.case.SkipTest" message="Test Not Implemented"><![CDATA[Exception: Test Not Implemented
]]></skipped></testcase><testcase classname="tests.key_point_value_test.TestPitchAtLiftoff" name="test_can_operate" time="0.000"></testcase><testcase classname="tests.key_point_value_test.TestPitchAtLiftoff" name="test_derive" time="0.000"><skipped type="unittest.case.SkipTest" message="Test Not Implemented"><![CDATA[Exception: Test Not Implemented
]]></skipped></testcase><testcase classname="tests.key_point_value_test.TestPitchAtLiftoff" name="test_derive_mocked" time="0.000"></testcase><testcase classname="tests.key_point_value_test.TestPitchAtTouchdown" name="test_can_operate" time="0.000"></testcase><testcase classname="tests.key_point_value_test.TestPitchAtTouchdown" name="test_derive" time="0.000"><skipped type="unittest.case.SkipTest" message="Test Not Implemented"><![CDATA[Exception: Test Not Implemented
]]></skipped></testcase><testcase classname="tests.key_point_value_test.TestPitchAtTouchdown" name="test_derive_mocked" time="0.000"></testcase><testcase classname="tests.key_point_value_test.TestPitchCyclesDuringFinalApproach" name="test_can_operate" time="0.000"></testcase><testcase classname="tests.key_point_value_test.TestPitchCyclesDuringFinalApproach" name="test_derive" time="0.000"><skipped type="unittest.case.SkipTest" message="Test Not Implemented"><![CDATA[Exception: Test Not Implemented
]]></skipped></testcase><testcase classname="tests.key_point_value_test.TestPitchDuringGoAroundMax" name="test_can_operate" time="0.000"></testcase><testcase classname="tests.key_point_value_test.TestPitchDuringGoAroundMax" name="test_derive" time="0.000"><skipped type="unittest.case.SkipTest" message="Test Not Implemented"><![CDATA[Exception: Test Not Implemented
]]></skipped></testcase><testcase classname="tests.key_point_value_test.TestPitchDuringGoAroundMax" name="test_derive_mocked" time="0.000"></testcase><testcase classname="tests.key_point_value_test.TestPitchMinimumDuringNoseDownAttitudeAdoption" name="test_can_operate" time="0.000"></testcase><testcase classname="tests.key_point_value_test.TestPitchMinimumDuringNoseDownAttitudeAdoption" name="test_derive" time="0.000"></testcase><testcase classname="tests.key_point_value_test.TestPitchMinimumDuringNoseDownAttitudeAdoption" name="test_derive_multiple" time="0.000"></testcase><testcase classname="tests.key_point_value_test.TestPitchNoseDownAttitudeAdoptionDuration" name="test_can_operate" time="0.000"></testcase><testcase classname="tests.key_point_value_test.TestPitchNoseDownAttitudeAdoptionDuration" name="test_derive" time="0.000"></testcase><testcase classname="tests.key_point_value_test.TestPitchNoseDownAttitudeAdoptionDuration" name="test_derive_multiple" time="0.000"></testcase><testcase classname="tests.key_point_value_test.TestPitchRate20FtToTouchdownMax" name="test_can_operate" time="0.001"></testcase><testcase classname="tests.key_point_value_test.TestPitchRate20FtToTouchdownMax" name="test_derive" time="0.000"><skipped type="unittest.case.SkipTest" message="Test Not Implemented"><![CDATA[Exception: Test Not Implemented
]]></skipped></testcase><testcase classname="tests.key_point_value_test.TestPitchRate20FtToTouchdownMax" name="test_derive_mocked" time="0.000"></testcase><testcase classname="tests.key_point_value_test.TestPitchRate20FtToTouchdownMin" name="test_can_operate" time="0.001"></testcase><testcase classname="tests.key_point_value_test.TestPitchRate20FtToTouchdownMin" name="test_derive" time="0.000"><skipped type="unittest.case.SkipTest" message="Test Not Implemented"><![CDATA[Exception: Test Not Implemented
]]></skipped></testcase><testcase classname="tests.key_point_value_test.TestPitchRate20FtToTouchdownMin" name="test_derive_mocked" time="0.001"></testcase><testcase classname="tests.key_point_value_test.TestPitchRate2DegPitchTo35FtMax" name="test_can_operate" time="0.000"></testcase><testcase classname="tests.key_point_value_test.TestPitchRate2DegPitchTo35FtMax" name="test_derive" time="0.000"><skipped type="unittest.case.SkipTest" message="Test Not Implemented"><![CDATA[Exception: Test Not Implemented
]]></skipped></testcase><testcase classname="tests.key_point_value_test.TestPitchRate2DegPitchTo35FtMax" name="test_derive_mocked" time="0.000"></testcase><testcase classname="tests.key_point_value_test.TestPitchRate2DegPitchTo35FtMin" name="test_can_operate" time="0.000"></testcase><testcase classname="tests.key_point_value_test.TestPitchRate2DegPitchTo35FtMin" name="test_derive" time="0.000"><skipped type="unittest.case.SkipTest" message="Test Not Implemented"><![CDATA[Exception: Test Not Implemented
]]></skipped></testcase><testcase classname="tests.key_point_value_test.TestPitchRate2DegPitchTo35FtMin" name="test_derive_mocked" time="0.000"></testcase><testcase classname="tests.key_point_value_test.TestPitchRate35To1000FtMax" name="test_can_operate" time="0.000"></testcase><testcase classname="tests.key_point_value_test.TestPitchRate35To1000FtMax" name="test_derive" time="0.000"><skipped type="unittest.case.SkipTest" message="Test Not Implemented"><![CDATA[Exception: Test Not Implemented
]]></skipped></testcase><testcase classname="tests.key_point_value_test.TestPitchRate35To1000FtMax" name="test_derive_mocked" time="0.000"></testcase><testcase classname="tests.key_point_value_test.TestPitchRate35ToClimbAccelerationStartMax" name="test_can_operate" time="0.001"></testcase><testcase classname="tests.key_point_value_test.TestPitchRate35ToClimbAccelerationStartMax" name="test_derive_basic" time="0.001"></testcase><testcase classname="tests.key_point_value_test.TestPitchRateTouchdownTo60KtsAirspeedMax" name="test_attributes" time="0.000"></testcase><testcase classname="tests.key_point_value_test.TestPitchRateTouchdownTo60KtsAirspeedMax" name="test_can_operate" time="0.001"></testcase><testcase classname="tests.key_point_value_test.TestPitchRateTouchdownTo60KtsAirspeedMax" name="test_derive" time="0.001"></testcase><testcase classname="tests.key_point_value_test.TestPitchRateWhileAirborneMax" name="test_can_operate" time="0.000"></testcase><testcase classname="tests.key_point_value_test.TestPitchRateWhileAirborneMax" name="test_derive" time="0.001"></testcase><testcase classname="tests.key_point_value_test.TestPitchTakeoffMax" name="test_can_operate" time="0.000"></testcase><testcase classname="tests.key_point_value_test.TestPitchTakeoffMax" name="test_derive" time="0.000"><skipped type="unittest.case.SkipTest" message="Test Not Implemented"><![CDATA[Exception: Test Not Implemented
]]></skipped></testcase><testcase classname="tests.key_point_value_test.TestPitchTakeoffMax" name="test_derive_mocked" time="0.000"></testcase><testcase classname="tests.key_point_value_test.TestPitchTouchdownTo60KtsAirspeedMax" name="test_attributes" time="0.000"></testcase><testcase classname="tests.key_point_value_test.TestPitchTouchdownTo60KtsAirspeedMax" name="test_can_operate" time="0.001"></testcase><testcase classname="tests.key_point_value_test.TestPitchTouchdownTo60KtsAirspeedMax" name="test_derive" time="0.001"></testcase><testcase classname="tests.key_point_value_test.TestPitchWhileAirborneMax" name="test_can_operate" time="0.000"></testcase><testcase classname="tests.key_point_value_test.TestPitchWhileAirborneMax" name="test_derive" time="0.001"></testcase><testcase classname="tests.key_point_value_test.TestPitchWhileAirborneMin" name="test_can_operate" time="0.000"></testcase><testcase classname="tests.key_point_value_test.TestPitchWhileAirborneMin" name="test_derive" time="0.001"></testcase><testcase classname="tests.key_point_value_test.TestRateOfClimb35To1000FtMin" name="test_can_operate" time="0.000"></testcase><testcase classname="tests.key_point_value_test.TestRateOfClimb35To1000FtMin" name="test_derive" time="0.001"></testcase><testcase classname="tests.key_point_value_test.TestRateOfClimb35ToClimbAccelerationStartMin" name="test_can_operate" time="0.001"></testcase><testcase classname="tests.key_point_value_test.TestRateOfClimb35ToClimbAccelerationStartMin" name="test_derive_basic" time="0.001"></testcase><testcase classname="tests.key_point_value_test.TestRateOfClimbAtHeightBeforeLevelOff" name="test_can_operate" time="0.000"></testcase><testcase classname="tests.key_point_value_test.TestRateOfClimbAtHeightBeforeLevelOff" name="test_derive" time="0.001"></testcase><testcase classname="tests.key_point_value_test.TestRateOfClimbBelow10000FtMax" name="test_airborne_restriction" time="0.002"></testcase><testcase classname="tests.key_point_value_test.TestRateOfClimbBelow10000FtMax" name="test_can_operate" time="0.001"></testcase><testcase classname="tests.key_point_value_test.TestRateOfClimbBelow10000FtMax" name="test_derive" time="0.002"></testcase><testcase classname="tests.key_point_value_test.TestRateOfClimbDuringGoAroundMax" name="test_can_operate" time="0.000"></testcase><testcase classname="tests.key_point_value_test.TestRateOfClimbDuringGoAroundMax" name="test_derive" time="0.000"><skipped type="unittest.case.SkipTest" message="Test Not Implemented"><![CDATA[Exception: Test Not Implemented
]]></skipped></testcase><testcase classname="tests.key_point_value_test.TestRateOfClimbMax" name="test_can_operate" time="0.000"></testcase><testcase classname="tests.key_point_value_test.TestRateOfClimbMax" name="test_derive" time="0.000"><skipped type="unittest.case.SkipTest" message="Test Not Implemented"><![CDATA[Exception: Test Not Implemented
]]></skipped></testcase><testcase classname="tests.key_point_value_test.TestRateOfDescent10000To5000FtMax" name="test_can_operate" time="0.001"></testcase><testcase classname="tests.key_point_value_test.TestRateOfDescent10000To5000FtMax" name="test_derive" time="0.000"><skipped type="unittest.case.SkipTest" message="Test Not Implemented"><![CDATA[Exception: Test Not Implemented
]]></skipped></testcase><testcase classname="tests.key_point_value_test.TestRateOfDescent1000To500FtMax" name="test_can_operate" time="0.000"></testcase><testcase classname="tests.key_point_value_test.TestRateOfDescent1000To500FtMax" name="test_derive_helicopter" time="0.001"></testcase><testcase classname="tests.key_point_value_test.TestRateOfDescent1000To500FtMax" name="test_derive_helicopter_short" time="0.001"></testcase><testcase classname="tests.key_point_value_test.TestRateOfDescent2000To1000FtMax" name="test_can_operate" time="0.000"></testcase><testcase classname="tests.key_point_value_test.TestRateOfDescent2000To1000FtMax" name="test_derive" time="0.002"></testcase><testcase classname="tests.key_point_value_test.TestRateOfDescent3000To2000FtMax" name="test_can_operate" time="0.000"></testcase><testcase classname="tests.key_point_value_test.TestRateOfDescent3000To2000FtMax" name="test_derive" time="0.001"></testcase><testcase classname="tests.key_point_value_test.TestRateOfDescent5000To3000FtMax" name="test_can_operate" time="0.001"></testcase><testcase classname="tests.key_point_value_test.TestRateOfDescent5000To3000FtMax" name="test_derive" time="0.000"><skipped type="unittest.case.SkipTest" message="Test Not Implemented"><![CDATA[Exception: Test Not Implemented
]]></skipped></testcase><testcase classname="tests.key_point_value_test.TestRateOfDescent500To50FtMax" name="test_can_operate" time="0.000"></testcase><testcase classname="tests.key_point_value_test.TestRateOfDescent500To50FtMax" name="test_derive_helicopter" time="0.001"></testcase><testcase classname="tests.key_point_value_test.TestRateOfDescent50FtToTouchdownMax" name="test_can_operate" time="0.000"></testcase><testcase classname="tests.key_point_value_test.TestRateOfDescent50FtToTouchdownMax" name="test_derive_aeroplane" time="0.002"></testcase><testcase classname="tests.key_point_value_test.TestRateOfDescent50FtToTouchdownMax" name="test_derive_helicopter" time="0.002"></testcase><testcase classname="tests.key_point_value_test.TestRateOfDescentAbove3000FtMax" name="test_can_operate" time="0.001"></testcase><testcase classname="tests.key_point_value_test.TestRateOfDescentAbove3000FtMax" name="test_derive" time="0.001"></testcase><testcase classname="tests.key_point_value_test.TestRateOfDescentAtHeightBeforeLevelOff" name="test_can_operate" time="0.000"></testcase><testcase classname="tests.key_point_value_test.TestRateOfDescentAtHeightBeforeLevelOff" name="test_derive" time="0.001"></testcase><testcase classname="tests.key_point_value_test.TestRateOfDescentAtTouchdown" name="test_can_operate" time="0.000"></testcase><testcase classname="tests.key_point_value_test.TestRateOfDescentAtTouchdown" name="test_derive" time="0.000"><skipped type="unittest.case.SkipTest" message="Test Not Implemented"><![CDATA[Exception: Test Not Implemented
]]></skipped></testcase><testcase classname="tests.key_point_value_test.TestRateOfDescentBelow10000FtMax" name="test_airborne_restriction" time="0.001"></testcase><testcase classname="tests.key_point_value_test.TestRateOfDescentBelow10000FtMax" name="test_can_operate" time="0.001"></testcase><testcase classname="tests.key_point_value_test.TestRateOfDescentBelow10000FtMax" name="test_derive" time="0.001"></testcase><testcase classname="tests.key_point_value_test.TestRateOfDescentBelow80KtsMax" name="test_can_operate" time="0.001"></testcase><testcase classname="tests.key_point_value_test.TestRateOfDescentBelow80KtsMax" name="test_derive" time="0.001"></testcase><testcase classname="tests.key_point_value_test.TestRateOfDescentBelow80KtsMax" name="test_derive_negative" time="0.001"></testcase><testcase classname="tests.key_point_value_test.TestRateOfDescentDuringGoAroundMax" name="test_can_operate" time="0.000"></testcase><testcase classname="tests.key_point_value_test.TestRateOfDescentDuringGoAroundMax" name="test_derive" time="0.000"><skipped type="unittest.case.SkipTest" message="Test Not Implemented"><![CDATA[Exception: Test Not Implemented
]]></skipped></testcase><testcase classname="tests.key_point_value_test.TestRateOfDescentMax" name="test_can_operate" time="0.000"></testcase><testcase classname="tests.key_point_value_test.TestRateOfDescentMax" name="test_derive" time="0.000"><skipped type="unittest.case.SkipTest" message="Test Not Implemented"><![CDATA[Exception: Test Not Implemented
]]></skipped></testcase><testcase classname="tests.key_point_value_test.TestRateOfDescentTopOfDescentTo10000FtMax" name="test_can_operate" time="0.001"></testcase><testcase classname="tests.key_point_value_test.TestRateOfDescentTopOfDescentTo10000FtMax" name="test_derive" time="0.000"><skipped type="unittest.case.SkipTest" message="Test Not Implemented"><![CDATA[Exception: Test Not Implemented
]]></skipped></testcase><testcase classname="tests.key_point_value_test.TestRoll1000To300FtMax" name="test_can_operate" time="0.001"></testcase><testcase classname="tests.key_point_value_test.TestRoll1000To300FtMax" name="test_derive" time="0.000"><skipped type="unittest.case.SkipTest" message="Test Not Implemented"><![CDATA[Exception: Test Not Implemented
]]></skipped></testcase><testcase classname="tests.key_point_value_test.TestRoll20FtToTouchdownMax" name="test_can_operate" time="0.000"></testcase><testcase classname="tests.key_point_value_test.TestRoll20FtToTouchdownMax" name="test_derive" time="0.000"><skipped type="unittest.case.SkipTest" message="Test Not Implemented"><![CDATA[Exception: Test Not Implemented
]]></skipped></testcase><testcase classname="tests.key_point_value_test.TestRoll20To400FtMax" name="test_can_operate" time="0.000"></testcase><testcase classname="tests.key_point_value_test.TestRoll20To400FtMax" name="test_derive" time="0.000"><skipped type="unittest.case.SkipTest" message="Test Not Implemented"><![CDATA[Exception: Test Not Implemented
]]></skipped></testcase><testcase classname="tests.key_point_value_test.TestRoll20To400FtMax" name="test_derive_mocked" time="0.000"></testcase><testcase classname="tests.key_point_value_test.TestRoll300To20FtMax" name="test_can_operate" time="0.000"></testcase><testcase classname="tests.key_point_value_test.TestRoll300To20FtMax" name="test_derive" time="0.000"><skipped type="unittest.case.SkipTest" message="Test Not Implemented"><![CDATA[Exception: Test Not Implemented
]]></skipped></testcase><testcase classname="tests.key_point_value_test.TestRoll300To20FtMax" name="test_derive_mocked" time="0.001"></testcase><testcase classname="tests.key_point_value_test.TestRoll400To1000FtMax" name="test_can_operate" time="0.000"></testcase><testcase classname="tests.key_point_value_test.TestRoll400To1000FtMax" name="test_derive" time="0.000"><skipped type="unittest.case.SkipTest" message="Test Not Implemented"><![CDATA[Exception: Test Not Implemented
]]></skipped></testcase><testcase classname="tests.key_point_value_test.TestRollAbove1000FtMax" name="test_can_operate" time="0.000"></testcase><testcase classname="tests.key_point_value_test.TestRollAbove1000FtMax" name="test_derive" time="0.000"><skipped type="unittest.case.SkipTest" message="Test Not Implemented"><![CDATA[Exception: Test Not Implemented
]]></skipped></testcase><testcase classname="tests.key_point_value_test.TestRollAbove1000FtMax" name="test_derive_mocked" time="0.000"></testcase><testcase classname="tests.key_point_value_test.TestRollAboveFL200Max" name="test_derive" time="0.001"></testcase><testcase classname="tests.key_point_value_test.TestRollAtLowAltitude" name="test_basic" time="0.001"></testcase><testcase classname="tests.key_point_value_test.TestRollAtLowAltitude" name="test_can_operate" time="0.000"></testcase><testcase classname="tests.key_point_value_test.TestRollAtLowAltitude" name="test_correct_peak" time="0.001"></testcase><testcase classname="tests.key_point_value_test.TestRollAtLowAltitude" name="test_high" time="0.000"></testcase><testcase classname="tests.key_point_value_test.TestRollAtLowAltitude" name="test_negative_bank_angle" time="0.001"></testcase><testcase classname="tests.key_point_value_test.TestRollAtLowAltitude" name="test_offset_index" time="0.001"></testcase><testcase classname="tests.key_point_value_test.TestRollAtLowAltitude" name="test_short_period" time="0.001"></testcase><testcase classname="tests.key_point_value_test.TestRollCyclesExceeding15DegDuringFinalApproach" name="test_can_operate" time="0.000"></testcase><testcase classname="tests.key_point_value_test.TestRollCyclesExceeding15DegDuringFinalApproach" name="test_derive" time="0.000"><skipped type="unittest.case.SkipTest" message="Test Not Implemented"><![CDATA[Exception: Test Not Implemented
]]></skipped></testcase><testcase classname="tests.key_point_value_test.TestRollCyclesExceeding15DegDuringInitialClimb" name="test_can_operate" time="0.000"></testcase><testcase classname="tests.key_point_value_test.TestRollCyclesExceeding15DegDuringInitialClimb" name="test_derive" time="0.000"><skipped type="unittest.case.SkipTest" message="Test Not Implemented"><![CDATA[Exception: Test Not Implemented
]]></skipped></testcase><testcase classname="tests.key_point_value_test.TestRollCyclesExceeding5DegDuringFinalApproach" name="test_can_operate" time="0.000"></testcase><testcase classname="tests.key_point_value_test.TestRollCyclesExceeding5DegDuringFinalApproach" name="test_derive" time="0.000"><skipped type="unittest.case.SkipTest" message="Test Not Implemented"><![CDATA[Exception: Test Not Implemented
]]></skipped></testcase><testcase classname="tests.key_point_value_test.TestRollCyclesExceeding5DegDuringInitialClimb" name="test_can_operate" time="0.000"></testcase><testcase classname="tests.key_point_value_test.TestRollCyclesExceeding5DegDuringInitialClimb" name="test_derive" time="0.000"><skipped type="unittest.case.SkipTest" message="Test Not Implemented"><![CDATA[Exception: Test Not Implemented
]]></skipped></testcase><testcase classname="tests.key_point_value_test.TestRollCyclesNotDuringFinalApproach" name="test_can_operate" time="0.001"></testcase><testcase classname="tests.key_point_value_test.TestRollCyclesNotDuringFinalApproach" name="test_derive" time="0.000"><skipped type="unittest.case.SkipTest" message="Test Not Implemented"><![CDATA[Exception: Test Not Implemented
]]></skipped></testcase><testcase classname="tests.key_point_value_test.TestRollLeftAbove6000FtAltitudeDensityBelow60Kts" name="test_can_operate" time="0.001"></testcase><testcase classname="tests.key_point_value_test.TestRollLeftAbove6000FtAltitudeDensityBelow60Kts" name="test_derive" time="0.001"></testcase><testcase classname="tests.key_point_value_test.TestRollLeftAbove6000FtAltitudeDensityBelow60Kts" name="test_in_parts" time="0.001"></testcase><testcase classname="tests.key_point_value_test.TestRollLeftAbove8000FtAltitudeDensityAbove60Kts" name="test_can_operate" time="0.001"></testcase><testcase classname="tests.key_point_value_test.TestRollLeftAbove8000FtAltitudeDensityAbove60Kts" name="test_derive" time="0.001"></testcase><testcase classname="tests.key_point_value_test.TestRollLeftAbove8000FtAltitudeDensityAbove60Kts" name="test_in_parts" time="0.001"></testcase><testcase classname="tests.key_point_value_test.TestRollLeftBelow6000FtAltitudeDensityBelow60Kts" name="test_can_operate" time="0.001"></testcase><testcase classname="tests.key_point_value_test.TestRollLeftBelow6000FtAltitudeDensityBelow60Kts" name="test_derive" time="0.001"></testcase><testcase classname="tests.key_point_value_test.TestRollLeftBelow6000FtAltitudeDensityBelow60Kts" name="test_in_parts" time="0.001"></testcase><testcase classname="tests.key_point_value_test.TestRollLeftBelow8000FtAltitudeDensityAbove60Kts" name="test_can_operate" time="0.001"></testcase><testcase classname="tests.key_point_value_test.TestRollLeftBelow8000FtAltitudeDensityAbove60Kts" name="test_derive" time="0.001"></testcase><testcase classname="tests.key_point_value_test.TestRollLeftBelow8000FtAltitudeDensityAbove60Kts" name="test_in_parts" time="0.001"></testcase><testcase classname="tests.key_point_value_test.TestRollLiftoffTo20FtMax" name="test_basic" time="0.001"></testcase><testcase classname="tests.key_point_value_test.TestRollLiftoffTo20FtMax" name="test_can_operate" time="0.001"></testcase><testcase classname="tests.key_point_value_test.TestRollRateMaxAboveLimitAtTouchdown" name="test_high_roll_after_landing" time="0.001"></testcase><testcase classname="tests.key_point_value_test.TestRollRateMaxAboveLimitAtTouchdown" name="test_high_roll_at_touchdown" time="0.001"></testcase><testcase classname="tests.key_point_value_test.TestRollRateMaxAboveLimitAtTouchdown" name="test_high_roll_before_td_window" time="0.001"></testcase><testcase classname="tests.key_point_value_test.TestRollRateMaxAboveLimitAtTouchdown" name="test_high_roll_beginning_of_window" time="0.001"></testcase><testcase classname="tests.key_point_value_test.TestRollRateMaxAboveLimitAtTouchdown" name="test_high_roll_bounce_after_high_roll_landing" time="0.001"></testcase><testcase classname="tests.key_point_value_test.TestRollRateMaxAboveLimitAtTouchdown" name="test_high_roll_bounce_after_normal_landing" time="0.001"></testcase><testcase classname="tests.key_point_value_test.TestRollRateMaxAboveLimitAtTouchdown" name="test_high_roll_end_of_window" time="0.001"></testcase><testcase classname="tests.key_point_value_test.TestRollRateMaxAboveLimitAtTouchdown" name="test_normal_bounce_after_high_roll_landing" time="0.001"></testcase><testcase classname="tests.key_point_value_test.TestRollRateMaxAboveLimitAtTouchdown" name="test_normal_landing" time="0.001"></testcase><testcase classname="tests.key_point_value_test.TestRollRateMaxAboveLimitAtTouchdown" name="test_touch_and_go_landing_and_bounce" time="0.001"></testcase><testcase classname="tests.key_point_value_test.TestRudderCyclesAbove50Ft" name="test_can_operate" time="0.000"></testcase><testcase classname="tests.key_point_value_test.TestRudderCyclesAbove50Ft" name="test_derive" time="0.000"><skipped type="unittest.case.SkipTest" message="Test Not Implemented"><![CDATA[Exception: Test Not Implemented
]]></skipped></testcase><testcase classname="tests.key_point_value_test.TestRudderDuringTakeoffMax" name="test_can_operate" time="0.000"></testcase><testcase classname="tests.key_point_value_test.TestRudderDuringTakeoffMax" name="test_derive" time="0.000"><skipped type="unittest.case.SkipTest" message="Test Not Implemented"><![CDATA[Exception: Test Not Implemented
]]></skipped></testcase><testcase classname="tests.key_point_value_test.TestRudderDuringTakeoffMax" name="test_derive_mocked" time="0.000"></testcase><testcase classname="tests.key_point_value_test.TestRudderPedalForceMax" name="test_big_left_boot" time="0.001"></testcase><testcase classname="tests.key_point_value_test.TestRudderPedalForceMax" name="test_can_operate" time="0.000"></testcase><testcase classname="tests.key_point_value_test.TestRudderPedalForceMax" name="test_derive" time="0.001"></testcase><testcase classname="tests.key_point_value_test.TestRudderPedalForceMax" name="test_derive_from_hdf" time="0.007"></testcase><testcase classname="tests.key_point_value_test.TestRudderPreflightCheck" name="test_can_operate" time="0.001"></testcase><testcase classname="tests.key_point_value_test.TestRudderPreflightCheck" name="test_derive" time="0.001"></testcase><testcase classname="tests.key_point_value_test.TestRudderPreflightCheck" name="test_derive_apu" time="0.001"></testcase><testcase classname="tests.key_point_value_test.TestRudderReversalAbove50Ft" name="test_can_operate" time="0.000"></testcase><testcase classname="tests.key_point_value_test.TestRudderReversalAbove50Ft" name="test_derive" time="0.000"><skipped type="unittest.case.SkipTest" message="Test Not Implemented"><![CDATA[Exception: Test Not Implemented
]]></skipped></testcase><testcase classname="tests.key_point_value_test.TestSATMax" name="test_attributes" time="0.000"></testcase><testcase classname="tests.key_point_value_test.TestSATMax" name="test_can_operate" time="0.000"></testcase><testcase classname="tests.key_point_value_test.TestSATMax" name="test_derive" time="0.000"></testcase><testcase classname="tests.key_point_value_test.TestSingleEngineDuringTaxiInDuration" name="test_can_operate" time="0.001"></testcase><testcase classname="tests.key_point_value_test.TestSingleEngineDuringTaxiInDuration" name="test_derive" time="0.001"></testcase><testcase classname="tests.key_point_value_test.TestSingleEngineDuringTaxiOutDuration" name="test_can_operate" time="0.001"></testcase><testcase classname="tests.key_point_value_test.TestSingleEngineDuringTaxiOutDuration" name="test_derive" time="0.001"></testcase><testcase classname="tests.key_point_value_test.TestSmokeWarningDuration" name="test_can_operate" time="0.000"></testcase><testcase classname="tests.key_point_value_test.TestSmokeWarningDuration" name="test_derive" time="0.001"></testcase><testcase classname="tests.key_point_value_test.TestSpeedbrakeDeployed1000To20FtDuration" name="test_can_operate" time="0.000"></testcase><testcase classname="tests.key_point_value_test.TestSpeedbrakeDeployed1000To20FtDuration" name="test_derive_basic" time="0.002"></testcase><testcase classname="tests.key_point_value_test.TestSpeedbrakeDeployedDuringGoAroundDuration" name="test_can_operate" time="0.000"></testcase><testcase classname="tests.key_point_value_test.TestSpeedbrakeDeployedDuringGoAroundDuration" name="test_derive" time="0.001"></testcase><testcase classname="tests.key_point_value_test.TestSpeedbrakeDeployedWithFlapDuration" name="test_can_operate" time="0.000"></testcase><testcase classname="tests.key_point_value_test.TestSpeedbrakeDeployedWithFlapDuration" name="test_derive_basic" time="0.003"></testcase><testcase classname="tests.key_point_value_test.TestSpeedbrakeDeployedWithPowerOnDuration" name="test_can_operate" time="0.001"></testcase><testcase classname="tests.key_point_value_test.TestSpeedbrakeDeployedWithPowerOnDuration" name="test_derive_basic" time="0.001"></testcase><testcase classname="tests.key_point_value_test.TestSpoilersDeployedDurationDuringLanding" name="test_can_operate" time="0.000"></testcase><testcase classname="tests.key_point_value_test.TestSpoilersDeployedDurationDuringLanding" name="test_derive" time="0.001"></testcase><testcase classname="tests.key_point_value_test.TestSpoilersDeployedDurationDuringLanding" name="test_derive_landing_without_spoilers_deployed" time="0.001"></testcase><testcase classname="tests.key_point_value_test.TestSpoilersDeployedDurationDuringLanding" name="test_derive_multiple_landings" time="0.001"></testcase><testcase classname="tests.key_point_value_test.TestStallFaultCautionDuration" name="test_attributes" time="0.000"></testcase><testcase classname="tests.key_point_value_test.TestStallFaultCautionDuration" name="test_can_operate" time="0.000"></testcase><testcase classname="tests.key_point_value_test.TestStallFaultCautionDuration" name="test_derive" time="0.002"></testcase><testcase classname="tests.key_point_value_test.TestStallFaultCautionDuration" name="test_stall_l" time="0.001"></testcase><testcase classname="tests.key_point_value_test.TestStallWarningDuration" name="test_can_operate" time="0.001"></testcase><testcase classname="tests.key_point_value_test.TestStallWarningDuration" name="test_derive_basic" time="0.001"></testcase><testcase classname="tests.key_point_value_test.TestStickPusherActivatedDuration" name="test_can_operate" time="0.001"></testcase><testcase classname="tests.key_point_value_test.TestStickPusherActivatedDuration" name="test_derive_basic" time="0.001"></testcase><testcase classname="tests.key_point_value_test.TestStickShakerActivatedDuration" name="test_can_operate" time="0.001"></testcase><testcase classname="tests.key_point_value_test.TestStickShakerActivatedDuration" name="test_derive_basic" time="0.001"></testcase><testcase classname="tests.key_point_value_test.TestStickShakerActivatedDuration" name="test_short_pulses" time="0.001"></testcase><testcase classname="tests.key_point_value_test.TestTAWSAlertDuration" name="test_can_operate" time="0.000"></testcase><testcase classname="tests.key_point_value_test.TestTAWSAlertDuration" name="test_derive" time="0.000"><skipped type="unittest.case.SkipTest" message="Test Not Implemented"><![CDATA[Exception: Test Not Implemented
]]></skipped></testcase><testcase classname="tests.key_point_value_test.TestTAWSCautionObstacleDuration" name="test_can_operate" time="0.000"></testcase><testcase classname="tests.key_point_value_test.TestTAWSCautionObstacleDuration" name="test_derive_basic" time="0.001"></testcase><testcase classname="tests.key_point_value_test.TestTAWSCautionTerrainDuration" name="test_can_operate" time="0.001"></testcase><testcase classname="tests.key_point_value_test.TestTAWSCautionTerrainDuration" name="test_derive_basic" time="0.001"></testcase><testcase classname="tests.key_point_value_test.TestTAWSDontSinkWarningDuration" name="test_can_operate" time="0.001"></testcase><testcase classname="tests.key_point_value_test.TestTAWSDontSinkWarningDuration" name="test_derive_basic" time="0.001"></testcase><testcase classname="tests.key_point_value_test.TestTAWSFailureDuration" name="test_can_operate" time="0.001"></testcase><testcase classname="tests.key_point_value_test.TestTAWSFailureDuration" name="test_derive_basic" time="0.001"></testcase><testcase classname="tests.key_point_value_test.TestTAWSGeneralWarningDuration" name="test_can_operate" time="0.000"></testcase><testcase classname="tests.key_point_value_test.TestTAWSGeneralWarningDuration" name="test_derive" time="0.000"><skipped type="unittest.case.SkipTest" message="Test Not Implemented"><![CDATA[Exception: Test Not Implemented
]]></skipped></testcase><testcase classname="tests.key_point_value_test.TestTAWSGlideslopeWarning1000To500FtDuration" name="test_attributes" time="0.000"></testcase><testcase classname="tests.key_point_value_test.TestTAWSGlideslopeWarning1000To500FtDuration" name="test_can_operate" time="0.000"></testcase><testcase classname="tests.key_point_value_test.TestTAWSGlideslopeWarning1000To500FtDuration" name="test_derive" time="0.001"></testcase><testcase classname="tests.key_point_value_test.TestTAWSGlideslopeWarning1000To500FtDuration" name="test_derive_2" time="0.001"></testcase><testcase classname="tests.key_point_value_test.TestTAWSGlideslopeWarning1000To500FtDuration" name="test_derive_3" time="0.002"></testcase><testcase classname="tests.key_point_value_test.TestTAWSGlideslopeWarning1000To500FtDuration" name="test_derive_4" time="0.002"></testcase><testcase classname="tests.key_point_value_test.TestTAWSGlideslopeWarning1500To1000FtDuration" name="test_attributes" time="0.000"></testcase><testcase classname="tests.key_point_value_test.TestTAWSGlideslopeWarning1500To1000FtDuration" name="test_can_operate" time="0.000"></testcase><testcase classname="tests.key_point_value_test.TestTAWSGlideslopeWarning1500To1000FtDuration" name="test_derive" time="0.001"></testcase><testcase classname="tests.key_point_value_test.TestTAWSGlideslopeWarning1500To1000FtDuration" name="test_derive_2" time="0.001"></testcase><testcase classname="tests.key_point_value_test.TestTAWSGlideslopeWarning1500To1000FtDuration" name="test_derive_3" time="0.002"></testcase><testcase classname="tests.key_point_value_test.TestTAWSGlideslopeWarning1500To1000FtDuration" name="test_derive_4" time="0.002"></testcase><testcase classname="tests.key_point_value_test.TestTAWSGlideslopeWarning500To200FtDuration" name="test_attributes" time="0.000"></testcase><testcase classname="tests.key_point_value_test.TestTAWSGlideslopeWarning500To200FtDuration" name="test_can_operate" time="0.000"></testcase><testcase classname="tests.key_point_value_test.TestTAWSGlideslopeWarning500To200FtDuration" name="test_derive" time="0.001"></testcase><testcase classname="tests.key_point_value_test.TestTAWSGlideslopeWarning500To200FtDuration" name="test_derive_2" time="0.001"></testcase><testcase classname="tests.key_point_value_test.TestTAWSGlideslopeWarning500To200FtDuration" name="test_derive_3" time="0.002"></testcase><testcase classname="tests.key_point_value_test.TestTAWSGlideslopeWarning500To200FtDuration" name="test_derive_4" time="0.002"></testcase><testcase classname="tests.key_point_value_test.TestTAWSObstacleWarningDuration" name="test_can_operate" time="0.001"></testcase><testcase classname="tests.key_point_value_test.TestTAWSObstacleWarningDuration" name="test_derive_basic" time="0.001"></testcase><testcase classname="tests.key_point_value_test.TestTAWSPredictiveWindshearDuration" name="test_can_operate" time="0.001"></testcase><testcase classname="tests.key_point_value_test.TestTAWSPredictiveWindshearDuration" name="test_derive_basic" time="0.001"></testcase><testcase classname="tests.key_point_value_test.TestTAWSPullUpWarningDuration" name="test_can_operate" time="0.000"></testcase><testcase classname="tests.key_point_value_test.TestTAWSPullUpWarningDuration" name="test_derive" time="0.000"><skipped type="unittest.case.SkipTest" message="Test Not Implemented"><![CDATA[Exception: Test Not Implemented
]]></skipped></testcase><testcase classname="tests.key_point_value_test.TestTAWSSinkRateWarningDuration" name="test_can_operate" time="0.000"></testcase><testcase classname="tests.key_point_value_test.TestTAWSSinkRateWarningDuration" name="test_derive" time="0.000"><skipped type="unittest.case.SkipTest" message="Test Not Implemented"><![CDATA[Exception: Test Not Implemented
]]></skipped></testcase><testcase classname="tests.key_point_value_test.TestTAWSTerrainAheadDuration" name="test_can_operate" time="0.000"></testcase><testcase classname="tests.key_point_value_test.TestTAWSTerrainAheadDuration" name="test_derive_basic" time="0.001"></testcase><testcase classname="tests.key_point_value_test.TestTAWSTerrainAheadPullUpDuration" name="test_can_operate" time="0.001"></testcase><testcase classname="tests.key_point_value_test.TestTAWSTerrainAheadPullUpDuration" name="test_derive_basic" time="0.001"></testcase><testcase classname="tests.key_point_value_test.TestTAWSTerrainCautionDuration" name="test_can_operate" time="0.001"></testcase><testcase classname="tests.key_point_value_test.TestTAWSTerrainCautionDuration" name="test_derive_basic" time="0.001"></testcase><testcase classname="tests.key_point_value_test.TestTAWSTerrainClearanceFloorAlertDuration" name="test_attributes" time="0.000"></testcase><testcase classname="tests.key_point_value_test.TestTAWSTerrainClearanceFloorAlertDuration" name="test_can_operate" time="0.000"></testcase><testcase classname="tests.key_point_value_test.TestTAWSTerrainClearanceFloorAlertDuration" name="test_derive" time="0.001"></testcase><testcase classname="tests.key_point_value_test.TestTAWSTerrainClearanceFloorAlertDuration" name="test_derive_2" time="0.001"></testcase><testcase classname="tests.key_point_value_test.TestTAWSTerrainClearanceFloorAlertDuration" name="test_derive_3" time="0.002"></testcase><testcase classname="tests.key_point_value_test.TestTAWSTerrainClearanceFloorAlertDuration" name="test_derive_4" time="0.002"></testcase><testcase classname="tests.key_point_value_test.TestTAWSTerrainPullUpWarningDuration" name="test_can_operate" time="0.000"></testcase><testcase classname="tests.key_point_value_test.TestTAWSTerrainPullUpWarningDuration" name="test_derive" time="0.000"><skipped type="unittest.case.SkipTest" message="Test Not Implemented"><![CDATA[Exception: Test Not Implemented
]]></skipped></testcase><testcase classname="tests.key_point_value_test.TestTAWSTerrainWarningDuration" name="test_can_operate" time="0.000"></testcase><testcase classname="tests.key_point_value_test.TestTAWSTerrainWarningDuration" name="test_derive_basic" time="0.003"></testcase><testcase classname="tests.key_point_value_test.TestTAWSTooLowFlapWarningDuration" name="test_can_operate" time="0.000"></testcase><testcase classname="tests.key_point_value_test.TestTAWSTooLowFlapWarningDuration" name="test_derive" time="0.000"><skipped type="unittest.case.SkipTest" message="Test Not Implemented"><![CDATA[Exception: Test Not Implemented
]]></skipped></testcase><testcase classname="tests.key_point_value_test.TestTAWSTooLowGearWarningDuration" name="test_can_operate" time="0.000"></testcase><testcase classname="tests.key_point_value_test.TestTAWSTooLowGearWarningDuration" name="test_derive" time="0.000"><skipped type="unittest.case.SkipTest" message="Test Not Implemented"><![CDATA[Exception: Test Not Implemented
]]></skipped></testcase><testcase classname="tests.key_point_value_test.TestTAWSTooLowTerrainWarningDuration" name="test_can_operate" time="0.000"></testcase><testcase classname="tests.key_point_value_test.TestTAWSTooLowTerrainWarningDuration" name="test_derive" time="0.000"><skipped type="unittest.case.SkipTest" message="Test Not Implemented"><![CDATA[Exception: Test Not Implemented
]]></skipped></testcase><testcase classname="tests.key_point_value_test.TestTAWSUnspecifiedDuration" name="test_can_operate" time="0.001"></testcase><testcase classname="tests.key_point_value_test.TestTAWSUnspecifiedDuration" name="test_derive_basic" time="0.001"></testcase><testcase classname="tests.key_point_value_test.TestTAWSWarningDuration" name="test_can_operate" time="0.001"></testcase><testcase classname="tests.key_point_value_test.TestTAWSWarningDuration" name="test_derive_basic" time="0.001"></testcase><testcase classname="tests.key_point_value_test.TestTAWSWindshearCautionBelow1500FtDuration" name="test_can_operate" time="0.001"></testcase><testcase classname="tests.key_point_value_test.TestTAWSWindshearCautionBelow1500FtDuration" name="test_derive_basic" time="0.001"></testcase><testcase classname="tests.key_point_value_test.TestTAWSWindshearSirenBelow1500FtDuration" name="test_can_operate" time="0.001"></testcase><testcase classname="tests.key_point_value_test.TestTAWSWindshearSirenBelow1500FtDuration" name="test_derive_basic" time="0.001"></testcase><testcase classname="tests.key_point_value_test.TestTAWSWindshearWarningBelow1500FtDuration" name="test_can_operate" time="0.001"></testcase><testcase classname="tests.key_point_value_test.TestTAWSWindshearWarningBelow1500FtDuration" name="test_derive" time="0.000"><skipped type="unittest.case.SkipTest" message="Test Not Implemented"><![CDATA[Exception: Test Not Implemented
]]></skipped></testcase><testcase classname="tests.key_point_value_test.TestTCASFailureRatio" name="test_can_operate" time="0.000"></testcase><testcase classname="tests.key_point_value_test.TestTCASFailureRatio" name="test_divide_zero" time="0.000"></testcase><testcase classname="tests.key_point_value_test.TestTCASFailureRatio" name="test_normal" time="0.000"></testcase><testcase classname="tests.key_point_value_test.TestTCASRAAPDisengaged" name="test_can_operate" time="0.000"></testcase><testcase classname="tests.key_point_value_test.TestTCASRAAPDisengaged" name="test_derive" time="0.000"></testcase><testcase classname="tests.key_point_value_test.TestTCASRAAPDisengaged" name="test_long_ta" time="0.000"></testcase><testcase classname="tests.key_point_value_test.TestTCASRAAPDisengaged" name="test_no_disengagement" time="0.000"></testcase><testcase classname="tests.key_point_value_test.TestTCASRAAcceleration" name="test_can_operate" time="0.000"></testcase><testcase classname="tests.key_point_value_test.TestTCASRAAcceleration" name="test_derive" time="0.000"></testcase><testcase classname="tests.key_point_value_test.TestTCASRAAltitudeAAL" name="test_can_operate" time="0.000"></testcase><testcase classname="tests.key_point_value_test.TestTCASRAAltitudeAAL" name="test_derive" time="0.000"></testcase><testcase classname="tests.key_point_value_test.TestTCASRAAltitudeSTD" name="test_can_operate" time="0.000"></testcase><testcase classname="tests.key_point_value_test.TestTCASRAAltitudeSTD" name="test_derive" time="0.000"></testcase><testcase classname="tests.key_point_value_test.TestTCASRAChangeOfVerticalSpeed" name="test_can_operate" time="0.000"></testcase><testcase classname="tests.key_point_value_test.TestTCASRAChangeOfVerticalSpeed" name="test_derive_downward" time="0.000"></testcase><testcase classname="tests.key_point_value_test.TestTCASRAChangeOfVerticalSpeed" name="test_derive_upward" time="0.000"></testcase><testcase classname="tests.key_point_value_test.TestTCASRADirection" name="test_can_operate" time="0.000"></testcase><testcase classname="tests.key_point_value_test.TestTCASRADirection" name="test_cc_down" time="0.000"></testcase><testcase classname="tests.key_point_value_test.TestTCASRADirection" name="test_cc_prevent" time="0.000"></testcase><testcase classname="tests.key_point_value_test.TestTCASRADirection" name="test_cc_up" time="0.000"></testcase><testcase classname="tests.key_point_value_test.TestTCASRADirection" name="test_rate_down" time="0.000"></testcase><testcase classname="tests.key_point_value_test.TestTCASRADirection" name="test_rate_unchanged" time="0.000"></testcase><testcase classname="tests.key_point_value_test.TestTCASRADirection" name="test_rate_up" time="0.001"></testcase><testcase classname="tests.key_point_value_test.TestTCASRAErroneousAcceleration" name="test_can_operate" time="0.000"></testcase><testcase classname="tests.key_point_value_test.TestTCASRAErroneousAcceleration" name="test_neither_up_nor_down" time="0.000"></testcase><testcase classname="tests.key_point_value_test.TestTCASRAErroneousAcceleration" name="test_not_down" time="0.001"></testcase><testcase classname="tests.key_point_value_test.TestTCASRAErroneousAcceleration" name="test_not_up" time="0.001"></testcase><testcase classname="tests.key_point_value_test.TestTCASRAErroneousAcceleration" name="test_ta_overlap" time="0.001"></testcase><testcase classname="tests.key_point_value_test.TestTCASRAHeading" name="test_can_operate" time="0.000"></testcase><testcase classname="tests.key_point_value_test.TestTCASRAHeading" name="test_derive" time="0.000"></testcase><testcase classname="tests.key_point_value_test.TestTCASRAReactionDelay" name="test_basic" time="0.002"></testcase><testcase classname="tests.key_point_value_test.TestTCASRAReactionDelay" name="test_can_operate" time="0.000"></testcase><testcase classname="tests.key_point_value_test.TestTCASRAReactionDelay" name="test_not_second_ta_overlap" time="0.002"></testcase><testcase classname="tests.key_point_value_test.TestTCASRAReactionDelay" name="test_ta_overlap" time="0.002"></testcase><testcase classname="tests.key_point_value_test.TestTCASRASubsequentAcceleration" name="test_can_operate" time="0.000"></testcase><testcase classname="tests.key_point_value_test.TestTCASRASubsequentAcceleration" name="test_triggered_by_rate_advisory_data" time="0.002"></testcase><testcase classname="tests.key_point_value_test.TestTCASRASubsequentReactionDelay" name="test_can_operate" time="0.000"></testcase><testcase classname="tests.key_point_value_test.TestTCASRASubsequentReactionDelay" name="test_combined_control_data_clear" time="0.001"></testcase><testcase classname="tests.key_point_value_test.TestTCASRASubsequentReactionDelay" name="test_combined_control_data_down" time="0.002"></testcase><testcase classname="tests.key_point_value_test.TestTCASRASubsequentReactionDelay" name="test_combined_control_data_up" time="0.002"></testcase><testcase classname="tests.key_point_value_test.TestTCASRASubsequentReactionDelay" name="test_combined_control_no_change" time="0.001"></testcase><testcase classname="tests.key_point_value_test.TestTCASRASubsequentReactionDelay" name="test_no_reaction" time="0.001"></testcase><testcase classname="tests.key_point_value_test.TestTCASRASubsequentReactionDelay" name="test_rate_advisory_data_down" time="0.002"></testcase><testcase classname="tests.key_point_value_test.TestTCASRASubsequentReactionDelay" name="test_rate_advisory_data_up" time="0.001"></testcase><testcase classname="tests.key_point_value_test.TestTCASRAToAPDisengagedDelay" name="test_can_operate" time="0.000"></testcase><testcase classname="tests.key_point_value_test.TestTCASRAToAPDisengagedDelay" name="test_derive" time="0.000"></testcase><testcase classname="tests.key_point_value_test.TestTCASRAToAPDisengagedDelay" name="test_no_disengagement" time="0.000"></testcase><testcase classname="tests.key_point_value_test.TestTCASRAToAPDisengagedDelay" name="test_preemptive_disengagement_by_ta" time="0.000"></testcase><testcase classname="tests.key_point_value_test.TestTCASRAToAPDisengagedDelay" name="test_preemptive_disengagement_by_time" time="0.000"></testcase><testcase classname="tests.key_point_value_test.TestTCASRAWarningAboveFL100Duration" name="test_can_operate" time="0.000"></testcase><testcase classname="tests.key_point_value_test.TestTCASRAWarningAboveFL100Duration" name="test_derive" time="0.007"></testcase><testcase classname="tests.key_point_value_test.TestTCASRAWarningBelowFL100InClimbDuration" name="test_can_operate" time="0.000"></testcase><testcase classname="tests.key_point_value_test.TestTCASRAWarningBelowFL100InClimbDuration" name="test_derive" time="0.009"></testcase><testcase classname="tests.key_point_value_test.TestTCASRAWarningBelowFL100InDescentDuration" name="test_can_operate" time="0.000"></testcase><testcase classname="tests.key_point_value_test.TestTCASRAWarningBelowFL100InDescentDuration" name="test_derive" time="0.009"></testcase><testcase classname="tests.key_point_value_test.TestTCASRAWarningDuration" name="test_can_operate" time="0.000"></testcase><testcase classname="tests.key_point_value_test.TestTCASRAWarningDuration" name="test_derive" time="0.000"></testcase><testcase classname="tests.key_point_value_test.TestTCASTAAcceleration" name="test_can_operate" time="0.001"></testcase><testcase classname="tests.key_point_value_test.TestTCASTAAcceleration" name="test_derive" time="0.001"></testcase><testcase classname="tests.key_point_value_test.TestTCASTAAcceleration" name="test_negative" time="0.000"></testcase><testcase classname="tests.key_point_value_test.TestTCASTAAcceleration" name="test_not_after_ra" time="0.000"></testcase><testcase classname="tests.key_point_value_test.TestTCASTAAcceleration" name="test_nothing" time="0.000"></testcase><testcase classname="tests.key_point_value_test.TestTCASTAAltitudeAAL" name="test_can_operate" time="0.000"></testcase><testcase classname="tests.key_point_value_test.TestTCASTAAltitudeAAL" name="test_derive" time="0.000"></testcase><testcase classname="tests.key_point_value_test.TestTCASTAAltitudeSTD" name="test_can_operate" time="0.000"></testcase><testcase classname="tests.key_point_value_test.TestTCASTAAltitudeSTD" name="test_derive" time="0.000"></testcase><testcase classname="tests.key_point_value_test.TestTCASTAAltitudeSTD" name="test_not_for_ra_only" time="0.000"></testcase><testcase classname="tests.key_point_value_test.TestTCASTAHeading" name="test_can_operate" time="0.000"></testcase><testcase classname="tests.key_point_value_test.TestTCASTAHeading" name="test_derive" time="0.000"></testcase><testcase classname="tests.key_point_value_test.TestTCASTAWarningDuration" name="test_can_operate" time="0.000"></testcase><testcase classname="tests.key_point_value_test.TestTCASTAWarningDuration" name="test_derive" time="0.000"></testcase><testcase classname="tests.key_point_value_test.TestTOGASelectedDuringFlightDuration" name="test_can_operate" time="0.001"></testcase><testcase classname="tests.key_point_value_test.TestTOGASelectedDuringFlightDuration" name="test_derive" time="0.000"><skipped type="unittest.case.SkipTest" message="Test Not Implemented"><![CDATA[Exception: Test Not Implemented
]]></skipped></testcase><testcase classname="tests.key_point_value_test.TestTOGASelectedDuringGoAroundDuration" name="test_can_operate" time="0.000"></testcase><testcase classname="tests.key_point_value_test.TestTOGASelectedDuringGoAroundDuration" name="test_derive" time="0.000"><skipped type="unittest.case.SkipTest" message="Test Not Implemented"><![CDATA[Exception: Test Not Implemented
]]></skipped></testcase><testcase classname="tests.key_point_value_test.TestTailClearanceDuringApproachMin" name="test_can_operate" time="0.001"></testcase><testcase classname="tests.key_point_value_test.TestTailClearanceDuringApproachMin" name="test_derive" time="0.000"><skipped type="unittest.case.SkipTest" message="Test Out Of Date"><![CDATA[Exception: Test Out Of Date
]]></skipped></testcase><testcase classname="tests.key_point_value_test.TestTailClearanceDuringLandingMin" name="test_can_operate" time="0.000"></testcase><testcase classname="tests.key_point_value_test.TestTailClearanceDuringLandingMin" name="test_derive" time="0.000"><skipped type="unittest.case.SkipTest" message="Test Not Implemented"><![CDATA[Exception: Test Not Implemented
]]></skipped></testcase><testcase classname="tests.key_point_value_test.TestTailClearanceDuringLandingMin" name="test_derive_mocked" time="0.000"></testcase><testcase classname="tests.key_point_value_test.TestTailClearanceDuringTakeoffMin" name="test_can_operate" time="0.000"></testcase><testcase classname="tests.key_point_value_test.TestTailClearanceDuringTakeoffMin" name="test_derive" time="0.000"><skipped type="unittest.case.SkipTest" message="Test Not Implemented"><![CDATA[Exception: Test Not Implemented
]]></skipped></testcase><testcase classname="tests.key_point_value_test.TestTailClearanceDuringTakeoffMin" name="test_derive_mocked" time="0.000"></testcase><testcase classname="tests.key_point_value_test.TestTailwind100FtToTouchdownMax" name="test_can_operate" time="0.001"></testcase><testcase classname="tests.key_point_value_test.TestTailwind100FtToTouchdownMax" name="test_derive" time="0.001"></testcase><testcase classname="tests.key_point_value_test.TestTailwindDuringTakeoffMax" name="test_can_operate" time="0.001"></testcase><testcase classname="tests.key_point_value_test.TestTailwindDuringTakeoffMax" name="test_derive" time="0.001"></testcase><testcase classname="tests.key_point_value_test.TestTailwindDuringTakeoffMax" name="test_derive__masked_below_100" time="0.001"></testcase><testcase classname="tests.key_point_value_test.TestTailwindDuringTakeoffMax" name="test_derive__tailwind_high_during_rotation" time="0.001"></testcase><testcase classname="tests.key_point_value_test.TestTailwindLiftoffTo100FtMax" name="test_can_operate" time="0.000"></testcase><testcase classname="tests.key_point_value_test.TestTailwindLiftoffTo100FtMax" name="test_derive" time="0.000"><skipped type="unittest.case.SkipTest" message="Test Not Implemented"><![CDATA[Exception: Test Not Implemented
]]></skipped></testcase><testcase classname="tests.key_point_value_test.TestTakeoff5MinRating" name="test_can_operate" time="0.000"><skipped type="unittest.case.SkipTest" message="Test Not Implemented"><![CDATA[Exception: Test Not Implemented
]]></skipped></testcase><testcase classname="tests.key_point_value_test.TestTakeoff5MinRating" name="test_derive" time="0.000"><skipped type="unittest.case.SkipTest" message="Test Not Implemented"><![CDATA[Exception: Test Not Implemented
]]></skipped></testcase><testcase classname="tests.key_point_value_test.TestTakeoffConfigurationFlapWarningDuration" name="test_can_operate" time="0.001"></testcase><testcase classname="tests.key_point_value_test.TestTakeoffConfigurationFlapWarningDuration" name="test_derive" time="0.001"></testcase><testcase classname="tests.key_point_value_test.TestTakeoffConfigurationParkingBrakeWarningDuration" name="test_can_operate" time="0.001"></testcase><testcase classname="tests.key_point_value_test.TestTakeoffConfigurationParkingBrakeWarningDuration" name="test_derive" time="0.001"></testcase><testcase classname="tests.key_point_value_test.TestTakeoffConfigurationSpoilerWarningDuration" name="test_can_operate" time="0.001"></testcase><testcase classname="tests.key_point_value_test.TestTakeoffConfigurationSpoilerWarningDuration" name="test_derive" time="0.001"></testcase><testcase classname="tests.key_point_value_test.TestTakeoffConfigurationStabilizerWarningDuration" name="test_can_operate" time="0.001"></testcase><testcase classname="tests.key_point_value_test.TestTakeoffConfigurationStabilizerWarningDuration" name="test_derive" time="0.001"></testcase><testcase classname="tests.key_point_value_test.TestTakeoffConfigurationWarningDuration" name="test_can_operate" time="0.000"></testcase><testcase classname="tests.key_point_value_test.TestTakeoffConfigurationWarningDuration" name="test_derive" time="0.001"></testcase><testcase classname="tests.key_point_value_test.TestTakeoffRatingDuration" name="test_can_operate" time="0.000"></testcase><testcase classname="tests.key_point_value_test.TestTakeoffRatingDuration" name="test_derive" time="0.000"></testcase><testcase classname="tests.key_point_value_test.TestTakeoffRoll" name="test_can_operate" time="0.000"><skipped type="unittest.case.SkipTest" message="Test Not Implemented"><![CDATA[Exception: Test Not Implemented
]]></skipped></testcase><testcase classname="tests.key_point_value_test.TestTakeoffRoll" name="test_derive" time="0.000"><skipped type="unittest.case.SkipTest" message="Test Not Implemented"><![CDATA[Exception: Test Not Implemented
]]></skipped></testcase><testcase classname="tests.key_point_value_test.TestTakeoffRotation" name="test_can_operate" time="0.000"><skipped type="unittest.case.SkipTest" message="Test Not Implemented"><![CDATA[Exception: Test Not Implemented
]]></skipped></testcase><testcase classname="tests.key_point_value_test.TestTakeoffRotation" name="test_derive" time="0.000"><skipped type="unittest.case.SkipTest" message="Test Not Implemented"><![CDATA[Exception: Test Not Implemented
]]></skipped></testcase><testcase classname="tests.key_point_value_test.TestTaxiInDuration" name="test_can_operate" time="0.000"></testcase><testcase classname="tests.key_point_value_test.TestTaxiInDuration" name="test_derive" time="0.000"></testcase><testcase classname="tests.key_point_value_test.TestTaxiOutDuration" name="test_can_operate" time="0.000"></testcase><testcase classname="tests.key_point_value_test.TestTaxiOutDuration" name="test_derive" time="0.000"></testcase><testcase classname="tests.key_point_value_test.TestTerrainClearanceAbove3000FtMin" name="test_can_operate" time="0.000"></testcase><testcase classname="tests.key_point_value_test.TestTerrainClearanceAbove3000FtMin" name="test_derive" time="0.000"><skipped type="unittest.case.SkipTest" message="Test Not Implemented"><![CDATA[Exception: Test Not Implemented
]]></skipped></testcase><testcase classname="tests.key_point_value_test.TestTerrainClearanceAbove3000FtMin" name="test_derive_mocked" time="0.000"></testcase><testcase classname="tests.key_point_value_test.TestThrottleCyclesDuringFinalApproach" name="test_can_operate" time="0.000"></testcase><testcase classname="tests.key_point_value_test.TestThrottleCyclesDuringFinalApproach" name="test_derive" time="0.000"><skipped type="unittest.case.SkipTest" message="Test Not Implemented"><![CDATA[Exception: Test Not Implemented
]]></skipped></testcase><testcase classname="tests.key_point_value_test.TestThrottleLeverAtLiftoff" name="test_can_operate" time="0.000"></testcase><testcase classname="tests.key_point_value_test.TestThrottleLeverAtLiftoff" name="test_derive" time="0.000"><skipped type="unittest.case.SkipTest" message="Test Not Implemented"><![CDATA[Exception: Test Not Implemented
]]></skipped></testcase><testcase classname="tests.key_point_value_test.TestThrottleLeverAtLiftoff" name="test_derive_mocked" time="0.000"></testcase><testcase classname="tests.key_point_value_test.TestThrottleLeverVariationAbove80KtsToTakeoff" name="test_can_operate" time="0.001"></testcase><testcase classname="tests.key_point_value_test.TestThrottleLeverVariationAbove80KtsToTakeoff" name="test_derive" time="0.004"></testcase><testcase classname="tests.key_point_value_test.TestThrottleReductionToTouchdownDuration" name="test_can_operate" time="0.002"></testcase><testcase classname="tests.key_point_value_test.TestThrottleReductionToTouchdownDuration" name="test_derive" time="0.000"><skipped type="unittest.case.SkipTest" message="Test Not Implemented"><![CDATA[Exception: Test Not Implemented
]]></skipped></testcase><testcase classname="tests.key_point_value_test.TestThrustAsymmetryDuringApproachDuration" name="test_can_operate" time="0.000"></testcase><testcase classname="tests.key_point_value_test.TestThrustAsymmetryDuringApproachDuration" name="test_derive" time="0.000"><skipped type="unittest.case.SkipTest" message="Test Not Implemented"><![CDATA[Exception: Test Not Implemented
]]></skipped></testcase><testcase classname="tests.key_point_value_test.TestThrustAsymmetryDuringApproachMax" name="test_can_operate" time="0.000"></testcase><testcase classname="tests.key_point_value_test.TestThrustAsymmetryDuringApproachMax" name="test_derive" time="0.000"><skipped type="unittest.case.SkipTest" message="Test Not Implemented"><![CDATA[Exception: Test Not Implemented
]]></skipped></testcase><testcase classname="tests.key_point_value_test.TestThrustAsymmetryDuringApproachMax" name="test_derive_mocked" time="0.000"></testcase><testcase classname="tests.key_point_value_test.TestThrustAsymmetryDuringFlightMax" name="test_can_operate" time="0.000"></testcase><testcase classname="tests.key_point_value_test.TestThrustAsymmetryDuringFlightMax" name="test_derive" time="0.007"></testcase><testcase classname="tests.key_point_value_test.TestThrustAsymmetryDuringGoAroundMax" name="test_can_operate" time="0.000"></testcase><testcase classname="tests.key_point_value_test.TestThrustAsymmetryDuringGoAroundMax" name="test_derive" time="0.000"><skipped type="unittest.case.SkipTest" message="Test Not Implemented"><![CDATA[Exception: Test Not Implemented
]]></skipped></testcase><testcase classname="tests.key_point_value_test.TestThrustAsymmetryDuringGoAroundMax" name="test_derive_mocked" time="0.000"></testcase><testcase classname="tests.key_point_value_test.TestThrustAsymmetryDuringTakeoffMax" name="test_can_operate" time="0.000"></testcase><testcase classname="tests.key_point_value_test.TestThrustAsymmetryDuringTakeoffMax" name="test_derive" time="0.000"><skipped type="unittest.case.SkipTest" message="Test Not Implemented"><![CDATA[Exception: Test Not Implemented
]]></skipped></testcase><testcase classname="tests.key_point_value_test.TestThrustAsymmetryDuringTakeoffMax" name="test_derive_mocked" time="0.001"></testcase><testcase classname="tests.key_point_value_test.TestThrustAsymmetryWithThrustReversersDeployedDuration" name="test_can_operate" time="0.001"></testcase><testcase classname="tests.key_point_value_test.TestThrustAsymmetryWithThrustReversersDeployedDuration" name="test_derive" time="0.000"><skipped type="unittest.case.SkipTest" message="Test Not Implemented"><![CDATA[Exception: Test Not Implemented
]]></skipped></testcase><testcase classname="tests.key_point_value_test.TestThrustAsymmetryWithThrustReversersDeployedMax" name="test_can_operate" time="0.001"></testcase><testcase classname="tests.key_point_value_test.TestThrustAsymmetryWithThrustReversersDeployedMax" name="test_derive" time="0.000"><skipped type="unittest.case.SkipTest" message="Test Not Implemented"><![CDATA[Exception: Test Not Implemented
]]></skipped></testcase><testcase classname="tests.key_point_value_test.TestThrustRatingCLB1Duration" name="test_can_operate" time="0.000"></testcase><testcase classname="tests.key_point_value_test.TestThrustRatingCLB1Duration" name="test_derive" time="0.001"></testcase><testcase classname="tests.key_point_value_test.TestThrustReversersCancelToEngStopDuration" name="test_can_operate" time="0.001"></testcase><testcase classname="tests.key_point_value_test.TestThrustReversersCancelToEngStopDuration" name="test_derive" time="0.007"></testcase><testcase classname="tests.key_point_value_test.TestThrustReversersDeployedDuration" name="test_can_operate" time="0.000"></testcase><testcase classname="tests.key_point_value_test.TestThrustReversersDeployedDuration" name="test_derive" time="0.003"></testcase><testcase classname="tests.key_point_value_test.TestThrustReversersDeployedDuringFlightDuration" name="test_can_operate" time="0.000"></testcase><testcase classname="tests.key_point_value_test.TestThrustReversersDeployedDuringFlightDuration" name="test_derive" time="0.003"></testcase><testcase classname="tests.key_point_value_test.TestTorqueAsymmetryWhileAirborneMax" name="test_can_operate" time="0.000"></testcase><testcase classname="tests.key_point_value_test.TestTorqueAsymmetryWhileAirborneMax" name="test_derive" time="0.001"></testcase><testcase classname="tests.key_point_value_test.TestTouchdownTo60KtsDuration" name="test_can_operate" time="0.000"></testcase><testcase classname="tests.key_point_value_test.TestTouchdownTo60KtsDuration" name="test_derive" time="0.000"><skipped type="unittest.case.SkipTest" message="Test Not Implemented"><![CDATA[Exception: Test Not Implemented
]]></skipped></testcase><testcase classname="tests.key_point_value_test.TestTouchdownToElevatorDownDuration" name="test_can_operate" time="0.001"></testcase><testcase classname="tests.key_point_value_test.TestTouchdownToElevatorDownDuration" name="test_derive" time="0.000"><skipped type="unittest.case.SkipTest" message="Test Not Implemented"><![CDATA[Exception: Test Not Implemented
]]></skipped></testcase><testcase classname="tests.key_point_value_test.TestTouchdownToPitch2DegreesAbovePitchAt60KtsDuration" name="test_can_operate" time="0.001"></testcase><testcase classname="tests.key_point_value_test.TestTouchdownToPitch2DegreesAbovePitchAt60KtsDuration" name="test_derive" time="0.001"></testcase><testcase classname="tests.key_point_value_test.TestTouchdownToPitch2DegreesAbovePitchAt60KtsDuration" name="test_derive_pitch_not_2_deg_higher" time="0.002"></testcase><testcase classname="tests.key_point_value_test.TestTouchdownToThrustReversersDeployedDuration" name="test_can_operate" time="0.001"></testcase><testcase classname="tests.key_point_value_test.TestTouchdownToThrustReversersDeployedDuration" name="test_derive" time="0.000"><skipped type="unittest.case.SkipTest" message="Test Not Implemented"><![CDATA[Exception: Test Not Implemented
]]></skipped></testcase><testcase classname="tests.key_point_value_test.TestTransmitInactivityDuration" name="test_can_operate" time="0.000"></testcase><testcase classname="tests.key_point_value_test.TestTransmitInactivityDuration" name="test_derive" time="0.001"></testcase><testcase classname="tests.key_point_value_test.TestTurbulenceDuringApproachMax" name="test_can_operate" time="0.000"></testcase><testcase classname="tests.key_point_value_test.TestTurbulenceDuringApproachMax" name="test_derive" time="0.000"><skipped type="unittest.case.SkipTest" message="Test Not Implemented"><![CDATA[Exception: Test Not Implemented
]]></skipped></testcase><testcase classname="tests.key_point_value_test.TestTurbulenceDuringApproachMax" name="test_derive_mocked" time="0.000"></testcase><testcase classname="tests.key_point_value_test.TestTurbulenceDuringCruiseMax" name="test_can_operate" time="0.000"></testcase><testcase classname="tests.key_point_value_test.TestTurbulenceDuringCruiseMax" name="test_derive" time="0.000"><skipped type="unittest.case.SkipTest" message="Test Not Implemented"><![CDATA[Exception: Test Not Implemented
]]></skipped></testcase><testcase classname="tests.key_point_value_test.TestTurbulenceDuringCruiseMax" name="test_derive_mocked" time="0.000"></testcase><testcase classname="tests.key_point_value_test.TestTurbulenceDuringFlightMax" name="test_can_operate" time="0.000"></testcase><testcase classname="tests.key_point_value_test.TestTurbulenceDuringFlightMax" name="test_derive" time="0.000"><skipped type="unittest.case.SkipTest" message="Test Not Implemented"><![CDATA[Exception: Test Not Implemented
]]></skipped></testcase><testcase classname="tests.key_point_value_test.TestTwoDegPitchTo35FtDuration" name="test_can_operate" time="0.000"></testcase><testcase classname="tests.key_point_value_test.TestTwoDegPitchTo35FtDuration" name="test_derive" time="0.000"><skipped type="unittest.case.SkipTest" message="Test Not Implemented"><![CDATA[Exception: Test Not Implemented
]]></skipped></testcase><testcase classname="tests.key_point_value_test.TestV2AtLiftoff" name="test_can_operate" time="0.000"></testcase><testcase classname="tests.key_point_value_test.TestV2AtLiftoff" name="test_derive__afr_v2" time="0.001"></testcase><testcase classname="tests.key_point_value_test.TestV2AtLiftoff" name="test_derive__airbus" time="0.001"></testcase><testcase classname="tests.key_point_value_test.TestV2AtLiftoff" name="test_derive__embraer" time="0.001"></testcase><testcase classname="tests.key_point_value_test.TestV2AtLiftoff" name="test_derive__fully_masked" time="0.001"></testcase><testcase classname="tests.key_point_value_test.TestV2AtLiftoff" name="test_derive__nothing" time="0.000"></testcase><testcase classname="tests.key_point_value_test.TestV2AtLiftoff" name="test_derive__v2" time="0.001"></testcase><testcase classname="tests.key_point_value_test.TestV2AtLiftoff" name="test_derive__v2_masked" time="0.001"></testcase><testcase classname="tests.key_point_value_test.TestV2AtLiftoff" name="test_derive__v2_superframe" time="0.001"></testcase><testcase classname="tests.key_point_value_test.TestV2LookupAtLiftoff" name="test_can_operate" time="0.001"></testcase><testcase classname="tests.key_point_value_test.TestV2LookupAtLiftoff" name="test_derive__flap_with_weight__fallback" time="0.001"></testcase><testcase classname="tests.key_point_value_test.TestV2LookupAtLiftoff" name="test_derive__flap_with_weight__standard" time="0.002"></testcase><testcase classname="tests.key_point_value_test.TestV2LookupAtLiftoff" name="test_derive__flap_without_weight__fallback" time="0.001"></testcase><testcase classname="tests.key_point_value_test.TestV2LookupAtLiftoff" name="test_derive__flap_without_weight__standard" time="0.001"></testcase><testcase classname="tests.key_point_value_test.TestWindAcrossLandingRunwayAt50Ft" name="test_can_operate" time="0.000"></testcase><testcase classname="tests.key_point_value_test.TestWindAcrossLandingRunwayAt50Ft" name="test_derive" time="0.000"><skipped type="unittest.case.SkipTest" message="Test Not Implemented"><![CDATA[Exception: Test Not Implemented
]]></skipped></testcase><testcase classname="tests.key_point_value_test.TestWindDirectionAtAltitudeDuringDescent" name="test_can_operate" time="0.000"></testcase><testcase classname="tests.key_point_value_test.TestWindDirectionAtAltitudeDuringDescent" name="test_derive" time="0.000"><skipped type="unittest.case.SkipTest" message="Test Not Implemented"><![CDATA[Exception: Test Not Implemented
]]></skipped></testcase><testcase classname="tests.key_point_value_test.TestWindSpeedAtAltitudeDuringDescent" name="test_can_operate" time="0.000"></testcase><testcase classname="tests.key_point_value_test.TestWindSpeedAtAltitudeDuringDescent" name="test_derive" time="0.000"><skipped type="unittest.case.SkipTest" message="Test Not Implemented"><![CDATA[Exception: Test Not Implemented
]]></skipped></testcase><testcase classname="tests.key_point_value_test.TouchdownToSpoilersDeployedDuration" name="test_can_operate" time="0.000"><skipped type="unittest.case.SkipTest" message="Test Not Implemented"><![CDATA[Exception: Test Not Implemented
]]></skipped></testcase><testcase classname="tests.key_point_value_test.TouchdownToSpoilersDeployedDuration" name="test_derive" time="0.000"><skipped type="unittest.case.SkipTest" message="Test Not Implemented"><![CDATA[Exception: Test Not Implemented
]]></skipped></testcase><testcase classname="tests.key_time_instance_test.TestAPDisengagedSelection" name="test_can_operate" time="0.000"></testcase><testcase classname="tests.key_time_instance_test.TestAPDisengagedSelection" name="test_derive" time="0.001"></testcase><testcase classname="tests.key_time_instance_test.TestAPEngagedSelection" name="test_can_operate" time="0.000"></testcase><testcase classname="tests.key_time_instance_test.TestAPEngagedSelection" name="test_derive" time="0.001"></testcase><testcase classname="tests.key_time_instance_test.TestAPUStart" name="test_can_operate" time="0.000"></testcase><testcase classname="tests.key_time_instance_test.TestAPUStart" name="test_derive" time="0.001"></testcase><testcase classname="tests.key_time_instance_test.TestAPUStart" name="test_derive_at_start" time="0.001"></testcase><testcase classname="tests.key_time_instance_test.TestAPUStop" name="test_can_operate" time="0.000"></testcase><testcase classname="tests.key_time_instance_test.TestAPUStop" name="test_derive" time="0.001"></testcase><testcase classname="tests.key_time_instance_test.TestAPUStop" name="test_derive_at_end" time="0.001"></testcase><testcase classname="tests.key_time_instance_test.TestATDisengagedSelection" name="test_can_operate" time="0.000"></testcase><testcase classname="tests.key_time_instance_test.TestATDisengagedSelection" name="test_derive" time="0.001"></testcase><testcase classname="tests.key_time_instance_test.TestATEngagedSelection" name="test_can_operate" time="0.000"></testcase><testcase classname="tests.key_time_instance_test.TestATEngagedSelection" name="test_derive" time="0.001"></testcase><testcase classname="tests.key_time_instance_test.TestAltitudeBeforeLevelFlightWhenClimbing" name="test_can_operate" time="0.001"></testcase><testcase classname="tests.key_time_instance_test.TestAltitudeBeforeLevelFlightWhenClimbing" name="test_derive" time="0.000"><skipped type="unittest.case.SkipTest" message="Test Not Implemented"><![CDATA[Exception: Test Not Implemented
]]></skipped></testcase><testcase classname="tests.key_time_instance_test.TestAltitudeBeforeLevelFlightWhenDescending" name="test_can_operate" time="0.001"></testcase><testcase classname="tests.key_time_instance_test.TestAltitudeBeforeLevelFlightWhenDescending" name="test_derive" time="0.000"><skipped type="unittest.case.SkipTest" message="Test Not Implemented"><![CDATA[Exception: Test Not Implemented
]]></skipped></testcase><testcase classname="tests.key_time_instance_test.TestAltitudePeak" name="test_can_operate" time="0.000"></testcase><testcase classname="tests.key_time_instance_test.TestAltitudePeak" name="test_derive" time="0.000"></testcase><testcase classname="tests.key_time_instance_test.TestAltitudeWhenClimbing" name="test_can_operate" time="0.002"></testcase><testcase classname="tests.key_time_instance_test.TestAltitudeWhenClimbing" name="test_derive" time="0.007"></testcase><testcase classname="tests.key_time_instance_test.TestAltitudeWhenDescending" name="test_can_operate" time="0.001"></testcase><testcase classname="tests.key_time_instance_test.TestAltitudeWhenDescending" name="test_derive" time="0.008"></testcase><testcase classname="tests.key_time_instance_test.TestAutoland" name="test_can_operate" time="0.000"></testcase><testcase classname="tests.key_time_instance_test.TestAutoland" name="test_derive_autoland" time="0.001"></testcase><testcase classname="tests.key_time_instance_test.TestAutoland" name="test_derive_autoland_dual" time="0.000"></testcase><testcase classname="tests.key_time_instance_test.TestBottomOfDescent" name="test_bod_ccd_only" time="0.000"></testcase><testcase classname="tests.key_time_instance_test.TestBottomOfDescent" name="test_bod_end" time="0.000"></testcase><testcase classname="tests.key_time_instance_test.TestBottomOfDescent" name="test_bod_end_none" time="0.000"></testcase><testcase classname="tests.key_time_instance_test.TestBottomOfDescent" name="test_bottom_of_descent_basic" time="0.001"></testcase><testcase classname="tests.key_time_instance_test.TestBottomOfDescent" name="test_bottom_of_descent_complex" time="0.000"></testcase><testcase classname="tests.key_time_instance_test.TestBottomOfDescent" name="test_can_operate" time="0.000"></testcase><testcase classname="tests.key_time_instance_test.TestClimbAccelerationStart" name="test_can_operate" time="0.000"></testcase><testcase classname="tests.key_time_instance_test.TestClimbAccelerationStart" name="test_derive_basic" time="0.001"></testcase><testcase classname="tests.key_time_instance_test.TestClimbAccelerationStart" name="test_derive_eng_np" time="0.002"></testcase><testcase classname="tests.key_time_instance_test.TestClimbAccelerationStart" name="test_derive_eng_np_noise" time="0.004"></testcase><testcase classname="tests.key_time_instance_test.TestClimbAccelerationStart" name="test_derive_engine_propulsion" time="0.001"></testcase><testcase classname="tests.key_time_instance_test.TestClimbAccelerationStart" name="test_derive_spd_analog" time="0.002"></testcase><testcase classname="tests.key_time_instance_test.TestClimbAccelerationStart" name="test_derive_spd_masked" time="0.001"></testcase><testcase classname="tests.key_time_instance_test.TestClimbAccelerationStart" name="test_derive_spd_unchanged" time="0.001"></testcase><testcase classname="tests.key_time_instance_test.TestClimbAccelerationStart" name="test_derive_throttle_levers_fallback" time="0.003"></testcase><testcase classname="tests.key_time_instance_test.TestClimbStart" name="test_can_operate" time="0.001"></testcase><testcase classname="tests.key_time_instance_test.TestClimbStart" name="test_climb_start_basic" time="0.001"></testcase><testcase classname="tests.key_time_instance_test.TestClimbStart" name="test_climb_start_for_helicopter_operation" time="0.002"></testcase><testcase classname="tests.key_time_instance_test.TestClimbStart" name="test_climb_start_slow_climb" time="0.002"></testcase><testcase classname="tests.key_time_instance_test.TestClimbThrustDerateDeselected" name="test_can_operate" time="0.000"></testcase><testcase classname="tests.key_time_instance_test.TestClimbThrustDerateDeselected" name="test_derive_basic" time="0.001"></testcase><testcase classname="tests.key_time_instance_test.TestDistanceFromLandingAirport" name="test_can_operate" time="0.001"></testcase><testcase classname="tests.key_time_instance_test.TestDistanceFromLandingAirport" name="test_derive" time="0.037"></testcase><testcase classname="tests.key_time_instance_test.TestDistanceFromLandingAirport" name="test_first_occurrance" time="0.076"></testcase><testcase classname="tests.key_time_instance_test.TestDistanceFromLandingAirport" name="test_masked" time="0.076"></testcase><testcase classname="tests.key_time_instance_test.TestDistanceFromTakeoffAirport" name="test_can_operate" time="0.001"></testcase><testcase classname="tests.key_time_instance_test.TestDistanceFromTakeoffAirport" name="test_derive" time="0.037"></testcase><testcase classname="tests.key_time_instance_test.TestDistanceFromTakeoffAirport" name="test_first_occurrance" time="0.074"></testcase><testcase classname="tests.key_time_instance_test.TestDistanceFromTakeoffAirport" name="test_masked" time="0.075"></testcase><testcase classname="tests.key_time_instance_test.TestDistanceFromThreshold" name="test_can_operate" time="0.001"></testcase><testcase classname="tests.key_time_instance_test.TestDistanceFromThreshold" name="test_derive" time="0.007"></testcase><testcase classname="tests.key_time_instance_test.TestDistanceFromThreshold" name="test_derive_beyond_array" time="0.007"></testcase><testcase classname="tests.key_time_instance_test.TestDistanceFromThreshold" name="test_derive_close_to_landing" time="0.009"></testcase><testcase classname="tests.key_time_instance_test.TestDistanceToTouchdown" name="test_can_operate" time="0.001"></testcase><testcase classname="tests.key_time_instance_test.TestDistanceToTouchdown" name="test_derive" time="0.002"></testcase><testcase classname="tests.key_time_instance_test.TestDistanceToTouchdown" name="test_derive__multiple_touchdowns" time="0.003"></testcase><testcase classname="tests.key_time_instance_test.TestEngFireExtinguisher" name="test_basic" time="0.001"></testcase><testcase classname="tests.key_time_instance_test.TestEngFireExtinguisher" name="test_both" time="0.001"></testcase><testcase classname="tests.key_time_instance_test.TestEngFireExtinguisher" name="test_either" time="0.001"></testcase><testcase classname="tests.key_time_instance_test.TestEngFireExtinguisher" name="test_none" time="0.000"></testcase><testcase classname="tests.key_time_instance_test.TestEngStart" name="test_N1_only" time="0.001"></testcase><testcase classname="tests.key_time_instance_test.TestEngStart" name="test_basic" time="0.001"></testcase><testcase classname="tests.key_time_instance_test.TestEngStart" name="test_can_operate" time="13.676"></testcase><testcase classname="tests.key_time_instance_test.TestEngStart" name="test_prefer_N2" time="0.001"></testcase><testcase classname="tests.key_time_instance_test.TestEngStart" name="test_short_dip" time="0.062"></testcase><testcase classname="tests.key_time_instance_test.TestEngStart" name="test_three_spool" time="0.001"></testcase><testcase classname="tests.key_time_instance_test.TestEngStop" name="test_basic" time="0.002"></testcase><testcase classname="tests.key_time_instance_test.TestEngStop" name="test_basic__running_at_end_of_data" time="0.001"></testcase><testcase classname="tests.key_time_instance_test.TestEngStop" name="test_can_operate" time="0.467"></testcase><testcase classname="tests.key_time_instance_test.TestEngStop" name="test_short_dip" time="0.063"></testcase><testcase classname="tests.key_time_instance_test.TestEngStop" name="test_stop_at_end_of_data" time="0.001"></testcase><testcase classname="tests.key_time_instance_test.TestEnterHold" name="test_can_operate" time="0.000"></testcase><testcase classname="tests.key_time_instance_test.TestEnterHold" name="test_derive" time="0.000"></testcase><testcase classname="tests.key_time_instance_test.TestExitHold" name="test_can_operate" time="0.000"></testcase><testcase classname="tests.key_time_instance_test.TestExitHold" name="test_derive" time="0.000"></testcase><testcase classname="tests.key_time_instance_test.TestFirstEngFuelFlowStart" name="test_derive" time="0.000"></testcase><testcase classname="tests.key_time_instance_test.TestFirstEngStartBeforeLiftoff" name="test_can_operate" time="0.001"></testcase><testcase classname="tests.key_time_instance_test.TestFirstEngStartBeforeLiftoff" name="test_derive_basic" time="0.000"></testcase><testcase classname="tests.key_time_instance_test.TestFirstFlapExtensionWhileAirborne" name="test_can_operate" time="0.001"></testcase><testcase classname="tests.key_time_instance_test.TestFirstFlapExtensionWhileAirborne" name="test_corrupt_flap_signal" time="0.001"></testcase><testcase classname="tests.key_time_instance_test.TestFirstFlapExtensionWhileAirborne" name="test_derive" time="0.002"></testcase><testcase classname="tests.key_time_instance_test.TestFlapAlternateArmed" name="test_can_operate" time="0.000"></testcase><testcase classname="tests.key_time_instance_test.TestFlapAlternateArmed" name="test_derive" time="0.001"></testcase><testcase classname="tests.key_time_instance_test.TestFlapExtensionWhileAirborne" name="test_can_operate" time="0.001"></testcase><testcase classname="tests.key_time_instance_test.TestFlapExtensionWhileAirborne" name="test_derive" time="0.002"></testcase><testcase classname="tests.key_time_instance_test.TestFlapLeverSet" name="test_can_operate" time="0.001"></testcase><testcase classname="tests.key_time_instance_test.TestFlapLeverSet" name="test_derive_basic" time="0.008"></testcase><testcase classname="tests.key_time_instance_test.TestFlapLoadReliefSet" name="test_can_operate" time="0.000"></testcase><testcase classname="tests.key_time_instance_test.TestFlapLoadReliefSet" name="test_derive" time="0.001"></testcase><testcase classname="tests.key_time_instance_test.TestFlapRetractionDuringGoAround" name="test_can_operate" time="0.001"></testcase><testcase classname="tests.key_time_instance_test.TestFlapRetractionDuringGoAround" name="test_derive" time="0.002"></testcase><testcase classname="tests.key_time_instance_test.TestFlapRetractionWhileAirborne" name="test_can_operate" time="0.001"></testcase><testcase classname="tests.key_time_instance_test.TestFlapRetractionWhileAirborne" name="test_derive" time="0.002"></testcase><testcase classname="tests.key_time_instance_test.TestGearDownSelection" name="test_can_operate" time="0.001"></testcase><testcase classname="tests.key_time_instance_test.TestGearDownSelection" name="test_derive" time="0.001"></testcase><testcase classname="tests.key_time_instance_test.TestGearUpSelection" name="test_airborne_start_index" time="0.008"></testcase><testcase classname="tests.key_time_instance_test.TestGearUpSelection" name="test_can_operate" time="0.001"></testcase><testcase classname="tests.key_time_instance_test.TestGearUpSelection" name="test_during_go_around" time="0.002"></testcase><testcase classname="tests.key_time_instance_test.TestGearUpSelection" name="test_low_hz" time="0.104"></testcase><testcase classname="tests.key_time_instance_test.TestGearUpSelection" name="test_normal_operation" time="0.001"></testcase><testcase classname="tests.key_time_instance_test.TestGearUpSelectionDuringGoAround" name="test_can_operate" time="0.001"></testcase><testcase classname="tests.key_time_instance_test.TestGearUpSelectionDuringGoAround" name="test_during_go_around" time="0.001"></testcase><testcase classname="tests.key_time_instance_test.TestGearUpSelectionDuringGoAround" name="test_normal_operation" time="0.001"></testcase><testcase classname="tests.key_time_instance_test.TestGoAround" name="test_can_operate" time="0.000"></testcase><testcase classname="tests.key_time_instance_test.TestGoAround" name="test_go_around_basic" time="0.000"></testcase><testcase classname="tests.key_time_instance_test.TestGoAround" name="test_go_around_no_rad_alt" time="0.000"></testcase><testcase classname="tests.key_time_instance_test.TestGoAround" name="test_go_around_with_rad_alt" time="0.001"></testcase><testcase classname="tests.key_time_instance_test.TestGoAround" name="test_multiple_go_arounds" time="0.000"></testcase><testcase classname="tests.key_time_instance_test.TestInitialClimbStart" name="test_can_operate" time="0.000"></testcase><testcase classname="tests.key_time_instance_test.TestInitialClimbStart" name="test_initial_climb_start_basic" time="0.000"></testcase><testcase classname="tests.key_time_instance_test.TestLandingDecelerationEnd" name="test_can_operate" time="0.000"></testcase><testcase classname="tests.key_time_instance_test.TestLandingDecelerationEnd" name="test_landing_end_deceleration" time="0.001"></testcase><testcase classname="tests.key_time_instance_test.TestLandingStart" name="test_can_operate" time="0.000"></testcase><testcase classname="tests.key_time_instance_test.TestLandingStart" name="test_initial_landing_start_basic" time="0.000"></testcase><testcase classname="tests.key_time_instance_test.TestLandingTurnOffRunway" name="test_can_operate" time="0.000"></testcase><testcase classname="tests.key_time_instance_test.TestLandingTurnOffRunway" name="test_landing_turn_off_runway_basic" time="0.000"></testcase><testcase classname="tests.key_time_instance_test.TestLastEngFuelFlowStop" name="test_derive" time="0.000"></testcase><testcase classname="tests.key_time_instance_test.TestLastEngStartBeforeLiftoff" name="test_can_operate" time="0.001"></testcase><testcase classname="tests.key_time_instance_test.TestLastEngStartBeforeLiftoff" name="test_derive" time="0.000"></testcase><testcase classname="tests.key_time_instance_test.TestLastEngStopAfterTouchdown" name="test_can_operate" time="0.001"></testcase><testcase classname="tests.key_time_instance_test.TestLastEngStopAfterTouchdown" name="test_derive_basic" time="0.000"></testcase><testcase classname="tests.key_time_instance_test.TestLiftoff" name="test_can_operate" time="0.000"></testcase><testcase classname="tests.key_time_instance_test.TestLiftoff" name="test_liftoff_already_airborne" time="0.000"></testcase><testcase classname="tests.key_time_instance_test.TestLiftoff" name="test_liftoff_basic" time="0.001"></testcase><testcase classname="tests.key_time_instance_test.TestLiftoff" name="test_liftoff_no_vert_spd_detected" time="0.001"></testcase><testcase classname="tests.key_time_instance_test.TestLocalizerEstablishedEnd" name="test_can_operate" time="0.000"></testcase><testcase classname="tests.key_time_instance_test.TestLocalizerEstablishedEnd" name="test_derive" time="0.000"></testcase><testcase classname="tests.key_time_instance_test.TestLocalizerEstablishedStart" name="test_can_operate" time="0.000"></testcase><testcase classname="tests.key_time_instance_test.TestLocalizerEstablishedStart" name="test_derive" time="0.000"></testcase><testcase classname="tests.key_time_instance_test.TestLowestAltitudeDuringApproach" name="test_can_operate" time="0.001"></testcase><testcase classname="tests.key_time_instance_test.TestLowestAltitudeDuringApproach" name="test_derive" time="0.001"></testcase><testcase classname="tests.key_time_instance_test.TestMinsToTouchdown" name="test_can_operate" time="0.000"></testcase><testcase classname="tests.key_time_instance_test.TestMinsToTouchdown" name="test_derive" time="0.000"></testcase><testcase classname="tests.key_time_instance_test.TestMinsToTouchdown" name="test_overlap" time="0.000"></testcase><testcase classname="tests.key_time_instance_test.TestMovementStart" name="test_can_operate" time="0.000"></testcase><testcase classname="tests.key_time_instance_test.TestMovementStart" name="test_derive" time="0.000"></testcase><testcase classname="tests.key_time_instance_test.TestMovementStop" name="test_can_operate" time="0.000"></testcase><testcase classname="tests.key_time_instance_test.TestMovementStop" name="test_derive" time="0.000"></testcase><testcase classname="tests.key_time_instance_test.TestOffBlocks" name="test_basic" time="0.000"></testcase><testcase classname="tests.key_time_instance_test.TestOffBlocks" name="test_can_operate" time="0.000"></testcase><testcase classname="tests.key_time_instance_test.TestOffBlocks" name="test_none_start" time="0.000"></testcase><testcase classname="tests.key_time_instance_test.TestOffshoreTouchdown" name="test_can_operate" time="0.000"></testcase><testcase classname="tests.key_time_instance_test.TestOffshoreTouchdown" name="test_derived" time="0.001"></testcase><testcase classname="tests.key_time_instance_test.TestOnBlocks" name="test_basic" time="0.000"></testcase><testcase classname="tests.key_time_instance_test.TestOnBlocks" name="test_can_operate" time="0.000"></testcase><testcase classname="tests.key_time_instance_test.TestOnshoreTouchdown" name="test_can_operate" time="0.000"></testcase><testcase classname="tests.key_time_instance_test.TestOnshoreTouchdown" name="test_derived" time="0.000"></testcase><testcase classname="tests.key_time_instance_test.TestSecsToTouchdown" name="test_can_operate" time="0.000"></testcase><testcase classname="tests.key_time_instance_test.TestSecsToTouchdown" name="test_derive" time="0.000"></testcase><testcase classname="tests.key_time_instance_test.TestSecsToTouchdown" name="test_overlap" time="0.000"></testcase><testcase classname="tests.key_time_instance_test.TestSlatAlternateArmedSet" name="test_can_operate" time="0.000"></testcase><testcase classname="tests.key_time_instance_test.TestSlatAlternateArmedSet" name="test_derive" time="0.001"></testcase><testcase classname="tests.key_time_instance_test.TestTAWSGlideslopeCancelPressed" name="test_basic" time="0.001"></testcase><testcase classname="tests.key_time_instance_test.TestTAWSMinimumsTriggered" name="test_basic" time="0.001"></testcase><testcase classname="tests.key_time_instance_test.TestTAWSTerrainOverridePressed" name="test_basic" time="0.001"></testcase><testcase classname="tests.key_time_instance_test.TestTakeoffAccelerationStart" name="test_can_operate" time="0.000"></testcase><testcase classname="tests.key_time_instance_test.TestTakeoffAccelerationStart" name="test_takeoff_acceleration_start" time="0.001"></testcase><testcase classname="tests.key_time_instance_test.TestTakeoffAccelerationStart" name="test_takeoff_acceleration_start_truncated" time="0.001"></testcase><testcase classname="tests.key_time_instance_test.TestTakeoffPeakAcceleration" name="test_can_operate" time="0.000"></testcase><testcase classname="tests.key_time_instance_test.TestTakeoffPeakAcceleration" name="test_takeoff_peak_acceleration_basic" time="0.000"></testcase><testcase classname="tests.key_time_instance_test.TestTakeoffTurnOntoRunway" name="test_can_operate" time="0.001"></testcase><testcase classname="tests.key_time_instance_test.TestTakeoffTurnOntoRunway" name="test_takeoff_turn_onto_runway_basic" time="0.000"></testcase><testcase classname="tests.key_time_instance_test.TestTakeoffTurnOntoRunway" name="test_takeoff_turn_onto_runway_curved" time="0.001"></testcase><testcase classname="tests.key_time_instance_test.TestTopOfClimb" name="test_can_operate" time="0.000"></testcase><testcase classname="tests.key_time_instance_test.TestTopOfClimb" name="test_top_of_climb_basic" time="0.001"></testcase><testcase classname="tests.key_time_instance_test.TestTopOfClimb" name="test_top_of_climb_truncated_end" time="0.001"></testcase><testcase classname="tests.key_time_instance_test.TestTopOfClimb" name="test_top_of_climb_truncated_start" time="0.001"></testcase><testcase classname="tests.key_time_instance_test.TestTopOfDescent" name="test_can_operate" time="0.000"></testcase><testcase classname="tests.key_time_instance_test.TestTopOfDescent" name="test_top_of_descent_basic" time="0.001"></testcase><testcase classname="tests.key_time_instance_test.TestTopOfDescent" name="test_top_of_descent_truncated_end" time="0.000"></testcase><testcase classname="tests.key_time_instance_test.TestTopOfDescent" name="test_top_of_descent_truncated_start" time="0.001"></testcase><testcase classname="tests.key_time_instance_test.TestTouchAndGo" name="test_can_operate" time="0.000"></testcase><testcase classname="tests.key_time_instance_test.TestTouchAndGo" name="test_derive_multiple_go_around_and_climbout" time="0.000"></testcase><testcase classname="tests.key_time_instance_test.TestTouchAndGo" name="test_derive_one_go_around_and_climbout" time="0.000"></testcase><testcase classname="tests.key_time_instance_test.TestTouchdown" name="test_can_operate" time="0.005"></testcase><testcase classname="tests.key_time_instance_test.TestTouchdown" name="test_touchdown_using_alt" time="0.006"></testcase><testcase classname="tests.key_time_instance_test.TestTouchdown" name="test_touchdown_with_minimum_requirements" time="0.001"></testcase><testcase classname="tests.key_time_instance_test.TestTransmit" name="test_can_operate" time="0.000"></testcase><testcase classname="tests.key_time_instance_test.TestTransmit" name="test_derive" time="0.001"></testcase><testcase classname="tests.library_test.TestAirDensity" name="test_01" time="0.000"></testcase><testcase classname="tests.library_test.TestAirDensity" name="test_02" time="0.000"></testcase><testcase classname="tests.library_test.TestAirDensity" name="test_03" time="0.000"></testcase><testcase classname="tests.library_test.TestAirTrack" name="test_air_track_arrays_too_short" time="0.000"></testcase><testcase classname="tests.library_test.TestAirTrack" name="test_air_track_basic" time="0.006"></testcase><testcase classname="tests.library_test.TestAirTrack" name="test_air_track_masked_end" time="0.014"></testcase><testcase classname="tests.library_test.TestAlign" name="test_align_10hz" time="0.001"></testcase><testcase classname="tests.library_test.TestAlign" name="test_align_10hz_reverse" time="0.002"></testcase><testcase classname="tests.library_test.TestAlign" name="test_align_15hz" time="0.001"></testcase><testcase classname="tests.library_test.TestAlign" name="test_align_15hz_reverse" time="0.003"></testcase><testcase classname="tests.library_test.TestAlign" name="test_align_20hz" time="0.001"></testcase><testcase classname="tests.library_test.TestAlign" name="test_align_20hz_reverse" time="0.003"></testcase><testcase classname="tests.library_test.TestAlign" name="test_align_5_10_20_offset_master" time="0.000"></testcase><testcase classname="tests.library_test.TestAlign" name="test_align_5_10_20_offset_slave" time="0.000"></testcase><testcase classname="tests.library_test.TestAlign" name="test_align_5hz" time="0.001"></testcase><testcase classname="tests.library_test.TestAlign" name="test_align_5hz_reverse" time="0.001"></testcase><testcase classname="tests.library_test.TestAlign" name="test_align_8_hz_half_hz" time="0.004"></testcase><testcase classname="tests.library_test.TestAlign" name="test_align_across_frame_decreasing" time="0.001"></testcase><testcase classname="tests.library_test.TestAlign" name="test_align_across_frame_increasing" time="0.005"></testcase><testcase classname="tests.library_test.TestAlign" name="test_align_atr_problem_corrected" time="0.002"></testcase><testcase classname="tests.library_test.TestAlign" name="test_align_atr_problem_replicated" time="0.002"></testcase><testcase classname="tests.library_test.TestAlign" name="test_align_basic" time="0.001"></testcase><testcase classname="tests.library_test.TestAlign" name="test_align_decreasing_hz_delayed" time="0.001"></testcase><testcase classname="tests.library_test.TestAlign" name="test_align_decreasing_hz_delayed_big_delay_in_master" time="0.001"></testcase><testcase classname="tests.library_test.TestAlign" name="test_align_decreasing_hz_delayed_excessive_delay_in_master" time="0.000"></testcase><testcase classname="tests.library_test.TestAlign" name="test_align_discrete" time="0.001"></testcase><testcase classname="tests.library_test.TestAlign" name="test_align_downsample_same_offset" time="0.001"></testcase><testcase classname="tests.library_test.TestAlign" name="test_align_fully_masked_array" time="0.002"></testcase><testcase classname="tests.library_test.TestAlign" name="test_align_increasing_hz_advanced" time="0.002"></testcase><testcase classname="tests.library_test.TestAlign" name="test_align_increasing_hz_delayed" time="0.001"></testcase><testcase classname="tests.library_test.TestAlign" name="test_align_increasing_hz_extreme" time="0.002"></testcase><testcase classname="tests.library_test.TestAlign" name="test_align_mask_propogation" time="0.002"></testcase><testcase classname="tests.library_test.TestAlign" name="test_align_mask_propogation_same_offsets" time="0.001"></testcase><testcase classname="tests.library_test.TestAlign" name="test_align_multi_state" time="0.001"></testcase><testcase classname="tests.library_test.TestAlign" name="test_align_multi_state_10_15" time="0.003"></testcase><testcase classname="tests.library_test.TestAlign" name="test_align_multi_state_15_25" time="0.004"></testcase><testcase classname="tests.library_test.TestAlign" name="test_align_multi_state_25_15" time="0.003"></testcase><testcase classname="tests.library_test.TestAlign" name="test_align_multi_state_5_10" time="0.002"></testcase><testcase classname="tests.library_test.TestAlign" name="test_align_multi_state__float" time="0.001"></testcase><testcase classname="tests.library_test.TestAlign" name="test_align_parameters_without_interpolation" time="0.001"></testcase><testcase classname="tests.library_test.TestAlign" name="test_align_returns_same_array_if_aligned" time="0.000"></testcase><testcase classname="tests.library_test.TestAlign" name="test_align_same_hz_advanced" time="0.001"></testcase><testcase classname="tests.library_test.TestAlign" name="test_align_same_hz_delayed" time="0.001"></testcase><testcase classname="tests.library_test.TestAlign" name="test_align_section_param" time="0.002"></testcase><testcase classname="tests.library_test.TestAlign" name="test_align_superframe_master" time="0.001"></testcase><testcase classname="tests.library_test.TestAlign" name="test_align_superframe_slave" time="0.003"></testcase><testcase classname="tests.library_test.TestAlign" name="test_align_superframe_slave_extreme" time="0.073"></testcase><testcase classname="tests.library_test.TestAlign" name="test_align_superframe_to_onehz_multistate" time="0.011"></testcase><testcase classname="tests.library_test.TestAlign" name="test_align_superframes_both" time="0.001"></testcase><testcase classname="tests.library_test.TestAlign" name="test_align_value_error_raised" time="0.000"></testcase><testcase classname="tests.library_test.TestAlignSlice" name="test_align_slice" time="0.001"></testcase><testcase classname="tests.library_test.TestAlignSlices" name="test_align_slices" time="0.000"></testcase><testcase classname="tests.library_test.TestAlignSlices" name="test_align_slices_unchanged" time="0.000"></testcase><testcase classname="tests.library_test.TestAlignStringArrays" name="test_align_multi_state_5_10" time="0.004"></testcase><testcase classname="tests.library_test.TestAlignStringArrays" name="test_offset" time="0.002"></testcase><testcase classname="tests.library_test.TestAllOf" name="test_all_of" time="0.000"></testcase><testcase classname="tests.library_test.TestAlt2Press" name="test_01" time="0.001"></testcase><testcase classname="tests.library_test.TestAlt2Press" name="test_02" time="0.000"></testcase><testcase classname="tests.library_test.TestAlt2Press" name="test_03" time="0.000"></testcase><testcase classname="tests.library_test.TestAlt2Press" name="test_04" time="0.000"></testcase><testcase classname="tests.library_test.TestAlt2PressRatio" name="test_01" time="0.000"></testcase><testcase classname="tests.library_test.TestAlt2PressRatio" name="test_02" time="0.000"></testcase><testcase classname="tests.library_test.TestAlt2PressRatio" name="test_03" time="0.000"></testcase><testcase classname="tests.library_test.TestAlt2PressRatio" name="test_04" time="0.000"></testcase><testcase classname="tests.library_test.TestAlt2Sat" name="test_alt2sat" time="0.001"></testcase><testcase classname="tests.library_test.TestAltDev2Alt" name="test_off_ISA" time="0.001"></testcase><testcase classname="tests.library_test.TestAltDev2Alt" name="test_on_ISA" time="0.001"></testcase><testcase classname="tests.library_test.TestAmbiguousRunway" name="test_invalid_no_runway_A" time="0.000"></testcase><testcase classname="tests.library_test.TestAmbiguousRunway" name="test_invalid_no_runway_B" time="0.000"></testcase><testcase classname="tests.library_test.TestAmbiguousRunway" name="test_invalid_no_runway_C" time="0.000"></testcase><testcase classname="tests.library_test.TestAmbiguousRunway" name="test_invalid_unresolved_runways" time="0.000"></testcase><testcase classname="tests.library_test.TestAmbiguousRunway" name="test_valid" time="0.000"></testcase><testcase classname="tests.library_test.TestAnyOf" name="test_any_of" time="0.000"></testcase><testcase classname="tests.library_test.TestAnyOneOf" name="test_any_one_of" time="0.000"></testcase><testcase classname="tests.library_test.TestAverageValue" name="test_average_value" time="0.000"></testcase><testcase classname="tests.library_test.TestBearingsAndDistances" name="test_bearings_and_back_again" time="0.003"></testcase><testcase classname="tests.library_test.TestBearingsAndDistances" name="test_known_bearing_and_distance" time="0.002"></testcase><testcase classname="tests.library_test.TestBearingsAndDistances" name="test_known_bearings" time="0.002"></testcase><testcase classname="tests.library_test.TestBearingsAndDistances" name="test_mask" time="0.002"></testcase><testcase classname="tests.library_test.TestBearingsAndDistances" name="test_ordinal_bearings" time="0.002"></testcase><testcase classname="tests.library_test.TestBearingsAndDistances" name="test_quarter_bearings" time="0.002"></testcase><testcase classname="tests.library_test.TestBlendEquispacedSensors" name="test_blend_alternate_sensors_basic" time="0.001"></testcase><testcase classname="tests.library_test.TestBlendEquispacedSensors" name="test_blend_alternate_sensors_masked" time="0.001"></testcase><testcase classname="tests.library_test.TestBlendNonequispacedSensors" name="test_blend_alternate_sensors_basic" time="0.001"></testcase><testcase classname="tests.library_test.TestBlendNonequispacedSensors" name="test_blend_alternate_sensors_both_mask" time="0.001"></testcase><testcase classname="tests.library_test.TestBlendNonequispacedSensors" name="test_blend_alternate_sensors_one_mask" time="0.001"></testcase><testcase classname="tests.library_test.TestBlendNonequispacedSensors" name="test_blend_alternate_sensors_reverse" time="0.001"></testcase><testcase classname="tests.library_test.TestBlendParameters" name="test_blend_cubic_complex_example" time="0.022"></testcase><testcase classname="tests.library_test.TestBlendParameters" name="test_blend_cubic_two_parameters_lower_op_freq" time="0.002"></testcase><testcase classname="tests.library_test.TestBlendParameters" name="test_blend_cubic_two_parameters_offset_order_back_low_freq" time="0.003"></testcase><testcase classname="tests.library_test.TestBlendParameters" name="test_blend_cubic_two_parameters_offset_p2_before_p1_unequal_spacing" time="0.002"></testcase><testcase classname="tests.library_test.TestBlendParameters" name="test_blend_cubic_two_parameters_p2_before_p1_equal_spacing" time="0.002"></testcase><testcase classname="tests.library_test.TestBlendParameters" name="test_blend_cubic_two_parameters_param_one_rubbish" time="0.002"></testcase><testcase classname="tests.library_test.TestBlendParameters" name="test_blend_linear_check_weighting" time="0.001"></testcase><testcase classname="tests.library_test.TestBlendParameters" name="test_blend_linear_params_complex_example" time="0.004"></testcase><testcase classname="tests.library_test.TestBlendParameters" name="test_blend_linear_two_parameters_lower_op_freq" time="0.001"></testcase><testcase classname="tests.library_test.TestBlendParameters" name="test_blend_linear_two_parameters_offset_order_back_low_freq" time="0.002"></testcase><testcase classname="tests.library_test.TestBlendParameters" name="test_blend_linear_two_parameters_offset_p2_before_p1_unequal_spacing" time="0.001"></testcase><testcase classname="tests.library_test.TestBlendParameters" name="test_blend_linear_two_parameters_p2_before_p1_equal_spacing" time="0.001"></testcase><testcase classname="tests.library_test.TestBlendParameters" name="test_blend_linear_two_parameters_param_one_rubbish" time="0.001"></testcase><testcase classname="tests.library_test.TestBlendParameters" name="test_blend_parameters_errors" time="0.001"></testcase><testcase classname="tests.library_test.TestBlendParameters" name="test_blend_parameters_outside_tolerance" time="0.004"></testcase><testcase classname="tests.library_test.TestBlendParameters" name="test_cubic_validities" time="0.010"></testcase><testcase classname="tests.library_test.TestBlendParametersWeighting" name="test_weighting" time="0.001"></testcase><testcase classname="tests.library_test.TestBlendParametersWeighting" name="test_weighting_decreased_freq" time="0.001"></testcase><testcase classname="tests.library_test.TestBlendParametersWeighting" name="test_weighting_decreased_freq_odd_samples" time="0.001"></testcase><testcase classname="tests.library_test.TestBlendParametersWeighting" name="test_weighting_increased_freq" time="0.001"></testcase><testcase classname="tests.library_test.TestBlendTwoParameters" name="test_blend_two_parameters_array_mismatch_error" time="0.000"></testcase><testcase classname="tests.library_test.TestBlendTwoParameters" name="test_blend_two_parameters_assertion_error" time="0.000"></testcase><testcase classname="tests.library_test.TestBlendTwoParameters" name="test_blend_two_parameters_for_ils_glideslope" time="0.002"></testcase><testcase classname="tests.library_test.TestBlendTwoParameters" name="test_blend_two_parameters_for_ils_localizer" time="0.002"></testcase><testcase classname="tests.library_test.TestBlendTwoParameters" name="test_blend_two_parameters_for_ils_localizer_inverted" time="0.002"></testcase><testcase classname="tests.library_test.TestBlendTwoParameters" name="test_blend_two_parameters_for_ils_localizer_reversed" time="0.002"></testcase><testcase classname="tests.library_test.TestBlendTwoParameters" name="test_blend_two_parameters_ils_raises" time="0.000"></testcase><testcase classname="tests.library_test.TestBlendTwoParameters" name="test_blend_two_parameters_integer_values" time="0.001"></testcase><testcase classname="tests.library_test.TestBlendTwoParameters" name="test_blend_two_parameters_large_offset" time="0.001"></testcase><testcase classname="tests.library_test.TestBlendTwoParameters" name="test_blend_two_parameters_offset_order_back_low_freq" time="0.001"></testcase><testcase classname="tests.library_test.TestBlendTwoParameters" name="test_blend_two_parameters_offset_p2_before_p1_unequal_spacing" time="0.001"></testcase><testcase classname="tests.library_test.TestBlendTwoParameters" name="test_blend_two_parameters_p2_before_p1_equal_spacing" time="0.001"></testcase><testcase classname="tests.library_test.TestBlendTwoParameters" name="test_blend_two_parameters_param_one_rubbish" time="0.001"></testcase><testcase classname="tests.library_test.TestBlendTwoParameters" name="test_blend_two_parameters_param_two_rubbish" time="0.001"></testcase><testcase classname="tests.library_test.TestBlendTwoParameters" name="test_blend_two_parameters_rejecting_no_change_data" time="0.001"></testcase><testcase classname="tests.library_test.TestBump" name="test_bump" time="0.000"></testcase><testcase classname="tests.library_test.TestCalculateSurfaceAngle" name="test_calculate_flap_1" time="0.010"></testcase><testcase classname="tests.library_test.TestCalculateSurfaceAngle" name="test_calculate_flap_10" time="0.005"></testcase><testcase classname="tests.library_test.TestCalculateSurfaceAngle" name="test_calculate_flap_11" time="0.004"></testcase><testcase classname="tests.library_test.TestCalculateSurfaceAngle" name="test_calculate_flap_12" time="0.004"></testcase><testcase classname="tests.library_test.TestCalculateSurfaceAngle" name="test_calculate_flap_13" time="0.005"></testcase><testcase classname="tests.library_test.TestCalculateSurfaceAngle" name="test_calculate_flap_14" time="0.006"></testcase><testcase classname="tests.library_test.TestCalculateSurfaceAngle" name="test_calculate_flap_15" time="0.006"></testcase><testcase classname="tests.library_test.TestCalculateSurfaceAngle" name="test_calculate_flap_16" time="0.005"></testcase><testcase classname="tests.library_test.TestCalculateSurfaceAngle" name="test_calculate_flap_17" time="0.004"></testcase><testcase classname="tests.library_test.TestCalculateSurfaceAngle" name="test_calculate_flap_18" time="0.005"></testcase><testcase classname="tests.library_test.TestCalculateSurfaceAngle" name="test_calculate_flap_19" time="0.005"></testcase><testcase classname="tests.library_test.TestCalculateSurfaceAngle" name="test_calculate_flap_2" time="0.004"></testcase><testcase classname="tests.library_test.TestCalculateSurfaceAngle" name="test_calculate_flap_20" time="0.006"></testcase><testcase classname="tests.library_test.TestCalculateSurfaceAngle" name="test_calculate_flap_21" time="0.026"></testcase><testcase classname="tests.library_test.TestCalculateSurfaceAngle" name="test_calculate_flap_3" time="0.005"></testcase><testcase classname="tests.library_test.TestCalculateSurfaceAngle" name="test_calculate_flap_4" time="0.005"></testcase><testcase classname="tests.library_test.TestCalculateSurfaceAngle" name="test_calculate_flap_5" time="0.004"></testcase><testcase classname="tests.library_test.TestCalculateSurfaceAngle" name="test_calculate_flap_6" time="0.004"></testcase><testcase classname="tests.library_test.TestCalculateSurfaceAngle" name="test_calculate_flap_7" time="0.004"></testcase><testcase classname="tests.library_test.TestCalculateSurfaceAngle" name="test_calculate_flap_8" time="0.004"></testcase><testcase classname="tests.library_test.TestCalculateSurfaceAngle" name="test_calculate_flap_9" time="0.004"></testcase><testcase classname="tests.library_test.TestCalculateSurfaceAngle" name="test_calculate_slat_1" time="0.004"></testcase><testcase classname="tests.library_test.TestCalculateSurfaceAngle" name="test_calculate_slat_2" time="0.004"></testcase><testcase classname="tests.library_test.TestCalculateSurfaceAngle" name="test_calculate_slat_3" time="0.004"></testcase><testcase classname="tests.library_test.TestCalculateSurfaceAngle" name="test_calculate_slat_4" time="0.004"></testcase><testcase classname="tests.library_test.TestCalculateSurfaceAngle" name="test_calculate_slat_5" time="0.004"></testcase><testcase classname="tests.library_test.TestCalculateTimebase" name="test_calculate_timebase" time="0.000"></testcase><testcase classname="tests.library_test.TestCalculateTimebase" name="test_calculate_timebase_future_year" time="0.000"><skipped type="unittest.case.SkipTest" message="Validation of year moved outside of calculate_timebase - invalid test?"><![CDATA[Exception: Validation of year moved outside of calculate_timebase - invalid test?
]]></skipped></testcase><testcase classname="tests.library_test.TestCalculateTimebase" name="test_calculate_timebase_zero_year" time="0.000"></testcase><testcase classname="tests.library_test.TestCalculateTimebase" name="test_no_change_in_dt_picks_it_as_start" time="0.001"></testcase><testcase classname="tests.library_test.TestCalculateTimebase" name="test_no_valid_datetimes_raises_valueerror" time="0.000"></testcase><testcase classname="tests.library_test.TestCalculateTimebase" name="test_real_data_params_2_digit_year" time="0.006"></testcase><testcase classname="tests.library_test.TestCalculateTimebase" name="test_real_data_params_no_year" time="0.003"></testcase><testcase classname="tests.library_test.TestCalculateTimebase" name="test_uneven_length_arrays" time="0.000"></testcase><testcase classname="tests.library_test.TestCalculateTimebase" name="test_using_offset_for_seconds" time="0.000"><skipped type="unittest.case.SkipTest" message="Implement if this is a requirement, currently all parameters are aligned before this is being used."><![CDATA[Exception: Implement if this is a requirement, currently all parameters are aligned before this is being used.
]]></skipped></testcase><testcase classname="tests.library_test.TestCas2Dp" name="test_08" time="0.000"></testcase><testcase classname="tests.library_test.TestCas2Dp" name="test_08a" time="0.000"></testcase><testcase classname="tests.library_test.TestCas2Dp" name="test_16" time="0.000"></testcase><testcase classname="tests.library_test.TestCas2Dp" name="test_17" time="0.000"></testcase><testcase classname="tests.library_test.TestCasAlt2Mach" name="test_cas_alt2mach" time="0.002"></testcase><testcase classname="tests.library_test.TestClosestUnmaskedValue" name="test_closest_unmasked_index_relative_to_start" time="0.000"></testcase><testcase classname="tests.library_test.TestClosestUnmaskedValue" name="test_closest_unmasked_value" time="0.000"></testcase><testcase classname="tests.library_test.TestClosestUnmaskedValue" name="test_closest_unmasked_value_negative_index" time="0.000"></testcase><testcase classname="tests.library_test.TestClumpMultistate" name="test_basic" time="0.001"></testcase><testcase classname="tests.library_test.TestClumpMultistate" name="test_complex" time="0.001"></testcase><testcase classname="tests.library_test.TestClumpMultistate" name="test_multiple_slices" time="0.001"></testcase><testcase classname="tests.library_test.TestClumpMultistate" name="test_null" time="0.000"></testcase><testcase classname="tests.library_test.TestClumpMultistate" name="test_null_slice" time="0.000"></testcase><testcase classname="tests.library_test.TestClumpMultistate" name="test_slice_not_at_start" time="0.001"></testcase><testcase classname="tests.library_test.TestCoReg" name="test_correlation_basic" time="0.001"></testcase><testcase classname="tests.library_test.TestCoReg" name="test_correlation_constant_arrays" time="0.001"></testcase><testcase classname="tests.library_test.TestCoReg" name="test_correlation_constant_arrays_when_masked" time="0.001"></testcase><testcase classname="tests.library_test.TestCoReg" name="test_correlation_forced_zero" time="0.001"></testcase><testcase classname="tests.library_test.TestCoReg" name="test_correlation_masked" time="0.001"></testcase><testcase classname="tests.library_test.TestCoReg" name="test_correlation_monotonic_independent_variable" time="0.001"></testcase><testcase classname="tests.library_test.TestCoReg" name="test_correlation_negative_slope" time="0.001"></testcase><testcase classname="tests.library_test.TestCoReg" name="test_correlation_only_return" time="0.001"></testcase><testcase classname="tests.library_test.TestCoReg" name="test_correlation_raises_error_unequal" time="0.000"></testcase><testcase classname="tests.library_test.TestCompressIterRepr" name="test_compress_iter_repr" time="0.000"></testcase><testcase classname="tests.library_test.TestConvertTwoDigitToFourDigitYear" name="test_convert_two_digit_to_four_digit_year" time="0.000"></testcase><testcase classname="tests.library_test.TestCreatePhaseInside" name="test_phase_inside_basic" time="0.001"></testcase><testcase classname="tests.library_test.TestCreatePhaseInside" name="test_phase_inside_low_rate" time="0.001"></testcase><testcase classname="tests.library_test.TestCreatePhaseInside" name="test_phase_inside_negative_offset" time="0.001"></testcase><testcase classname="tests.library_test.TestCreatePhaseInside" name="test_phase_inside_positive_offset" time="0.001"></testcase><testcase classname="tests.library_test.TestCreatePhaseInside" name="test_phase_inside_reversed" time="0.001"></testcase><testcase classname="tests.library_test.TestCreatePhaseOutside" name="test_phase_inside_errors" time="0.000"></testcase><testcase classname="tests.library_test.TestCreatePhaseOutside" name="test_phase_outside_low_rate" time="0.001"></testcase><testcase classname="tests.library_test.TestCycleCounter" name="test_cycle_counter" time="0.001"></testcase><testcase classname="tests.library_test.TestCycleCounter" name="test_cycle_counter_empty" time="0.001"></testcase><testcase classname="tests.library_test.TestCycleCounter" name="test_cycle_counter_too_slow" time="0.001"></testcase><testcase classname="tests.library_test.TestCycleCounter" name="test_cycle_counter_with_offset" time="0.001"></testcase><testcase classname="tests.library_test.TestCycleFinder" name="test_cycle_finder_basic" time="0.001"></testcase><testcase classname="tests.library_test.TestCycleFinder" name="test_cycle_finder_default" time="0.001"></testcase><testcase classname="tests.library_test.TestCycleFinder" name="test_cycle_finder_ramp" time="0.001"></testcase><testcase classname="tests.library_test.TestCycleFinder" name="test_cycle_finder_removals" time="0.001"></testcase><testcase classname="tests.library_test.TestCycleFinder" name="test_cycle_finder_single_peak" time="0.001"></testcase><testcase classname="tests.library_test.TestCycleFinder" name="test_cycle_finder_single_trough" time="0.001"></testcase><testcase classname="tests.library_test.TestCycleMatch" name="test_find_a_match" time="0.000"></testcase><testcase classname="tests.library_test.TestCycleMatch" name="test_replicating_problem_case" time="0.000"></testcase><testcase classname="tests.library_test.TestCycleSelect" name="test_cycle_select" time="0.001"></testcase><testcase classname="tests.library_test.TestCycleSelect" name="test_cycle_select_empty" time="0.000"></testcase><testcase classname="tests.library_test.TestCycleSelect" name="test_cycle_select_negative_change" time="0.001"></testcase><testcase classname="tests.library_test.TestCycleSelect" name="test_cycle_select_too_slow" time="0.001"></testcase><testcase classname="tests.library_test.TestCycleSelect" name="test_cycle_select_with_offset" time="0.001"></testcase><testcase classname="tests.library_test.TestCycleSelect" name="test_full_cycle_identified" time="0.001"></testcase><testcase classname="tests.library_test.TestCycleSelect" name="test_incomplete_cycle_rejected" time="0.001"></testcase><testcase classname="tests.library_test.TestDatetimeOfIndex" name="test_index_of_datetime" time="0.000"></testcase><testcase classname="tests.library_test.TestDelay" name="test_basic" time="0.001"></testcase><testcase classname="tests.library_test.TestDelay" name="test_excessive" time="0.001"></testcase><testcase classname="tests.library_test.TestDelay" name="test_no_delay" time="0.000"></testcase><testcase classname="tests.library_test.TestDp2Cas" name="test_dp2cas" time="0.001"></testcase><testcase classname="tests.library_test.TestDp2Tas" name="test_dp2tas_1" time="0.001"></testcase><testcase classname="tests.library_test.TestDp2Tas" name="test_dp2tas_2" time="0.001"></testcase><testcase classname="tests.library_test.TestDp2Tas" name="test_dp2tas_3" time="0.001"></testcase><testcase classname="tests.library_test.TestDp2Tas" name="test_dp2tas_4" time="0.001"></testcase><testcase classname="tests.library_test.TestDp2Tas" name="test_dp2tas_5" time="0.001"></testcase><testcase classname="tests.library_test.TestDpOverP2mach" name="test_dp_over_p2mach" time="0.001"></testcase><testcase classname="tests.library_test.TestDpOverP2mach" name="test_dp_over_p2mach_masked_dp_over_p" time="0.001"></testcase><testcase classname="tests.library_test.TestExcludingTransition" name="test_excluding_transition_1" time="0.003"></testcase><testcase classname="tests.library_test.TestExcludingTransition" name="test_excluding_transition_2" time="0.004"></testcase><testcase classname="tests.library_test.TestFillMaskedEdges" name="test_fill_masked_edges" time="0.000"></testcase><testcase classname="tests.library_test.TestFilterSlicesDuration" name="test_filter_slices_duration" time="0.000"></testcase><testcase classname="tests.library_test.TestFilterSlicesLength" name="test_filter_slices_length" time="0.000"></testcase><testcase classname="tests.library_test.TestFilterVorIlsFrequencies" name="test_high_end_ils" time="0.001"></testcase><testcase classname="tests.library_test.TestFilterVorIlsFrequencies" name="test_high_end_vor" time="0.001"></testcase><testcase classname="tests.library_test.TestFilterVorIlsFrequencies" name="test_low_end_ils" time="0.001"></testcase><testcase classname="tests.library_test.TestFilterVorIlsFrequencies" name="test_low_end_vor" time="0.001"></testcase><testcase classname="tests.library_test.TestFilterVorIlsFrequencies" name="test_mask_propogation" time="0.001"></testcase><testcase classname="tests.library_test.TestFilterVorIlsFrequencies" name="test_real_value" time="0.001"></testcase><testcase classname="tests.library_test.TestFilterVorIlsFrequencies" name="test_unknown_navaid" time="0.001"></testcase><testcase classname="tests.library_test.TestFindEdges" name="test_find_edges_all" time="0.000"></testcase><testcase classname="tests.library_test.TestFindEdges" name="test_find_edges_basic" time="0.001"></testcase><testcase classname="tests.library_test.TestFindEdges" name="test_find_edges_default_direction" time="0.001"></testcase><testcase classname="tests.library_test.TestFindEdges" name="test_find_edges_falling" time="0.001"></testcase><testcase classname="tests.library_test.TestFindEdges" name="test_find_edges_masked_edge" time="0.001"></testcase><testcase classname="tests.library_test.TestFindEdges" name="test_find_edges_slice" time="0.001"></testcase><testcase classname="tests.library_test.TestFindEdges" name="test_find_edges_too_small_slice" time="0.000"></testcase><testcase classname="tests.library_test.TestFindEdgesOnStateChange" name="test_basic" time="0.001"></testcase><testcase classname="tests.library_test.TestFindEdgesOnStateChange" name="test_entering_and_leaving" time="0.001"></testcase><testcase classname="tests.library_test.TestFindEdgesOnStateChange" name="test_leaving" time="0.001"></testcase><testcase classname="tests.library_test.TestFindEdgesOnStateChange" name="test_min_samples" time="0.002"></testcase><testcase classname="tests.library_test.TestFindEdgesOnStateChange" name="test_misunderstood_edge" time="0.001"></testcase><testcase classname="tests.library_test.TestFindEdgesOnStateChange" name="test_misunderstood_state" time="0.000"></testcase><testcase classname="tests.library_test.TestFindEdgesOnStateChange" name="test_no_state_change" time="0.001"></testcase><testcase classname="tests.library_test.TestFindEdgesOnStateChange" name="test_phases" time="0.002"></testcase><testcase classname="tests.library_test.TestFindLowAlts" name="test_find_low_alts_1" time="0.318"></testcase><testcase classname="tests.library_test.TestFindLowAlts" name="test_find_low_alts_2" time="0.000"><skipped type="unittest.case.SkipTest" message="Known failure case"><![CDATA[Exception: Known failure case
]]></skipped></testcase><testcase classname="tests.library_test.TestFindNearestSlice" name="test_find_nearest_slice" time="0.000"></testcase><testcase classname="tests.library_test.TestFindNearestSlice" name="test_find_nearest_slice_nothing_to_search" time="0.000"></testcase><testcase classname="tests.library_test.TestFindSlicesOverlap" name="test_find_slices_overlap" time="0.000"></testcase><testcase classname="tests.library_test.TestFindTocTod" name="test_basic" time="0.002"></testcase><testcase classname="tests.library_test.TestFindTocTod" name="test_extended_toc" time="0.002"></testcase><testcase classname="tests.library_test.TestFindTocTod" name="test_find_tod_with_smoothed_data" time="0.002"></testcase><testcase classname="tests.library_test.TestFindTocTod" name="test_null_slice" time="0.002"></testcase><testcase classname="tests.library_test.TestFindTocTod" name="test_shortened_toc" time="0.001"></testcase><testcase classname="tests.library_test.TestFindTocTod" name="test_starts_non_zero" time="0.001"></testcase><testcase classname="tests.library_test.TestFindTocTod" name="test_wrong_mode" time="0.000"></testcase><testcase classname="tests.library_test.TestFirstOrderLag" name="test_firstorderlag_gain" time="0.000"></testcase><testcase classname="tests.library_test.TestFirstOrderLag" name="test_firstorderlag_mask_retained" time="0.001"></testcase><testcase classname="tests.library_test.TestFirstOrderLag" name="test_firstorderlag_sample_rate_chage" time="0.001"></testcase><testcase classname="tests.library_test.TestFirstOrderLag" name="test_firstorderlag_stability_check" time="0.000"></testcase><testcase classname="tests.library_test.TestFirstOrderLag" name="test_firstorderlag_time_constant" time="0.001"></testcase><testcase classname="tests.library_test.TestFirstOrderWashout" name="test_firstorderwashout_gain" time="0.000"></testcase><testcase classname="tests.library_test.TestFirstOrderWashout" name="test_firstorderwashout_mask_retained" time="0.001"></testcase><testcase classname="tests.library_test.TestFirstOrderWashout" name="test_firstorderwashout_sample_rate_chage" time="0.001"></testcase><testcase classname="tests.library_test.TestFirstOrderWashout" name="test_firstorderwashout_stability_check" time="0.000"></testcase><testcase classname="tests.library_test.TestFirstOrderWashout" name="test_firstorderwashout_time_constant" time="0.001"></testcase><testcase classname="tests.library_test.TestFirstValidParameter" name="test_first_valid_parameter__fully_unmasked" time="0.000"></testcase><testcase classname="tests.library_test.TestFirstValidParameter" name="test_first_valid_parameter__multiple" time="0.000"></testcase><testcase classname="tests.library_test.TestFirstValidParameter" name="test_first_valid_parameter__no_valid_samples_within_single_phase" time="0.000"></testcase><testcase classname="tests.library_test.TestFirstValidParameter" name="test_first_valid_parameter__no_valid_samples_within_single_phase_2" time="0.000"></testcase><testcase classname="tests.library_test.TestFirstValidParameter" name="test_first_valid_parameter__none" time="0.000"></testcase><testcase classname="tests.library_test.TestFirstValidParameter" name="test_first_valid_parameter__partially_unmasked" time="0.000"></testcase><testcase classname="tests.library_test.TestFirstValidParameter" name="test_first_valid_parameter__valid_samples_within_multiple_phases" time="0.000"></testcase><testcase classname="tests.library_test.TestFirstValidParameter" name="test_first_valid_parameter__valid_samples_within_single_phase" time="0.000"></testcase><testcase classname="tests.library_test.TestFirstValidSample" name="test_first_valid_sample" time="0.000"></testcase><testcase classname="tests.library_test.TestFirstValidSample" name="test_first_valid_sample_all_masked" time="0.000"></testcase><testcase classname="tests.library_test.TestFirstValidSample" name="test_first_valid_sample_at_offset" time="0.000"></testcase><testcase classname="tests.library_test.TestFirstValidSample" name="test_first_valid_sample_offset" time="0.000"></testcase><testcase classname="tests.library_test.TestFirstValidSample" name="test_first_valid_sample_overrun" time="0.000"></testcase><testcase classname="tests.library_test.TestFirstValidSample" name="test_first_valid_sample_underrun" time="0.000"></testcase><testcase classname="tests.library_test.TestFromIsa" name="test_from_ISA" time="0.000"></testcase><testcase classname="tests.library_test.TestGroundTrack" name="test_ground_track_arrays_too_short" time="0.000"></testcase><testcase classname="tests.library_test.TestGroundTrack" name="test_ground_track_basic" time="0.004"></testcase><testcase classname="tests.library_test.TestGroundTrack" name="test_ground_track_data_errors" time="0.001"></testcase><testcase classname="tests.library_test.TestGroundTrack" name="test_ground_track_heading_continuous" time="0.004"></testcase><testcase classname="tests.library_test.TestGroundTrack" name="test_ground_track_masking" time="0.003"></testcase><testcase classname="tests.library_test.TestGroundTrack" name="test_ground_track_takeoff" time="0.004"></testcase><testcase classname="tests.library_test.TestGroundTrackPrecise" name="test_ppgt_basic" time="0.022"></testcase><testcase classname="tests.library_test.TestGroundTrackPrecise" name="test_ppgt_dublin" time="0.154"></testcase><testcase classname="tests.library_test.TestGroundTrackPrecise" name="test_ppgt_svalbard" time="0.061"></testcase><testcase classname="tests.library_test.TestGroundspeedFromPosition" name="test_east" time="0.002"></testcase><testcase classname="tests.library_test.TestGroundspeedFromPosition" name="test_north" time="0.002"></testcase><testcase classname="tests.library_test.TestGtpBlendCurve" name="test_gtp_blender" time="0.001"></testcase><testcase classname="tests.library_test.TestHashArray" name="test_hash_array" time="0.001"></testcase><testcase classname="tests.library_test.TestHeadingDiff" name="test_heading_diff" time="0.001"></testcase><testcase classname="tests.library_test.TestHeadingDiff" name="test_heading_diff_array" time="0.009"></testcase><testcase classname="tests.library_test.TestHysteresis" name="test_hysteresis" time="0.000"></testcase><testcase classname="tests.library_test.TestHysteresis" name="test_hysteresis_change_of_threshold" time="0.000"></testcase><testcase classname="tests.library_test.TestHysteresis" name="test_hysteresis_phase_stability" time="0.000"></testcase><testcase classname="tests.library_test.TestHysteresis" name="test_hysteresis_with_initial_data_masked" time="0.000"></testcase><testcase classname="tests.library_test.TestHysteresis" name="test_hysteresis_with_zero_or_negative_thresholod" time="0.000"></testcase><testcase classname="tests.library_test.TestILSEstablished" name="test_back" time="0.001"></testcase><testcase classname="tests.library_test.TestILSEstablished" name="test_basic" time="0.001"></testcase><testcase classname="tests.library_test.TestILSEstablished" name="test_capture" time="0.001"></testcase><testcase classname="tests.library_test.TestILSEstablished" name="test_immediate" time="0.001"></testcase><testcase classname="tests.library_test.TestILSEstablished" name="test_too_short" time="0.001"></testcase><testcase classname="tests.library_test.TestILSEstablished" name="test_unsteady" time="0.001"></testcase><testcase classname="tests.library_test.TestILSGlideslopeAlign" name="test_ils_glideslope_align" time="0.000"></testcase><testcase classname="tests.library_test.TestILSGlideslopeAlign" name="test_ils_glideslope_missing" time="0.000"></testcase><testcase classname="tests.library_test.TestILSLocalizerAlign" name="test_ils_localizer_align" time="0.000"></testcase><testcase classname="tests.library_test.TestILSLocalizerAlign" name="test_ils_localizer_missing" time="0.000"></testcase><testcase classname="tests.library_test.TestIncludingTransition" name="test_including_transition_1" time="0.003"></testcase><testcase classname="tests.library_test.TestIncludingTransition" name="test_including_transition_10" time="0.003"></testcase><testcase classname="tests.library_test.TestIncludingTransition" name="test_including_transition_11" time="0.003"></testcase><testcase classname="tests.library_test.TestIncludingTransition" name="test_including_transition_12" time="0.000"><skipped type="unittest.case.SkipTest" message="Not Implemented"><![CDATA[Exception: Not Implemented
]]></skipped></testcase><testcase classname="tests.library_test.TestIncludingTransition" name="test_including_transition_13" time="0.004"></testcase><testcase classname="tests.library_test.TestIncludingTransition" name="test_including_transition_14" time="0.004"></testcase><testcase classname="tests.library_test.TestIncludingTransition" name="test_including_transition_15" time="0.005"></testcase><testcase classname="tests.library_test.TestIncludingTransition" name="test_including_transition_16" time="0.004"></testcase><testcase classname="tests.library_test.TestIncludingTransition" name="test_including_transition_17" time="0.004"></testcase><testcase classname="tests.library_test.TestIncludingTransition" name="test_including_transition_18" time="0.005"></testcase><testcase classname="tests.library_test.TestIncludingTransition" name="test_including_transition_19" time="0.004"></testcase><testcase classname="tests.library_test.TestIncludingTransition" name="test_including_transition_2" time="0.000"><skipped type="unittest.case.SkipTest" message="Not Implemented"><![CDATA[Exception: Not Implemented
]]></skipped></testcase><testcase classname="tests.library_test.TestIncludingTransition" name="test_including_transition_20" time="0.007"></testcase><testcase classname="tests.library_test.TestIncludingTransition" name="test_including_transition_21" time="0.008"></testcase><testcase classname="tests.library_test.TestIncludingTransition" name="test_including_transition_22" time="0.024"></testcase><testcase classname="tests.library_test.TestIncludingTransition" name="test_including_transition_23" time="0.016"></testcase><testcase classname="tests.library_test.TestIncludingTransition" name="test_including_transition_24" time="0.013"></testcase><testcase classname="tests.library_test.TestIncludingTransition" name="test_including_transition_25" time="0.016"></testcase><testcase classname="tests.library_test.TestIncludingTransition" name="test_including_transition_26" time="0.005"></testcase><testcase classname="tests.library_test.TestIncludingTransition" name="test_including_transition_3" time="0.003"></testcase><testcase classname="tests.library_test.TestIncludingTransition" name="test_including_transition_4" time="0.003"></testcase><testcase classname="tests.library_test.TestIncludingTransition" name="test_including_transition_5" time="0.003"></testcase><testcase classname="tests.library_test.TestIncludingTransition" name="test_including_transition_6" time="0.004"></testcase><testcase classname="tests.library_test.TestIncludingTransition" name="test_including_transition_7" time="0.000"><skipped type="unittest.case.SkipTest" message="Not Implemented"><![CDATA[Exception: Not Implemented
]]></skipped></testcase><testcase classname="tests.library_test.TestIncludingTransition" name="test_including_transition_8" time="0.003"></testcase><testcase classname="tests.library_test.TestIncludingTransition" name="test_including_transition_9" time="0.003"></testcase><testcase classname="tests.library_test.TestIndexAtDistance" name="test_backwards" time="0.011"></testcase><testcase classname="tests.library_test.TestIndexAtDistance" name="test_basic" time="0.022"></testcase><testcase classname="tests.library_test.TestIndexAtDistance" name="test_offset" time="0.022"></testcase><testcase classname="tests.library_test.TestIndexAtDistance" name="test_too_far_backwards" time="0.001"></testcase><testcase classname="tests.library_test.TestIndexAtDistance" name="test_too_far_forwards" time="0.001"></testcase><testcase classname="tests.library_test.TestIndexAtValue" name="test_index_at_value_all_masked" time="0.001"></testcase><testcase classname="tests.library_test.TestIndexAtValue" name="test_index_at_value_backwards" time="0.001"></testcase><testcase classname="tests.library_test.TestIndexAtValue" name="test_index_at_value_backwards_floating_point_end" time="0.001"></testcase><testcase classname="tests.library_test.TestIndexAtValue" name="test_index_at_value_backwards_from_end_minus_one" time="0.001"></testcase><testcase classname="tests.library_test.TestIndexAtValue" name="test_index_at_value_backwards_to_start" time="0.001"></testcase><testcase classname="tests.library_test.TestIndexAtValue" name="test_index_at_value_backwards_with_negative_values_a" time="0.001"></testcase><testcase classname="tests.library_test.TestIndexAtValue" name="test_index_at_value_backwards_with_negative_values_b" time="0.001"></testcase><testcase classname="tests.library_test.TestIndexAtValue" name="test_index_at_value_basic" time="0.001"></testcase><testcase classname="tests.library_test.TestIndexAtValue" name="test_index_at_value_closing" time="0.001"></testcase><testcase classname="tests.library_test.TestIndexAtValue" name="test_index_at_value_closing_to_start" time="0.001"></testcase><testcase classname="tests.library_test.TestIndexAtValue" name="test_index_at_value_divide_by_zero_trap" time="0.001"></testcase><testcase classname="tests.library_test.TestIndexAtValue" name="test_index_at_value_forwards_floating_point_end" time="0.001"></testcase><testcase classname="tests.library_test.TestIndexAtValue" name="test_index_at_value_masked" time="0.001"></testcase><testcase classname="tests.library_test.TestIndexAtValue" name="test_index_at_value_nan" time="0.001"></testcase><testcase classname="tests.library_test.TestIndexAtValue" name="test_index_at_value_nearest" time="0.001"></testcase><testcase classname="tests.library_test.TestIndexAtValue" name="test_index_at_value_nearest_backwards" time="0.001"></testcase><testcase classname="tests.library_test.TestIndexAtValue" name="test_index_at_value_no_slice" time="0.001"></testcase><testcase classname="tests.library_test.TestIndexAtValue" name="test_index_at_value_right_at_end" time="0.001"></testcase><testcase classname="tests.library_test.TestIndexAtValue" name="test_index_at_value_right_at_start" time="0.001"></testcase><testcase classname="tests.library_test.TestIndexAtValue" name="test_index_at_value_slice_beyond_bottom_end_of_data" time="0.000"></testcase><testcase classname="tests.library_test.TestIndexAtValue" name="test_index_at_value_slice_beyond_top_end_of_data" time="0.000"></testcase><testcase classname="tests.library_test.TestIndexAtValue" name="test_index_at_value_slice_too_small" time="0.000"></testcase><testcase classname="tests.library_test.TestIndexAtValue" name="test_index_at_value_threshold_closing" time="0.001"></testcase><testcase classname="tests.library_test.TestIndexAtValue" name="test_index_at_value_threshold_closing_backwards" time="0.001"></testcase><testcase classname="tests.library_test.TestIndexAtValue" name="test_index_at_value_threshold_not_crossed" time="0.001"></testcase><testcase classname="tests.library_test.TestIndexAtValue" name="test_modes" time="0.000"></testcase><testcase classname="tests.library_test.TestIndexAtValueOrLevelOff" name="test_reverse_level_off" time="0.000"><skipped type="unittest.case.SkipTest" message="See Go Around And Climbout test cases"><![CDATA[Exception: See Go Around And Climbout test cases
]]></skipped></testcase><testcase classname="tests.library_test.TestIndexClosestValue" name="test_index_closest_value" time="0.001"></testcase><testcase classname="tests.library_test.TestIndexClosestValue" name="test_index_closest_value_at_end" time="0.001"></testcase><testcase classname="tests.library_test.TestIndexClosestValue" name="test_index_closest_value_at_start" time="0.001"></testcase><testcase classname="tests.library_test.TestIndexClosestValue" name="test_index_closest_value_negative" time="0.001"></testcase><testcase classname="tests.library_test.TestIndexClosestValue" name="test_index_closest_value_sliced" time="0.001"></testcase><testcase classname="tests.library_test.TestIndexOfDatetime" name="test_index_of_datetime" time="0.000"></testcase><testcase classname="tests.library_test.TestIndexOfFirstStart" name="test_index_of_last_start_backwards" time="0.000"></testcase><testcase classname="tests.library_test.TestIndexOfFirstStart" name="test_index_start" time="0.000"></testcase><testcase classname="tests.library_test.TestIndexOfLastStop" name="test_index_of_last_stop_backwards" time="0.000"></testcase><testcase classname="tests.library_test.TestIndexOfLastStop" name="test_index_stop" time="0.000"></testcase><testcase classname="tests.library_test.TestIntegValue" name="test_integ_value" time="0.001"></testcase><testcase classname="tests.library_test.TestIntegValue" name="test_integ_value_none" time="0.000"></testcase><testcase classname="tests.library_test.TestIntegrate" name="test_contiguous_option" time="0.001"></testcase><testcase classname="tests.library_test.TestIntegrate" name="test_contiguous_reversed" time="0.001"></testcase><testcase classname="tests.library_test.TestIntegrate" name="test_integration_backwards" time="0.001"></testcase><testcase classname="tests.library_test.TestIntegrate" name="test_integration_basic" time="0.001"></testcase><testcase classname="tests.library_test.TestIntegrate" name="test_integration_extended" time="0.001"></testcase><testcase classname="tests.library_test.TestIntegrate" name="test_integration_frequency" time="0.001"></testcase><testcase classname="tests.library_test.TestIntegrate" name="test_integration_initial_value" time="0.001"></testcase><testcase classname="tests.library_test.TestIntegrate" name="test_integration_masked_tail" time="0.001"></testcase><testcase classname="tests.library_test.TestIntegrate" name="test_integration_masked_tail_repaired" time="0.001"></testcase><testcase classname="tests.library_test.TestIntegrate" name="test_integration_reverse" time="0.001"></testcase><testcase classname="tests.library_test.TestIntegrate" name="test_integration_scale" time="0.001"></testcase><testcase classname="tests.library_test.TestIntegrate" name="test_integration_sinewave" time="0.001"></testcase><testcase classname="tests.library_test.TestInterleave" name="test_interleave" time="0.000"></testcase><testcase classname="tests.library_test.TestInterleave" name="test_merge_alternage_sensors_mask" time="0.001"></testcase><testcase classname="tests.library_test.TestInterpolate" name="test_interpolate_basic" time="0.001"></testcase><testcase classname="tests.library_test.TestInterpolate" name="test_interpolate_four_parts" time="0.001"></testcase><testcase classname="tests.library_test.TestInterpolate" name="test_interpolate_masked_end" time="0.001"></testcase><testcase classname="tests.library_test.TestInterpolate" name="test_interpolate_no_ends" time="0.001"></testcase><testcase classname="tests.library_test.TestInterpolate" name="test_interpolate_nothing_to_do_all_masked" time="0.001"></testcase><testcase classname="tests.library_test.TestInterpolate" name="test_interpolate_nothing_to_do_none_masked" time="0.001"></testcase><testcase classname="tests.library_test.TestInterpolate" name="test_interpolate_without_extrapolate" time="0.001"></testcase><testcase classname="tests.library_test.TestInterpolateCoarse" name="test_interpolate_coarse_1" time="0.000"></testcase><testcase classname="tests.library_test.TestInterpolateCoarse" name="test_interpolate_coarse_2" time="0.000"></testcase><testcase classname="tests.library_test.TestIsIndexWithinSlice" name="test_is_index_within_slice" time="0.000"></testcase><testcase classname="tests.library_test.TestIsIndexWithinSlices" name="test_is_index_within_slices" time="0.000"></testcase><testcase classname="tests.library_test.TestIsPower2" name="test_is_power2" time="0.001"></testcase><testcase classname="tests.library_test.TestIsSliceWithinSlice" name="test_is_slice_within_slice" time="0.000"></testcase><testcase classname="tests.library_test.TestLastValidSample" name="test_last_valid_sample" time="0.000"></testcase><testcase classname="tests.library_test.TestLastValidSample" name="test_last_valid_sample_all_masked" time="0.000"></testcase><testcase classname="tests.library_test.TestLastValidSample" name="test_last_valid_sample_at_offset" time="0.000"></testcase><testcase classname="tests.library_test.TestLastValidSample" name="test_last_valid_sample_masked" time="0.000"></testcase><testcase classname="tests.library_test.TestLastValidSample" name="test_last_valid_sample_offset" time="0.000"></testcase><testcase classname="tests.library_test.TestLastValidSample" name="test_last_valid_sample_overrun" time="0.000"></testcase><testcase classname="tests.library_test.TestLatitudesAndLongitudes" name="test_known_bearing_and_distance" time="0.001"></testcase><testcase classname="tests.library_test.TestLevelOffIndex" name="test_level_off_index_basic" time="0.000"></testcase><testcase classname="tests.library_test.TestLevelOffIndex" name="test_level_off_index_basic_masked" time="0.000"></testcase><testcase classname="tests.library_test.TestLevelOffIndex" name="test_level_off_index_eng_n3" time="0.006"></testcase><testcase classname="tests.library_test.TestLevelOffIndex" name="test_level_off_index_index_all_stable" time="0.000"></testcase><testcase classname="tests.library_test.TestLevelOffIndex" name="test_level_off_index_index_all_unstable" time="0.000"></testcase><testcase classname="tests.library_test.TestLevelOffIndex" name="test_level_off_index_index_array_too_small" time="0.000"></testcase><testcase classname="tests.library_test.TestLevelOffIndex" name="test_level_off_masked" time="0.002"></testcase><testcase classname="tests.library_test.TestLocalizerScale" name="test_basic_operation" time="0.000"></testcase><testcase classname="tests.library_test.TestLocalizerScale" name="test_no_beam_width" time="0.000"></testcase><testcase classname="tests.library_test.TestLocalizerScale" name="test_no_beam_width_or_length" time="0.000"></testcase><testcase classname="tests.library_test.TestLookupTable" name="test_lookup_table__found_class_without_table" time="0.001"></testcase><testcase classname="tests.library_test.TestLookupTable" name="test_lookup_table__found_fallback_table" time="0.001"></testcase><testcase classname="tests.library_test.TestLookupTable" name="test_lookup_table__found_standard_table" time="0.001"></testcase><testcase classname="tests.library_test.TestLookupTable" name="test_lookup_table__not_found" time="0.001"></testcase><testcase classname="tests.library_test.TestMachSat2Tat" name="test_machsat2tat" time="0.001"></testcase><testcase classname="tests.library_test.TestMachTat2Sat" name="test_machtat2sat" time="0.001"></testcase><testcase classname="tests.library_test.TestMaskInsideSlices" name="test_mask_inside_slices" time="0.001"></testcase><testcase classname="tests.library_test.TestMaskInsideSlices" name="test_mask_inside_slices_floating_ends" time="0.001"></testcase><testcase classname="tests.library_test.TestMaskInsideSlices" name="test_mask_inside_slices_null_ends" time="0.001"></testcase><testcase classname="tests.library_test.TestMaskOutsideSlices" name="test_mask_outside_slices" time="0.001"></testcase><testcase classname="tests.library_test.TestMaskOutsideSlices" name="test_mask_outside_slices_floating_ends" time="0.001"></testcase><testcase classname="tests.library_test.TestMaskOutsideSlices" name="test_mask_outside_slices_null_ends" time="0.001"></testcase><testcase classname="tests.library_test.TestMatchAltitudes" name="test_basic_operation" time="0.001"></testcase><testcase classname="tests.library_test.TestMatchAltitudes" name="test_masked_coarse" time="0.001"></testcase><testcase classname="tests.library_test.TestMatchAltitudes" name="test_masked_fine" time="0.001"></testcase><testcase classname="tests.library_test.TestMaxAbsValue" name="test_max_abs_slice_decimal" time="0.001"></testcase><testcase classname="tests.library_test.TestMaxAbsValue" name="test_max_abs_value" time="0.001"></testcase><testcase classname="tests.library_test.TestMaxAbsValue" name="test_max_abs_value_mapped_array_return_state" time="0.000"></testcase><testcase classname="tests.library_test.TestMaxContinuousUnmasked" name="test_max_continuous_unmasked" time="0.000"></testcase><testcase classname="tests.library_test.TestMaxContinuousUnmasked" name="test_max_continuous_unmasked_no_mask" time="0.000"></testcase><testcase classname="tests.library_test.TestMaxContinuousUnmasked" name="test_max_continuous_unmasked_with_slice" time="0.000"></testcase><testcase classname="tests.library_test.TestMaxMaintainedValue" name="test_example_max_maintained_value" time="0.001"></testcase><testcase classname="tests.library_test.TestMaxMaintainedValue" name="test_max_maintained_value" time="0.006"></testcase><testcase classname="tests.library_test.TestMaxValue" name="test_max_value" time="0.001"></testcase><testcase classname="tests.library_test.TestMaxValue" name="test_max_value_all_masked" time="0.000"></testcase><testcase classname="tests.library_test.TestMaxValue" name="test_max_value_integer_slices" time="0.000"></testcase><testcase classname="tests.library_test.TestMaxValue" name="test_max_value_mapped_array_return_state" time="0.000"></testcase><testcase classname="tests.library_test.TestMaxValue" name="test_max_value_no_edge" time="0.000"></testcase><testcase classname="tests.library_test.TestMaxValue" name="test_max_value_non_integer_lower_edge" time="0.000"></testcase><testcase classname="tests.library_test.TestMaxValue" name="test_max_value_non_integer_slices_no_limits" time="0.000"></testcase><testcase classname="tests.library_test.TestMaxValue" name="test_max_value_non_integer_upper_edge" time="0.000"></testcase><testcase classname="tests.library_test.TestMaxValue" name="test_max_value_slice_mismatch" time="0.000"></testcase><testcase classname="tests.library_test.TestMb2Ft" name="test_mb2ft" time="0.000"></testcase><testcase classname="tests.library_test.TestMedianValue" name="test_median_value" time="0.001"></testcase><testcase classname="tests.library_test.TestMergeMasks" name="test_merge_masks_default" time="0.000"></testcase><testcase classname="tests.library_test.TestMergeMasks" name="test_merge_masks_two_unmasked" time="0.000"></testcase><testcase classname="tests.library_test.TestMergeSources" name="test_merge_sources_basic" time="0.000"></testcase><testcase classname="tests.library_test.TestMergeTwoParameters" name="test_merge_two_parameters_array_mismatch_error" time="0.000"></testcase><testcase classname="tests.library_test.TestMergeTwoParameters" name="test_merge_two_parameters_arrays_biassed_error" time="0.000"></testcase><testcase classname="tests.library_test.TestMergeTwoParameters" name="test_merge_two_parameters_assertion_error" time="0.000"></testcase><testcase classname="tests.library_test.TestMergeTwoParameters" name="test_merge_two_parameters_offset_ordered_backward" time="0.000"></testcase><testcase classname="tests.library_test.TestMergeTwoParameters" name="test_merge_two_parameters_offset_ordered_forward" time="0.000"></testcase><testcase classname="tests.library_test.TestMinValue" name="test_min_value" time="0.001"></testcase><testcase classname="tests.library_test.TestMinValue" name="test_min_value_integer_slices" time="0.000"></testcase><testcase classname="tests.library_test.TestMinValue" name="test_min_value_mapped_array_return_state" time="0.000"><skipped type="unittest.case.SkipTest" message="Min value on multi-states does not seem to be a valid test?"><![CDATA[Exception: Min value on multi-states does not seem to be a valid test?
]]></skipped></testcase><testcase classname="tests.library_test.TestMinValue" name="test_min_value_non_integer_lower_edge" time="0.000"></testcase><testcase classname="tests.library_test.TestMinValue" name="test_min_value_non_integer_slices_no_limits" time="0.000"></testcase><testcase classname="tests.library_test.TestMinValue" name="test_min_value_non_integer_upper_edge" time="0.000"></testcase><testcase classname="tests.library_test.TestMinValue" name="test_min_value_slice_mismatch" time="0.000"></testcase><testcase classname="tests.library_test.TestMinimumUnmasked" name="test_min_unmasked_basic" time="0.001"></testcase><testcase classname="tests.library_test.TestModulo" name="test_modulo" time="0.000"></testcase><testcase classname="tests.library_test.TestMostCommonValue" name="test_most_common_value" time="0.000"></testcase><testcase classname="tests.library_test.TestMostCommonValue" name="test_no_valid_data" time="0.000"></testcase><testcase classname="tests.library_test.TestMostCommonValue" name="test_unique_with_multistate" time="0.000"></testcase><testcase classname="tests.library_test.TestMostPointsCost" name="test_mpc_assertion" time="0.000"></testcase><testcase classname="tests.library_test.TestMostPointsCost" name="test_mpc_basic" time="0.001"></testcase><testcase classname="tests.library_test.TestMostPointsCost" name="test_mpc_colinear_raises" time="0.001"></testcase><testcase classname="tests.library_test.TestMostPointsCost" name="test_mpc_imbalanced_raises" time="0.000"></testcase><testcase classname="tests.library_test.TestMovingAverage" name="test_basic_average" time="0.001"></testcase><testcase classname="tests.library_test.TestMovingAverage" name="test_custom_weightings" time="0.001"></testcase><testcase classname="tests.library_test.TestMovingAverage" name="test_masked_edges" time="0.001"></testcase><testcase classname="tests.library_test.TestMovingAverage" name="test_short_data" time="0.001"></testcase><testcase classname="tests.library_test.TestNearestNeighbourMaskRepair" name="test_nn_mask_repair" time="0.001"></testcase><testcase classname="tests.library_test.TestNearestNeighbourMaskRepair" name="test_nn_mask_repair_backward" time="0.001"></testcase><testcase classname="tests.library_test.TestNearestNeighbourMaskRepair" name="test_nn_mask_repair_direction" time="0.000"></testcase><testcase classname="tests.library_test.TestNearestNeighbourMaskRepair" name="test_nn_mask_repair_forward" time="0.001"></testcase><testcase classname="tests.library_test.TestNearestNeighbourMaskRepair" name="test_nn_mask_repair_limited_rolls" time="0.001"></testcase><testcase classname="tests.library_test.TestNearestNeighbourMaskRepair" name="test_nn_mask_repair_mappedarray" time="0.001"></testcase><testcase classname="tests.library_test.TestNearestNeighbourMaskRepair" name="test_nn_mask_repair_with_masked_edges" time="0.001"></testcase><testcase classname="tests.library_test.TestNearestRunway" name="test_find_nearest_with_heading_wrap_around" time="0.000"></testcase><testcase classname="tests.library_test.TestNearestRunway" name="test_find_nearest_with_invalid_heading" time="0.000"></testcase><testcase classname="tests.library_test.TestNearestRunway" name="test_find_nearest_with_invalid_ilsfreq" time="0.000"></testcase><testcase classname="tests.library_test.TestNearestRunway" name="test_find_nearest_with_invalid_latitude" time="0.000"></testcase><testcase classname="tests.library_test.TestNearestRunway" name="test_find_nearest_with_invalid_longitude" time="0.000"></testcase><testcase classname="tests.library_test.TestNearestRunway" name="test_find_nearest_with_negative_overflow_heading" time="0.000"></testcase><testcase classname="tests.library_test.TestNearestRunway" name="test_find_nearest_with_negative_overflow_latitude" time="0.000"></testcase><testcase classname="tests.library_test.TestNearestRunway" name="test_find_nearest_with_negative_overflow_longitude" time="0.000"></testcase><testcase classname="tests.library_test.TestNearestRunway" name="test_find_nearest_with_one_coordinate" time="0.000"></testcase><testcase classname="tests.library_test.TestNearestRunway" name="test_find_nearest_with_out_of_range_ilsfreq_1" time="0.000"></testcase><testcase classname="tests.library_test.TestNearestRunway" name="test_find_nearest_with_out_of_range_ilsfreq_2" time="0.000"></testcase><testcase classname="tests.library_test.TestNearestRunway" name="test_find_nearest_with_positive_overflow_heading" time="0.000"></testcase><testcase classname="tests.library_test.TestNearestRunway" name="test_find_nearest_with_positive_overflow_latitude" time="0.000"></testcase><testcase classname="tests.library_test.TestNearestRunway" name="test_find_nearest_with_positive_overflow_longitude" time="0.000"></testcase><testcase classname="tests.library_test.TestNearestRunway" name="test_find_nearest_with_runway_conflict_error" time="0.000"></testcase><testcase classname="tests.library_test.TestNearestRunway" name="test_find_nearest_with_single_runway" time="0.000"></testcase><testcase classname="tests.library_test.TestNearestRunway" name="test_find_nearest_with_triple_runway" time="0.000"></testcase><testcase classname="tests.library_test.TestNearestRunway" name="test_find_nearest_with_unknown_heading" time="0.000"></testcase><testcase classname="tests.library_test.TestNearestRunway" name="test_find_nearest_with_unknown_ilsfreq" time="0.000"></testcase><testcase classname="tests.library_test.TestNearestRunway" name="test_find_nearest_with_unknown_ilsfreq_fallback_coordinates" time="0.001"></testcase><testcase classname="tests.library_test.TestNearestRunway" name="test_find_nearest_with_valid_coordinates" time="0.000"></testcase><testcase classname="tests.library_test.TestNearestRunway" name="test_find_nearest_with_valid_heading" time="0.000"></testcase><testcase classname="tests.library_test.TestNearestRunway" name="test_find_nearest_with_valid_ilsfreq_1" time="0.000"></testcase><testcase classname="tests.library_test.TestNearestRunway" name="test_find_nearest_with_valid_ilsfreq_2" time="0.000"></testcase><testcase classname="tests.library_test.TestNearestRunway" name="test_find_nearest_without_heading" time="0.000"></testcase><testcase classname="tests.library_test.TestNextUnmaskedValue" name="test_next_unmasked_value" time="0.000"></testcase><testcase classname="tests.library_test.TestNormalise" name="test_normalise_copy" time="0.000"></testcase><testcase classname="tests.library_test.TestNormalise" name="test_normalise_masked" time="0.000"></testcase><testcase classname="tests.library_test.TestNormalise" name="test_normalise_two_dims" time="0.001"></testcase><testcase classname="tests.library_test.TestNpMaConcatenate" name="test_concatenation_of_numeric_arrays" time="0.000"></testcase><testcase classname="tests.library_test.TestNpMaConcatenate" name="test_concatenation_of_similar_arrays" time="0.001"></testcase><testcase classname="tests.library_test.TestNpMaConcatenate" name="test_empty_list" time="0.000"></testcase><testcase classname="tests.library_test.TestNpMaConcatenate" name="test_rejection_of_differing_arrays" time="0.000"></testcase><testcase classname="tests.library_test.TestNpMaConcatenate" name="test_single_file" time="0.000"></testcase><testcase classname="tests.library_test.TestNpMaMaskedZerosLike" name="test_masked_zeros_like_basic" time="0.000"></testcase><testcase classname="tests.library_test.TestNpMaOnesLike" name="test_zeros_like_basic" time="0.000"></testcase><testcase classname="tests.library_test.TestNpMaZeros" name="test_np_ma_zeros" time="0.001"></testcase><testcase classname="tests.library_test.TestNpMaZerosLike" name="test_zeros_like_basic" time="0.000"></testcase><testcase classname="tests.library_test.TestNpMaZerosLike" name="test_zeros_like_from_all_masked" time="0.000"></testcase><testcase classname="tests.library_test.TestNpMaZerosLike" name="test_zeros_like_from_mask" time="0.000"></testcase><testcase classname="tests.library_test.TestNpMaZerosLike" name="test_zeros_like_from_masked" time="0.000"></testcase><testcase classname="tests.library_test.TestNpMaZerosLike" name="test_zeros_like_seperate_mask" time="0.001"></testcase><testcase classname="tests.library_test.TestOffsetSelect" name="test_complex_mean" time="0.000"></testcase><testcase classname="tests.library_test.TestOffsetSelect" name="test_simple_maximum" time="0.000"></testcase><testcase classname="tests.library_test.TestOffsetSelect" name="test_simple_mean" time="0.000"></testcase><testcase classname="tests.library_test.TestOffsetSelect" name="test_simple_minimum" time="0.000"></testcase><testcase classname="tests.library_test.TestOverflowCorrection" name="test_overflow_correction_a320" time="0.010"></testcase><testcase classname="tests.library_test.TestOverflowCorrection" name="test_overflow_correction_a340" time="0.006"></testcase><testcase classname="tests.library_test.TestOverflowCorrectionArray" name="test_round_near_zero" time="0.001"></testcase><testcase classname="tests.library_test.TestPeakCurvature" name="test_high_speed_turnoff_case" time="0.003"></testcase><testcase classname="tests.library_test.TestPeakCurvature" name="test_invalid_curve_sense" time="0.000"></testcase><testcase classname="tests.library_test.TestPeakCurvature" name="test_multiple_valid_slices" time="0.003"></testcase><testcase classname="tests.library_test.TestPeakCurvature" name="test_none_slice_provided" time="0.001"></testcase><testcase classname="tests.library_test.TestPeakCurvature" name="test_peak_curvature" time="0.001"></testcase><testcase classname="tests.library_test.TestPeakCurvature" name="test_peak_curvature_basic" time="0.001"></testcase><testcase classname="tests.library_test.TestPeakCurvature" name="test_peak_curvature_bipolar" time="0.001"></testcase><testcase classname="tests.library_test.TestPeakCurvature" name="test_peak_curvature_concave_big_convex" time="0.002"></testcase><testcase classname="tests.library_test.TestPeakCurvature" name="test_peak_curvature_convex" time="0.001"></testcase><testcase classname="tests.library_test.TestPeakCurvature" name="test_peak_curvature_convex_big_concave" time="0.002"></testcase><testcase classname="tests.library_test.TestPeakCurvature" name="test_peak_curvature_flat_data" time="0.000"></testcase><testcase classname="tests.library_test.TestPeakCurvature" name="test_peak_curvature_masked_data" time="0.001"></testcase><testcase classname="tests.library_test.TestPeakCurvature" name="test_peak_curvature_masked_data_no_curve" time="0.000"></testcase><testcase classname="tests.library_test.TestPeakCurvature" name="test_peak_curvature_real_data" time="0.001"></testcase><testcase classname="tests.library_test.TestPeakCurvature" name="test_peak_curvature_short_flat_data" time="0.000"></testcase><testcase classname="tests.library_test.TestPeakCurvature" name="test_peak_curvature_slice_backwards" time="0.001"></testcase><testcase classname="tests.library_test.TestPeakCurvature" name="test_peak_curvature_void" time="0.000"></testcase><testcase classname="tests.library_test.TestPeakCurvature" name="test_peak_curvature_with_slice" time="0.001"></testcase><testcase classname="tests.library_test.TestPeakIndex" name="test_peak_index_no_data" time="0.000"></testcase><testcase classname="tests.library_test.TestPeakIndex" name="test_peak_index_one_sample" time="0.000"></testcase><testcase classname="tests.library_test.TestPeakIndex" name="test_peak_index_real_peak" time="0.000"></testcase><testcase classname="tests.library_test.TestPeakIndex" name="test_peak_index_three_samples_falling" time="0.000"></testcase><testcase classname="tests.library_test.TestPeakIndex" name="test_peak_index_three_samples_rising" time="0.000"></testcase><testcase classname="tests.library_test.TestPeakIndex" name="test_peak_index_three_samples_trap_linear" time="0.000"></testcase><testcase classname="tests.library_test.TestPeakIndex" name="test_peak_index_three_samples_with_peak" time="0.000"></testcase><testcase classname="tests.library_test.TestPeakIndex" name="test_peak_index_two_samples_falling" time="0.000"></testcase><testcase classname="tests.library_test.TestPeakIndex" name="test_peak_index_two_samples_rising" time="0.000"></testcase><testcase classname="tests.library_test.TestPinToGround" name="test_avoid_infinite_loop" time="0.002"></testcase><testcase classname="tests.library_test.TestPinToGround" name="test_basic" time="0.000"></testcase><testcase classname="tests.library_test.TestPinToGround" name="test_negative" time="0.000"></testcase><testcase classname="tests.library_test.TestPinToGround" name="test_short_slice_masked" time="0.001"></testcase><testcase classname="tests.library_test.TestPinToGround" name="test_small_powers" time="0.000"></testcase><testcase classname="tests.library_test.TestPinToGround" name="test_spreading_corrections" time="0.001"></testcase><testcase classname="tests.library_test.TestPositiveValue" name="test_positive_value" time="0.000"></testcase><testcase classname="tests.library_test.TestPowerCeil" name="test_power_ceil" time="0.000"></testcase><testcase classname="tests.library_test.TestPowerFloor" name="test_power_floor" time="0.000"></testcase><testcase classname="tests.library_test.TestPress2Alt" name="test_press2alt" time="0.001"></testcase><testcase classname="tests.library_test.TestPrevUnmaskedValue" name="test_prev_unmasked_value" time="0.000"></testcase><testcase classname="tests.library_test.TestPy2Round" name="test_py2round" time="0.001"></testcase><testcase classname="tests.library_test.TestRMSNoise" name="test_rms_noise_basic" time="0.001"></testcase><testcase classname="tests.library_test.TestRMSNoise" name="test_rms_noise_gave_nan" time="0.001"></testcase><testcase classname="tests.library_test.TestRMSNoise" name="test_rms_noise_ignores_slope" time="0.001"></testcase><testcase classname="tests.library_test.TestRMSNoise" name="test_rms_noise_masked" time="0.001"></testcase><testcase classname="tests.library_test.TestRMSNoise" name="test_rms_noise_no_valid_data" time="0.001"></testcase><testcase classname="tests.library_test.TestRMSNoise" name="test_rms_noise_patent_example" time="0.001"></testcase><testcase classname="tests.library_test.TestRMSNoise" name="test_rms_noise_with_ignore_one" time="0.001"></testcase><testcase classname="tests.library_test.TestRMSNoise" name="test_rms_noise_with_ignore_three" time="0.001"></testcase><testcase classname="tests.library_test.TestRateOfChange" name="test_rate_of_change_basic" time="0.001"></testcase><testcase classname="tests.library_test.TestRateOfChange" name="test_rate_of_change_half_width_negative" time="0.000"></testcase><testcase classname="tests.library_test.TestRateOfChange" name="test_rate_of_change_half_width_zero" time="0.000"></testcase><testcase classname="tests.library_test.TestRateOfChange" name="test_rate_of_change_increased_frequency" time="0.001"></testcase><testcase classname="tests.library_test.TestRateOfChange" name="test_rate_of_change_reduced_frequency" time="0.001"></testcase><testcase classname="tests.library_test.TestRateOfChange" name="test_rate_of_change_reduced_frequency_extended" time="0.001"></testcase><testcase classname="tests.library_test.TestRateOfChange" name="test_rate_of_change_regression" time="0.001"></testcase><testcase classname="tests.library_test.TestRateOfChange" name="test_rate_of_change_small_values" time="0.001"></testcase><testcase classname="tests.library_test.TestRateOfChange" name="test_rate_of_change_transfer_mask" time="0.001"></testcase><testcase classname="tests.library_test.TestRateOfChangeArray" name="test_case_basic" time="0.001"></testcase><testcase classname="tests.library_test.TestRateOfChangeArray" name="test_case_changing_widths" time="0.004"></testcase><testcase classname="tests.library_test.TestRateOfChangeArray" name="test_case_short_data" time="0.001"></testcase><testcase classname="tests.library_test.TestRateOfChangeArray" name="test_case_very_short_data" time="0.001"></testcase><testcase classname="tests.library_test.TestRateOfChangeArray" name="test_masked" time="0.001"></testcase><testcase classname="tests.library_test.TestRepairMask" name="test_extrapolate" time="0.000"></testcase><testcase classname="tests.library_test.TestRepairMask" name="test_fully_masked_array" time="0.000"></testcase><testcase classname="tests.library_test.TestRepairMask" name="test_repair_mask_basic_1" time="0.000"></testcase><testcase classname="tests.library_test.TestRepairMask" name="test_repair_mask_basic_2" time="0.000"></testcase><testcase classname="tests.library_test.TestRepairMask" name="test_repair_mask_basic_fill_start" time="0.000"></testcase><testcase classname="tests.library_test.TestRepairMask" name="test_repair_mask_basic_fill_stop" time="0.000"></testcase><testcase classname="tests.library_test.TestRepairMask" name="test_repair_mask_not_at_end" time="0.001"></testcase><testcase classname="tests.library_test.TestRepairMask" name="test_repair_mask_not_at_start" time="0.001"></testcase><testcase classname="tests.library_test.TestRepairMask" name="test_repair_mask_too_much_invalid" time="0.001"></testcase><testcase classname="tests.library_test.TestRepairMask" name="test_repair_short_sample" time="0.001"></testcase><testcase classname="tests.library_test.TestResample" name="test_resample_downsample" time="0.000"></testcase><testcase classname="tests.library_test.TestResample" name="test_resample_upsample" time="0.000"></testcase><testcase classname="tests.library_test.TestRoundToNearest" name="test_round_to_nearest" time="0.000"></testcase><testcase classname="tests.library_test.TestRoundToNearest" name="test_round_to_nearest_with_mask" time="0.000"></testcase><testcase classname="tests.library_test.TestRunsOfOnes" name="test_runs_of_ones" time="0.000"></testcase><testcase classname="tests.library_test.TestRunsOfOnes" name="test_runs_of_ones_min_samples" time="0.000"></testcase><testcase classname="tests.library_test.TestRunwayDeviation" name="test_runway_deviation" time="0.002"></testcase><testcase classname="tests.library_test.TestRunwayDeviation" name="test_runway_deviation_preset_heading" time="0.001"></testcase><testcase classname="tests.library_test.TestRunwayDistanceFromEnd" name="test_null" time="0.000"></testcase><testcase classname="tests.library_test.TestRunwayDistanceFromEnd" name="test_runway_dist_by_coordinates" time="0.000"></testcase><testcase classname="tests.library_test.TestRunwayDistanceFromEnd" name="test_runway_dist_by_identifier" time="0.000"></testcase><testcase classname="tests.library_test.TestRunwayDistanceFromEnd" name="test_runway_dist_not_recognised" time="0.000"></testcase><testcase classname="tests.library_test.TestRunwayDistances" name="test_runway_distances" time="0.000"></testcase><testcase classname="tests.library_test.TestRunwayDistances" name="test_runway_distances_with_glildeslope_database_error" time="0.000"></testcase><testcase classname="tests.library_test.TestRunwayDistances" name="test_runway_distances_with_localizer_database_error" time="0.000"></testcase><testcase classname="tests.library_test.TestRunwayHeading" name="test_database_reversed" time="0.001"></testcase><testcase classname="tests.library_test.TestRunwayHeading" name="test_dubai" time="0.001"></testcase><testcase classname="tests.library_test.TestRunwayHeading" name="test_runway_heading" time="0.001"></testcase><testcase classname="tests.library_test.TestRunwayLength" name="test_runway_length" time="0.000"></testcase><testcase classname="tests.library_test.TestRunwaySnap" name="test_runway_snap" time="0.000"></testcase><testcase classname="tests.library_test.TestRunwaySnap" name="test_runway_snap_a" time="0.000"></testcase><testcase classname="tests.library_test.TestRunwaySnap" name="test_runway_snap_b" time="0.000"></testcase><testcase classname="tests.library_test.TestRunwaySnap" name="test_runway_snap_d" time="0.000"></testcase><testcase classname="tests.library_test.TestRunwaySnap" name="test_snap_no_runway" time="0.000"></testcase><testcase classname="tests.library_test.TestRunwaySnapDict" name="test_runway_snap_dict" time="0.000"></testcase><testcase classname="tests.library_test.TestRunwayTouchdown" name="test_runway_touchdown_quite_short" time="0.000"></testcase><testcase classname="tests.library_test.TestRunwayTouchdown" name="test_runway_touchdown_zero" time="0.000"></testcase><testcase classname="tests.library_test.TestSecondWindow" name="test_five_second_window_basic_trough" time="0.001"></testcase><testcase classname="tests.library_test.TestSecondWindow" name="test_five_second_window_trough" time="0.001"></testcase><testcase classname="tests.library_test.TestSecondWindow" name="test_second_window_invalid_args" time="0.000"></testcase><testcase classname="tests.library_test.TestSecondWindow" name="test_second_window_too_large_for_array" time="0.001"></testcase><testcase classname="tests.library_test.TestSecondWindow" name="test_three_second_window" time="0.000"><skipped type="unittest.case.SkipTest" message="Not Implemented"><![CDATA[Exception: Not Implemented
]]></skipped></testcase><testcase classname="tests.library_test.TestSecondWindow" name="test_three_second_window_basic_trough" time="0.001"></testcase><testcase classname="tests.library_test.TestSecondWindow" name="test_three_second_window_decrementing" time="0.001"></testcase><testcase classname="tests.library_test.TestSecondWindow" name="test_three_second_window_incrementing" time="0.001"></testcase><testcase classname="tests.library_test.TestSecondWindow" name="test_three_second_window_incrementing_large" time="0.001"></testcase><testcase classname="tests.library_test.TestSecondWindow" name="test_three_second_window_masked" time="0.001"></testcase><testcase classname="tests.library_test.TestSecondWindow" name="test_three_second_window_peak" time="0.001"></testcase><testcase classname="tests.library_test.TestSecondWindow" name="test_three_second_window_trough" time="0.001"></testcase><testcase classname="tests.library_test.TestSecondWindow" name="test_three_second_window_with_real_data" time="0.028"></testcase><testcase classname="tests.library_test.TestShiftSlice" name="test_shift_slice" time="0.000"></testcase><testcase classname="tests.library_test.TestShiftSlice" name="test_shift_slice_len_1" time="0.000"></testcase><testcase classname="tests.library_test.TestShiftSlice" name="test_shift_slice_no_shift" time="0.000"></testcase><testcase classname="tests.library_test.TestShiftSlice" name="test_shift_slice_too_short" time="0.000"></testcase><testcase classname="tests.library_test.TestShiftSlice" name="test_shift_slice_transfer_none" time="0.000"></testcase><testcase classname="tests.library_test.TestShiftSlice" name="test_shift_slice_transfer_none_reversed" time="0.000"></testcase><testcase classname="tests.library_test.TestShiftSlices" name="test_shift_slices" time="0.000"></testcase><testcase classname="tests.library_test.TestShiftSlices" name="test_shift_slices_incl_none" time="0.000"></testcase><testcase classname="tests.library_test.TestShiftSlices" name="test_shift_slices_no_shift" time="0.000"></testcase><testcase classname="tests.library_test.TestShiftSlices" name="test_shift_slices_real_data" time="0.000"></testcase><testcase classname="tests.library_test.TestSliceDuration" name="test_slice_duration" time="0.000"></testcase><testcase classname="tests.library_test.TestSliceMultiply" name="test_slice_multiply" time="0.000"></testcase><testcase classname="tests.library_test.TestSliceRound" name="test_slice_round" time="0.000"></testcase><testcase classname="tests.library_test.TestSliceSamples" name="test_slice_samples" time="0.000"></testcase><testcase classname="tests.library_test.TestSliceSamples" name="test_slice_samples_backwards" time="0.000"></testcase><testcase classname="tests.library_test.TestSliceSamples" name="test_slice_samples_start_none" time="0.000"></testcase><testcase classname="tests.library_test.TestSliceSamples" name="test_slice_samples_step_none" time="0.000"></testcase><testcase classname="tests.library_test.TestSliceSamples" name="test_slice_samples_stepping" time="0.000"></testcase><testcase classname="tests.library_test.TestSliceSamples" name="test_slice_samples_stop_none" time="0.000"></testcase><testcase classname="tests.library_test.TestSlicesAbove" name="test_slices_above" time="0.000"></testcase><testcase classname="tests.library_test.TestSlicesAfter" name="test_slices_after" time="0.000"></testcase><testcase classname="tests.library_test.TestSlicesAnd" name="test_slices_and" time="0.000"></testcase><testcase classname="tests.library_test.TestSlicesBefore" name="test_slices_before" time="0.000"></testcase><testcase classname="tests.library_test.TestSlicesBelow" name="test_slices_below" time="0.000"></testcase><testcase classname="tests.library_test.TestSlicesBetween" name="test_slices_between" time="0.001"></testcase><testcase classname="tests.library_test.TestSlicesContract" name="test_slices_contract" time="0.000"></testcase><testcase classname="tests.library_test.TestSlicesContractDuration" name="test_slices_contract_duration" time="0.000"></testcase><testcase classname="tests.library_test.TestSlicesDuration" name="test_slices_duration" time="0.000"></testcase><testcase classname="tests.library_test.TestSlicesExtend" name="test_slices_extend" time="0.000"></testcase><testcase classname="tests.library_test.TestSlicesExtendDuration" name="test_slices_extend_duration" time="0.000"></testcase><testcase classname="tests.library_test.TestSlicesFromKtis" name="test_basic_structure" time="0.000"></testcase><testcase classname="tests.library_test.TestSlicesFromKtis" name="test_multiple" time="0.000"></testcase><testcase classname="tests.library_test.TestSlicesFromKtis" name="test_nones" time="0.000"></testcase><testcase classname="tests.library_test.TestSlicesFromKtis" name="test_not_lists" time="0.000"></testcase><testcase classname="tests.library_test.TestSlicesFromKtis" name="test_reverse_order" time="0.000"></testcase><testcase classname="tests.library_test.TestSlicesFromTo" name="test_slices_from_to" time="0.002"></testcase><testcase classname="tests.library_test.TestSlicesFromTo" name="test_slices_from_to_alt_aal" time="0.003"></testcase><testcase classname="tests.library_test.TestSlicesFromTo" name="test_slices_from_to_dip" time="0.007"></testcase><testcase classname="tests.library_test.TestSlicesFromTo" name="test_slices_from_to_invalid_range" time="0.000"></testcase><testcase classname="tests.library_test.TestSlicesFromTo" name="test_slices_from_to_invalid_threshold" time="0.000"></testcase><testcase classname="tests.library_test.TestSlicesFromTo" name="test_slices_from_to_landing" time="0.001"></testcase><testcase classname="tests.library_test.TestSlicesFromTo" name="test_slices_from_to_only_outside_of_range" time="0.002"></testcase><testcase classname="tests.library_test.TestSlicesFromTo" name="test_slices_from_to_only_within_range" time="0.005"></testcase><testcase classname="tests.library_test.TestSlicesFromTo" name="test_slices_from_to_peak" time="0.005"></testcase><testcase classname="tests.library_test.TestSlicesFromTo" name="test_slices_from_to_short_down" time="0.002"></testcase><testcase classname="tests.library_test.TestSlicesFromTo" name="test_slices_from_to_short_up" time="0.002"></testcase><testcase classname="tests.library_test.TestSlicesFromTo" name="test_slices_from_to_single_sample" time="0.003"></testcase><testcase classname="tests.library_test.TestSlicesFromTo" name="test_slices_from_to_starts_within_range" time="0.005"></testcase><testcase classname="tests.library_test.TestSlicesFromTo" name="test_slices_from_to_stops_within_range" time="0.005"></testcase><testcase classname="tests.library_test.TestSlicesFromTo" name="test_slices_from_to_two_samples" time="0.003"></testcase><testcase classname="tests.library_test.TestSlicesInt" name="test_create_slice_single_arg" time="0.000"></testcase><testcase classname="tests.library_test.TestSlicesInt" name="test_create_slice_three_args" time="0.000"></testcase><testcase classname="tests.library_test.TestSlicesInt" name="test_create_slice_two_args" time="0.000"></testcase><testcase classname="tests.library_test.TestSlicesInt" name="test_list_of_slices" time="0.000"></testcase><testcase classname="tests.library_test.TestSlicesInt" name="test_single_slice" time="0.000"></testcase><testcase classname="tests.library_test.TestSlicesMultiply" name="test_slices_multiply" time="0.000"></testcase><testcase classname="tests.library_test.TestSlicesMultiply" name="test_slices_multiply_with_zero_start" time="0.000"></testcase><testcase classname="tests.library_test.TestSlicesNot" name="test_slices_misordered" time="0.000"></testcase><testcase classname="tests.library_test.TestSlicesNot" name="test_slices_not_error" time="0.000"></testcase><testcase classname="tests.library_test.TestSlicesNot" name="test_slices_not_extended" time="0.001"></testcase><testcase classname="tests.library_test.TestSlicesNot" name="test_slices_not_extended_2" time="0.001"></testcase><testcase classname="tests.library_test.TestSlicesNot" name="test_slices_not_from_none" time="0.000"></testcase><testcase classname="tests.library_test.TestSlicesNot" name="test_slices_not_from_none_empty" time="0.000"></testcase><testcase classname="tests.library_test.TestSlicesNot" name="test_slices_not_internal" time="0.000"></testcase><testcase classname="tests.library_test.TestSlicesNot" name="test_slices_not_null" time="0.000"></testcase><testcase classname="tests.library_test.TestSlicesNot" name="test_slices_not_to_none" time="0.000"></testcase><testcase classname="tests.library_test.TestSlicesNot" name="test_slices_not_to_none_empty" time="0.000"></testcase><testcase classname="tests.library_test.TestSlicesOfRuns" name="test__slices_of_runs" time="0.001"></testcase><testcase classname="tests.library_test.TestSlicesOfRuns" name="test__slices_of_runs__exclude_masked" time="0.001"></testcase><testcase classname="tests.library_test.TestSlicesOfRuns" name="test__slices_of_runs__flat" time="0.001"></testcase><testcase classname="tests.library_test.TestSlicesOfRuns" name="test__slices_of_runs__mapped_array" time="0.002"></testcase><testcase classname="tests.library_test.TestSlicesOfRuns" name="test__slices_of_runs__multiple_slices" time="0.001"></testcase><testcase classname="tests.library_test.TestSlicesOr" name="test_infinite_loop" time="0.191"></testcase><testcase classname="tests.library_test.TestSlicesOr" name="test_slices_or_empty_first_list" time="0.000"></testcase><testcase classname="tests.library_test.TestSlicesOr" name="test_slices_or_lists" time="0.000"></testcase><testcase classname="tests.library_test.TestSlicesOr" name="test_slices_or_one_list" time="0.000"></testcase><testcase classname="tests.library_test.TestSlicesOr" name="test_slices_or_open_range" time="0.000"></testcase><testcase classname="tests.library_test.TestSlicesOr" name="test_slices_or_real_example" time="0.000"></testcase><testcase classname="tests.library_test.TestSlicesOr" name="test_slices_or_single_list" time="0.000"></testcase><testcase classname="tests.library_test.TestSlicesOr" name="test_slices_or_with_none" time="0.000"></testcase><testcase classname="tests.library_test.TestSlicesOr" name="test_slices_or_with_overlap" time="0.000"></testcase><testcase classname="tests.library_test.TestSlicesOverlap" name="test_slices_overlap" time="0.000"></testcase><testcase classname="tests.library_test.TestSlicesOverlapMerge" name="test_slices_overlap_extend_start" time="0.000"></testcase><testcase classname="tests.library_test.TestSlicesOverlapMerge" name="test_slices_overlap_extend_stop" time="0.000"></testcase><testcase classname="tests.library_test.TestSlicesOverlapMerge" name="test_slices_overlap_merge_basic" time="0.000"></testcase><testcase classname="tests.library_test.TestSlicesOverlapMerge" name="test_slices_overlap_merge_no_first" time="0.000"></testcase><testcase classname="tests.library_test.TestSlicesOverlapMerge" name="test_slices_overlap_merge_no_overlap" time="0.000"></testcase><testcase classname="tests.library_test.TestSlicesOverlapMerge" name="test_slices_overlap_merge_no_second" time="0.000"></testcase><testcase classname="tests.library_test.TestSlicesOverlay" name="test_slices_and" time="0.000"></testcase><testcase classname="tests.library_test.TestSlicesRemoveOverlaps" name="test_basic__duplicate_slices" time="0.000"></testcase><testcase classname="tests.library_test.TestSlicesRemoveOverlaps" name="test_basic__first_slice_longer" time="0.000"></testcase><testcase classname="tests.library_test.TestSlicesRemoveOverlaps" name="test_basic__longest_slice_overlapping_two" time="0.000"></testcase><testcase classname="tests.library_test.TestSlicesRemoveOverlaps" name="test_basic__second_slice_longer" time="0.000"></testcase><testcase classname="tests.library_test.TestSlicesRemoveOverlaps" name="test_complex" time="0.000"></testcase><testcase classname="tests.library_test.TestSlicesRemoveSmallGaps" name="test_slice_none_within_slices" time="0.000"></testcase><testcase classname="tests.library_test.TestSlicesRemoveSmallGaps" name="test_slice_removal" time="0.000"></testcase><testcase classname="tests.library_test.TestSlicesRemoveSmallGaps" name="test_slice_removal_big_freq" time="0.000"></testcase><testcase classname="tests.library_test.TestSlicesRemoveSmallGaps" name="test_slice_removal_big_time" time="0.000"></testcase><testcase classname="tests.library_test.TestSlicesRemoveSmallGaps" name="test_slice_removal_count_based" time="0.000"></testcase><testcase classname="tests.library_test.TestSlicesRemoveSmallGaps" name="test_slice_return_empty" time="0.000"></testcase><testcase classname="tests.library_test.TestSlicesRemoveSmallGaps" name="test_slice_return_none" time="0.000"></testcase><testcase classname="tests.library_test.TestSlicesRemoveSmallGaps" name="test_slice_return_single_slice" time="0.000"></testcase><testcase classname="tests.library_test.TestSlicesRemoveSmallGaps" name="test_unsorted_slices" time="0.000"></testcase><testcase classname="tests.library_test.TestSlicesRemoveSmallSlices" name="test_slice_removal" time="0.000"></testcase><testcase classname="tests.library_test.TestSlicesRemoveSmallSlices" name="test_slice_removal_count_set" time="0.000"></testcase><testcase classname="tests.library_test.TestSlicesRemoveSmallSlices" name="test_slice_removal_null_cases" time="0.000"></testcase><testcase classname="tests.library_test.TestSlicesRemoveSmallSlices" name="test_slice_removal_time_set" time="0.000"></testcase><testcase classname="tests.library_test.TestSlicesRemoveSmallSlices" name="test_slice_removal_time_set_different_freq" time="0.000"></testcase><testcase classname="tests.library_test.TestSlicesRound" name="test_slices_round" time="0.000"></testcase><testcase classname="tests.library_test.TestSmoothSignal" name="test_smooth_signal_bartlett" time="0.007"></testcase><testcase classname="tests.library_test.TestSmoothSignal" name="test_smooth_signal_blackman" time="0.002"></testcase><testcase classname="tests.library_test.TestSmoothSignal" name="test_smooth_signal_flat" time="0.002"></testcase><testcase classname="tests.library_test.TestSmoothSignal" name="test_smooth_signal_hamming" time="0.002"></testcase><testcase classname="tests.library_test.TestSmoothSignal" name="test_smooth_signal_hanning" time="0.002"></testcase><testcase classname="tests.library_test.TestSmoothTrack" name="test_smooth_track_latitude" time="0.001"></testcase><testcase classname="tests.library_test.TestSmoothTrack" name="test_smooth_track_longitude" time="0.001"></testcase><testcase classname="tests.library_test.TestSmoothTrack" name="test_smooth_track_sample_rate_change" time="0.001"></testcase><testcase classname="tests.library_test.TestSmoothTrack" name="test_smooth_track_speed" time="0.005"></testcase><testcase classname="tests.library_test.TestStepLocalCusp" name="test_step_cusp_basic" time="0.000"></testcase><testcase classname="tests.library_test.TestStepLocalCusp" name="test_step_cusp_downward" time="0.000"></testcase><testcase classname="tests.library_test.TestStepLocalCusp" name="test_step_cusp_level_start" time="0.000"></testcase><testcase classname="tests.library_test.TestStepLocalCusp" name="test_step_cusp_level_start_reverse" time="0.000"></testcase><testcase classname="tests.library_test.TestStepLocalCusp" name="test_step_cusp_negative_with_step" time="0.000"></testcase><testcase classname="tests.library_test.TestStepLocalCusp" name="test_step_cusp_short" time="0.000"></testcase><testcase classname="tests.library_test.TestStepLocalCusp" name="test_step_cusp_static" time="0.000"></testcase><testcase classname="tests.library_test.TestStepValues" name="test_flap_transition_real_data" time="0.042"></testcase><testcase classname="tests.library_test.TestStepValues" name="test_flap_transitions_in_masked_data_1" time="0.006"></testcase><testcase classname="tests.library_test.TestStepValues" name="test_flap_transitions_in_masked_data_2" time="0.012"></testcase><testcase classname="tests.library_test.TestStepValues" name="test_step_excluding_transition_real_data" time="0.007"></testcase><testcase classname="tests.library_test.TestStepValues" name="test_step_including_transition_edge_case" time="0.004"></testcase><testcase classname="tests.library_test.TestStepValues" name="test_step_including_transition_real_data" time="0.007"></testcase><testcase classname="tests.library_test.TestStepValues" name="test_step_inital_level" time="0.001"></testcase><testcase classname="tests.library_test.TestStepValues" name="test_step_leading_edge" time="0.008"></testcase><testcase classname="tests.library_test.TestStepValues" name="test_step_leading_edge_real_data" time="0.007"></testcase><testcase classname="tests.library_test.TestStepValues" name="test_step_leading_edge_skip_real_data" time="0.000"><skipped type="unittest.case.SkipTest" message="skip was used when creating Flap Lever from Flap Surface but this is no longer required."><![CDATA[Exception: skip was used when creating Flap Lever from Flap Surface but this is no longer required.
]]></skipped></testcase><testcase classname="tests.library_test.TestStepValues" name="test_step_midpoint_real_data" time="0.001"></testcase><testcase classname="tests.library_test.TestStepValues" name="test_step_move_start" time="0.003"></testcase><testcase classname="tests.library_test.TestStepValues" name="test_step_trailing_edge_masked_data" time="0.003"></testcase><testcase classname="tests.library_test.TestStepValues" name="test_step_trailing_edge_real_data" time="0.000"><skipped type="unittest.case.SkipTest" message="move_stop no longer in use"><![CDATA[Exception: move_stop no longer in use
]]></skipped></testcase><testcase classname="tests.library_test.TestStepValues" name="test_step_values" time="0.001"></testcase><testcase classname="tests.library_test.TestStepValues" name="test_step_values_masked_end" time="0.024"></testcase><testcase classname="tests.library_test.TestStraighten" name="test_offsets" time="0.002"></testcase><testcase classname="tests.library_test.TestStraightenAltitudes" name="test_alt_basic" time="0.001"></testcase><testcase classname="tests.library_test.TestStraightenAltitudes" name="test_alt_offset_from_coarse" time="0.001"></testcase><testcase classname="tests.library_test.TestStraightenAltitudes" name="test_alt_offset_from_coarse_just_first_sample" time="0.001"></testcase><testcase classname="tests.library_test.TestStraightenHeadings" name="test_straighten_headings" time="0.005"></testcase><testcase classname="tests.library_test.TestStraightenHeadings" name="test_straighten_headings_masked_rollover" time="0.002"></testcase><testcase classname="tests.library_test.TestStraightenHeadings" name="test_straighten_headings_starting_masked" time="0.002"></testcase><testcase classname="tests.library_test.TestStraightenLongitude" name="test_straighten_longitude_1_spike" time="0.003"></testcase><testcase classname="tests.library_test.TestStraightenLongitude" name="test_straighten_longitude_2_drop" time="0.004"></testcase><testcase classname="tests.library_test.TestStraightenLongitude" name="test_straighten_longitude_3" time="0.004"></testcase><testcase classname="tests.library_test.TestStraightenLongitude" name="test_straighten_longitude_4" time="0.006"></testcase><testcase classname="tests.library_test.TestStraightenLongitude" name="test_straighten_longitude_single_overflow" time="0.002"></testcase><testcase classname="tests.library_test.TestStraightenLongitude" name="test_straighten_longitude_single_overflow_and_return" time="0.002"></testcase><testcase classname="tests.library_test.TestStraightenLongitude" name="test_straighten_longitude_single_overflow_and_return_masked" time="0.002"></testcase><testcase classname="tests.library_test.TestStraightenLongitude" name="test_straighten_longitude_single_overflow_masked" time="0.002"></testcase><testcase classname="tests.library_test.TestStraightenLongitude" name="test_straighten_longitude_without_overflow" time="0.001"></testcase><testcase classname="tests.library_test.TestSubslice" name="test_subslice" time="0.000"></testcase><testcase classname="tests.library_test.TestSurfaceForLeverSynthetic" name="test_surface" time="0.005"><system-err><![CDATA[/usr/local/lib/python3.7/site-packages/numpy/ma/core.py:3171: FutureWarning: Using a non-tuple sequence for multidimensional indexing is deprecated; use `arr[tuple(seq)]` instead of `arr[seq]`. In the future this will be interpreted as an array index, `arr[np.array(seq)]`, which will result either in an error or a different result.
  dout = self.data[indx]
/usr/local/lib/python3.7/site-packages/numpy/ma/core.py:3327: FutureWarning: Using a non-tuple sequence for multidimensional indexing is deprecated; use `arr[tuple(seq)]` instead of `arr[seq]`. In the future this will be interpreted as an array index, `arr[np.array(seq)]`, which will result either in an error or a different result.
  _data[indx] = dval
/usr/local/lib/python3.7/site-packages/numpy/ma/core.py:3328: FutureWarning: Using a non-tuple sequence for multidimensional indexing is deprecated; use `arr[tuple(seq)]` instead of `arr[seq]`. In the future this will be interpreted as an array index, `arr[np.array(seq)]`, which will result either in an error or a different result.
  _mask[indx] = mval
]]></system-err></testcase><testcase classname="tests.library_test.TestTouchdownInertial" name="test_touchdown_inertial" time="0.000"><skipped type="unittest.case.SkipTest" message="Not Implemented"><![CDATA[Exception: Not Implemented
]]></skipped></testcase><testcase classname="tests.library_test.TestTrackLinking" name="test_track_linking_basic" time="0.001"></testcase><testcase classname="tests.library_test.TestTrimSlices" name="test_trim_slices" time="0.000"></testcase><testcase classname="tests.library_test.TestUniqueValue" name="test_no_valid_data" time="0.000"></testcase><testcase classname="tests.library_test.TestUniqueValue" name="test_unique_values" time="0.000"></testcase><testcase classname="tests.library_test.TestUniqueValue" name="test_unique_with_multistate" time="0.000"></testcase><testcase classname="tests.library_test.TestValueAtDatetime" name="test_value_at_datetime" time="0.001"></testcase><testcase classname="tests.library_test.TestValueAtIndex" name="test_value_at_index_basic" time="0.000"></testcase><testcase classname="tests.library_test.TestValueAtIndex" name="test_value_at_index_just_above_range" time="0.000"></testcase><testcase classname="tests.library_test.TestValueAtIndex" name="test_value_at_index_just_below_range" time="0.000"></testcase><testcase classname="tests.library_test.TestValueAtIndex" name="test_value_at_index_masked" time="0.000"></testcase><testcase classname="tests.library_test.TestValueAtIndex" name="test_value_at_index_masked_non_interpolated" time="0.000"></testcase><testcase classname="tests.library_test.TestValueAtIndex" name="test_value_at_index_non_interpolated" time="0.000"></testcase><testcase classname="tests.library_test.TestValueAtTime" name="test_value_at_time_assertion_just_below_range" time="0.000"></testcase><testcase classname="tests.library_test.TestValueAtTime" name="test_value_at_time_basic" time="0.000"></testcase><testcase classname="tests.library_test.TestValueAtTime" name="test_value_at_time_right_at_end_of_data" time="0.000"></testcase><testcase classname="tests.library_test.TestValueAtTime" name="test_value_at_time_right_at_start_of_data" time="0.000"></testcase><testcase classname="tests.library_test.TestValueAtTime" name="test_value_at_time_with_both_values_masked" time="0.000"></testcase><testcase classname="tests.library_test.TestValueAtTime" name="test_value_at_time_with_higher_value_masked" time="0.000"></testcase><testcase classname="tests.library_test.TestValueAtTime" name="test_value_at_time_with_lower_value_masked" time="0.000"></testcase><testcase classname="tests.library_test.TestValueAtTime" name="test_value_at_time_with_neither_value_masked" time="0.000"></testcase><testcase classname="tests.library_test.TestVstackParams" name="test_vstack_params" time="0.001"></testcase><testcase classname="tests.library_test.TestVstackParamsWhereState" name="test_vstack_only_one_param" time="0.002"></testcase><testcase classname="tests.library_test.TestWrapArray" name="test_wrap_array_heading" time="0.001"></testcase><testcase classname="tests.library_test.TestWrapArray" name="test_wrap_array_longitude" time="0.001"></testcase><testcase classname="tests.multistate_parameters_test.TestAPChannelsEngaged" name="test_can_operate" time="0.000"></testcase><testcase classname="tests.multistate_parameters_test.TestAPChannelsEngaged" name="test_dual_ap" time="0.001"></testcase><testcase classname="tests.multistate_parameters_test.TestAPChannelsEngaged" name="test_single_ap" time="0.001"></testcase><testcase classname="tests.multistate_parameters_test.TestAPChannelsEngaged" name="test_triple_ap" time="0.002"></testcase><testcase classname="tests.multistate_parameters_test.TestAPEngaged" name="test_can_operate" time="0.001"></testcase><testcase classname="tests.multistate_parameters_test.TestAPEngaged" name="test_dual_ap" time="0.001"></testcase><testcase classname="tests.multistate_parameters_test.TestAPEngaged" name="test_single_ap" time="0.001"></testcase><testcase classname="tests.multistate_parameters_test.TestAPEngaged" name="test_triple_ap" time="0.002"></testcase><testcase classname="tests.multistate_parameters_test.TestAPLateralMode" name="test_can_operate" time="0.000"></testcase><testcase classname="tests.multistate_parameters_test.TestAPLateralMode" name="test_derive_all" time="0.003"></testcase><testcase classname="tests.multistate_parameters_test.TestAPLateralMode" name="test_derive_lateral_mode_selected" time="0.001"></testcase><testcase classname="tests.multistate_parameters_test.TestAPUOn" name="test_can_operate" time="0.000"></testcase><testcase classname="tests.multistate_parameters_test.TestAPUOn" name="test_derive" time="0.002"></testcase><testcase classname="tests.multistate_parameters_test.TestAPURunning" name="test_can_operate" time="0.002"></testcase><testcase classname="tests.multistate_parameters_test.TestAPURunning" name="test_derive_apu_bleed_valve_open" time="0.001"></testcase><testcase classname="tests.multistate_parameters_test.TestAPURunning" name="test_derive_apu_fuel_flow" time="0.001"></testcase><testcase classname="tests.multistate_parameters_test.TestAPURunning" name="test_derive_apu_n1" time="0.001"></testcase><testcase classname="tests.multistate_parameters_test.TestAPURunning" name="test_derive_apu_on" time="0.001"></testcase><testcase classname="tests.multistate_parameters_test.TestAPURunning" name="test_derive_apu_voltage" time="0.001"></testcase><testcase classname="tests.multistate_parameters_test.TestAPVerticalMode" name="test_can_operate" time="0.000"></testcase><testcase classname="tests.multistate_parameters_test.TestAPVerticalMode" name="test_derive_all" time="0.006"></testcase><testcase classname="tests.multistate_parameters_test.TestAPVerticalMode" name="test_derive_longitudinal_mode_selected" time="0.002"></testcase><testcase classname="tests.multistate_parameters_test.TestConfiguration" name="test_can_operate" time="0.001"></testcase><testcase classname="tests.multistate_parameters_test.TestConfiguration" name="test_derive" time="0.002"></testcase><testcase classname="tests.multistate_parameters_test.TestDaylight" name="test_can_operate" time="0.001"></testcase><testcase classname="tests.multistate_parameters_test.TestDaylight" name="test_daylight_aligning" time="0.004"></testcase><testcase classname="tests.multistate_parameters_test.TestDaylight" name="test_father_christmas" time="0.002"></testcase><testcase classname="tests.multistate_parameters_test.TestDualInput" name="test_can_operate" time="0.001"></testcase><testcase classname="tests.multistate_parameters_test.TestDualInput" name="test_derive" time="0.008"></testcase><testcase classname="tests.multistate_parameters_test.TestDualInput" name="test_derive_from_hdf" time="0.020"></testcase><testcase classname="tests.multistate_parameters_test.TestDualInput" name="test_not_triggered_at_minimum_resolution" time="0.008"></testcase><testcase classname="tests.multistate_parameters_test.TestEngBleedOpen" name="test_can_operate" time="0.000"></testcase><testcase classname="tests.multistate_parameters_test.TestEngBleedOpen" name="test_derive" time="0.001"></testcase><testcase classname="tests.multistate_parameters_test.TestEngBleedOpen" name="test_derive_extra" time="0.001"></testcase><testcase classname="tests.multistate_parameters_test.TestEngRunning" name="test_can_operate" time="0.000"></testcase><testcase classname="tests.multistate_parameters_test.TestEngRunning" name="test_class_name" time="0.000"></testcase><testcase classname="tests.multistate_parameters_test.TestEngRunning" name="test_determine_running" time="0.000"></testcase><testcase classname="tests.multistate_parameters_test.TestEngThrustModeRequired" name="test_can_operate" time="0.000"></testcase><testcase classname="tests.multistate_parameters_test.TestEngThrustModeRequired" name="test_derive_four_params" time="0.001"></testcase><testcase classname="tests.multistate_parameters_test.TestEngThrustModeRequired" name="test_derive_one_param" time="0.001"></testcase><testcase classname="tests.multistate_parameters_test.TestEng_1_Fire" name="test_can_operate" time="0.000"></testcase><testcase classname="tests.multistate_parameters_test.TestEng_1_Fire" name="test_derive" time="0.004"></testcase><testcase classname="tests.multistate_parameters_test.TestEng_2_Fire" name="test_can_operate" time="0.000"></testcase><testcase classname="tests.multistate_parameters_test.TestEng_2_Fire" name="test_derive" time="0.004"></testcase><testcase classname="tests.multistate_parameters_test.TestEng_3_Fire" name="test_can_operate" time="0.000"></testcase><testcase classname="tests.multistate_parameters_test.TestEng_3_Fire" name="test_derive" time="0.004"></testcase><testcase classname="tests.multistate_parameters_test.TestEng_4_Fire" name="test_can_operate" time="0.000"></testcase><testcase classname="tests.multistate_parameters_test.TestEng_4_Fire" name="test_derive" time="0.004"></testcase><testcase classname="tests.multistate_parameters_test.TestEng_AllRunning" name="test_can_operate" time="0.000"></testcase><testcase classname="tests.multistate_parameters_test.TestEng_AllRunning" name="test_derive_ff_only" time="0.001"></testcase><testcase classname="tests.multistate_parameters_test.TestEng_AllRunning" name="test_derive_n1_only" time="0.001"></testcase><testcase classname="tests.multistate_parameters_test.TestEng_AllRunning" name="test_derive_n2_ff" time="0.001"></testcase><testcase classname="tests.multistate_parameters_test.TestEng_AllRunning" name="test_derive_n2_only" time="0.001"></testcase><testcase classname="tests.multistate_parameters_test.TestEng_AllRunning" name="test_derive_np_only" time="0.001"></testcase><testcase classname="tests.multistate_parameters_test.TestEng_AnyRunning" name="test_can_operate" time="0.000"></testcase><testcase classname="tests.multistate_parameters_test.TestEng_AnyRunning" name="test_derive_ff_only" time="0.001"></testcase><testcase classname="tests.multistate_parameters_test.TestEng_AnyRunning" name="test_derive_n1_only" time="0.001"></testcase><testcase classname="tests.multistate_parameters_test.TestEng_AnyRunning" name="test_derive_n2_ff" time="0.001"></testcase><testcase classname="tests.multistate_parameters_test.TestEng_AnyRunning" name="test_derive_n2_only" time="0.001"></testcase><testcase classname="tests.multistate_parameters_test.TestEng_AnyRunning" name="test_derive_np_only" time="0.001"></testcase><testcase classname="tests.multistate_parameters_test.TestEng_Fire" name="test_can_operate" time="0.017"></testcase><testcase classname="tests.multistate_parameters_test.TestEng_Fire" name="test_derive" time="0.000"><skipped type="unittest.case.SkipTest" message="Test Not Implemented"><![CDATA[Exception: Test Not Implemented
]]></skipped></testcase><testcase classname="tests.multistate_parameters_test.TestEng_Oil_Press_Warning" name="test_can_operate" time="0.001"></testcase><testcase classname="tests.multistate_parameters_test.TestEng_Oil_Press_Warning" name="test_derive" time="0.001"></testcase><testcase classname="tests.multistate_parameters_test.TestEng_Oil_Press_Warning" name="test_derive_extra" time="0.001"></testcase><testcase classname="tests.multistate_parameters_test.TestEventMarker" name="test_can_operate" time="0.001"></testcase><testcase classname="tests.multistate_parameters_test.TestEventMarker" name="test_derive" time="0.000"><skipped type="unittest.case.SkipTest" message="Test Not Implemented"><![CDATA[Exception: Test Not Implemented
]]></skipped></testcase><testcase classname="tests.multistate_parameters_test.TestFlap" name="test_can_operate" time="0.001"></testcase><testcase classname="tests.multistate_parameters_test.TestFlap" name="test_derive" time="0.009"></testcase><testcase classname="tests.multistate_parameters_test.TestFlap" name="test_derive__beechcraft" time="0.003"></testcase><testcase classname="tests.multistate_parameters_test.TestFlap" name="test_derive__c208" time="0.001"></testcase><testcase classname="tests.multistate_parameters_test.TestFlap" name="test_derive__citation" time="0.001"></testcase><testcase classname="tests.multistate_parameters_test.TestFlap" name="test_derive__flap_1_2" time="0.012"></testcase><testcase classname="tests.multistate_parameters_test.TestFlap" name="test_derive__hercules" time="0.003"></testcase><testcase classname="tests.multistate_parameters_test.TestFlapExcludingTransition" name="test_can_operate" time="0.001"></testcase><testcase classname="tests.multistate_parameters_test.TestFlapExcludingTransition" name="test_derive" time="0.004"></testcase><testcase classname="tests.multistate_parameters_test.TestFlapExcludingTransition" name="test_derive__flap_1_2" time="0.019"></testcase><testcase classname="tests.multistate_parameters_test.TestFlapIncludingTransition" name="test_can_operate" time="0.001"></testcase><testcase classname="tests.multistate_parameters_test.TestFlapIncludingTransition" name="test_derive" time="0.008"></testcase><testcase classname="tests.multistate_parameters_test.TestFlapIncludingTransition" name="test_derive__recorded_flap" time="0.002"></testcase><testcase classname="tests.multistate_parameters_test.TestFlapIncludingTransition" name="test_derive__single_point" time="0.014"></testcase><testcase classname="tests.multistate_parameters_test.TestFlapLever" name="test_can_operate" time="0.000"></testcase><testcase classname="tests.multistate_parameters_test.TestFlapLever" name="test_derive" time="0.000"><skipped type="unittest.case.SkipTest" message="Test not implemented."><![CDATA[Exception: Test not implemented.
]]></skipped></testcase><testcase classname="tests.multistate_parameters_test.TestFlapLeverSynthetic" name="test_can_operate" time="0.002"></testcase><testcase classname="tests.multistate_parameters_test.TestFlapLeverSynthetic" name="test_derive__a330" time="0.007"></testcase><testcase classname="tests.multistate_parameters_test.TestFlapLeverSynthetic" name="test_derive__b737ng" time="0.009"></testcase><testcase classname="tests.multistate_parameters_test.TestFlapLeverSynthetic" name="test_derive__crj900" time="0.011"></testcase><testcase classname="tests.multistate_parameters_test.TestFlapLeverSynthetic" name="test_derive__e170" time="0.006"></testcase><testcase classname="tests.multistate_parameters_test.TestFlaperon" name="test_can_operate" time="0.000"></testcase><testcase classname="tests.multistate_parameters_test.TestFlaperon" name="test_derive" time="0.033"></testcase><testcase classname="tests.multistate_parameters_test.TestFuelQtyLow" name="test_can_operate" time="0.001"></testcase><testcase classname="tests.multistate_parameters_test.TestFuelQtyLow" name="test_derive_fuel_qty_low_warning" time="0.001"></testcase><testcase classname="tests.multistate_parameters_test.TestFuelQtyLow" name="test_derive_fuel_qty_low_warning_two_params" time="0.001"></testcase><testcase classname="tests.multistate_parameters_test.TestGearDown" name="test_can_operate" time="0.001"></testcase><testcase classname="tests.multistate_parameters_test.TestGearDown" name="test_derive__down_sel_down_in_transit" time="0.007"></testcase><testcase classname="tests.multistate_parameters_test.TestGearDown" name="test_derive__gear_position" time="0.007"></testcase><testcase classname="tests.multistate_parameters_test.TestGearDownInTransit" name="test_can_operate" time="0.006"></testcase><testcase classname="tests.multistate_parameters_test.TestGearDownInTransit" name="test_derive__down_sel_gear_down" time="0.009"></testcase><testcase classname="tests.multistate_parameters_test.TestGearDownInTransit" name="test_derive__down_sel_gear_in_transit" time="0.009"></testcase><testcase classname="tests.multistate_parameters_test.TestGearDownInTransit" name="test_derive__down_sel_red_warning" time="0.008"></testcase><testcase classname="tests.multistate_parameters_test.TestGearDownInTransit" name="test_derive__down_sel_transition_time" time="0.008"></testcase><testcase classname="tests.multistate_parameters_test.TestGearDownInTransit" name="test_derive__gear_down_gear_in_transit" time="0.009"></testcase><testcase classname="tests.multistate_parameters_test.TestGearDownInTransit" name="test_derive__gear_down_gear_up" time="0.009"></testcase><testcase classname="tests.multistate_parameters_test.TestGearDownInTransit" name="test_derive__gear_down_red_warning" time="0.009"></testcase><testcase classname="tests.multistate_parameters_test.TestGearDownInTransit" name="test_derive__gear_down_red_warning_B737_classic" time="0.009"></testcase><testcase classname="tests.multistate_parameters_test.TestGearDownInTransit" name="test_derive__gear_down_transition_time" time="0.008"></testcase><testcase classname="tests.multistate_parameters_test.TestGearDownInTransit" name="test_derive__gear_position" time="0.009"></testcase><testcase classname="tests.multistate_parameters_test.TestGearDownInTransit" name="test_derive__gear_up_gear_in_transit" time="0.009"></testcase><testcase classname="tests.multistate_parameters_test.TestGearDownInTransit" name="test_derive__gear_up_red_warning" time="0.009"></testcase><testcase classname="tests.multistate_parameters_test.TestGearDownInTransit" name="test_derive__gear_up_transition_time" time="0.008"></testcase><testcase classname="tests.multistate_parameters_test.TestGearDownSelected" name="test_can_operate" time="0.001"></testcase><testcase classname="tests.multistate_parameters_test.TestGearDownSelected" name="test_derive__up_sel" time="0.007"></testcase><testcase classname="tests.multistate_parameters_test.TestGearInTransit" name="test_can_operate" time="0.001"></testcase><testcase classname="tests.multistate_parameters_test.TestGearInTransit" name="test_derive" time="0.007"></testcase><testcase classname="tests.multistate_parameters_test.TestGearOnGround" name="test_can_operate" time="0.000"></testcase><testcase classname="tests.multistate_parameters_test.TestGearOnGround" name="test_gear_on_ground_basic" time="0.003"></testcase><testcase classname="tests.multistate_parameters_test.TestGearOnGround" name="test_gear_on_ground_common_word" time="0.003"></testcase><testcase classname="tests.multistate_parameters_test.TestGearOnGround" name="test_gear_on_ground_left_only" time="0.003"></testcase><testcase classname="tests.multistate_parameters_test.TestGearOnGround" name="test_gear_on_ground_right_only" time="0.003"></testcase><testcase classname="tests.multistate_parameters_test.TestGearUp" name="test_can_operate" time="0.001"></testcase><testcase classname="tests.multistate_parameters_test.TestGearUp" name="test_derive__gear_position" time="0.007"></testcase><testcase classname="tests.multistate_parameters_test.TestGearUp" name="test_derive__up_sel_up_in_transit" time="0.008"></testcase><testcase classname="tests.multistate_parameters_test.TestGearUpInTransit" name="test_can_operate" time="0.006"></testcase><testcase classname="tests.multistate_parameters_test.TestGearUpInTransit" name="test_derive__gear_down_gear_in_transit" time="0.009"></testcase><testcase classname="tests.multistate_parameters_test.TestGearUpInTransit" name="test_derive__gear_down_gear_in_transit_overlap" time="0.009"></testcase><testcase classname="tests.multistate_parameters_test.TestGearUpInTransit" name="test_derive__gear_down_gear_up" time="0.009"></testcase><testcase classname="tests.multistate_parameters_test.TestGearUpInTransit" name="test_derive__gear_down_red_warn" time="0.009"></testcase><testcase classname="tests.multistate_parameters_test.TestGearUpInTransit" name="test_derive__gear_down_red_warn_B737_classic" time="0.008"></testcase><testcase classname="tests.multistate_parameters_test.TestGearUpInTransit" name="test_derive__gear_down_transition_time" time="0.008"></testcase><testcase classname="tests.multistate_parameters_test.TestGearUpInTransit" name="test_derive__gear_position" time="0.008"></testcase><testcase classname="tests.multistate_parameters_test.TestGearUpInTransit" name="test_derive__gear_up_gear_in_transit" time="0.009"></testcase><testcase classname="tests.multistate_parameters_test.TestGearUpInTransit" name="test_derive__gear_up_red_warn" time="0.008"></testcase><testcase classname="tests.multistate_parameters_test.TestGearUpInTransit" name="test_derive__gear_up_transition_time" time="0.008"></testcase><testcase classname="tests.multistate_parameters_test.TestGearUpInTransit" name="test_derive__up_sel_gear_in_transit" time="0.008"></testcase><testcase classname="tests.multistate_parameters_test.TestGearUpInTransit" name="test_derive__up_sel_gear_up" time="0.008"></testcase><testcase classname="tests.multistate_parameters_test.TestGearUpInTransit" name="test_derive__up_sel_red_warn" time="0.008"></testcase><testcase classname="tests.multistate_parameters_test.TestGearUpInTransit" name="test_derive__up_sel_transition_time" time="0.008"></testcase><testcase classname="tests.multistate_parameters_test.TestGearUpSelected" name="test_can_operate" time="0.001"></testcase><testcase classname="tests.multistate_parameters_test.TestGearUpSelected" name="test_derive__down_down_in_transit" time="0.007"></testcase><testcase classname="tests.multistate_parameters_test.TestGearUpSelected" name="test_derive__up_up_in_transit" time="0.007"></testcase><testcase classname="tests.multistate_parameters_test.TestGear_RedWarning" name="test_can_operate" time="0.000"></testcase><testcase classname="tests.multistate_parameters_test.TestGear_RedWarning" name="test_derive" time="0.002"></testcase><testcase classname="tests.multistate_parameters_test.TestKeyVHFCapt" name="test_can_operate" time="0.001"></testcase><testcase classname="tests.multistate_parameters_test.TestKeyVHFCapt" name="test_derive" time="0.000"><skipped type="unittest.case.SkipTest" message="Test Not Implemented"><![CDATA[Exception: Test Not Implemented
]]></skipped></testcase><testcase classname="tests.multistate_parameters_test.TestKeyVHFFO" name="test_can_operate" time="0.001"></testcase><testcase classname="tests.multistate_parameters_test.TestKeyVHFFO" name="test_derive" time="0.000"><skipped type="unittest.case.SkipTest" message="Test Not Implemented"><![CDATA[Exception: Test Not Implemented
]]></skipped></testcase><testcase classname="tests.multistate_parameters_test.TestMasterCaution" name="test_can_operate" time="0.001"></testcase><testcase classname="tests.multistate_parameters_test.TestMasterCaution" name="test_derive" time="0.004"></testcase><testcase classname="tests.multistate_parameters_test.TestMasterWarning" name="test_can_operate" time="0.000"></testcase><testcase classname="tests.multistate_parameters_test.TestMasterWarning" name="test_derive" time="0.004"></testcase><testcase classname="tests.multistate_parameters_test.TestMasterWarning" name="test_derive_single" time="0.004"></testcase><testcase classname="tests.multistate_parameters_test.TestPackValvesOpen" name="test_can_operate" time="0.000"></testcase><testcase classname="tests.multistate_parameters_test.TestPackValvesOpen" name="test_derive" time="0.000"><skipped type="unittest.case.SkipTest" message="Test Not Implemented"><![CDATA[Exception: Test Not Implemented
]]></skipped></testcase><testcase classname="tests.multistate_parameters_test.TestPilotFlying" name="test_can_operate" time="0.000"></testcase><testcase classname="tests.multistate_parameters_test.TestPilotFlying" name="test_derive" time="0.010"></testcase><testcase classname="tests.multistate_parameters_test.TestPitchAlternateLaw" name="test_can_operate" time="0.001"></testcase><testcase classname="tests.multistate_parameters_test.TestPitchAlternateLaw" name="test_derive" time="0.000"><skipped type="unittest.case.SkipTest" message="Test Not Implemented"><![CDATA[Exception: Test Not Implemented
]]></skipped></testcase><testcase classname="tests.multistate_parameters_test.TestPitchAlternateLaw" name="test_derive_basic" time="0.004"></testcase><testcase classname="tests.multistate_parameters_test.TestSlat" name="test_can_operate" time="0.001"></testcase><testcase classname="tests.multistate_parameters_test.TestSlat" name="test_derive" time="0.003"></testcase><testcase classname="tests.multistate_parameters_test.TestSlatExcludingTransition" name="test_can_operate" time="0.001"></testcase><testcase classname="tests.multistate_parameters_test.TestSlatExcludingTransition" name="test_derive" time="0.002"></testcase><testcase classname="tests.multistate_parameters_test.TestSlatFullyExtended" name="test_can_operate" time="0.017"></testcase><testcase classname="tests.multistate_parameters_test.TestSlatFullyExtended" name="test_derive" time="0.002"></testcase><testcase classname="tests.multistate_parameters_test.TestSlatFullyExtended" name="test_derive_masked_value" time="0.002"></testcase><testcase classname="tests.multistate_parameters_test.TestSlatInTransit" name="test_can_operate" time="0.018"></testcase><testcase classname="tests.multistate_parameters_test.TestSlatInTransit" name="test_derive" time="0.002"></testcase><testcase classname="tests.multistate_parameters_test.TestSlatInTransit" name="test_derive_masked_value" time="0.002"></testcase><testcase classname="tests.multistate_parameters_test.TestSlatIncludingTransition" name="test_can_operate" time="0.001"></testcase><testcase classname="tests.multistate_parameters_test.TestSlatIncludingTransition" name="test_derive" time="0.004"></testcase><testcase classname="tests.multistate_parameters_test.TestSlatPartExtended" name="test_can_operate" time="0.017"></testcase><testcase classname="tests.multistate_parameters_test.TestSlatPartExtended" name="test_derive" time="0.002"></testcase><testcase classname="tests.multistate_parameters_test.TestSlatPartExtended" name="test_derive_masked_value" time="0.001"></testcase><testcase classname="tests.multistate_parameters_test.TestSlatRetracted" name="test_can_operate" time="0.017"></testcase><testcase classname="tests.multistate_parameters_test.TestSlatRetracted" name="test_derive" time="0.002"></testcase><testcase classname="tests.multistate_parameters_test.TestSlatRetracted" name="test_derive_masked_value" time="0.002"></testcase><testcase classname="tests.multistate_parameters_test.TestSmokeWarning" name="test_can_operate" time="0.000"><skipped type="unittest.case.SkipTest" message="Taking too long generating all 2,097,151 combinations"><![CDATA[Exception: Taking too long generating all 2,097,151 combinations
]]></skipped></testcase><testcase classname="tests.multistate_parameters_test.TestSmokeWarning" name="test_can_operate_simple" time="0.003"></testcase><testcase classname="tests.multistate_parameters_test.TestSmokeWarning" name="test_derive" time="0.002"></testcase><testcase classname="tests.multistate_parameters_test.TestSpeedControl" name="test_can_operate" time="0.004"></testcase><testcase classname="tests.multistate_parameters_test.TestSpeedControl" name="test_derive" time="0.001"></testcase><testcase classname="tests.multistate_parameters_test.TestSpeedbrakeDeployed" name="test_can_operate" time="0.000"></testcase><testcase classname="tests.multistate_parameters_test.TestSpeedbrakeDeployed" name="test_derive" time="0.002"></testcase><testcase classname="tests.multistate_parameters_test.TestSpeedbrakeDeployed" name="test_derive_ignore_single_value" time="0.002"></testcase><testcase classname="tests.multistate_parameters_test.TestSpeedbrakeDeployed" name="test_derive_masked_value" time="0.002"></testcase><testcase classname="tests.multistate_parameters_test.TestSpeedbrakeDeployed" name="test_derive_spoiler_angle" time="0.001"></testcase><testcase classname="tests.multistate_parameters_test.TestSpeedbrakeDeployed" name="test_derive_spoiler_pair_angle_1" time="0.002"></testcase><testcase classname="tests.multistate_parameters_test.TestSpeedbrakeDeployed" name="test_derive_spoiler_pair_angle_2" time="0.001"></testcase><testcase classname="tests.multistate_parameters_test.TestSpeedbrakeSelected" name="test_b737_speedbrake" time="0.002"></testcase><testcase classname="tests.multistate_parameters_test.TestSpeedbrakeSelected" name="test_b787_speedbrake" time="0.002"></testcase><testcase classname="tests.multistate_parameters_test.TestSpeedbrakeSelected" name="test_bd100_speedbrake" time="0.004"></testcase><testcase classname="tests.multistate_parameters_test.TestSpeedbrakeSelected" name="test_can_operate" time="0.001"></testcase><testcase classname="tests.multistate_parameters_test.TestSpeedbrakeSelected" name="test_derive" time="0.001"></testcase><testcase classname="tests.multistate_parameters_test.TestSpeedbrakeSelected" name="test_derive_from_armed_and_speedbrake" time="0.002"></testcase><testcase classname="tests.multistate_parameters_test.TestSpeedbrakeSelected" name="test_derive_from_handle" time="0.002"></testcase><testcase classname="tests.multistate_parameters_test.TestSpeedbrakeSelected" name="test_derive_from_handle_mask_below_armed" time="0.001"></testcase><testcase classname="tests.multistate_parameters_test.TestStableApproach" name="test_can_operate" time="0.103"></testcase><testcase classname="tests.multistate_parameters_test.TestStableApproach" name="test_stable_approach" time="0.014"></testcase><testcase classname="tests.multistate_parameters_test.TestStableApproach" name="test_with_real_data" time="0.015"></testcase><testcase classname="tests.multistate_parameters_test.TestStableApproachExcludingEngThrust" name="test_can_operate" time="0.013"></testcase><testcase classname="tests.multistate_parameters_test.TestStableApproachExcludingEngThrust" name="test_stable_approach" time="0.013"></testcase><testcase classname="tests.multistate_parameters_test.TestStableApproachExcludingEngThrust" name="test_with_real_data" time="0.007"></testcase><testcase classname="tests.multistate_parameters_test.TestStallWarning" name="test_can_operate" time="0.000"></testcase><testcase classname="tests.multistate_parameters_test.TestStallWarning" name="test_derive" time="0.002"></testcase><testcase classname="tests.multistate_parameters_test.TestStickPusher" name="test_can_operate" time="0.000"></testcase><testcase classname="tests.multistate_parameters_test.TestStickPusher" name="test_derive" time="0.004"></testcase><testcase classname="tests.multistate_parameters_test.TestStickPusher" name="test_single_source" time="0.003"></testcase><testcase classname="tests.multistate_parameters_test.TestStickShaker" name="test_can_operate" time="0.000"></testcase><testcase classname="tests.multistate_parameters_test.TestStickShaker" name="test_derive" time="0.002"></testcase><testcase classname="tests.multistate_parameters_test.TestStickShaker" name="test_not_777" time="0.000"></testcase><testcase classname="tests.multistate_parameters_test.TestStickShaker" name="test_single_source" time="0.004"></testcase><testcase classname="tests.multistate_parameters_test.TestTAWSAlert" name="test_can_operate" time="0.001"></testcase><testcase classname="tests.multistate_parameters_test.TestTAWSAlert" name="test_derive" time="0.002"></testcase><testcase classname="tests.multistate_parameters_test.TestTAWSAlert" name="test_derive_masked_values" time="0.002"></testcase><testcase classname="tests.multistate_parameters_test.TestTAWSAlert" name="test_derive_zeros" time="0.002"></testcase><testcase classname="tests.multistate_parameters_test.TestTAWSDontSink" name="test_can_operate" time="0.000"></testcase><testcase classname="tests.multistate_parameters_test.TestTAWSDontSink" name="test_derive" time="0.000"><skipped type="unittest.case.SkipTest" message="Test Not Implemented"><![CDATA[Exception: Test Not Implemented
]]></skipped></testcase><testcase classname="tests.multistate_parameters_test.TestTAWSGlideslopeCancel" name="test_can_operate" time="0.000"></testcase><testcase classname="tests.multistate_parameters_test.TestTAWSGlideslopeCancel" name="test_derive" time="0.000"><skipped type="unittest.case.SkipTest" message="Test Not Implemented"><![CDATA[Exception: Test Not Implemented
]]></skipped></testcase><testcase classname="tests.multistate_parameters_test.TestTAWSTooLowGear" name="test_can_operate" time="0.000"></testcase><testcase classname="tests.multistate_parameters_test.TestTAWSTooLowGear" name="test_derive" time="0.000"><skipped type="unittest.case.SkipTest" message="Test Not Implemented"><![CDATA[Exception: Test Not Implemented
]]></skipped></testcase><testcase classname="tests.multistate_parameters_test.TestTCASFailure" name="test_can_operate" time="0.000"></testcase><testcase classname="tests.multistate_parameters_test.TestTCASFailure" name="test_derive" time="0.000"><skipped type="unittest.case.SkipTest" message="Test Not Implemented"><![CDATA[Exception: Test Not Implemented
]]></skipped></testcase><testcase classname="tests.multistate_parameters_test.TestTCASRA" name="test_can_operate" time="0.000"></testcase><testcase classname="tests.multistate_parameters_test.TestTCASRA" name="test_derive" time="0.000"><skipped type="unittest.case.SkipTest" message="Test Not Implemented"><![CDATA[Exception: Test Not Implemented
]]></skipped></testcase><testcase classname="tests.multistate_parameters_test.TestTakeoffConfigurationWarning" name="test_can_operate" time="0.001"></testcase><testcase classname="tests.multistate_parameters_test.TestTakeoffConfigurationWarning" name="test_derive_basic" time="0.000"><skipped type="unittest.case.SkipTest" message="Test Not Implemented"><![CDATA[Exception: Test Not Implemented
]]></skipped></testcase><testcase classname="tests.multistate_parameters_test.TestThrustReversers" name="test_can_operate" time="0.000"><skipped type="unittest.case.SkipTest" message="Test Not Implemented"><![CDATA[Exception: Test Not Implemented
]]></skipped></testcase><testcase classname="tests.multistate_parameters_test.TestThrustReversers" name="test_derive" time="0.003"></testcase><testcase classname="tests.multistate_parameters_test.TestThrustReversers" name="test_derive_in_transit_avaliable" time="0.003"></testcase><testcase classname="tests.multistate_parameters_test.TestThrustReversers" name="test_derive_masked_value" time="0.003"></testcase><testcase classname="tests.multistate_parameters_test.TestThrustReversers" name="test_derive_unlock_at_edges" time="0.003"></testcase><testcase classname="tests.multistate_parameters_test.TestTransmitting" name="test_can_operate" time="0.003"></testcase><testcase classname="tests.multistate_parameters_test.TestTransmitting" name="test_derive_multiple" time="0.001"></testcase><testcase classname="tests.multistate_parameters_test.TestTransmitting" name="test_derive_single" time="0.011"></testcase><testcase classname="tests.node_test.TestApproachNode" name="test__check_type" time="0.000"></testcase><testcase classname="tests.node_test.TestApproachNode" name="test_create_approach" time="0.000"></testcase><testcase classname="tests.node_test.TestApproachNode" name="test_get_aligned" time="0.000"></testcase><testcase classname="tests.node_test.TestApproachNode" name="test_get_aligned_empty" time="0.000"></testcase><testcase classname="tests.node_test.TestApproachNode" name="test_get_methods" time="0.000"></testcase><testcase classname="tests.node_test.TestApproachNode" name="test_get_ordered_by_index" time="0.000"></testcase><testcase classname="tests.node_test.TestApproachNode" name="test_get_previous" time="0.000"></testcase><testcase classname="tests.node_test.TestAttribute" name="test___eq__" time="0.000"></testcase><testcase classname="tests.node_test.TestAttribute" name="test___lt__" time="0.000"></testcase><testcase classname="tests.node_test.TestAttribute" name="test___ne__" time="0.000"></testcase><testcase classname="tests.node_test.TestCalculateOffset" name="test_calculate_offset" time="0.000"></testcase><testcase classname="tests.node_test.TestDerivedParameterNode" name="test_force_masked_array" time="0.000"></testcase><testcase classname="tests.node_test.TestDerivedParameterNode" name="test_frequency" time="0.000"><skipped type="unittest.case.SkipTest" message="Not Implemented"><![CDATA[Exception: Not Implemented
]]></skipped></testcase><testcase classname="tests.node_test.TestDerivedParameterNode" name="test_get_derived_aligns" time="0.000"></testcase><testcase classname="tests.node_test.TestDerivedParameterNode" name="test_get_derived_discrete_align" time="0.001"></testcase><testcase classname="tests.node_test.TestDerivedParameterNode" name="test_get_derived_unaligned" time="0.000"></testcase><testcase classname="tests.node_test.TestDerivedParameterNode" name="test_offset" time="0.000"><skipped type="unittest.case.SkipTest" message="Not Implemented"><![CDATA[Exception: Not Implemented
]]></skipped></testcase><testcase classname="tests.node_test.TestDerivedParameterNode" name="test_parameter_at" time="0.000"></testcase><testcase classname="tests.node_test.TestDerivedParameterNode" name="test_save_and_load_node" time="0.033"><system-out><![CDATA[7.8KB
44.3KB
]]></system-out></testcase><testcase classname="tests.node_test.TestDerivedParameterNode" name="test_slices_above" time="0.001"></testcase><testcase classname="tests.node_test.TestDerivedParameterNode" name="test_slices_below" time="0.001"></testcase><testcase classname="tests.node_test.TestDerivedParameterNode" name="test_slices_between" time="0.000"></testcase><testcase classname="tests.node_test.TestDerivedParameterNode" name="test_slices_from_to" time="0.000"></testcase><testcase classname="tests.node_test.TestDerivedParameterNode" name="test_slices_to_kti_overlapping_periods" time="0.001"></testcase><testcase classname="tests.node_test.TestDerivedParameterNode" name="test_slices_to_touchdown_basic" time="0.001"></testcase><testcase classname="tests.node_test.TestDerivedParameterNode" name="test_slices_to_touchdown_early" time="0.001"></testcase><testcase classname="tests.node_test.TestDerivedParameterNode" name="test_slices_to_touchdown_outside_range" time="0.001"></testcase><testcase classname="tests.node_test.TestFlightAttributeNode" name="test_nonzero_attribute" time="0.000"></testcase><testcase classname="tests.node_test.TestFlightAttributeNode" name="test_nonzero_flight_attr_node" time="0.000"></testcase><testcase classname="tests.node_test.TestFormattedNameNode" name="test__validate_name" time="0.011"></testcase><testcase classname="tests.node_test.TestFormattedNameNode" name="test_get" time="0.001"></testcase><testcase classname="tests.node_test.TestFormattedNameNode" name="test_get_first" time="0.001"></testcase><testcase classname="tests.node_test.TestFormattedNameNode" name="test_get_last" time="0.000"></testcase><testcase classname="tests.node_test.TestFormattedNameNode" name="test_get_named" time="0.000"></testcase><testcase classname="tests.node_test.TestFormattedNameNode" name="test_get_next" time="0.000"></testcase><testcase classname="tests.node_test.TestFormattedNameNode" name="test_get_ordered_by_index" time="0.000"></testcase><testcase classname="tests.node_test.TestFormattedNameNode" name="test_get_previous" time="0.000"></testcase><testcase classname="tests.node_test.TestFormattedNameNode" name="test_initial_items_storage" time="0.000"></testcase><testcase classname="tests.node_test.TestFormattedNameNode" name="test_names" time="0.000"></testcase><testcase classname="tests.node_test.TestFormattedNameNode" name="test_no_name_uses_node_name" time="0.000"></testcase><testcase classname="tests.node_test.TestKeyPointValueNode" name="test__get_slice_edges" time="0.000"></testcase><testcase classname="tests.node_test.TestKeyPointValueNode" name="test__get_slices" time="0.000"></testcase><testcase classname="tests.node_test.TestKeyPointValueNode" name="test_create_kpv" time="0.001"></testcase><testcase classname="tests.node_test.TestKeyPointValueNode" name="test_create_kpv_between_indexes" time="0.001"></testcase><testcase classname="tests.node_test.TestKeyPointValueNode" name="test_create_kpv_from_slices" time="0.002"></testcase><testcase classname="tests.node_test.TestKeyPointValueNode" name="test_create_kpv_outside_slices" time="0.001"></testcase><testcase classname="tests.node_test.TestKeyPointValueNode" name="test_create_kpvs_at_ktis" time="0.001"></testcase><testcase classname="tests.node_test.TestKeyPointValueNode" name="test_create_kpvs_at_ktis_multistate" time="0.001"></testcase><testcase classname="tests.node_test.TestKeyPointValueNode" name="test_create_kpvs_at_ktis_suppressed_zeros" time="0.001"></testcase><testcase classname="tests.node_test.TestKeyPointValueNode" name="test_create_kpvs_between_ktis" time="0.001"></testcase><testcase classname="tests.node_test.TestKeyPointValueNode" name="test_create_kpvs_from_slice_durations_basic" time="0.001"></testcase><testcase classname="tests.node_test.TestKeyPointValueNode" name="test_create_kpvs_from_slice_durations_faster_samples" time="0.001"></testcase><testcase classname="tests.node_test.TestKeyPointValueNode" name="test_create_kpvs_from_slice_durations_slower_samples" time="0.000"></testcase><testcase classname="tests.node_test.TestKeyPointValueNode" name="test_create_kpvs_where_in_empty_list" time="0.001"></testcase><testcase classname="tests.node_test.TestKeyPointValueNode" name="test_create_kpvs_where_in_empty_slice" time="0.001"></testcase><testcase classname="tests.node_test.TestKeyPointValueNode" name="test_create_kpvs_where_in_list_of_slices" time="0.001"></testcase><testcase classname="tests.node_test.TestKeyPointValueNode" name="test_create_kpvs_where_in_section" time="0.001"></testcase><testcase classname="tests.node_test.TestKeyPointValueNode" name="test_create_kpvs_where_in_section_node" time="0.001"></testcase><testcase classname="tests.node_test.TestKeyPointValueNode" name="test_create_kpvs_where_in_slice" time="0.001"></testcase><testcase classname="tests.node_test.TestKeyPointValueNode" name="test_create_kpvs_where_state" time="0.001"></testcase><testcase classname="tests.node_test.TestKeyPointValueNode" name="test_create_kpvs_where_state_different_frequency" time="0.001"></testcase><testcase classname="tests.node_test.TestKeyPointValueNode" name="test_create_kpvs_where_state_excluding_front_edge" time="0.001"></testcase><testcase classname="tests.node_test.TestKeyPointValueNode" name="test_create_kpvs_within_slices" time="0.001"></testcase><testcase classname="tests.node_test.TestKeyPointValueNode" name="test_create_kpvs_within_slices_duration_test" time="0.001"></testcase><testcase classname="tests.node_test.TestKeyPointValueNode" name="test_create_kpvs_within_slices_edge_test" time="0.001"></testcase><testcase classname="tests.node_test.TestKeyPointValueNode" name="test_get_aligned" time="0.001"></testcase><testcase classname="tests.node_test.TestKeyPointValueNode" name="test_get_max" time="0.000"></testcase><testcase classname="tests.node_test.TestKeyPointValueNode" name="test_get_min" time="0.001"></testcase><testcase classname="tests.node_test.TestKeyPointValueNode" name="test_get_ordered_by_value" time="0.001"></testcase><testcase classname="tests.node_test.TestKeyTimeInstanceNode" name="test_create_kti" time="0.000"></testcase><testcase classname="tests.node_test.TestKeyTimeInstanceNode" name="test_create_ktis_at_edges_either" time="0.001"></testcase><testcase classname="tests.node_test.TestKeyTimeInstanceNode" name="test_create_ktis_at_edges_fails" time="0.000"></testcase><testcase classname="tests.node_test.TestKeyTimeInstanceNode" name="test_create_ktis_at_edges_falling" time="0.001"></testcase><testcase classname="tests.node_test.TestKeyTimeInstanceNode" name="test_create_ktis_at_edges_inside_phases" time="0.001"></testcase><testcase classname="tests.node_test.TestKeyTimeInstanceNode" name="test_create_ktis_at_edges_replace_values" time="0.001"></testcase><testcase classname="tests.node_test.TestKeyTimeInstanceNode" name="test_create_ktis_at_edges_rising" time="0.001"></testcase><testcase classname="tests.node_test.TestKeyTimeInstanceNode" name="test_create_ktis_on_state_change_borders_entering" time="0.001"></testcase><testcase classname="tests.node_test.TestKeyTimeInstanceNode" name="test_create_ktis_on_state_change_borders_leaving" time="0.001"></testcase><testcase classname="tests.node_test.TestKeyTimeInstanceNode" name="test_create_ktis_on_state_change_entering" time="0.001"></testcase><testcase classname="tests.node_test.TestKeyTimeInstanceNode" name="test_create_ktis_on_state_change_entering_and_leaving" time="0.001"></testcase><testcase classname="tests.node_test.TestKeyTimeInstanceNode" name="test_create_ktis_on_state_change_entering_with_long_mask" time="0.005"></testcase><testcase classname="tests.node_test.TestKeyTimeInstanceNode" name="test_create_ktis_on_state_change_entering_with_mask" time="0.001"></testcase><testcase classname="tests.node_test.TestKeyTimeInstanceNode" name="test_create_ktis_on_state_change_entirely_masked" time="0.000"></testcase><testcase classname="tests.node_test.TestKeyTimeInstanceNode" name="test_create_ktis_on_state_change_leaving" time="0.001"></testcase><testcase classname="tests.node_test.TestKeyTimeInstanceNode" name="test_get_aligned" time="0.000"></testcase><testcase classname="tests.node_test.TestMultistateDerivedParameterNode" name="test_getattribute" time="0.001"></testcase><testcase classname="tests.node_test.TestMultistateDerivedParameterNode" name="test_init" time="0.001"></testcase><testcase classname="tests.node_test.TestMultistateDerivedParameterNode" name="test_pickle_load_includes_values_mapping" time="0.001"></testcase><testcase classname="tests.node_test.TestMultistateDerivedParameterNode" name="test_saving_to_hdf" time="0.005"></testcase><testcase classname="tests.node_test.TestMultistateDerivedParameterNode" name="test_setattr_array" time="0.001"></testcase><testcase classname="tests.node_test.TestMultistateDerivedParameterNode" name="test_settattr_string_array" time="0.001"></testcase><testcase classname="tests.node_test.TestNode" name="test_cache_key" time="0.000"></testcase><testcase classname="tests.node_test.TestNode" name="test_can_operate" time="0.000"></testcase><testcase classname="tests.node_test.TestNode" name="test_can_operate_with_objects_and_string_dependencies" time="0.000"></testcase><testcase classname="tests.node_test.TestNode" name="test_get_dependency_names" time="0.000"></testcase><testcase classname="tests.node_test.TestNode" name="test_get_derived_align_to_frequency" time="0.001"></testcase><testcase classname="tests.node_test.TestNode" name="test_get_derived_align_to_frequency_large_offset" time="0.001"></testcase><testcase classname="tests.node_test.TestNode" name="test_get_derived_align_to_frequency_offset" time="0.001"></testcase><testcase classname="tests.node_test.TestNode" name="test_get_derived_default" time="0.001"></testcase><testcase classname="tests.node_test.TestNode" name="test_get_derived_not_implemented" time="0.000"></testcase><testcase classname="tests.node_test.TestNode" name="test_get_derived_unaligned" time="0.000"></testcase><testcase classname="tests.node_test.TestNode" name="test_get_operational_combinations" time="0.000"></testcase><testcase classname="tests.node_test.TestNode" name="test_name" time="0.000"></testcase><testcase classname="tests.node_test.TestNode" name="test_node_attributes" time="0.000"></testcase><testcase classname="tests.node_test.TestNode" name="test_save_and_load" time="0.001"></testcase><testcase classname="tests.node_test.TestNodeManager" name="test_get_attribute" time="0.000"></testcase><testcase classname="tests.node_test.TestNodeManager" name="test_get_start_datetime" time="0.000"></testcase><testcase classname="tests.node_test.TestNodeManager" name="test_operational" time="0.001"></testcase><testcase classname="tests.node_test.TestNodeTypeAbbreviation" name="test_node_type_abbr_attribute" time="0.000"></testcase><testcase classname="tests.node_test.TestPowerset" name="test_powerset" time="0.000"></testcase><testcase classname="tests.node_test.TestSectionNode" name="test_get" time="0.000"></testcase><testcase classname="tests.node_test.TestSectionNode" name="test_get_aligned" time="0.000"></testcase><testcase classname="tests.node_test.TestSectionNode" name="test_get_aligned_negative_start" time="0.000"></testcase><testcase classname="tests.node_test.TestSectionNode" name="test_get_aligned_with_slice_start_as_none" time="0.001"></testcase><testcase classname="tests.node_test.TestSectionNode" name="test_get_first" time="0.000"></testcase><testcase classname="tests.node_test.TestSectionNode" name="test_get_last" time="0.000"></testcase><testcase classname="tests.node_test.TestSectionNode" name="test_get_longest" time="0.000"></testcase><testcase classname="tests.node_test.TestSectionNode" name="test_get_next" time="0.000"></testcase><testcase classname="tests.node_test.TestSectionNode" name="test_get_ordered_by_index" time="0.000"></testcase><testcase classname="tests.node_test.TestSectionNode" name="test_get_previous" time="0.000"></testcase><testcase classname="tests.node_test.TestSectionNode" name="test_get_shortest" time="0.000"></testcase><testcase classname="tests.node_test.TestSectionNode" name="test_get_slices" time="0.000"></testcase><testcase classname="tests.node_test.TestSectionNode" name="test_get_surrounding" time="0.000"></testcase><testcase classname="tests.node_test.TestSectionNode" name="test_items" time="0.000"></testcase><testcase classname="tests.process_flight_test.TestProcessFlight" name="test_get_derived_nodes" time="0.000"><skipped type="unittest.case.SkipTest" message="Test Not Implemented"><![CDATA[Exception: Test Not Implemented
]]></skipped></testcase><testcase classname="tests.process_flight_test.TestProcessFlight" name="test_get_required_params" time="0.000"><skipped type="unittest.case.SkipTest" message="Test Not Implemented"><![CDATA[Exception: Test Not Implemented
]]></skipped></testcase><testcase classname="tests.specimen_flight_test.TestProcessSpecimenFlight" name="test_process_specimen_flight" time="0.000"><skipped type="unittest.case.SkipTest" message="No longer working... Test needs to be redesigned."><![CDATA[Exception: No longer working... Test needs to be redesigned.
]]></skipped></testcase><testcase classname="tests.split_hdf_to_segments_test.TestDateTimeFunctions" name="test_calculate_fallback_dt" time="0.000"></testcase><testcase classname="tests.split_hdf_to_segments_test.TestDateTimeFunctions" name="test_constant_time" time="0.000"></testcase><testcase classname="tests.split_hdf_to_segments_test.TestDateTimeFunctions" name="test_get_dt_arrays__hour_after_midnight" time="0.027"></testcase><testcase classname="tests.split_hdf_to_segments_test.TestInvalidYears" name="test_mask_invalid_years" time="0.001"></testcase><testcase classname="tests.split_hdf_to_segments_test.TestSegmentInfo" name="test_append_segment_info" time="0.581"></testcase><testcase classname="tests.split_hdf_to_segments_test.TestSegmentInfo" name="test_append_segment_info_no_gofast" time="0.003"></testcase><testcase classname="tests.split_hdf_to_segments_test.TestSegmentInfo" name="test_calculate_start_datetime" time="0.004"></testcase><testcase classname="tests.split_hdf_to_segments_test.TestSegmentInfo" name="test_empty_year_no_seconds" time="0.001"></testcase><testcase classname="tests.split_hdf_to_segments_test.TestSegmentInfo" name="test_invalid_datetimes" time="0.146"></testcase><testcase classname="tests.split_hdf_to_segments_test.TestSegmentInfo" name="test_midnight_rollover" time="0.001"></testcase><testcase classname="tests.split_hdf_to_segments_test.TestSegmentInfo" name="test_no_year_with_a_very_recent_fallback" time="0.001"></testcase><testcase classname="tests.split_hdf_to_segments_test.TestSegmentInfo" name="test_timestamps_in_future_use_fallback_year" time="0.618"></testcase><testcase classname="tests.split_hdf_to_segments_test.TestSegmentInfo" name="test_timestamps_in_past" time="0.629"></testcase><testcase classname="tests.split_hdf_to_segments_test.TestSegmentInfo" name="test_year_00_uses_fallback_year" time="0.002"></testcase><testcase classname="tests.split_hdf_to_segments_test.TestSegmentTypeAndSlice" name="test_segment_type_and_slice_1" time="0.012"></testcase><testcase classname="tests.split_hdf_to_segments_test.TestSegmentTypeAndSlice" name="test_segment_type_and_slice_2" time="0.009"><system-err><![CDATA[/usr/src/testdir/analysis_engine/split_hdf_to_segments.py:134: RuntimeWarning: invalid value encountered in greater
  speed_array > thresholds['speed_threshold']) / speed_frequency
]]></system-err></testcase><testcase classname="tests.split_hdf_to_segments_test.TestSegmentTypeAndSlice" name="test_segment_type_and_slice_3" time="0.012"></testcase><testcase classname="tests.split_hdf_to_segments_test.TestSplitSegments" name="test__get_normalised_split_params" time="0.005"></testcase><testcase classname="tests.split_hdf_to_segments_test.TestSplitSegments" name="test_rto_correct_side_of_split" time="0.062"></testcase><testcase classname="tests.split_hdf_to_segments_test.TestSplitSegments" name="test_split_segments" time="0.023"></testcase><testcase classname="tests.split_hdf_to_segments_test.TestSplitSegments" name="test_split_segments_146_300" time="0.000"><skipped type="unittest.case.SkipTest" message="Test file not present"><![CDATA[Exception: Test file not present
]]></skipped></testcase><testcase classname="tests.split_hdf_to_segments_test.TestSplitSegments" name="test_split_segments_737_3C" time="0.000"><skipped type="unittest.case.SkipTest" message="Test file not present"><![CDATA[Exception: Test file not present
]]></skipped></testcase><testcase classname="tests.split_hdf_to_segments_test.TestSplitSegments" name="test_split_segments_data_1" time="0.046"></testcase><testcase classname="tests.split_hdf_to_segments_test.TestSplitSegments" name="test_split_segments_data_2" time="0.043"></testcase><testcase classname="tests.split_hdf_to_segments_test.TestSplitSegments" name="test_split_segments_data_3" time="0.018"></testcase><testcase classname="tests.split_hdf_to_segments_test.TestSplitSegments" name="test_split_segments_multiple_types" time="0.223"></testcase><testcase classname="tests.utils_test.TestGetNames" name="test_list_derived_parameters" time="0.006"></testcase><testcase classname="tests.utils_test.TestGetNames" name="test_list_everything" time="0.086"></testcase><testcase classname="tests.utils_test.TestGetNames" name="test_list_flight_attributes" time="0.000"></testcase><testcase classname="tests.utils_test.TestGetNames" name="test_list_flight_phases" time="0.002"></testcase><testcase classname="tests.utils_test.TestGetNames" name="test_list_kpvs" time="0.024"></testcase><testcase classname="tests.utils_test.TestGetNames" name="test_list_ktis" time="0.003"></testcase><testcase classname="tests.utils_test.TestGetNames" name="test_list_lfl_parameters" time="0.119"></testcase><testcase classname="tests.utils_test.TestGetNames" name="test_list_parameters" time="0.116"></testcase><testcase classname="tests.utils_test.TestTrimmer" name="test_derived_trimmer_mocked" time="0.001"></testcase></testsuite>